wall (1,2) L=4 WM=4 D=6 fields wHV|wHV zero=False: OPTIMAL crossings/period=4 bound=4 per level=4/8=0.5000 r=1
	Command being timed: "../../../../.venv/bin/python wallcyl.py 1 2 4 4 wHV wHV --time 600"
	User time (seconds): 3.30
	System time (seconds): 0.42
	Percent of CPU this job got: 147%
	Elapsed (wall clock) time (h:mm:ss or m:ss): 0:02.52
	Average shared text size (kbytes): 0
	Average unshared data size (kbytes): 0
	Average stack size (kbytes): 0
	Average total size (kbytes): 0
	Maximum resident set size (kbytes): 105224
	Average resident set size (kbytes): 0
	Major (requiring I/O) page faults: 0
	Minor (reclaiming a frame) page faults: 15958
	Voluntary context switches: 54
	Involuntary context switches: 80
	Swaps: 0
	File system inputs: 0
	File system outputs: 8
	Socket messages sent: 0
	Socket messages received: 0
	Signals delivered: 0
	Page size (bytes): 4096
	Exit status: 0
exit=0
