wall (1,2) L=4 WM=4 D=6 fields wHHVV|wHHVV zero=False: FEASIBLE crossings/period=8 bound=0 per level=8/8=1.0000 r=1
	Command being timed: "../../../../.venv/bin/python wallcyl.py 1 2 4 4 wHHVV wHHVV --time 600"
	User time (seconds): 1189.04
	System time (seconds): 3.43
	Percent of CPU this job got: 198%
	Elapsed (wall clock) time (h:mm:ss or m:ss): 10:01.42
	Average shared text size (kbytes): 0
	Average unshared data size (kbytes): 0
	Average stack size (kbytes): 0
	Average total size (kbytes): 0
	Maximum resident set size (kbytes): 128320
	Average resident set size (kbytes): 0
	Major (requiring I/O) page faults: 0
	Minor (reclaiming a frame) page faults: 22891
	Voluntary context switches: 9994
	Involuntary context switches: 31921
	Swaps: 0
	File system inputs: 0
	File system outputs: 8
	Socket messages sent: 0
	Socket messages received: 0
	Signals delivered: 0
	Page size (bytes): 4096
	Exit status: 0
exit=0
