wall (0,1) L=12 WM=8 D=6 fields 21|21 zero=False: FEASIBLE crossings/period=16 bound=0 per level=16/12=1.3333 r=2
	Command being timed: "../../../../.venv/bin/python wallcyl.py 0 1 12 8 21 21 --time 540"
	User time (seconds): 1066.84
	System time (seconds): 3.51
	Percent of CPU this job got: 197%
	Elapsed (wall clock) time (h:mm:ss or m:ss): 9:02.23
	Average shared text size (kbytes): 0
	Average unshared data size (kbytes): 0
	Average stack size (kbytes): 0
	Average total size (kbytes): 0
	Maximum resident set size (kbytes): 142984
	Average resident set size (kbytes): 0
	Major (requiring I/O) page faults: 0
	Minor (reclaiming a frame) page faults: 26230
	Voluntary context switches: 8905
	Involuntary context switches: 25304
	Swaps: 0
	File system inputs: 0
	File system outputs: 8
	Socket messages sent: 0
	Socket messages received: 0
	Signals delivered: 0
	Page size (bytes): 4096
	Exit status: 0
exit=0
