base: states 82516 arcs 144674
orient up: 9 listed edges: (0,-1)-(1,1)-1 (1,-2)-(0,0)-1 (2,-1)-(0,0)-1 (1,-1)-(0,1)+1 (2,0)-(0,1)+1 (1,0)-(0,2)-1 (1,0)-(2,2)-1 (2,-1)-(1,1)-1 (0,0)-(2,1)+0; exceptional 8,4
  ... 4194304 nodes, 7991630 arcs, 7s
  ... 8388608 nodes, 16337516 arcs, 12s
  ... 12582912 nodes, 24185283 arcs, 16s
augmented: nodes 13791098 arcs 26554646 (zero-history starts), built in 17s
 try beta = 8/3 = 2.666667
  negative cycle after 4 passes (18s)
  cycle: 40 arcs, 10 rows, sum(4w-1)=40 sum k=1 sum(4w0-1)=0 sum t=14 -> ratio 44/28
  field (edges introduced per cell; row index relative to cycle start):
    row 0 x 0: w=0 w0=0
    row 0 x 1: w=0 w0=0 (1,0)-(0,2)
    row 0 x 2: w=2 w0=1 (2,0)-(0,1) (2,0)-(1,2)
    row 0 x 3: w=0 w0=0   | row end: par=0 t=2 k=0 g=1 z=1 s=2
    row 1 x 0: w=0 w0=0
    row 1 x 1: w=0 w0=0 (1,1)-(0,3)
    row 1 x 2: w=2 w0=1 (2,1)-(0,2) (2,1)-(1,3)
    row 1 x 3: w=0 w0=0   | row end: par=1 t=1 k=0 g=1 z=1 s=0
    row 2 x 0: w=0 w0=0
    row 2 x 1: w=0 w0=0 (1,2)-(0,4)
    row 2 x 2: w=2 w0=1 (2,2)-(0,3) (2,2)-(1,4)
    row 2 x 3: w=0 w0=0   | row end: par=0 t=2 k=0 g=1 z=1 s=0
    row 3 x 0: w=0 w0=0
    row 3 x 1: w=0 w0=0 (1,3)-(0,5)
    row 3 x 2: w=2 w0=1 (2,3)-(0,4) (2,3)-(1,5)
    row 3 x 3: w=0 w0=0   | row end: par=1 t=1 k=0 g=1 z=1 s=1
    row 4 x 0: w=0 w0=0
    row 4 x 1: w=0 w0=0 (1,4)-(0,6)
    row 4 x 2: w=2 w0=1 (2,4)-(0,5) (2,4)-(1,6)
    row 4 x 3: w=0 w0=0   | row end: par=0 t=2 k=0 g=1 z=1 s=2
    row 5 x 0: w=0 w0=0
    row 5 x 1: w=0 w0=0 (1,5)-(0,7)
    row 5 x 2: w=2 w0=1 (2,5)-(0,6) (2,5)-(1,7)
    row 5 x 3: w=0 w0=0   | row end: par=1 t=1 k=0 g=1 z=1 s=3
    row 6 x 0: w=0 w0=0
    row 6 x 1: w=0 w0=0 (1,6)-(0,8)
    row 6 x 2: w=2 w0=1 (2,6)-(0,7) (2,6)-(1,8)
    row 6 x 3: w=0 w0=0   | row end: par=0 t=2 k=0 g=1 z=1 s=4
    row 7 x 0: w=0 w0=0
    row 7 x 1: w=0 w0=0 (1,7)-(0,9)
    row 7 x 2: w=2 w0=1 (2,7)-(0,8) (2,7)-(1,9)
    row 7 x 3: w=0 w0=0   | row end: par=1 t=1 k=1 g=1 z=1 s=4
    row 8 x 0: w=0 w0=0
    row 8 x 1: w=0 w0=0 (1,8)-(0,10)
    row 8 x 2: w=2 w0=1 (2,8)-(0,9)
    row 8 x 3: w=0 w0=0   | row end: par=0 t=2 k=0 g=0 z=1 s=0
    row 9 x 0: w=0 w0=0
    row 9 x 1: w=0 w0=0 (1,9)-(0,11)
    row 9 x 2: w=1 w0=1 (2,9)-(0,10) (2,9)-(1,11)
    row 9 x 3: w=1 w0=0 (3,9)-(1,10)   | row end: par=1 t=0 k=0 g=1 z=0 s=1
 try beta = 11/7 = 1.571429
  negative cycle after 4 passes (19s)
  cycle: 32 arcs, 8 rows, sum(4w-1)=32 sum k=0 sum(4w0-1)=0 sum t=11 -> ratio 32/22
  field (edges introduced per cell; row index relative to cycle start):
    row 0 x 0: w=0 w0=0
    row 0 x 1: w=0 w0=0 (1,0)-(0,2)
    row 0 x 2: w=1 w0=1 (2,0)-(0,1) (2,0)-(1,2)
    row 0 x 3: w=1 w0=0 (3,0)-(1,1)   | row end: par=1 t=0 k=0 g=1 z=0 s=1
    row 1 x 0: w=0 w0=0
    row 1 x 1: w=0 w0=0 (1,1)-(0,3)
    row 1 x 2: w=2 w0=1 (2,1)-(0,2) (2,1)-(1,3)
    row 1 x 3: w=0 w0=0   | row end: par=0 t=2 k=0 g=1 z=1 s=2
    row 2 x 0: w=0 w0=0
    row 2 x 1: w=0 w0=0 (1,2)-(0,4)
    row 2 x 2: w=2 w0=1 (2,2)-(0,3) (2,2)-(1,4)
    row 2 x 3: w=0 w0=0   | row end: par=1 t=1 k=0 g=1 z=1 s=0
    row 3 x 0: w=0 w0=0
    row 3 x 1: w=0 w0=0 (1,3)-(0,5)
    row 3 x 2: w=2 w0=1 (2,3)-(0,4) (2,3)-(1,5)
    row 3 x 3: w=0 w0=0   | row end: par=0 t=2 k=0 g=1 z=1 s=0
    row 4 x 0: w=0 w0=0
    row 4 x 1: w=0 w0=0 (1,4)-(0,6)
    row 4 x 2: w=2 w0=1 (2,4)-(0,5) (2,4)-(1,6)
    row 4 x 3: w=0 w0=0   | row end: par=1 t=1 k=0 g=1 z=1 s=1
    row 5 x 0: w=0 w0=0
    row 5 x 1: w=0 w0=0 (1,5)-(0,7)
    row 5 x 2: w=2 w0=1 (2,5)-(0,6) (2,5)-(1,7)
    row 5 x 3: w=0 w0=0   | row end: par=0 t=2 k=0 g=1 z=1 s=2
    row 6 x 0: w=0 w0=0
    row 6 x 1: w=0 w0=0 (1,6)-(0,8)
    row 6 x 2: w=2 w0=1 (2,6)-(0,7) (2,6)-(1,8)
    row 6 x 3: w=0 w0=0   | row end: par=1 t=1 k=0 g=1 z=1 s=3
    row 7 x 0: w=0 w0=0
    row 7 x 1: w=0 w0=0 (1,7)-(0,9)
    row 7 x 2: w=2 w0=1 (2,7)-(0,8)
    row 7 x 3: w=0 w0=0   | row end: par=0 t=2 k=0 g=0 z=1 s=0
 try beta = 16/11 = 1.454545
  converged after 22 passes (24s)
up: beta* = 16/11 = 1.454545, potential range [-667, 0] (units 1/(4q)), violated arcs 0
total 25s
	Command being timed: "./r2 up crit 8 3"
	User time (seconds): 21.19
	System time (seconds): 3.64
	Percent of CPU this job got: 99%
	Elapsed (wall clock) time (h:mm:ss or m:ss): 0:24.85
	Average shared text size (kbytes): 0
	Average unshared data size (kbytes): 0
	Average stack size (kbytes): 0
	Average total size (kbytes): 0
	Maximum resident set size (kbytes): 1214396
	Average resident set size (kbytes): 0
	Major (requiring I/O) page faults: 0
	Minor (reclaiming a frame) page faults: 475612
	Voluntary context switches: 1
	Involuntary context switches: 75
	Swaps: 0
	File system inputs: 0
	File system outputs: 16
	Socket messages sent: 0
	Socket messages received: 0
	Signals delivered: 0
	Page size (bytes): 4096
	Exit status: 0
exit=0
