base: states 82516 arcs 144674
orient down: 9 listed edges: (1,-1)-(0,1)-1 (0,0)-(1,2)-1 (0,0)-(2,1)-1 (0,-1)-(1,1)+1 (0,-1)-(2,0)+1 (0,-2)-(1,0)-1 (2,-2)-(1,0)-1 (1,-1)-(2,1)-1 (2,-1)-(0,0)+0; exceptional 8,4
  ... 4194304 nodes, 8491931 arcs, 6s
  ... 8388608 nodes, 17306513 arcs, 10s
  ... 12582912 nodes, 24353774 arcs, 14s
  ... 16777216 nodes, 32968978 arcs, 18s
augmented: nodes 20619156 arcs 40081158 (zero-history starts), built in 22s
 try beta = 8/3 = 2.666667
  negative cycle after 4 passes (24s)
  cycle: 64 arcs, 16 rows, sum(4w-1)=80 sum k=4 sum(4w0-1)=0 sum t=21 -> ratio 96/42
  field (edges introduced per cell; row index relative to cycle start):
    row 0 x 0: w=0 w0=0
    row 0 x 1: w=0 w0=0 (1,0)-(0,2)
    row 0 x 2: w=2 w0=1 (2,0)-(0,1) (2,0)-(1,2)
    row 0 x 3: w=0 w0=0   | row end: par=1 t=1 k=1 g=1 z=1 s=4
    row 1 x 0: w=0 w0=0
    row 1 x 1: w=0 w0=0 (1,1)-(0,3)
    row 1 x 2: w=2 w0=1 (2,1)-(0,2) (2,1)-(1,3)
    row 1 x 3: w=0 w0=0   | row end: par=0 t=2 k=1 g=1 z=1 s=4
    row 2 x 0: w=0 w0=0
    row 2 x 1: w=0 w0=0 (1,2)-(0,4)
    row 2 x 2: w=2 w0=1 (2,2)-(0,3)
    row 2 x 3: w=0 w0=0   | row end: par=1 t=1 k=0 g=0 z=1 s=0
    row 3 x 0: w=0 w0=0
    row 3 x 1: w=0 w0=0 (1,3)-(0,5)
    row 3 x 2: w=1 w0=1 (2,3)-(0,4) (2,3)-(1,5)
    row 3 x 3: w=0 w0=0   | row end: par=0 t=2 k=0 g=1 z=1 s=1
    row 4 x 0: w=0 w0=0
    row 4 x 1: w=1 w0=0 (1,4)-(0,6) (1,4)-(2,6)
    row 4 x 2: w=4 w0=1 (2,4)-(0,5) (2,4)-(1,6)
    row 4 x 3: w=0 w0=0   | row end: par=1 t=0 k=0 g=1 z=1 s=2
    row 5 x 0: w=0 w0=0
    row 5 x 1: w=0 w0=0 (1,5)-(0,7)
    row 5 x 2: w=4 w0=1 (2,5)-(0,6) (2,5)-(1,7)
    row 5 x 3: w=0 w0=0   | row end: par=0 t=1 k=0 g=1 z=1 s=3
    row 6 x 0: w=0 w0=0
    row 6 x 1: w=0 w0=0 (1,6)-(0,8)
    row 6 x 2: w=2 w0=1 (2,6)-(0,7)
    row 6 x 3: w=0 w0=0   | row end: par=1 t=1 k=0 g=1 z=1 s=0
    row 7 x 0: w=0 w0=0
    row 7 x 1: w=0 w0=0 (1,7)-(0,9)
    row 7 x 2: w=1 w0=1 (2,7)-(0,8) (2,7)-(1,9)
    row 7 x 3: w=1 w0=0 (3,7)-(1,8)   | row end: par=0 t=2 k=0 g=1 z=0 s=1
    row 8 x 0: w=0 w0=0
    row 8 x 1: w=0 w0=0 (1,8)-(0,10)
    row 8 x 2: w=2 w0=1 (2,8)-(0,9) (2,8)-(1,10)
    row 8 x 3: w=0 w0=0   | row end: par=1 t=0 k=0 g=1 z=1 s=2
    row 9 x 0: w=0 w0=0
    row 9 x 1: w=0 w0=0 (1,9)-(0,11)
    row 9 x 2: w=2 w0=1 (2,9)-(0,10) (2,9)-(1,11)
    row 9 x 3: w=0 w0=0   | row end: par=0 t=2 k=0 g=1 z=1 s=0
    row 10 x 0: w=0 w0=0
    row 10 x 1: w=0 w0=0 (1,10)-(0,12)
    row 10 x 2: w=2 w0=1 (2,10)-(0,11) (2,10)-(1,12)
    row 10 x 3: w=0 w0=0   | row end: par=1 t=1 k=0 g=1 z=1 s=1
    row 11 x 0: w=0 w0=0
    row 11 x 1: w=0 w0=0 (1,11)-(0,13)
    row 11 x 2: w=2 w0=1 (2,11)-(0,12) (2,11)-(1,13)
    row 11 x 3: w=0 w0=0   | row end: par=0 t=2 k=0 g=1 z=1 s=2
    row 12 x 0: w=0 w0=0
    row 12 x 1: w=0 w0=0 (1,12)-(0,14)
    row 12 x 2: w=2 w0=1 (2,12)-(0,13) (2,12)-(1,14)
    row 12 x 3: w=0 w0=0   | row end: par=1 t=1 k=0 g=1 z=1 s=3
    row 13 x 0: w=0 w0=0
    row 13 x 1: w=0 w0=0 (1,13)-(0,15)
    row 13 x 2: w=2 w0=1 (2,13)-(0,14) (2,13)-(1,15)
    row 13 x 3: w=0 w0=0   | row end: par=0 t=2 k=0 g=1 z=1 s=4
    row 14 x 0: w=0 w0=0
    row 14 x 1: w=0 w0=0 (1,14)-(0,16)
    row 14 x 2: w=2 w0=1 (2,14)-(0,15) (2,14)-(1,16)
    row 14 x 3: w=0 w0=0   | row end: par=1 t=1 k=1 g=1 z=1 s=4
    row 15 x 0: w=0 w0=0
    row 15 x 1: w=0 w0=0 (1,15)-(0,17)
    row 15 x 2: w=2 w0=1 (2,15)-(0,16) (2,15)-(1,17)
    row 15 x 3: w=0 w0=0   | row end: par=0 t=2 k=1 g=1 z=1 s=4
 try beta = 16/7 = 2.285714
  negative cycle after 4 passes (24s)
  cycle: 48 arcs, 12 rows, sum(4w-1)=56 sum k=2 sum(4w0-1)=0 sum t=17 -> ratio 64/34
  field (edges introduced per cell; row index relative to cycle start):
    row 0 x 0: w=0 w0=0
    row 0 x 1: w=1 w0=0 (1,0)-(0,2) (1,0)-(3,1)
    row 0 x 2: w=4 w0=1 (2,0)-(0,1) (2,0)-(1,2)
    row 0 x 3: w=0 w0=0   | row end: par=1 t=0 k=0 g=1 z=1 s=2
    row 1 x 0: w=0 w0=0
    row 1 x 1: w=0 w0=0 (1,1)-(0,3)
    row 1 x 2: w=2 w0=1 (2,1)-(0,2) (2,1)-(1,3)
    row 1 x 3: w=0 w0=0   | row end: par=0 t=2 k=0 g=1 z=0 s=3
    row 2 x 0: w=0 w0=0
    row 2 x 1: w=0 w0=0 (1,2)-(0,4)
    row 2 x 2: w=2 w0=1 (2,2)-(0,3) (2,2)-(1,4)
    row 2 x 3: w=0 w0=0   | row end: par=1 t=1 k=0 g=1 z=1 s=0
    row 3 x 0: w=0 w0=0
    row 3 x 1: w=0 w0=0 (1,3)-(0,5)
    row 3 x 2: w=2 w0=1 (2,3)-(0,4) (2,3)-(1,5)
    row 3 x 3: w=0 w0=0   | row end: par=0 t=2 k=0 g=1 z=1 s=0
    row 4 x 0: w=0 w0=0
    row 4 x 1: w=0 w0=0 (1,4)-(0,6)
    row 4 x 2: w=2 w0=1 (2,4)-(0,5) (2,4)-(1,6)
    row 4 x 3: w=0 w0=0   | row end: par=1 t=1 k=0 g=1 z=1 s=1
    row 5 x 0: w=0 w0=0
    row 5 x 1: w=0 w0=0 (1,5)-(0,7)
    row 5 x 2: w=2 w0=1 (2,5)-(0,6) (2,5)-(1,7)
    row 5 x 3: w=0 w0=0   | row end: par=0 t=2 k=0 g=1 z=1 s=2
    row 6 x 0: w=0 w0=0
    row 6 x 1: w=0 w0=0 (1,6)-(0,8)
    row 6 x 2: w=2 w0=1 (2,6)-(0,7) (2,6)-(1,8)
    row 6 x 3: w=0 w0=0   | row end: par=1 t=1 k=0 g=1 z=1 s=3
    row 7 x 0: w=0 w0=0
    row 7 x 1: w=0 w0=0 (1,7)-(0,9)
    row 7 x 2: w=2 w0=1 (2,7)-(0,8) (2,7)-(1,9)
    row 7 x 3: w=0 w0=0   | row end: par=0 t=2 k=0 g=1 z=1 s=4
    row 8 x 0: w=0 w0=0
    row 8 x 1: w=0 w0=0 (1,8)-(0,10)
    row 8 x 2: w=2 w0=1 (2,8)-(0,9) (2,8)-(1,10)
    row 8 x 3: w=0 w0=0   | row end: par=1 t=1 k=1 g=1 z=1 s=4
    row 9 x 0: w=0 w0=0
    row 9 x 1: w=0 w0=0 (1,9)-(0,11)
    row 9 x 2: w=2 w0=1 (2,9)-(0,10) (2,9)-(1,11)
    row 9 x 3: w=0 w0=0   | row end: par=0 t=2 k=1 g=1 z=1 s=4
    row 10 x 0: w=0 w0=0
    row 10 x 1: w=0 w0=0 (1,10)-(0,12)
    row 10 x 2: w=2 w0=1 (2,10)-(0,11)
    row 10 x 3: w=0 w0=0   | row end: par=1 t=1 k=0 g=0 z=1 s=0
    row 11 x 0: w=0 w0=0
    row 11 x 1: w=0 w0=0 (1,11)-(0,13)
    row 11 x 2: w=1 w0=1 (2,11)-(0,12) (2,11)-(1,13)
    row 11 x 3: w=0 w0=0   | row end: par=0 t=2 k=0 g=1 z=1 s=1
 try beta = 32/17 = 1.882353
  negative cycle after 4 passes (25s)
  cycle: 32 arcs, 8 rows, sum(4w-1)=32 sum k=0 sum(4w0-1)=0 sum t=11 -> ratio 32/22
  field (edges introduced per cell; row index relative to cycle start):
    row 0 x 0: w=0 w0=0
    row 0 x 1: w=0 w0=0 (1,0)-(0,2)
    row 0 x 2: w=1 w0=1 (2,0)-(0,1) (2,0)-(1,2)
    row 0 x 3: w=1 w0=0 (3,0)-(1,1)   | row end: par=0 t=2 k=0 g=1 z=0 s=1
    row 1 x 0: w=0 w0=0
    row 1 x 1: w=0 w0=0 (1,1)-(0,3)
    row 1 x 2: w=2 w0=1 (2,1)-(0,2) (2,1)-(1,3)
    row 1 x 3: w=0 w0=0   | row end: par=1 t=0 k=0 g=1 z=1 s=2
    row 2 x 0: w=0 w0=0
    row 2 x 1: w=0 w0=0 (1,2)-(0,4)
    row 2 x 2: w=2 w0=1 (2,2)-(0,3) (2,2)-(1,4)
    row 2 x 3: w=0 w0=0   | row end: par=0 t=2 k=0 g=1 z=1 s=0
    row 3 x 0: w=0 w0=0
    row 3 x 1: w=0 w0=0 (1,3)-(0,5)
    row 3 x 2: w=2 w0=1 (2,3)-(0,4) (2,3)-(1,5)
    row 3 x 3: w=0 w0=0   | row end: par=1 t=1 k=0 g=1 z=1 s=0
    row 4 x 0: w=0 w0=0
    row 4 x 1: w=0 w0=0 (1,4)-(0,6)
    row 4 x 2: w=2 w0=1 (2,4)-(0,5) (2,4)-(1,6)
    row 4 x 3: w=0 w0=0   | row end: par=0 t=2 k=0 g=1 z=1 s=1
    row 5 x 0: w=0 w0=0
    row 5 x 1: w=0 w0=0 (1,5)-(0,7)
    row 5 x 2: w=2 w0=1 (2,5)-(0,6) (2,5)-(1,7)
    row 5 x 3: w=0 w0=0   | row end: par=1 t=1 k=0 g=1 z=1 s=2
    row 6 x 0: w=0 w0=0
    row 6 x 1: w=0 w0=0 (1,6)-(0,8)
    row 6 x 2: w=2 w0=1 (2,6)-(0,7) (2,6)-(1,8)
    row 6 x 3: w=0 w0=0   | row end: par=0 t=2 k=0 g=1 z=1 s=3
    row 7 x 0: w=0 w0=0
    row 7 x 1: w=0 w0=0 (1,7)-(0,9)
    row 7 x 2: w=2 w0=1 (2,7)-(0,8)
    row 7 x 3: w=0 w0=0   | row end: par=1 t=1 k=0 g=0 z=1 s=0
 try beta = 16/11 = 1.454545
  converged after 20 passes (32s)
down: beta* = 16/11 = 1.454545, potential range [-687, 0] (units 1/(4q)), violated arcs 0
total 32s
