A D mod 4 R [0] n 48 {'left': ('states', 11864, 'zero-cycle len', 8), 'right': ('states', 11864, 'zero-cycle len', 8), 'bottom': ('states', 51680, 'zero-cycle len', 0), 'top': ('states', 51680, 'zero-cycle len', 8)}
A D mod 4 R [1] n 48 {'left': ('states', 11864, 'zero-cycle len', 8), 'right': ('states', 11864, 'zero-cycle len', 8), 'bottom': ('states', 51680, 'zero-cycle len', 8), 'top': ('states', 51680, 'zero-cycle len', 0)}
A D mod 4 R [2] n 48 {'left': ('states', 11864, 'zero-cycle len', 8), 'right': ('states', 11864, 'zero-cycle len', 8), 'bottom': ('states', 51680, 'zero-cycle len', 0), 'top': ('states', 51680, 'zero-cycle len', 8)}
A D mod 4 R [3] n 48 {'left': ('states', 11864, 'zero-cycle len', 8), 'right': ('states', 11864, 'zero-cycle len', 8), 'bottom': ('states', 51680, 'zero-cycle len', 8), 'top': ('states', 51680, 'zero-cycle len', 0)}
A D mod 4 R [0, 1] n 48 {'left': ('states', 11864, 'zero-cycle len', 8), 'right': ('states', 11864, 'zero-cycle len', 8), 'bottom': ('states', 51680, 'zero-cycle len', 8), 'top': ('states', 51680, 'zero-cycle len', 8)}
A D mod 4 R [0, 2] n 48 {'left': ('states', 11864, 'zero-cycle len', 8), 'right': ('states', 11864, 'zero-cycle len', 8), 'bottom': ('states', 51680, 'zero-cycle len', 0), 'top': ('states', 51680, 'zero-cycle len', 0)}
A D mod 4 R [0, 3] n 48 {'left': ('states', 11864, 'zero-cycle len', 8), 'right': ('states', 11864, 'zero-cycle len', 8), 'bottom': ('states', 51680, 'zero-cycle len', 8), 'top': ('states', 51680, 'zero-cycle len', 8)}
A D mod 4 R [1, 2] n 48 {'left': ('states', 11864, 'zero-cycle len', 8), 'right': ('states', 11864, 'zero-cycle len', 8), 'bottom': ('states', 51680, 'zero-cycle len', 8), 'top': ('states', 51680, 'zero-cycle len', 8)}
A D mod 4 R [1, 3] n 48 {'left': ('states', 11864, 'zero-cycle len', 8), 'right': ('states', 11864, 'zero-cycle len', 8), 'bottom': ('states', 51680, 'zero-cycle len', 0), 'top': ('states', 51680, 'zero-cycle len', 0)}
A D mod 4 R [2, 3] n 48 {'left': ('states', 11864, 'zero-cycle len', 8), 'right': ('states', 11864, 'zero-cycle len', 8), 'bottom': ('states', 51680, 'zero-cycle len', 8), 'top': ('states', 51680, 'zero-cycle len', 8)}
A D mod 4 R [0, 1, 2] n 48 {'left': ('states', 11864, 'zero-cycle len', 8), 'right': ('states', 11864, 'zero-cycle len', 8), 'bottom': ('states', 51680, 'zero-cycle len', 0), 'top': ('states', 51680, 'zero-cycle len', 8)}
A D mod 4 R [0, 1, 3] n 48 {'left': ('states', 11864, 'zero-cycle len', 8), 'right': ('states', 11864, 'zero-cycle len', 8), 'bottom': ('states', 51680, 'zero-cycle len', 8), 'top': ('states', 51680, 'zero-cycle len', 0)}
A D mod 4 R [0, 2, 3] n 48 {'left': ('states', 11864, 'zero-cycle len', 8), 'right': ('states', 11864, 'zero-cycle len', 8), 'bottom': ('states', 51680, 'zero-cycle len', 0), 'top': ('states', 51680, 'zero-cycle len', 8)}
A D mod 4 R [1, 2, 3] n 48 {'left': ('states', 11864, 'zero-cycle len', 8), 'right': ('states', 11864, 'zero-cycle len', 8), 'bottom': ('states', 51680, 'zero-cycle len', 8), 'top': ('states', 51680, 'zero-cycle len', 0)}
A C mod 3 R [0] n 48 {'left': ('states', 30934, 'zero-cycle len', 6), 'right': ('states', 30934, 'zero-cycle len', 6), 'bottom': ('states', 22183, 'zero-cycle len', 18), 'top': ('states', 22183, 'zero-cycle len', 6)}
A C mod 3 R [1] n 48 {'left': ('states', 30934, 'zero-cycle len', 6), 'right': ('states', 25739, 'zero-cycle len', 6), 'bottom': ('states', 22183, 'zero-cycle len', 18), 'top': ('states', 22183, 'zero-cycle len', 6)}
A C mod 3 R [2] n 48 {'left': ('states', 25739, 'zero-cycle len', 6), 'right': ('states', 30934, 'zero-cycle len', 6), 'bottom': ('states', 22183, 'zero-cycle len', 18), 'top': ('states', 22183, 'zero-cycle len', 6)}
A C mod 3 R [0, 1] n 48 {'left': ('states', 22183, 'zero-cycle len', 18), 'right': ('states', 22183, 'zero-cycle len', 6), 'bottom': ('states', 30934, 'zero-cycle len', 6), 'top': ('states', 25739, 'zero-cycle len', 6)}
A C mod 3 R [0, 2] n 48 {'left': ('states', 22183, 'zero-cycle len', 18), 'right': ('states', 22183, 'zero-cycle len', 6), 'bottom': ('states', 25739, 'zero-cycle len', 6), 'top': ('states', 30934, 'zero-cycle len', 6)}
A C mod 3 R [1, 2] n 48 {'left': ('states', 22183, 'zero-cycle len', 18), 'right': ('states', 22183, 'zero-cycle len', 6), 'bottom': ('states', 30934, 'zero-cycle len', 6), 'top': ('states', 30934, 'zero-cycle len', 6)}
A B mod 5 R [0] n 48 {'left': ('states', 56774, 'zero-cycle len', 10), 'right': ('states', 56774, 'zero-cycle len', 10), 'bottom': ('states', 32624, 'zero-cycle len', 10), 'top': ('states', 32624, 'zero-cycle len', 10)}
A B mod 5 R [1] n 48 {'left': ('states', 47775, 'zero-cycle len', 0), 'right': ('states', 56774, 'zero-cycle len', 10), 'bottom': ('states', 32624, 'zero-cycle len', 10), 'top': ('states', 32624, 'zero-cycle len', 10)}
A B mod 5 R [2] n 48 {'left': ('states', 47775, 'zero-cycle len', 0), 'right': ('states', 56774, 'zero-cycle len', 10), 'bottom': ('states', 32624, 'zero-cycle len', 10), 'top': ('states', 32624, 'zero-cycle len', 10)}
A B mod 5 R [3] n 48 {'left': ('states', 56774, 'zero-cycle len', 10), 'right': ('states', 47775, 'zero-cycle len', 0), 'bottom': ('states', 32624, 'zero-cycle len', 10), 'top': ('states', 32624, 'zero-cycle len', 10)}
A B mod 5 R [4] n 48 {'left': ('states', 56774, 'zero-cycle len', 10), 'right': ('states', 47775, 'zero-cycle len', 0), 'bottom': ('states', 32624, 'zero-cycle len', 10), 'top': ('states', 32624, 'zero-cycle len', 10)}
A B mod 5 R [0, 1] n 48 {'left': ('states', 43756, 'zero-cycle len', 10), 'right': ('states', 43756, 'zero-cycle len', 10), 'bottom': ('states', 42602, 'zero-cycle len', 10), 'top': ('states', 34950, 'zero-cycle len', 10)}
A B mod 5 R [0, 2] n 48 {'left': ('states', 48020, 'zero-cycle len', 10), 'right': ('states', 48020, 'zero-cycle len', 10), 'bottom': ('states', 38532, 'zero-cycle len', 10), 'top': ('states', 38532, 'zero-cycle len', 10)}
A B mod 5 R [0, 3] n 48 {'left': ('states', 48020, 'zero-cycle len', 10), 'right': ('states', 48020, 'zero-cycle len', 10), 'bottom': ('states', 32273, 'zero-cycle len', 10), 'top': ('states', 32273, 'zero-cycle len', 10)}
A B mod 5 R [0, 4] n 48 {'left': ('states', 43756, 'zero-cycle len', 10), 'right': ('states', 43756, 'zero-cycle len', 10), 'bottom': ('states', 42602, 'zero-cycle len', 10), 'top': ('states', 42602, 'zero-cycle len', 10)}
A B mod 5 R [1, 2] n 48 {'left': ('states', 31248, 'zero-cycle len', 0), 'right': ('states', 43756, 'zero-cycle len', 10), 'bottom': ('states', 34950, 'zero-cycle len', 10), 'top': ('states', 42602, 'zero-cycle len', 10)}
A B mod 5 R [1, 3] n 48 {'left': ('states', 48020, 'zero-cycle len', 10), 'right': ('states', 48020, 'zero-cycle len', 10), 'bottom': ('states', 38532, 'zero-cycle len', 10), 'top': ('states', 32273, 'zero-cycle len', 10)}
A B mod 5 R [1, 4] n 48 {'left': ('states', 48020, 'zero-cycle len', 10), 'right': ('states', 48020, 'zero-cycle len', 10), 'bottom': ('states', 32273, 'zero-cycle len', 10), 'top': ('states', 38532, 'zero-cycle len', 10)}
A B mod 5 R [2, 3] n 48 {'left': ('states', 43756, 'zero-cycle len', 10), 'right': ('states', 43756, 'zero-cycle len', 10), 'bottom': ('states', 42602, 'zero-cycle len', 10), 'top': ('states', 42602, 'zero-cycle len', 10)}
A B mod 5 R [2, 4] n 48 {'left': ('states', 48020, 'zero-cycle len', 10), 'right': ('states', 48020, 'zero-cycle len', 10), 'bottom': ('states', 32273, 'zero-cycle len', 10), 'top': ('states', 32273, 'zero-cycle len', 10)}
A B mod 5 R [3, 4] n 48 {'left': ('states', 43756, 'zero-cycle len', 10), 'right': ('states', 31248, 'zero-cycle len', 0), 'bottom': ('states', 42602, 'zero-cycle len', 10), 'top': ('states', 42602, 'zero-cycle len', 10)}
A B mod 5 R [0, 1, 2] n 48 {'left': ('states', 32273, 'zero-cycle len', 10), 'right': ('states', 32273, 'zero-cycle len', 10), 'bottom': ('states', 48020, 'zero-cycle len', 10), 'top': ('states', 48020, 'zero-cycle len', 10)}
A B mod 5 R [0, 1, 3] n 48 {'left': ('states', 42602, 'zero-cycle len', 10), 'right': ('states', 42602, 'zero-cycle len', 10), 'bottom': ('states', 43756, 'zero-cycle len', 10), 'top': ('states', 31248, 'zero-cycle len', 0)}
A B mod 5 R [0, 1, 4] n 48 {'left': ('states', 38532, 'zero-cycle len', 10), 'right': ('states', 38532, 'zero-cycle len', 10), 'bottom': ('states', 48020, 'zero-cycle len', 10), 'top': ('states', 48020, 'zero-cycle len', 10)}
A B mod 5 R [0, 2, 3] n 48 {'left': ('states', 42602, 'zero-cycle len', 10), 'right': ('states', 42602, 'zero-cycle len', 10), 'bottom': ('states', 43756, 'zero-cycle len', 10), 'top': ('states', 43756, 'zero-cycle len', 10)}
A B mod 5 R [0, 2, 4] n 48 {'left': ('states', 42602, 'zero-cycle len', 10), 'right': ('states', 42602, 'zero-cycle len', 10), 'bottom': ('states', 43756, 'zero-cycle len', 10), 'top': ('states', 43756, 'zero-cycle len', 10)}
A B mod 5 R [0, 3, 4] n 48 {'left': ('states', 32273, 'zero-cycle len', 10), 'right': ('states', 32273, 'zero-cycle len', 10), 'bottom': ('states', 48020, 'zero-cycle len', 10), 'top': ('states', 48020, 'zero-cycle len', 10)}
A B mod 5 R [1, 2, 3] n 48 {'left': ('states', 32273, 'zero-cycle len', 10), 'right': ('states', 38532, 'zero-cycle len', 10), 'bottom': ('states', 48020, 'zero-cycle len', 10), 'top': ('states', 48020, 'zero-cycle len', 10)}
A B mod 5 R [1, 2, 4] n 48 {'left': ('states', 34950, 'zero-cycle len', 10), 'right': ('states', 42602, 'zero-cycle len', 10), 'bottom': ('states', 31248, 'zero-cycle len', 0), 'top': ('states', 43756, 'zero-cycle len', 10)}
A B mod 5 R [1, 3, 4] n 48 {'left': ('states', 42602, 'zero-cycle len', 10), 'right': ('states', 34950, 'zero-cycle len', 10), 'bottom': ('states', 43756, 'zero-cycle len', 10), 'top': ('states', 43756, 'zero-cycle len', 10)}
A B mod 5 R [2, 3, 4] n 48 {'left': ('states', 38532, 'zero-cycle len', 10), 'right': ('states', 32273, 'zero-cycle len', 10), 'bottom': ('states', 48020, 'zero-cycle len', 10), 'top': ('states', 48020, 'zero-cycle len', 10)}
A B mod 5 R [0, 1, 2, 3] n 48 {'left': ('states', 32624, 'zero-cycle len', 10), 'right': ('states', 32624, 'zero-cycle len', 10), 'bottom': ('states', 56774, 'zero-cycle len', 10), 'top': ('states', 47775, 'zero-cycle len', 0)}
A B mod 5 R [0, 1, 2, 4] n 48 {'left': ('states', 32624, 'zero-cycle len', 10), 'right': ('states', 32624, 'zero-cycle len', 10), 'bottom': ('states', 47775, 'zero-cycle len', 0), 'top': ('states', 56774, 'zero-cycle len', 10)}
A B mod 5 R [0, 1, 3, 4] n 48 {'left': ('states', 32624, 'zero-cycle len', 10), 'right': ('states', 32624, 'zero-cycle len', 10), 'bottom': ('states', 56774, 'zero-cycle len', 10), 'top': ('states', 47775, 'zero-cycle len', 0)}
A B mod 5 R [0, 2, 3, 4] n 48 {'left': ('states', 32624, 'zero-cycle len', 10), 'right': ('states', 32624, 'zero-cycle len', 10), 'bottom': ('states', 56774, 'zero-cycle len', 10), 'top': ('states', 56774, 'zero-cycle len', 10)}
A B mod 5 R [1, 2, 3, 4] n 48 {'left': ('states', 32624, 'zero-cycle len', 10), 'right': ('states', 32624, 'zero-cycle len', 10), 'bottom': ('states', 47775, 'zero-cycle len', 0), 'top': ('states', 56774, 'zero-cycle len', 10)}
A D mod 4 R [0] n 50 {'left': ('states', 11864, 'zero-cycle len', 8), 'right': ('states', 11864, 'zero-cycle len', 8), 'bottom': ('states', 51680, 'zero-cycle len', 0), 'top': ('states', 51680, 'zero-cycle len', 8)}
A D mod 4 R [1] n 50 {'left': ('states', 11864, 'zero-cycle len', 8), 'right': ('states', 11864, 'zero-cycle len', 8), 'bottom': ('states', 51680, 'zero-cycle len', 8), 'top': ('states', 51680, 'zero-cycle len', 0)}
A D mod 4 R [2] n 50 {'left': ('states', 11864, 'zero-cycle len', 8), 'right': ('states', 11864, 'zero-cycle len', 8), 'bottom': ('states', 51680, 'zero-cycle len', 0), 'top': ('states', 51680, 'zero-cycle len', 8)}
A D mod 4 R [3] n 50 {'left': ('states', 11864, 'zero-cycle len', 8), 'right': ('states', 11864, 'zero-cycle len', 8), 'bottom': ('states', 51680, 'zero-cycle len', 8), 'top': ('states', 51680, 'zero-cycle len', 0)}
A D mod 4 R [0, 1] n 50 {'left': ('states', 11864, 'zero-cycle len', 8), 'right': ('states', 11864, 'zero-cycle len', 8), 'bottom': ('states', 51680, 'zero-cycle len', 8), 'top': ('states', 51680, 'zero-cycle len', 8)}
A D mod 4 R [0, 2] n 50 {'left': ('states', 11864, 'zero-cycle len', 8), 'right': ('states', 11864, 'zero-cycle len', 8), 'bottom': ('states', 51680, 'zero-cycle len', 0), 'top': ('states', 51680, 'zero-cycle len', 0)}
A D mod 4 R [0, 3] n 50 {'left': ('states', 11864, 'zero-cycle len', 8), 'right': ('states', 11864, 'zero-cycle len', 8), 'bottom': ('states', 51680, 'zero-cycle len', 8), 'top': ('states', 51680, 'zero-cycle len', 8)}
