n 48 W0 4 K 0 mix AB:5:0 OPTIMAL T-8n = -21.0 bound -21.0
n 48 W0 4 K 0 mix AB:5:1 OPTIMAL T-8n = -20.0 bound -20.0
n 48 W0 4 K 0 mix AB:5:3 OPTIMAL T-8n = -20.0 bound -20.0
n 48 W0 4 K 0 mix AB:5:2 OPTIMAL T-8n = -20.0 bound -20.0
n 48 W0 4 K 0 mix AB:5:4 OPTIMAL T-8n = -21.0 bound -21.0
n 48 W0 4 K 0 mix AB:5:01 OPTIMAL T-8n = -19.0 bound -19.0
n 48 W0 4 K 0 mix AB:5:02 OPTIMAL T-8n = -20.0 bound -20.0
n 48 W0 4 K 0 mix AB:5:03 OPTIMAL T-8n = -20.0 bound -20.0
n 48 W0 4 K 0 mix AB:5:12 OPTIMAL T-8n = -17.0 bound -17.0
n 48 W0 4 K 0 mix AB:5:13 OPTIMAL T-8n = -20.0 bound -20.0
n 48 W0 4 K 0 mix AB:5:14 OPTIMAL T-8n = -20.0 bound -20.0
n 48 W0 4 K 0 mix AB:5:23 OPTIMAL T-8n = -17.0 bound -17.0
n 48 W0 4 K 0 mix AB:5:24 OPTIMAL T-8n = -20.0 bound -20.0
n 48 W0 4 K 0 mix AB:5:04 OPTIMAL T-8n = -20.0 bound -20.0
n 48 W0 4 K 0 mix AB:5:34 OPTIMAL T-8n = -19.0 bound -19.0
n 48 W0 4 K 0 mix AB:5:013 OPTIMAL T-8n = -17.0 bound -17.0
n 48 W0 4 K 0 mix AB:5:012 OPTIMAL T-8n = -20.0 bound -20.0
n 48 W0 4 K 0 mix AB:5:023 OPTIMAL T-8n = -19.0 bound -19.0
n 48 W0 4 K 0 mix AB:5:014 OPTIMAL T-8n = -20.0 bound -20.0
n 48 W0 4 K 0 mix AB:5:024 OPTIMAL T-8n = -20.0 bound -20.0
n 48 W0 4 K 0 mix AB:5:123 OPTIMAL T-8n = -20.0 bound -20.0
n 48 W0 4 K 0 mix AB:5:034 OPTIMAL T-8n = -20.0 bound -20.0
n 48 W0 4 K 0 mix AB:5:134 OPTIMAL T-8n = -17.0 bound -17.0
n 48 W0 4 K 0 mix AB:5:124 OPTIMAL T-8n = -19.0 bound -19.0
n 48 W0 4 K 0 mix AB:5:234 OPTIMAL T-8n = -20.0 bound -20.0
n 48 W0 4 K 0 mix AB:5:0123 OPTIMAL T-8n = -20.0 bound -20.0
n 48 W0 4 K 0 mix AB:5:0134 OPTIMAL T-8n = -20.0 bound -20.0
n 48 W0 4 K 0 mix AB:5:0124 OPTIMAL T-8n = -21.0 bound -21.0
n 48 W0 4 K 0 mix AB:5:1234 OPTIMAL T-8n = -20.0 bound -20.0
n 48 W0 4 K 0 mix CD:5:0 OPTIMAL T-8n = -21.0 bound -21.0
n 48 W0 4 K 0 mix CD:5:1 OPTIMAL T-8n = -20.0 bound -20.0
n 48 W0 4 K 0 mix CD:5:2 OPTIMAL T-8n = -20.0 bound -20.0
n 48 W0 4 K 0 mix CD:5:3 OPTIMAL T-8n = -20.0 bound -20.0
n 48 W0 4 K 0 mix CD:5:4 OPTIMAL T-8n = -21.0 bound -21.0
n 48 W0 4 K 0 mix CD:5:01 OPTIMAL T-8n = -19.0 bound -19.0
n 48 W0 4 K 0 mix CD:5:02 OPTIMAL T-8n = -20.0 bound -20.0
n 48 W0 4 K 0 mix CD:5:03 OPTIMAL T-8n = -20.0 bound -20.0
n 48 W0 4 K 0 mix AB:5:0234 OPTIMAL T-8n = -21.0 bound -21.0
n 48 W0 4 K 0 mix CD:5:12 OPTIMAL T-8n = -17.0 bound -17.0
n 48 W0 4 K 0 mix CD:5:04 OPTIMAL T-8n = -20.0 bound -20.0
n 48 W0 4 K 0 mix CD:5:14 OPTIMAL T-8n = -20.0 bound -20.0
n 48 W0 4 K 0 mix CD:5:13 OPTIMAL T-8n = -20.0 bound -20.0
n 48 W0 4 K 0 mix CD:5:23 OPTIMAL T-8n = -17.0 bound -17.0
n 48 W0 4 K 0 mix CD:5:34 OPTIMAL T-8n = -19.0 bound -19.0
n 48 W0 4 K 0 mix CD:5:012 OPTIMAL T-8n = -20.0 bound -20.0
n 48 W0 4 K 0 mix CD:5:24 OPTIMAL T-8n = -20.0 bound -20.0
n 48 W0 4 K 0 mix CD:5:013 OPTIMAL T-8n = -17.0 bound -17.0
n 48 W0 4 K 0 mix CD:5:014 OPTIMAL T-8n = -20.0 bound -20.0
n 48 W0 4 K 0 mix CD:5:023 OPTIMAL T-8n = -19.0 bound -19.0
n 48 W0 4 K 0 mix CD:5:034 OPTIMAL T-8n = -20.0 bound -20.0
n 48 W0 4 K 0 mix CD:5:123 OPTIMAL T-8n = -20.0 bound -20.0
n 48 W0 4 K 0 mix CD:5:124 OPTIMAL T-8n = -19.0 bound -19.0
n 48 W0 4 K 0 mix CD:5:134 OPTIMAL T-8n = -17.0 bound -17.0
n 48 W0 4 K 0 mix CD:5:234 OPTIMAL T-8n = -20.0 bound -20.0
n 48 W0 4 K 0 mix CD:5:0123 OPTIMAL T-8n = -20.0 bound -20.0
n 48 W0 4 K 0 mix CD:5:0124 OPTIMAL T-8n = -21.0 bound -21.0
n 48 W0 4 K 0 mix CD:5:0134 OPTIMAL T-8n = -20.0 bound -20.0
n 48 W0 4 K 0 mix CD:5:024 OPTIMAL T-8n = -20.0 bound -20.0
n 48 W0 4 K 0 mix CD:5:1234 OPTIMAL T-8n = -20.0 bound -20.0
n 48 W0 4 K 0 mix CD:5:0234 OPTIMAL T-8n = -21.0 bound -21.0
n 48 W0 4 K 0 mix AC:3:0 OPTIMAL T-8n = -20.0 bound -20.0
n 48 W0 4 K 0 mix AC:3:1 OPTIMAL T-8n = -20.0 bound -20.0
n 48 W0 4 K 0 mix AC:3:2 OPTIMAL T-8n = -20.0 bound -20.0
n 48 W0 4 K 0 mix AC:3:01 OPTIMAL T-8n = -20.0 bound -20.0
n 48 W0 4 K 0 mix AC:3:02 OPTIMAL T-8n = -20.0 bound -20.0
n 48 W0 4 K 0 mix BD:3:0 OPTIMAL T-8n = -20.0 bound -20.0
n 48 W0 4 K 0 mix AC:3:12 OPTIMAL T-8n = -20.0 bound -20.0
n 48 W0 4 K 0 mix BD:3:1 OPTIMAL T-8n = -20.0 bound -20.0
n 48 W0 4 K 0 mix BD:3:01 OPTIMAL T-8n = -20.0 bound -20.0
n 48 W0 4 K 0 mix BD:3:02 OPTIMAL T-8n = -20.0 bound -20.0
n 48 W0 4 K 0 mix BD:3:2 OPTIMAL T-8n = -20.0 bound -20.0
n 48 W0 4 K 0 mix BD:3:12 OPTIMAL T-8n = -20.0 bound -20.0
n 48 W0 4 K 0 mix AD:4:0 OPTIMAL T-8n = -17.0 bound -17.0
n 48 W0 4 K 0 mix AD:4:2 OPTIMAL T-8n = -17.0 bound -17.0
n 48 W0 4 K 0 mix AD:4:3 OPTIMAL T-8n = -17.0 bound -17.0
n 48 W0 4 K 0 mix AD:4:01 OPTIMAL T-8n = -18.0 bound -18.0
n 48 W0 4 K 0 mix AD:4:1 OPTIMAL T-8n = -17.0 bound -17.0
n 48 W0 4 K 0 mix AD:4:03 OPTIMAL T-8n = -16.0 bound -16.0
n 48 W0 4 K 0 mix AD:4:12 OPTIMAL T-8n = -20.0 bound -20.0
n 48 W0 4 K 0 mix AD:4:02 FEASIBLE T-8n = -7.0 bound -21.0
n 48 W0 4 K 0 mix AD:4:23 OPTIMAL T-8n = -18.0 bound -18.0
n 48 W0 4 K 0 mix AD:4:13 FEASIBLE T-8n = -7.0 bound -21.0
n 48 W0 4 K 0 mix AD:4:013 OPTIMAL T-8n = -17.0 bound -17.0
n 48 W0 4 K 0 mix AD:4:023 OPTIMAL T-8n = -17.0 bound -17.0
n 48 W0 4 K 0 mix AD:4:123 OPTIMAL T-8n = -17.0 bound -17.0
n 48 W0 4 K 0 mix AD:4:012 OPTIMAL T-8n = -17.0 bound -17.0
n 48 W0 4 K 0 mix BC:4:1 OPTIMAL T-8n = -17.0 bound -17.0
n 48 W0 4 K 0 mix BC:4:2 OPTIMAL T-8n = -17.0 bound -17.0
n 48 W0 4 K 0 mix BC:4:0 OPTIMAL T-8n = -17.0 bound -17.0
n 48 W0 4 K 0 mix BC:4:01 OPTIMAL T-8n = -18.0 bound -18.0
n 48 W0 4 K 0 mix BC:4:3 OPTIMAL T-8n = -17.0 bound -17.0
n 48 W0 4 K 0 mix BC:4:03 OPTIMAL T-8n = -20.0 bound -20.0
n 48 W0 4 K 0 mix BC:4:12 OPTIMAL T-8n = -16.0 bound -16.0
n 48 W0 4 K 0 mix BC:4:02 FEASIBLE T-8n = -7.0 bound -21.0
n 48 W0 4 K 0 mix BC:4:23 OPTIMAL T-8n = -18.0 bound -18.0
n 48 W0 4 K 0 mix BC:4:012 OPTIMAL T-8n = -17.0 bound -17.0
n 48 W0 4 K 0 mix BC:4:013 OPTIMAL T-8n = -17.0 bound -17.0
n 48 W0 4 K 0 mix BC:4:023 OPTIMAL T-8n = -17.0 bound -17.0
n 48 W0 4 K 0 mix BC:4:123 OPTIMAL T-8n = -17.0 bound -17.0
n 48 W0 4 K 0 mix BC:4:13 FEASIBLE T-8n = -7.0 bound -21.0
