shear 1/1 WM=3 KM=1 MODE=nz lambda=1/2: columns u in [-3,5], 50 slots, complete squares s in [0,2], 1 cost squares per row
warm-up done: 467192 strict seed states, largest warm layer 1404812, 11s
states by warm level: strict 2601404, warm1 0, warm2 0, warm3 0
graph: states 2601404 arcs 2913098 (rejected: margin 12735083, psi 346208) 19s
== lambda 0/1
 try mean 8/1 per row
  cycle: 36 arcs, 4 rows, crossings 4, waste 4, weight 4 -> mean 4/4
    row 0 u 0 (mod) X=0 waste=0: (0,0)-(1,2)
    row 0 u 1 (mod) X=0 waste=0: (1,0)-(3,1)
    row 0 u 2 (mod) X=0 waste=0: (2,0)-(4,1)
    row 0 u 5 (ghost) X=0 waste=2:
    row 1 u -1 (ghost) X=1 waste=0: (0,1)-(2,2)
    row 1 u 0 (mod) X=0 waste=0: (1,1)-(3,2)
    row 1 u 1 (mod) X=1 waste=0: (2,1)-(4,2) (2,1)-(3,3)
    row 1 u 2 (mod) X=0 waste=0: (3,1)-(5,2)
    row 1 u 3 (ghost) X=1 waste=0: (4,1)-(5,3)
    row 2 u 0 (mod) X=0 waste=0: (2,2)-(3,4)
    row 2 u 1 (mod) X=0 waste=0: (3,2)-(4,4)
    row 2 u 2 (mod) X=0 waste=0: (4,2)-(5,4)
    row 2 u 5 (ghost) X=0 waste=2:
    row 3 u 0 (mod) X=0 waste=0: (3,3)-(4,5)
    row 3 u 1 (mod) X=1 waste=0: (4,3)-(6,4) (4,3)-(5,5)
    row 3 u 2 (mod) X=0 waste=0: (5,3)-(7,4)
 try mean 1/1 per row
RESULT A=1 WM=3 KM=1 nz lambda=0/1: min mean weight per row = 1/1 (CERTIFIED: no cycle below); per level (E units) = 1/2 = 0.5000  (20s)
== lambda 1/2
 try mean 16/1 per row
  cycle: 45 arcs, 5 rows, crossings 10, waste 11, weight 31 -> mean 31/5
    row 0 u 0 (mod) X=1 waste=1: (0,0)-(-1,2)
    row 0 u 1 (mod) X=0 waste=0: (1,0)-(3,1) (1,0)-(0,2)
    row 0 u 5 (ghost) X=0 waste=2:
    row 1 u 0 (mod) X=1 waste=0: (1,1)-(-1,2) (1,1)-(0,3)
    row 1 u 1 (mod) X=1 waste=0: (2,1)-(0,2) (2,1)-(1,3)
    row 1 u 3 (ghost) X=0 waste=0: (4,1)-(2,2) (4,1)-(3,3)
    row 1 u 5 (ghost) X=0 waste=2:
    row 2 u 0 (mod) X=1 waste=0: (2,2)-(0,3)
    row 2 u 1 (mod) X=1 waste=1: (3,2)-(5,3) (3,2)-(1,3)
    row 2 u 2 (mod) X=2 waste=1: (4,2)-(6,3) (4,2)-(2,3)
    row 2 u 5 (ghost) X=0 waste=2:
    row 3 u -1 (ghost) X=0 waste=0: (2,3)-(4,4)
    row 3 u 0 (mod) X=0 waste=0: (3,3)-(5,4)
    row 3 u 1 (mod) X=1 waste=0: (4,3)-(6,4) (4,3)-(5,5)
    row 3 u 2 (mod) X=0 waste=0: (5,3)-(7,4)
    row 3 u 3 (ghost) X=1 waste=0: (6,3)-(7,5)
    row 4 u 0 (mod) X=0 waste=0: (4,4)-(5,6)
    row 4 u 1 (mod) X=0 waste=0: (5,4)-(7,5)
    row 4 u 2 (mod) X=1 waste=1: (6,4)-(5,6)
    row 4 u 3 (ghost) X=0 waste=0: (7,4)-(8,6)
    row 4 u 5 (ghost) X=0 waste=1:
 try mean 31/5 per row
  cycle: 36 arcs, 4 rows, crossings 4, waste 4, weight 12 -> mean 12/4
    row 0 u 0 (mod) X=0 waste=0: (0,0)-(1,2)
    row 0 u 1 (mod) X=0 waste=0: (1,0)-(3,1)
    row 0 u 2 (mod) X=0 waste=0: (2,0)-(4,1)
    row 0 u 5 (ghost) X=0 waste=2:
    row 1 u -1 (ghost) X=1 waste=0: (0,1)-(2,2)
    row 1 u 0 (mod) X=0 waste=0: (1,1)-(3,2)
    row 1 u 1 (mod) X=1 waste=0: (2,1)-(4,2) (2,1)-(3,3)
    row 1 u 2 (mod) X=0 waste=0: (3,1)-(5,2)
    row 1 u 3 (ghost) X=1 waste=0: (4,1)-(5,3)
    row 2 u 0 (mod) X=0 waste=0: (2,2)-(3,4)
    row 2 u 1 (mod) X=0 waste=0: (3,2)-(4,4)
    row 2 u 2 (mod) X=0 waste=0: (4,2)-(5,4)
    row 2 u 5 (ghost) X=0 waste=2:
    row 3 u 0 (mod) X=0 waste=0: (3,3)-(4,5)
    row 3 u 1 (mod) X=1 waste=0: (4,3)-(6,4) (4,3)-(5,5)
    row 3 u 2 (mod) X=0 waste=0: (5,3)-(7,4)
 try mean 3/1 per row
RESULT A=1 WM=3 KM=1 nz lambda=1/2: min mean weight per row = 3/1 (CERTIFIED: no cycle below); per level (E units) = 3/4 = 0.7500  (20s)
== lambda 1/1
 try mean 8/1 per row
  cycle: 45 arcs, 5 rows, crossings 7, waste 9, weight 14 -> mean 14/5
    row 0 u -1 (ghost) X=0 waste=0: (-1,0)-(1,1)
    row 0 u 0 (mod) X=0 waste=0: (0,0)-(2,1)
    row 0 u 2 (mod) X=0 waste=0: (2,0)-(4,1) (2,0)-(3,2)
    row 0 u 5 (ghost) X=0 waste=2:
    row 1 u -1 (ghost) X=0 waste=0: (0,1)-(2,2)
    row 1 u 0 (mod) X=0 waste=0: (1,1)-(3,2)
    row 1 u 1 (mod) X=1 waste=0: (2,1)-(3,3)
    row 1 u 2 (mod) X=0 waste=0: (3,1)-(5,2) (3,1)-(4,3)
    row 1 u 3 (ghost) X=1 waste=0: (4,1)-(5,3)
    row 2 u 0 (mod) X=0 waste=0: (2,2)-(3,4)
    row 2 u 2 (mod) X=1 waste=1: (4,2)-(5,4) (4,2)-(3,4)
    row 2 u 5 (ghost) X=0 waste=1: (7,2)-(5,3) (7,2)-(6,4)
    row 3 u 0 (mod) X=1 waste=1: (3,3)-(2,5)
    row 3 u 1 (mod) X=0 waste=0: (4,3)-(3,5)
    row 3 u 3 (ghost) X=1 waste=1: (6,3)-(4,4) (6,3)-(5,5)
    row 3 u 4 (ghost) X=0 waste=0: (7,3)-(6,5)
    row 3 u 5 (ghost) X=0 waste=1:
    row 4 u 0 (mod) X=1 waste=0: (4,4)-(2,5)
    row 4 u 1 (mod) X=0 waste=0: (5,4)-(3,5)
    row 4 u 2 (mod) X=1 waste=0: (6,4)-(4,5)
    row 4 u 4 (ghost) X=0 waste=0: (8,4)-(6,5)
    row 4 u 5 (ghost) X=0 waste=2:
 try mean 14/5 per row
  cycle: 36 arcs, 4 rows, crossings 4, waste 4, weight 8 -> mean 8/4
    row 0 u 0 (mod) X=0 waste=0: (0,0)-(1,2)
    row 0 u 1 (mod) X=0 waste=0: (1,0)-(2,2)
    row 0 u 2 (mod) X=0 waste=0: (2,0)-(3,2)
    row 0 u 5 (ghost) X=0 waste=2:
    row 1 u 0 (mod) X=0 waste=0: (1,1)-(2,3)
    row 1 u 1 (mod) X=1 waste=0: (2,1)-(4,2) (2,1)-(3,3)
    row 1 u 2 (mod) X=0 waste=0: (3,1)-(5,2)
    row 2 u 0 (mod) X=0 waste=0: (2,2)-(3,4)
    row 2 u 1 (mod) X=0 waste=0: (3,2)-(5,3)
    row 2 u 2 (mod) X=0 waste=0: (4,2)-(6,3)
    row 2 u 5 (ghost) X=0 waste=2:
    row 3 u -1 (ghost) X=1 waste=0: (2,3)-(4,4)
    row 3 u 0 (mod) X=0 waste=0: (3,3)-(5,4)
    row 3 u 1 (mod) X=1 waste=0: (4,3)-(6,4) (4,3)-(5,5)
    row 3 u 2 (mod) X=0 waste=0: (5,3)-(7,4)
    row 3 u 3 (ghost) X=1 waste=0: (6,3)-(7,5)
 try mean 2/1 per row
RESULT A=1 WM=3 KM=1 nz lambda=1/1: min mean weight per row = 2/1 (CERTIFIED: no cycle below); per level (E units) = 2/2 = 1.0000  (20s)
total 20s
	Command being timed: "./wall 1 3 1 nz 8 1 30000000"
	User time (seconds): 18.29
	System time (seconds): 1.40
	Percent of CPU this job got: 96%
	Elapsed (wall clock) time (h:mm:ss or m:ss): 0:20.48
	Average shared text size (kbytes): 0
	Average unshared data size (kbytes): 0
	Average stack size (kbytes): 0
	Average total size (kbytes): 0
	Maximum resident set size (kbytes): 243800
	Average resident set size (kbytes): 0
	Major (requiring I/O) page faults: 0
	Minor (reclaiming a frame) page faults: 212771
	Voluntary context switches: 1
	Involuntary context switches: 1823
	Swaps: 0
	File system inputs: 0
	File system outputs: 24
	Socket messages sent: 0
	Socket messages received: 0
	Signals delivered: 0
	Page size (bytes): 4096
	Exit status: 0
exit=0
