shear 1/2 WM=4 KM=1 MODE=nz lambda=1/2: columns u in [-3,6], 56 slots, complete squares s in [0,2], 1 cost squares per row
warm-up done: 216896 strict seed states, largest warm layer 3310016, 44s
states by warm level: strict 3925176, warm1 0, warm2 0, warm3 0
graph: states 3925176 arcs 4595070 (rejected: margin 25280232, psi 149440) 52s
== lambda 1/1
 try mean 8/1 per row
  cycle: 20 arcs, 2 rows, crossings 2, waste 2, weight 4 -> mean 4/2
    (cycle starts at row phase 1; board x = u + floor(1*(phase+row)/2) - floor(1*phase/2))
    row 0 u 0 (mod) X=0 waste=0: (0,0)-(-2,1)
    row 0 u 1 (mod) X=0 waste=0: (1,0)-(-1,1)
    row 0 u 2 (mod) X=0 waste=0: (2,0)-(0,1)
    row 0 u 3 (mod) X=1 waste=0: (3,0)-(1,1) (3,0)-(2,2)
    row 0 u 4 (ghost) X=0 waste=0: (4,0)-(3,2)
    row 0 u 6 (ghost) X=0 waste=0: (6,0)-(4,1)
    row 1 u 0 (mod) X=0 waste=0: (1,1)-(-1,2)
    row 1 u 1 (mod) X=0 waste=0: (2,1)-(0,2)
    row 1 u 2 (mod) X=1 waste=0: (3,1)-(1,2)
    row 1 u 3 (mod) X=0 waste=0: (4,1)-(3,3)
    row 1 u 4 (ghost) X=0 waste=0: (5,1)-(4,3)
    row 1 u 6 (ghost) X=0 waste=2:
 try mean 2/1 per row
RESULT A=1 WM=4 KM=1 nz lambda=1/1: min mean weight per row = 2/1 (CERTIFIED: no cycle below); per level (E units) = 2/2 = 1.0000  (52s)
total 52s
	Command being timed: "./wallc 1/2 4 1 nz 8 1 90000000"
	User time (seconds): 50.59
	System time (seconds): 1.92
	Percent of CPU this job got: 99%
	Elapsed (wall clock) time (h:mm:ss or m:ss): 0:52.54
	Average shared text size (kbytes): 0
	Average unshared data size (kbytes): 0
	Average stack size (kbytes): 0
	Average total size (kbytes): 0
	Maximum resident set size (kbytes): 255872
	Average resident set size (kbytes): 0
	Major (requiring I/O) page faults: 0
	Minor (reclaiming a frame) page faults: 283560
	Voluntary context switches: 1
	Involuntary context switches: 263
	Swaps: 0
	File system inputs: 0
	File system outputs: 24
	Socket messages sent: 0
	Socket messages received: 0
	Signals delivered: 0
	Page size (bytes): 4096
	Exit status: 0
exit=0
