shear 1/2 WM=4 KM=1 MODE=nz lambda=1/2: columns u in [-3,6], 56 slots, complete squares s in [0,2], 1 cost squares per row
warm-up done: 21824 strict seed states, largest warm layer 3310016, 44s
states by warm level: strict 562856, warm1 0, warm2 0, warm3 0
graph: states 562856 arcs 652052 (rejected: margin 22637202, psi 13824) 45s
== lambda 1/1
 try mean 8/1 per row
  cycle: 40 arcs, 4 rows, crossings 6, waste 12, weight 12 -> mean 12/4
    (cycle starts at row phase 1; board x = u + floor(1*(phase+row)/2) - floor(1*phase/2))
    row 0 u 0 (mod) X=0 waste=0: (0,0)-(-1,2)
    row 0 u 1 (mod) X=0 waste=0: (1,0)-(0,2)
    row 0 u 2 (mod) X=0 waste=0: (2,0)-(1,2)
    row 0 u 4 (ghost) X=0 waste=0: (4,0)-(3,2)
    row 0 u 5 (ghost) X=0 waste=0: (5,0)-(4,2)
    row 0 u 6 (ghost) X=0 waste=4:
    row 1 u 0 (mod) X=1 waste=0: (1,1)-(-1,2) (1,1)-(0,3)
    row 1 u 1 (mod) X=0 waste=0: (2,1)-(1,3)
    row 1 u 2 (mod) X=0 waste=0: (3,1)-(2,3)
    row 1 u 3 (mod) X=0 waste=0: (4,1)-(3,3)
    row 1 u 4 (ghost) X=0 waste=0: (5,1)-(4,3)
    row 1 u 5 (ghost) X=0 waste=0: (6,1)-(5,3)
    row 1 u 6 (ghost) X=0 waste=2:
    row 2 u 0 (mod) X=0 waste=0: (1,2)-(0,4)
    row 2 u 1 (mod) X=2 waste=2: (2,2)-(4,3) (2,2)-(1,4)
    row 2 u 2 (mod) X=1 waste=1: (3,2)-(2,4)
    row 2 u 3 (mod) X=1 waste=1: (4,2)-(3,4)
    row 2 u 4 (ghost) X=0 waste=0: (5,2)-(4,4)
    row 2 u 5 (ghost) X=0 waste=0: (6,2)-(5,4)
    row 3 u 0 (mod) X=0 waste=0: (2,3)-(1,5)
    row 3 u 1 (mod) X=0 waste=0: (3,3)-(2,5)
    row 3 u 3 (mod) X=0 waste=0: (5,3)-(4,5)
    row 3 u 4 (ghost) X=0 waste=0: (6,3)-(5,5)
    row 3 u 5 (ghost) X=1 waste=0: (7,3)-(5,4) (7,3)-(6,5)
    row 3 u 6 (ghost) X=0 waste=2:
 try mean 3/1 per row
RESULT A=1 WM=4 KM=1 nz lambda=1/1: min mean weight per row = 3/1 (CERTIFIED: no cycle below); per level (E units) = 3/2 = 1.5000  (45s)
total 45s
	Command being timed: "./wallc 1/2 4 1 nz 8 1 90000000"
	User time (seconds): 42.98
	System time (seconds): 1.76
	Percent of CPU this job got: 99%
	Elapsed (wall clock) time (h:mm:ss or m:ss): 0:45.11
	Average shared text size (kbytes): 0
	Average unshared data size (kbytes): 0
	Average stack size (kbytes): 0
	Average total size (kbytes): 0
	Maximum resident set size (kbytes): 231560
	Average resident set size (kbytes): 0
	Major (requiring I/O) page faults: 0
	Minor (reclaiming a frame) page faults: 222438
	Voluntary context switches: 1
	Involuntary context switches: 1284
	Swaps: 0
	File system inputs: 0
	File system outputs: 16
	Socket messages sent: 0
	Socket messages received: 0
	Signals delivered: 0
	Page size (bytes): 4096
	Exit status: 0
exit=0
