A=1 WM=3 KM=1 MODE=nz lambda=1/1: columns u in [-3,5], 50 slots, complete squares s in [0,2], 1 cost squares per row
  ... 4194304/4378173 states, 5894380 arcs, 17s
states by warm level: strict 2601404, warm1 3679182, warm2 69569, warm3 0
graph: states 6350155 arcs 8361924 (rejected: margin 12735083, psi 346208) 23s
 try mean 64/1 per row
  cycle: 36 arcs, 4 rows, cost 8 -> mean 8/4
    row 0 u -1 (ghost) w=2: (-1,0)-(1,1)
    row 0 u 0 (mod) w=0: (0,0)-(2,1)
    row 0 u 1 (mod) w=2: (1,0)-(3,1) (1,0)-(2,2)
    row 0 u 2 (mod) w=0: (2,0)-(4,1)
    row 0 u 3 (ghost) w=2: (3,0)-(4,2)
    row 1 u 0 (mod) w=0: (1,1)-(2,3)
    row 1 u 1 (mod) w=0: (2,1)-(3,3)
    row 1 u 2 (mod) w=0: (3,1)-(4,3)
    row 2 u 0 (mod) w=0: (2,2)-(3,4)
    row 2 u 1 (mod) w=2: (3,2)-(5,3) (3,2)-(4,4)
    row 2 u 2 (mod) w=0: (4,2)-(6,3)
    row 3 u 0 (mod) w=0: (3,3)-(4,5)
    row 3 u 1 (mod) w=0: (4,3)-(6,4)
    row 3 u 2 (mod) w=0: (5,3)-(7,4)
 try mean 2/1 per row
RESULT A=1 WM=3 KM=1 nz lambda=1/1: min mean weight per row = 2/1 (CERTIFIED: no cycle below); per level (E units) = 2/2 = 1.0000  (23s)
total 23s
	Command being timed: "./wall 1 3 1 nz 64 1 30000000"
	User time (seconds): 21.89
	System time (seconds): 1.71
	Percent of CPU this job got: 99%
	Elapsed (wall clock) time (h:mm:ss or m:ss): 0:23.61
	Average shared text size (kbytes): 0
	Average unshared data size (kbytes): 0
	Average stack size (kbytes): 0
	Average total size (kbytes): 0
	Maximum resident set size (kbytes): 578828
	Average resident set size (kbytes): 0
	Major (requiring I/O) page faults: 0
	Minor (reclaiming a frame) page faults: 267748
	Voluntary context switches: 0
	Involuntary context switches: 70
	Swaps: 0
	File system inputs: 0
	File system outputs: 24
	Socket messages sent: 0
	Socket messages received: 0
	Signals delivered: 0
	Page size (bytes): 4096
	Exit status: 0
exit=0
