A=0 WM=4 KM=1 MODE=nz lambda=1/2: columns u in [-2,5], 54 slots, complete squares s in [-1,3], 3 cost squares per row
warm-up done: 472236 strict seed states, largest warm layer 10493992, 69s
  ... 4194304/5718756 states, 7851878 arcs, 82s
  ... 8388608/11520439 states, 15686536 arcs, 99s
  ... 12582912/13497182 states, 18207195 arcs, 105s
states by warm level: strict 13497182, warm1 0, warm2 0, warm3 0
graph: states 13497182 arcs 18384469 (rejected: margin 59008913, psi 439396) 106s
== lambda 0/1
 try mean 8/1 per row
  cycle: 32 arcs, 4 rows, crossings 3, waste 6, weight 6 -> mean 6/4
    row 0 u -1 (ghost) X=0 waste=0: (-1,0)-(0,2)
    row 0 u 0 (mod) X=0 waste=0: (0,0)-(1,2)
    row 0 u 1 (mod) X=1 waste=1: (1,0)-(2,2)
    row 0 u 2 (mod) X=0 waste=0: (2,0)-(3,2)
    row 0 u 3 (mod) X=0 waste=0: (3,0)-(4,2)
    row 1 u -1 (ghost) X=0 waste=0: (-1,1)-(0,3)
    row 1 u 0 (mod) X=0 waste=0: (0,1)-(1,3)
    row 1 u 2 (mod) X=0 waste=0: (2,1)-(3,3)
    row 1 u 3 (mod) X=0 waste=0: (3,1)-(4,3)
    row 1 u 5 (ghost) X=0 waste=2:
    row 2 u -1 (ghost) X=0 waste=0: (-1,2)-(0,4)
    row 2 u 0 (mod) X=0 waste=0: (0,2)-(1,4)
    row 2 u 1 (mod) X=0 waste=0: (1,2)-(2,4)
    row 2 u 2 (mod) X=0 waste=0: (2,2)-(3,4)
    row 2 u 3 (mod) X=0 waste=0: (3,2)-(4,4)
    row 2 u 5 (ghost) X=0 waste=2:
    row 3 u -1 (ghost) X=0 waste=0: (-1,3)-(0,5)
    row 3 u 0 (mod) X=0 waste=0: (0,3)-(1,5)
    row 3 u 1 (mod) X=0 waste=0: (1,3)-(2,5)
    row 3 u 2 (mod) X=2 waste=1: (2,3)-(3,5) (2,3)-(1,5)
    row 3 u 3 (mod) X=0 waste=0: (3,3)-(4,5)
 try mean 3/2 per row
  cycle: 48 arcs, 6 rows, crossings 4, waste 8, weight 8 -> mean 8/6
    row 0 u 0 (mod) X=0 waste=0: (0,0)-(-2,1)
    row 0 u 1 (mod) X=0 waste=0: (1,0)-(-1,1) (1,0)-(0,2)
    row 0 u 2 (mod) X=1 waste=0: (2,0)-(0,1)
    row 0 u 3 (mod) X=0 waste=0: (3,0)-(1,1)
    row 0 u 4 (ghost) X=0 waste=0: (4,0)-(2,1)
    row 0 u 5 (ghost) X=0 waste=0: (5,0)-(3,1)
    row 1 u 0 (mod) X=0 waste=0: (0,1)-(-2,2)
    row 1 u 1 (mod) X=1 waste=0: (1,1)-(-1,2)
    row 1 u 2 (mod) X=0 waste=0: (2,1)-(0,2)
    row 1 u 3 (mod) X=0 waste=0: (3,1)-(1,2)
    row 1 u 4 (ghost) X=0 waste=0: (4,1)-(2,2)
    row 1 u 5 (ghost) X=0 waste=0: (5,1)-(3,2)
    row 2 u -2 (ghost) X=0 waste=0: (-2,2)-(0,3)
    row 2 u -1 (ghost) X=0 waste=0: (-1,2)-(1,3)
    row 2 u 1 (mod) X=0 waste=0: (1,2)-(3,3)
    row 2 u 2 (mod) X=0 waste=0: (2,2)-(4,3)
    row 2 u 3 (mod) X=0 waste=0: (3,2)-(5,3)
    row 2 u 5 (ghost) X=0 waste=4:
    row 3 u -2 (ghost) X=0 waste=0: (-2,3)-(0,4)
    row 3 u -1 (ghost) X=0 waste=0: (-1,3)-(1,4)
    row 3 u 0 (mod) X=0 waste=0: (0,3)-(2,4)
    row 3 u 1 (mod) X=0 waste=0: (1,3)-(3,4)
    row 3 u 2 (mod) X=1 waste=0: (2,3)-(4,4) (2,3)-(3,5)
    row 3 u 3 (mod) X=0 waste=0: (3,3)-(5,4)
    row 4 u -2 (ghost) X=0 waste=0: (-2,4)-(0,5)
    row 4 u -1 (ghost) X=0 waste=0: (-1,4)-(1,5)
    row 4 u 0 (mod) X=0 waste=0: (0,4)-(2,5)
    row 4 u 1 (mod) X=0 waste=0: (1,4)-(3,5)
    row 4 u 2 (mod) X=1 waste=0: (2,4)-(4,5)
    row 4 u 3 (mod) X=0 waste=0: (3,4)-(5,5)
    row 5 u 0 (mod) X=0 waste=0: (0,5)-(-2,6)
    row 5 u 1 (mod) X=0 waste=0: (1,5)-(-1,6)
    row 5 u 2 (mod) X=0 waste=0: (2,5)-(0,6)
    row 5 u 4 (ghost) X=0 waste=0: (4,5)-(2,6)
    row 5 u 5 (ghost) X=0 waste=4: (5,5)-(3,6)
 try mean 4/3 per row
RESULT A=0 WM=4 KM=1 nz lambda=0/1: min mean weight per row = 4/3 (CERTIFIED: no cycle below); per level (E units) = 4/6 = 0.6667  (110s)
== lambda 1/2
 try mean 16/1 per row
  cycle: 32 arcs, 4 rows, crossings 3, waste 6, weight 12 -> mean 12/4
    row 0 u 0 (mod) X=0 waste=0: (0,0)-(-1,2)
    row 0 u 1 (mod) X=0 waste=0: (1,0)-(0,2)
    row 0 u 2 (mod) X=1 waste=1: (2,0)-(3,2) (2,0)-(1,2)
    row 0 u 3 (mod) X=1 waste=0: (3,0)-(4,2) (3,0)-(2,2)
    row 1 u 0 (mod) X=0 waste=0: (0,1)-(-1,3)
    row 1 u 1 (mod) X=0 waste=0: (1,1)-(0,3)
    row 1 u 2 (mod) X=0 waste=0: (2,1)-(1,3)
    row 1 u 3 (mod) X=1 waste=1: (3,1)-(4,3) (3,1)-(2,3)
    row 2 u 0 (mod) X=0 waste=0: (0,2)-(-1,4)
    row 2 u 1 (mod) X=0 waste=0: (1,2)-(0,4)
    row 2 u 2 (mod) X=0 waste=0: (2,2)-(1,4)
    row 2 u 3 (mod) X=0 waste=0: (3,2)-(4,4)
    row 2 u 5 (ghost) X=0 waste=2:
    row 3 u 0 (mod) X=0 waste=0: (0,3)-(-1,5)
    row 3 u 1 (mod) X=0 waste=0: (1,3)-(0,5)
    row 3 u 2 (mod) X=0 waste=0: (2,3)-(1,5)
    row 3 u 3 (mod) X=0 waste=0: (3,3)-(4,5) (3,3)-(2,5)
    row 3 u 5 (ghost) X=0 waste=2:
 try mean 3/1 per row
  cycle: 48 arcs, 6 rows, crossings 4, waste 8, weight 16 -> mean 16/6
    row 0 u -2 (ghost) X=0 waste=0: (-2,0)-(0,1)
    row 0 u -1 (ghost) X=0 waste=0: (-1,0)-(1,1)
    row 0 u 0 (mod) X=0 waste=0: (0,0)-(2,1)
    row 0 u 1 (mod) X=0 waste=0: (1,0)-(3,1)
    row 0 u 2 (mod) X=1 waste=0: (2,0)-(4,1) (2,0)-(3,2)
    row 0 u 3 (mod) X=0 waste=0: (3,0)-(5,1)
    row 1 u -2 (ghost) X=0 waste=0: (-2,1)-(0,2)
    row 1 u -1 (ghost) X=0 waste=0: (-1,1)-(1,2)
    row 1 u 0 (mod) X=0 waste=0: (0,1)-(2,2)
    row 1 u 1 (mod) X=0 waste=0: (1,1)-(3,2)
    row 1 u 2 (mod) X=1 waste=0: (2,1)-(4,2)
    row 1 u 3 (mod) X=0 waste=0: (3,1)-(5,2)
    row 2 u 0 (mod) X=0 waste=0: (0,2)-(-2,3)
    row 2 u 1 (mod) X=0 waste=0: (1,2)-(-1,3)
    row 2 u 2 (mod) X=0 waste=0: (2,2)-(0,3)
    row 2 u 4 (ghost) X=0 waste=0: (4,2)-(2,3)
    row 2 u 5 (ghost) X=0 waste=4: (5,2)-(3,3)
    row 3 u 0 (mod) X=0 waste=0: (0,3)-(-2,4)
    row 3 u 1 (mod) X=0 waste=0: (1,3)-(-1,4) (1,3)-(0,5)
    row 3 u 2 (mod) X=1 waste=0: (2,3)-(0,4)
    row 3 u 3 (mod) X=0 waste=0: (3,3)-(1,4)
    row 3 u 4 (ghost) X=0 waste=0: (4,3)-(2,4)
    row 3 u 5 (ghost) X=0 waste=0: (5,3)-(3,4)
    row 4 u 0 (mod) X=0 waste=0: (0,4)-(-2,5)
    row 4 u 1 (mod) X=1 waste=0: (1,4)-(-1,5)
    row 4 u 2 (mod) X=0 waste=0: (2,4)-(0,5)
    row 4 u 3 (mod) X=0 waste=0: (3,4)-(1,5)
    row 4 u 4 (ghost) X=0 waste=0: (4,4)-(2,5)
    row 4 u 5 (ghost) X=0 waste=0: (5,4)-(3,5)
    row 5 u -2 (ghost) X=0 waste=0: (-2,5)-(0,6)
    row 5 u -1 (ghost) X=0 waste=0: (-1,5)-(1,6)
    row 5 u 1 (mod) X=0 waste=0: (1,5)-(3,6)
    row 5 u 2 (mod) X=0 waste=0: (2,5)-(4,6)
    row 5 u 3 (mod) X=0 waste=0: (3,5)-(5,6)
    row 5 u 5 (ghost) X=0 waste=4:
 try mean 8/3 per row
RESULT A=0 WM=4 KM=1 nz lambda=1/2: min mean weight per row = 8/3 (CERTIFIED: no cycle below); per level (E units) = 8/12 = 0.6667  (113s)
== lambda 1/1
 try mean 8/1 per row
  cycle: 32 arcs, 4 rows, crossings 3, waste 6, weight 6 -> mean 6/4
    row 0 u 0 (mod) X=0 waste=0: (0,0)-(-1,2)
    row 0 u 1 (mod) X=0 waste=0: (1,0)-(0,2)
    row 0 u 2 (mod) X=1 waste=1: (2,0)-(3,2) (2,0)-(1,2)
    row 0 u 3 (mod) X=1 waste=0: (3,0)-(4,2) (3,0)-(2,2)
    row 1 u 0 (mod) X=0 waste=0: (0,1)-(-1,3)
    row 1 u 1 (mod) X=0 waste=0: (1,1)-(0,3)
    row 1 u 2 (mod) X=0 waste=0: (2,1)-(1,3)
    row 1 u 3 (mod) X=1 waste=1: (3,1)-(4,3) (3,1)-(2,3)
    row 2 u 0 (mod) X=0 waste=0: (0,2)-(-1,4)
    row 2 u 1 (mod) X=0 waste=0: (1,2)-(0,4)
    row 2 u 2 (mod) X=0 waste=0: (2,2)-(1,4)
    row 2 u 3 (mod) X=0 waste=0: (3,2)-(4,4)
    row 2 u 5 (ghost) X=0 waste=2:
    row 3 u 0 (mod) X=0 waste=0: (0,3)-(-1,5)
    row 3 u 1 (mod) X=0 waste=0: (1,3)-(0,5)
    row 3 u 2 (mod) X=0 waste=0: (2,3)-(1,5)
    row 3 u 3 (mod) X=0 waste=0: (3,3)-(4,5) (3,3)-(2,5)
    row 3 u 5 (ghost) X=0 waste=2:
 try mean 3/2 per row
  cycle: 48 arcs, 6 rows, crossings 4, waste 8, weight 8 -> mean 8/6
    row 0 u -2 (ghost) X=0 waste=0: (-2,0)-(0,1)
    row 0 u -1 (ghost) X=0 waste=0: (-1,0)-(1,1)
    row 0 u 0 (mod) X=0 waste=0: (0,0)-(2,1)
    row 0 u 1 (mod) X=0 waste=0: (1,0)-(3,1)
    row 0 u 2 (mod) X=1 waste=0: (2,0)-(4,1) (2,0)-(3,2)
    row 0 u 3 (mod) X=0 waste=0: (3,0)-(5,1)
    row 1 u -2 (ghost) X=0 waste=0: (-2,1)-(0,2)
    row 1 u -1 (ghost) X=0 waste=0: (-1,1)-(1,2)
    row 1 u 0 (mod) X=0 waste=0: (0,1)-(2,2)
    row 1 u 1 (mod) X=0 waste=0: (1,1)-(3,2)
    row 1 u 2 (mod) X=1 waste=0: (2,1)-(4,2)
    row 1 u 3 (mod) X=0 waste=0: (3,1)-(5,2)
    row 2 u 0 (mod) X=0 waste=0: (0,2)-(-2,3)
    row 2 u 1 (mod) X=0 waste=0: (1,2)-(-1,3)
    row 2 u 2 (mod) X=0 waste=0: (2,2)-(0,3)
    row 2 u 4 (ghost) X=0 waste=0: (4,2)-(2,3)
    row 2 u 5 (ghost) X=0 waste=4: (5,2)-(3,3)
    row 3 u 0 (mod) X=0 waste=0: (0,3)-(-2,4)
    row 3 u 1 (mod) X=0 waste=0: (1,3)-(-1,4) (1,3)-(0,5)
    row 3 u 2 (mod) X=1 waste=0: (2,3)-(0,4)
    row 3 u 3 (mod) X=0 waste=0: (3,3)-(1,4)
    row 3 u 4 (ghost) X=0 waste=0: (4,3)-(2,4)
    row 3 u 5 (ghost) X=0 waste=0: (5,3)-(3,4)
    row 4 u 0 (mod) X=0 waste=0: (0,4)-(-2,5)
    row 4 u 1 (mod) X=1 waste=0: (1,4)-(-1,5)
    row 4 u 2 (mod) X=0 waste=0: (2,4)-(0,5)
    row 4 u 3 (mod) X=0 waste=0: (3,4)-(1,5)
    row 4 u 4 (ghost) X=0 waste=0: (4,4)-(2,5)
    row 4 u 5 (ghost) X=0 waste=0: (5,4)-(3,5)
    row 5 u -2 (ghost) X=0 waste=0: (-2,5)-(0,6)
    row 5 u -1 (ghost) X=0 waste=0: (-1,5)-(1,6)
    row 5 u 1 (mod) X=0 waste=0: (1,5)-(3,6)
    row 5 u 2 (mod) X=0 waste=0: (2,5)-(4,6)
    row 5 u 3 (mod) X=0 waste=0: (3,5)-(5,6)
    row 5 u 5 (ghost) X=0 waste=4:
 try mean 4/3 per row
RESULT A=0 WM=4 KM=1 nz lambda=1/1: min mean weight per row = 4/3 (CERTIFIED: no cycle below); per level (E units) = 4/6 = 0.6667  (117s)
total 117s
	Command being timed: "./wall 0 4 1 nz 8 1 100000000"
	User time (seconds): 105.07
	System time (seconds): 11.97
	Percent of CPU this job got: 99%
	Elapsed (wall clock) time (h:mm:ss or m:ss): 1:57.21
	Average shared text size (kbytes): 0
	Average unshared data size (kbytes): 0
	Average stack size (kbytes): 0
	Average total size (kbytes): 0
	Maximum resident set size (kbytes): 1446008
	Average resident set size (kbytes): 0
	Major (requiring I/O) page faults: 0
	Minor (reclaiming a frame) page faults: 1613444
	Voluntary context switches: 1
	Involuntary context switches: 615
	Swaps: 0
	File system inputs: 0
	File system outputs: 72
	Socket messages sent: 0
	Socket messages received: 0
	Signals delivered: 0
	Page size (bytes): 4096
	Exit status: 0
exit=0
