A=1 WM=4 KM=1 MODE=nz lambda=1/2: columns u in [-3,6], 60 slots, complete squares s in [0,3], 2 cost squares per row
warm-up done: 5130304 strict seed states, largest warm layer 18805632, 140s
  ... 4194304/6317505 states, 4194305 arcs, 144s
  ... 8388608/9183241 states, 9629403 arcs, 154s
  ... 12582912/16543592 states, 18672895 arcs, 178s
  ... 16777216/20010101 states, 22583304 arcs, 197s
states by warm level: strict 20010101, warm1 0, warm2 0, warm3 0
graph: states 20010101 arcs 23535670 (rejected: margin 143265861, psi 3256410) 210s
== lambda 0/1
 try mean 8/1 per row
  cycle: 30 arcs, 3 rows, crossings 2, waste 4, weight 4 -> mean 4/3
    row 0 u -1 (ghost) X=0 waste=0: (-1,0)-(1,1)
    row 0 u 0 (mod) X=0 waste=0: (0,0)-(2,1)
    row 0 u 1 (mod) X=0 waste=0: (1,0)-(3,1)
    row 0 u 2 (mod) X=1 waste=0: (2,0)-(4,1) (2,0)-(3,2)
    row 0 u 3 (mod) X=0 waste=0: (3,0)-(5,1)
    row 1 u -1 (ghost) X=0 waste=0: (0,1)-(2,2)
    row 1 u 0 (mod) X=0 waste=0: (1,1)-(3,2)
    row 1 u 1 (mod) X=1 waste=0: (2,1)-(4,2)
    row 1 u 2 (mod) X=0 waste=0: (3,1)-(5,2)
    row 1 u 3 (mod) X=0 waste=0: (4,1)-(6,2)
    row 2 u -1 (ghost) X=0 waste=0: (1,2)-(3,3)
    row 2 u 0 (mod) X=0 waste=0: (2,2)-(4,3)
    row 2 u 2 (mod) X=0 waste=0: (4,2)-(6,3)
    row 2 u 3 (mod) X=0 waste=0: (5,2)-(7,3)
    row 2 u 6 (ghost) X=0 waste=4:
 try mean 4/3 per row
  cycle: 20 arcs, 2 rows, crossings 2, waste 2, weight 2 -> mean 2/2
    row 0 u 0 (mod) X=0 waste=0: (0,0)-(1,2)
    row 0 u 2 (mod) X=0 waste=0: (2,0)-(4,1) (2,0)-(3,2)
    row 0 u 3 (mod) X=0 waste=0: (3,0)-(5,1)
    row 0 u 6 (ghost) X=0 waste=2:
    row 1 u -1 (ghost) X=1 waste=0: (0,1)-(2,2)
    row 1 u 0 (mod) X=0 waste=0: (1,1)-(3,2)
    row 1 u 1 (mod) X=1 waste=0: (2,1)-(3,3)
    row 1 u 2 (mod) X=0 waste=0: (3,1)-(5,2) (3,1)-(4,3)
    row 1 u 3 (mod) X=0 waste=0: (4,1)-(6,2)
 try mean 1/1 per row
  cycle: 10 arcs, 1 rows, crossings 2, waste 0, weight 0 -> mean 0/1
    row 0 u 1 (mod) X=0 waste=0: (1,0)-(-1,1)
    row 0 u 2 (mod) X=1 waste=0: (2,0)-(0,1)
    row 0 u 3 (mod) X=0 waste=0: (3,0)-(1,1) (3,0)-(2,2)
    row 0 u 4 (ghost) X=1 waste=0: (4,0)-(2,1)
    row 0 u 5 (ghost) X=0 waste=0: (5,0)-(3,1)
  zero-cost cycle
 try mean 0/1 per row
RESULT A=1 WM=4 KM=1 nz lambda=0/1: min mean weight per row = 0/1 (CERTIFIED: no cycle below); per level (E units) = 0/2 = 0.0000  (215s)
== lambda 1/2
 try mean 16/1 per row
  cycle: 30 arcs, 3 rows, crossings 2, waste 4, weight 8 -> mean 8/3
    row 0 u -1 (ghost) X=0 waste=0: (-1,0)-(1,1)
    row 0 u 0 (mod) X=0 waste=0: (0,0)-(2,1)
    row 0 u 1 (mod) X=0 waste=0: (1,0)-(3,1)
    row 0 u 2 (mod) X=1 waste=0: (2,0)-(4,1) (2,0)-(3,2)
    row 0 u 3 (mod) X=0 waste=0: (3,0)-(5,1)
    row 1 u -1 (ghost) X=0 waste=0: (0,1)-(2,2)
    row 1 u 0 (mod) X=0 waste=0: (1,1)-(3,2)
    row 1 u 1 (mod) X=1 waste=0: (2,1)-(4,2)
    row 1 u 2 (mod) X=0 waste=0: (3,1)-(5,2)
    row 1 u 3 (mod) X=0 waste=0: (4,1)-(6,2)
    row 2 u -1 (ghost) X=0 waste=0: (1,2)-(3,3)
    row 2 u 0 (mod) X=0 waste=0: (2,2)-(4,3)
    row 2 u 2 (mod) X=0 waste=0: (4,2)-(6,3)
    row 2 u 3 (mod) X=0 waste=0: (5,2)-(7,3)
    row 2 u 6 (ghost) X=0 waste=4:
 try mean 8/3 per row
  cycle: 20 arcs, 2 rows, crossings 2, waste 0, weight 4 -> mean 4/2
    row 0 u 0 (mod) X=0 waste=0: (0,0)-(-2,1)
    row 0 u 1 (mod) X=0 waste=0: (1,0)-(-1,1)
    row 0 u 2 (mod) X=1 waste=0: (2,0)-(0,1)
    row 0 u 3 (mod) X=0 waste=0: (3,0)-(1,1)
    row 0 u 4 (ghost) X=0 waste=0: (4,0)-(2,1)
    row 0 u 5 (ghost) X=0 waste=0: (5,0)-(3,1)
    row 1 u 1 (mod) X=0 waste=0: (2,1)-(0,2)
    row 1 u 2 (mod) X=0 waste=0: (3,1)-(1,2)
    row 1 u 3 (mod) X=0 waste=0: (4,1)-(2,2) (4,1)-(3,3)
    row 1 u 4 (ghost) X=1 waste=0: (5,1)-(3,2)
    row 1 u 5 (ghost) X=0 waste=0: (6,1)-(4,2)
    row 1 u 6 (ghost) X=0 waste=0: (7,1)-(5,2)
 try mean 2/1 per row
RESULT A=1 WM=4 KM=1 nz lambda=1/2: min mean weight per row = 2/1 (CERTIFIED: no cycle below); per level (E units) = 2/4 = 0.5000  (217s)
== lambda 1/1
 try mean 8/1 per row
  cycle: 30 arcs, 3 rows, crossings 2, waste 4, weight 4 -> mean 4/3
    row 0 u -1 (ghost) X=0 waste=0: (-1,0)-(1,1)
    row 0 u 0 (mod) X=0 waste=0: (0,0)-(2,1)
    row 0 u 1 (mod) X=0 waste=0: (1,0)-(3,1)
    row 0 u 2 (mod) X=1 waste=0: (2,0)-(3,2)
    row 0 u 3 (mod) X=0 waste=0: (3,0)-(4,2)
    row 0 u 4 (ghost) X=0 waste=0: (4,0)-(5,2)
    row 1 u -1 (ghost) X=0 waste=0: (0,1)-(2,2)
    row 1 u 0 (mod) X=0 waste=0: (1,1)-(3,2)
    row 1 u 1 (mod) X=1 waste=0: (2,1)-(4,2)
    row 1 u 3 (mod) X=0 waste=0: (4,1)-(5,3)
    row 1 u 4 (ghost) X=0 waste=0: (5,1)-(6,3)
    row 2 u -1 (ghost) X=0 waste=0: (1,2)-(3,3)
    row 2 u 0 (mod) X=0 waste=0: (2,2)-(4,3)
    row 2 u 3 (mod) X=0 waste=0: (5,2)-(6,4)
    row 2 u 4 (ghost) X=0 waste=0: (6,2)-(7,4)
    row 2 u 6 (ghost) X=0 waste=4:
 try mean 4/3 per row
RESULT A=1 WM=4 KM=1 nz lambda=1/1: min mean weight per row = 4/3 (CERTIFIED: no cycle below); per level (E units) = 4/6 = 0.6667  (221s)
total 221s
	Command being timed: "./wall 1 4 1 nz 8 1 100000000"
	User time (seconds): 187.04
	System time (seconds): 18.10
	Percent of CPU this job got: 92%
	Elapsed (wall clock) time (h:mm:ss or m:ss): 3:41.05
	Average shared text size (kbytes): 0
	Average unshared data size (kbytes): 0
	Average stack size (kbytes): 0
	Average total size (kbytes): 0
	Maximum resident set size (kbytes): 1609740
	Average resident set size (kbytes): 0
	Major (requiring I/O) page faults: 0
	Minor (reclaiming a frame) page faults: 2420495
	Voluntary context switches: 1
	Involuntary context switches: 8138
	Swaps: 0
	File system inputs: 0
	File system outputs: 80
	Socket messages sent: 0
	Socket messages received: 0
	Signals delivered: 0
	Page size (bytes): 4096
	Exit status: 0
exit=0
