A=2 WM=5 KM=1 MODE=nz lambda=1/2: columns u in [-5,9], 82 slots, complete squares s in [1,4], 2 cost squares per row
Command terminated by signal 15
	Command being timed: "./wall 2 5 1 nz 8 1 90000000"
	User time (seconds): 131.52
	System time (seconds): 32.20
	Percent of CPU this job got: 99%
	Elapsed (wall clock) time (h:mm:ss or m:ss): 2:44.26
	Average shared text size (kbytes): 0
	Average unshared data size (kbytes): 0
	Average stack size (kbytes): 0
	Average total size (kbytes): 0
	Maximum resident set size (kbytes): 7568824
	Average resident set size (kbytes): 0
	Major (requiring I/O) page faults: 0
	Minor (reclaiming a frame) page faults: 4030235
	Voluntary context switches: 1
	Involuntary context switches: 1144
	Swaps: 0
	File system inputs: 0
	File system outputs: 8
	Socket messages sent: 0
	Socket messages received: 0
	Signals delivered: 0
	Page size (bytes): 4096
	Exit status: 0
exit=143
