shear 2/3 WM=4 KM=1 MODE=nz lambda=1/2: columns u in [-3,6], 62 slots, complete squares s in [0,2], 1 cost squares per row
warm-up done: 1413632 strict seed states, largest warm layer 5241184, 63s
  ... 4194304/5132672 states, 5781578 arcs, 74s
  ... 8388608/12139821 states, 13905139 arcs, 93s
  ... 12582912/12852129 states, 14852621 arcs, 101s
  ... 16777216/18674189 states, 21879389 arcs, 119s
  ... 20971520/22366135 states, 26603481 arcs, 129s
states by warm level: strict 23044781, warm1 0, warm2 0, warm3 0
graph: states 23044781 arcs 28264587 (rejected: margin 65621283, psi 1234222) 136s
== lambda 1/1
 try mean 8/1 per row
  cycle: 420 arcs, 42 rows, crossings 30, waste 71, weight 60 -> mean 60/42
    (cycle starts at row phase 1; board x = u + floor(2*(phase+row)/3) - floor(2*phase/3))
    row 0 u -1 (ghost) X=0 waste=0: (-1,0)-(1,1)
    row 0 u 1 (mod) X=1 waste=0: (1,0)-(3,1) (1,0)-(2,2)
    row 0 u 2 (mod) X=1 waste=0: (2,0)-(3,2)
    row 0 u 3 (mod) X=0 waste=0: (3,0)-(4,2)
    row 0 u 4 (ghost) X=0 waste=0: (4,0)-(5,2)
    row 1 u -1 (ghost) X=0 waste=0: (0,1)-(2,2)
    row 1 u 1 (mod) X=0 waste=0: (2,1)-(3,3)
    row 1 u 3 (mod) X=0 waste=0: (4,1)-(5,3)
    row 1 u 6 (ghost) X=0 waste=2:
    row 2 u -1 (ghost) X=0 waste=0: (1,2)-(3,3)
    row 2 u 1 (mod) X=0 waste=0: (3,2)-(4,4)
    row 2 u 2 (mod) X=0 waste=0: (4,2)-(5,4)
    row 2 u 3 (mod) X=0 waste=0: (5,2)-(7,3)
    row 2 u 6 (ghost) X=0 waste=2:
    row 3 u 0 (mod) X=0 waste=0: (2,3)-(4,4) (2,3)-(3,5)
    row 3 u 2 (mod) X=1 waste=0: (4,3)-(6,4) (4,3)-(5,5)
    row 3 u 3 (mod) X=0 waste=0: (5,3)-(7,4)
    row 4 u 0 (mod) X=0 waste=0: (3,4)-(5,5) (3,4)-(4,6)
    row 4 u 2 (mod) X=0 waste=0: (5,4)-(7,5)
    row 4 u 3 (mod) X=0 waste=0: (6,4)-(8,5)
    row 4 u 6 (ghost) X=0 waste=2:
    row 5 u -2 (ghost) X=0 waste=0: (2,5)-(4,6)
    row 5 u 0 (mod) X=0 waste=0: (4,5)-(6,6) (4,5)-(5,7)
    row 5 u 2 (mod) X=0 waste=0: (6,5)-(8,6) (6,5)-(7,7)
    row 5 u 3 (mod) X=0 waste=0: (7,5)-(9,6)
    row 5 u 6 (ghost) X=0 waste=2:
    row 6 u -1 (ghost) X=0 waste=0: (3,6)-(5,7)
    row 6 u 1 (mod) X=0 waste=0: (5,6)-(7,7) (5,6)-(6,8)
    row 6 u 2 (mod) X=1 waste=0: (6,6)-(7,8)
    row 6 u 3 (mod) X=0 waste=0: (7,6)-(9,7) (7,6)-(8,8)
    row 7 u -1 (ghost) X=0 waste=0: (4,7)-(6,8)
    row 7 u 1 (mod) X=1 waste=0: (6,7)-(8,8) (6,7)-(7,9)
    row 7 u 3 (mod) X=0 waste=0: (8,7)-(10,8) (8,7)-(9,9)
    row 8 u -2 (ghost) X=0 waste=0: (4,8)-(6,9)
    row 8 u -1 (ghost) X=0 waste=0: (5,8)-(7,9)
    row 8 u 1 (mod) X=0 waste=0: (7,8)-(9,9)
    row 8 u 3 (mod) X=0 waste=0: (9,8)-(11,9) (9,8)-(10,10)
    row 8 u 6 (ghost) X=0 waste=2:
    row 9 u -1 (ghost) X=0 waste=0: (5,9)-(7,10)
    row 9 u 0 (mod) X=0 waste=0: (6,9)-(8,10)
    row 9 u 2 (mod) X=0 waste=0: (8,9)-(10,10) (8,9)-(9,11)
    row 9 u 4 (ghost) X=0 waste=0: (10,9)-(11,11)
    row 9 u 6 (ghost) X=0 waste=2:
    row 10 u -1 (ghost) X=0 waste=0: (6,10)-(8,11)
    row 10 u 0 (mod) X=0 waste=0: (7,10)-(9,11)
    row 10 u 1 (mod) X=1 waste=0: (8,10)-(9,12)
    row 10 u 2 (mod) X=0 waste=0: (9,10)-(11,11) (9,10)-(10,12)
    row 11 u -2 (ghost) X=0 waste=0: (6,11)-(8,12)
    row 11 u -1 (ghost) X=0 waste=0: (7,11)-(9,12)
    row 11 u 0 (mod) X=2 waste=1: (8,11)-(6,12)
    row 11 u 2 (mod) X=0 waste=0: (10,11)-(12,12) (10,11)-(11,13)
    row 11 u 6 (ghost) X=0 waste=2:
    row 12 u -1 (ghost) X=0 waste=0: (7,12)-(9,13)
    row 12 u 0 (mod) X=0 waste=0: (8,12)-(10,13)
    row 12 u 2 (mod) X=0 waste=0: (10,12)-(11,14)
    row 12 u 3 (mod) X=0 waste=0: (11,12)-(13,13) (11,12)-(12,14)
    row 12 u 6 (ghost) X=0 waste=2:
    row 13 u -1 (ghost) X=0 waste=0: (8,13)-(10,14)
    row 13 u 0 (mod) X=0 waste=0: (9,13)-(11,14)
    row 13 u 1 (mod) X=1 waste=0: (10,13)-(11,15)
    row 13 u 2 (mod) X=0 waste=0: (11,13)-(12,15)
    row 13 u 3 (mod) X=0 waste=0: (12,13)-(14,14) (12,13)-(13,15)
    row 13 u 6 (ghost) X=1 waste=1: (15,13)-(13,14)
    row 14 u -1 (ghost) X=0 waste=0: (9,14)-(11,15)
    row 14 u 0 (mod) X=1 waste=1: (10,14)-(8,15)
    row 14 u 2 (mod) X=0 waste=0: (12,14)-(13,16)
    row 14 u 3 (mod) X=0 waste=0: (13,14)-(14,16)
    row 14 u 5 (ghost) X=0 waste=0: (15,14)-(14,16)
    row 14 u 6 (ghost) X=0 waste=2:
    row 15 u 0 (mod) X=0 waste=0: (10,15)-(12,16) (10,15)-(11,17)
    row 15 u 2 (mod) X=0 waste=0: (12,15)-(13,17)
    row 15 u 3 (mod) X=0 waste=0: (13,15)-(14,17)
    row 15 u 5 (ghost) X=0 waste=0: (15,15)-(14,17)
    row 15 u 6 (ghost) X=0 waste=2: (16,15)-(15,17)
    row 16 u 0 (mod) X=0 waste=0: (11,16)-(13,17) (11,16)-(12,18)
    row 16 u 1 (mod) X=1 waste=0: (12,16)-(13,18)
    row 16 u 2 (mod) X=0 waste=0: (13,16)-(14,18)
    row 16 u 4 (ghost) X=0 waste=0: (15,16)-(14,18)
    row 16 u 5 (ghost) X=0 waste=0: (16,16)-(15,18)
    row 17 u -2 (ghost) X=0 waste=0: (10,17)-(12,18)
    row 17 u 0 (mod) X=2 waste=1: (12,17)-(10,18) (12,17)-(13,19)
    row 17 u 3 (mod) X=0 waste=0: (15,17)-(14,19)
    row 17 u 5 (ghost) X=0 waste=0: (17,17)-(15,18)
    row 17 u 6 (ghost) X=0 waste=2:
    row 18 u -1 (ghost) X=0 waste=0: (11,18)-(13,19)
    row 18 u 1 (mod) X=0 waste=0: (13,18)-(14,20)
    row 18 u 4 (ghost) X=0 waste=0: (16,18)-(14,19)
    row 18 u 5 (ghost) X=0 waste=0: (17,18)-(15,19)
    row 18 u 6 (ghost) X=0 waste=2:
    row 19 u -1 (ghost) X=0 waste=0: (12,19)-(14,20)
    row 19 u 2 (mod) X=0 waste=0: (15,19)-(16,21)
    row 19 u 3 (mod) X=0 waste=0: (16,19)-(18,20) (16,19)-(17,21)
    row 19 u 6 (ghost) X=0 waste=6:
    row 20 u 1 (mod) X=0 waste=0: (15,20)-(13,21) (15,20)-(16,22)
    row 20 u 2 (mod) X=2 waste=2: (16,20)-(14,21) (16,20)-(17,22)
    row 20 u 3 (mod) X=0 waste=0: (17,20)-(19,21) (17,20)-(18,22)
    row 21 u 0 (mod) X=0 waste=0: (14,21)-(12,22)
    row 21 u 1 (mod) X=0 waste=0: (15,21)-(13,22) (15,21)-(14,23)
    row 21 u 2 (mod) X=0 waste=0: (16,21)-(17,23)
    row 21 u 3 (mod) X=0 waste=0: (17,21)-(18,23)
    row 21 u 4 (ghost) X=0 waste=0: (18,21)-(19,23)
    row 21 u 6 (ghost) X=0 waste=2: (20,21)-(19,23)
    row 22 u 0 (mod) X=0 waste=0: (15,22)-(17,23) (15,22)-(16,24)
    row 22 u 1 (mod) X=1 waste=0: (16,22)-(17,24)
    row 22 u 2 (mod) X=0 waste=0: (17,22)-(18,24)
    row 22 u 3 (mod) X=0 waste=0: (18,22)-(19,24)
    row 22 u 5 (ghost) X=0 waste=0: (20,22)-(19,24)
    row 23 u 0 (mod) X=1 waste=1: (16,23)-(14,24) (16,23)-(17,25)
    row 23 u 2 (mod) X=0 waste=0: (18,23)-(19,25)
    row 23 u 4 (ghost) X=0 waste=0: (20,23)-(19,25)
    row 23 u 6 (ghost) X=0 waste=2:
    row 24 u 0 (mod) X=0 waste=0: (16,24)-(17,26)
    row 24 u 1 (mod) X=0 waste=0: (17,24)-(18,26)
    row 24 u 2 (mod) X=0 waste=0: (18,24)-(19,26)
    row 24 u 4 (ghost) X=0 waste=0: (20,24)-(21,26) (20,24)-(19,26)
    row 24 u 6 (ghost) X=0 waste=2:
    row 25 u 0 (mod) X=0 waste=0: (17,25)-(18,27)
    row 25 u 1 (mod) X=2 waste=1: (18,25)-(20,26) (18,25)-(19,27)
    row 25 u 3 (mod) X=1 waste=1: (20,25)-(21,27) (20,25)-(19,27)
    row 26 u -2 (ghost) X=0 waste=0: (16,26)-(18,27)
    row 26 u 0 (mod) X=0 waste=0: (18,26)-(19,28)
    row 26 u 2 (mod) X=0 waste=0: (20,26)-(21,28)
    row 26 u 3 (mod) X=0 waste=0: (21,26)-(22,28)
    row 26 u 6 (ghost) X=0 waste=2:
    row 27 u -1 (ghost) X=0 waste=0: (17,27)-(19,28)
    row 27 u 2 (mod) X=0 waste=0: (20,27)-(21,29) (20,27)-(19,29)
    row 27 u 3 (mod) X=0 waste=0: (21,27)-(22,29)
    row 27 u 6 (ghost) X=0 waste=2:
    row 28 u 1 (mod) X=0 waste=0: (20,28)-(21,30) (20,28)-(19,30)
    row 28 u 2 (mod) X=1 waste=0: (21,28)-(23,29)
    row 28 u 3 (mod) X=0 waste=0: (22,28)-(24,29)
    row 28 u 6 (ghost) X=0 waste=2:
    row 29 u 0 (mod) X=0 waste=0: (20,29)-(21,31) (20,29)-(19,31)
    row 29 u 1 (mod) X=0 waste=0: (21,29)-(23,30)
    row 29 u 2 (mod) X=0 waste=0: (22,29)-(24,30)
    row 29 u 3 (mod) X=0 waste=0: (23,29)-(25,30)
    row 29 u 6 (ghost) X=0 waste=2:
    row 30 u 0 (mod) X=0 waste=0: (20,30)-(21,32) (20,30)-(19,32)
    row 30 u 1 (mod) X=0 waste=0: (21,30)-(22,32)
    row 30 u 2 (mod) X=0 waste=0: (22,30)-(24,31) (22,30)-(23,32)
    row 30 u 3 (mod) X=0 waste=0: (23,30)-(25,31)
    row 30 u 6 (ghost) X=0 waste=2:
    row 31 u 0 (mod) X=0 waste=0: (21,31)-(22,33)
    row 31 u 1 (mod) X=1 waste=0: (22,31)-(24,32) (22,31)-(23,33)
    row 31 u 2 (mod) X=1 waste=0: (23,31)-(25,32) (23,31)-(24,33)
    row 31 u 3 (mod) X=0 waste=0: (24,31)-(26,32)
    row 32 u -2 (ghost) X=0 waste=0: (20,32)-(22,33)
    row 32 u 0 (mod) X=0 waste=0: (22,32)-(23,34)
    row 32 u 1 (mod) X=1 waste=0: (23,32)-(25,33)
    row 32 u 2 (mod) X=0 waste=0: (24,32)-(26,33)
    row 32 u 3 (mod) X=0 waste=0: (25,32)-(27,33)
    row 32 u 6 (ghost) X=0 waste=2:
    row 33 u -1 (ghost) X=0 waste=0: (21,33)-(23,34)
    row 33 u 1 (mod) X=0 waste=0: (23,33)-(24,35)
    row 33 u 2 (mod) X=0 waste=0: (24,33)-(26,34)
    row 33 u 3 (mod) X=0 waste=0: (25,33)-(27,34)
    row 33 u 6 (ghost) X=0 waste=4:
    row 34 u -1 (ghost) X=0 waste=0: (22,34)-(24,35)
    row 34 u 1 (mod) X=0 waste=0: (24,34)-(26,35) (24,34)-(25,36)
    row 34 u 2 (mod) X=1 waste=0: (25,34)-(27,35) (25,34)-(26,36)
    row 34 u 3 (mod) X=0 waste=0: (26,34)-(28,35)
    row 35 u -2 (ghost) X=0 waste=0: (22,35)-(24,36)
    row 35 u -1 (ghost) X=0 waste=0: (23,35)-(25,36)
    row 35 u 1 (mod) X=1 waste=0: (25,35)-(27,36) (25,35)-(26,37)
    row 35 u 2 (mod) X=0 waste=0: (26,35)-(28,36)
    row 35 u 3 (mod) X=0 waste=0: (27,35)-(29,36)
    row 36 u -1 (ghost) X=0 waste=0: (23,36)-(25,37)
    row 36 u 0 (mod) X=0 waste=0: (24,36)-(26,37)
    row 36 u 2 (mod) X=0 waste=0: (26,36)-(28,37)
    row 36 u 3 (mod) X=0 waste=0: (27,36)-(29,37)
    row 36 u 6 (ghost) X=0 waste=2:
    row 37 u -1 (ghost) X=0 waste=0: (24,37)-(26,38)
    row 37 u 0 (mod) X=0 waste=0: (25,37)-(27,38)
    row 37 u 2 (mod) X=0 waste=0: (27,37)-(29,38) (27,37)-(28,39)
    row 37 u 3 (mod) X=0 waste=0: (28,37)-(30,38)
    row 37 u 6 (ghost) X=0 waste=2:
    row 38 u -1 (ghost) X=0 waste=0: (25,38)-(27,39)
    row 38 u 0 (mod) X=0 waste=0: (26,38)-(28,39)
    row 38 u 1 (mod) X=1 waste=0: (27,38)-(28,40)
    row 38 u 2 (mod) X=0 waste=0: (28,38)-(30,39) (28,38)-(29,40)
    row 38 u 3 (mod) X=0 waste=0: (29,38)-(31,39)
    row 39 u 0 (mod) X=0 waste=0: (26,39)-(28,40) (26,39)-(27,41)
    row 39 u 1 (mod) X=1 waste=0: (27,39)-(29,40)
    row 39 u 3 (mod) X=0 waste=0: (29,39)-(31,40) (29,39)-(30,41)
    row 40 u 0 (mod) X=0 waste=0: (27,40)-(29,41) (27,40)-(28,42)
    row 40 u 3 (mod) X=0 waste=0: (30,40)-(32,41) (30,40)-(31,42)
    row 40 u 6 (ghost) X=0 waste=4:
    row 41 u -2 (ghost) X=0 waste=0: (26,41)-(28,42)
    row 41 u 0 (mod) X=0 waste=0: (28,41)-(30,42) (28,41)-(29,43)
    row 41 u 1 (mod) X=1 waste=0: (29,41)-(30,43)
    row 41 u 2 (mod) X=0 waste=0: (30,41)-(31,43)
    row 41 u 3 (mod) X=0 waste=0: (31,41)-(33,42) (31,41)-(32,43)
    row 41 u 6 (ghost) X=0 waste=2:
 try mean 10/7 per row
  cycle: 90 arcs, 9 rows, crossings 6, waste 14, weight 12 -> mean 12/9
    (cycle starts at row phase 1; board x = u + floor(2*(phase+row)/3) - floor(2*phase/3))
    row 0 u -1 (ghost) X=0 waste=0: (-1,0)-(1,1)
    row 0 u 0 (mod) X=0 waste=0: (0,0)-(2,1)
    row 0 u 1 (mod) X=1 waste=0: (1,0)-(3,1)
    row 0 u 3 (mod) X=0 waste=0: (3,0)-(4,2)
    row 0 u 4 (ghost) X=0 waste=0: (4,0)-(5,2)
    row 1 u -1 (ghost) X=0 waste=0: (0,1)-(2,2)
    row 1 u 0 (mod) X=0 waste=0: (1,1)-(3,2)
    row 1 u 3 (mod) X=0 waste=0: (4,1)-(5,3)
    row 1 u 6 (ghost) X=0 waste=4:
    row 2 u -2 (ghost) X=0 waste=0: (0,2)-(2,3)
    row 2 u -1 (ghost) X=0 waste=0: (1,2)-(3,3)
    row 2 u 0 (mod) X=0 waste=0: (2,2)-(4,3)
    row 2 u 1 (mod) X=1 waste=0: (3,2)-(4,4)
    row 2 u 2 (mod) X=0 waste=0: (4,2)-(5,4)
    row 2 u 3 (mod) X=0 waste=0: (5,2)-(6,4)
    row 2 u 5 (ghost) X=0 waste=0: (7,2)-(6,4)
    row 2 u 6 (ghost) X=0 waste=2:
    row 3 u -1 (ghost) X=0 waste=0: (1,3)-(3,4)
    row 3 u 0 (mod) X=0 waste=0: (2,3)-(4,4)
    row 3 u 1 (mod) X=1 waste=0: (3,3)-(5,4)
    row 3 u 2 (mod) X=1 waste=0: (4,3)-(5,5)
    row 3 u 3 (mod) X=0 waste=0: (5,3)-(6,5)
    row 3 u 5 (ghost) X=0 waste=0: (7,3)-(6,5)
    row 4 u -1 (ghost) X=0 waste=0: (2,4)-(4,5)
    row 4 u 0 (mod) X=0 waste=0: (3,4)-(5,5)
    row 4 u 4 (ghost) X=0 waste=0: (7,4)-(6,6)
    row 4 u 6 (ghost) X=0 waste=2:
    row 5 u -2 (ghost) X=0 waste=0: (2,5)-(4,6)
    row 5 u -1 (ghost) X=0 waste=0: (3,5)-(5,6)
    row 5 u 0 (mod) X=0 waste=0: (4,5)-(6,6)
    row 5 u 3 (mod) X=0 waste=0: (7,5)-(9,6) (7,5)-(6,7)
    row 5 u 6 (ghost) X=0 waste=2:
    row 6 u -1 (ghost) X=0 waste=0: (3,6)-(5,7)
    row 6 u 0 (mod) X=0 waste=0: (4,6)-(6,7)
    row 6 u 1 (mod) X=1 waste=1: (5,6)-(7,7)
    row 6 u 3 (mod) X=0 waste=0: (7,6)-(9,7) (7,6)-(8,8)
    row 6 u 6 (ghost) X=0 waste=1:
    row 7 u -1 (ghost) X=0 waste=0: (4,7)-(6,8)
    row 7 u 0 (mod) X=0 waste=0: (5,7)-(7,8)
    row 7 u 2 (mod) X=0 waste=0: (7,7)-(8,9)
    row 7 u 3 (mod) X=0 waste=0: (8,7)-(10,8) (8,7)-(9,9)
    row 7 u 6 (ghost) X=0 waste=2:
    row 8 u -2 (ghost) X=0 waste=0: (4,8)-(6,9)
    row 8 u -1 (ghost) X=0 waste=0: (5,8)-(7,9)
    row 8 u 0 (mod) X=0 waste=0: (6,8)-(8,9)
    row 8 u 1 (mod) X=1 waste=0: (7,8)-(8,10)
    row 8 u 2 (mod) X=0 waste=0: (8,8)-(9,10)
    row 8 u 3 (mod) X=0 waste=0: (9,8)-(11,9) (9,8)-(10,10)
 try mean 4/3 per row
  cycle: 240 arcs, 24 rows, crossings 14, waste 32, weight 28 -> mean 28/24
    (cycle starts at row phase 2; board x = u + floor(2*(phase+row)/3) - floor(2*phase/3))
    row 0 u 0 (mod) X=0 waste=0: (0,0)-(1,2)
    row 0 u 1 (mod) X=1 waste=0: (1,0)-(3,1) (1,0)-(2,2)
    row 0 u 2 (mod) X=1 waste=0: (2,0)-(3,2)
    row 0 u 3 (mod) X=0 waste=0: (3,0)-(5,1) (3,0)-(4,2)
    row 1 u -2 (ghost) X=0 waste=0: (-1,1)-(1,2)
    row 1 u 0 (mod) X=0 waste=0: (1,1)-(2,3)
    row 1 u 1 (mod) X=1 waste=0: (2,1)-(4,2)
    row 1 u 3 (mod) X=0 waste=0: (4,1)-(6,2) (4,1)-(5,3)
    row 1 u 6 (ghost) X=0 waste=2:
    row 2 u -1 (ghost) X=0 waste=0: (0,2)-(2,3)
    row 2 u 1 (mod) X=0 waste=0: (2,2)-(3,4)
    row 2 u 2 (mod) X=0 waste=0: (3,2)-(5,3)
    row 2 u 4 (ghost) X=0 waste=0: (5,2)-(6,4)
    row 2 u 6 (ghost) X=0 waste=4:
    row 3 u -1 (ghost) X=0 waste=0: (1,3)-(3,4)
    row 3 u 1 (mod) X=0 waste=0: (3,3)-(5,4) (3,3)-(4,5)
    row 3 u 2 (mod) X=1 waste=0: (4,3)-(6,4) (4,3)-(5,5)
    row 4 u -2 (ghost) X=0 waste=0: (1,4)-(3,5)
    row 4 u -1 (ghost) X=0 waste=0: (2,4)-(4,5)
    row 4 u 1 (mod) X=1 waste=0: (4,4)-(6,5) (4,4)-(5,6)
    row 4 u 2 (mod) X=0 waste=0: (5,4)-(7,5)
    row 5 u -1 (ghost) X=0 waste=0: (2,5)-(4,6)
    row 5 u 0 (mod) X=0 waste=0: (3,5)-(5,6)
    row 5 u 2 (mod) X=0 waste=0: (5,5)-(7,6)
    row 5 u 3 (mod) X=0 waste=0: (6,5)-(8,6)
    row 5 u 6 (ghost) X=0 waste=2:
    row 6 u -1 (ghost) X=0 waste=0: (3,6)-(5,7)
    row 6 u 0 (mod) X=0 waste=0: (4,6)-(6,7)
    row 6 u 2 (mod) X=0 waste=0: (6,6)-(8,7) (6,6)-(7,8)
    row 6 u 3 (mod) X=0 waste=0: (7,6)-(9,7)
    row 6 u 6 (ghost) X=0 waste=2:
    row 7 u -1 (ghost) X=0 waste=0: (4,7)-(6,8)
    row 7 u 0 (mod) X=0 waste=0: (5,7)-(7,8)
    row 7 u 1 (mod) X=1 waste=0: (6,7)-(7,9)
    row 7 u 2 (mod) X=0 waste=0: (7,7)-(9,8) (7,7)-(8,9)
    row 7 u 3 (mod) X=0 waste=0: (8,7)-(10,8)
    row 8 u 0 (mod) X=0 waste=0: (5,8)-(7,9) (5,8)-(6,10)
    row 8 u 1 (mod) X=1 waste=0: (6,8)-(8,9)
    row 8 u 3 (mod) X=0 waste=0: (8,8)-(10,9) (8,8)-(9,10)
    row 9 u 0 (mod) X=0 waste=0: (6,9)-(8,10) (6,9)-(7,11)
    row 9 u 3 (mod) X=0 waste=0: (9,9)-(11,10) (9,9)-(10,11)
    row 9 u 6 (ghost) X=0 waste=4:
    row 10 u -2 (ghost) X=0 waste=0: (5,10)-(7,11)
    row 10 u 0 (mod) X=0 waste=0: (7,10)-(9,11) (7,10)-(8,12)
    row 10 u 1 (mod) X=1 waste=0: (8,10)-(9,12)
    row 10 u 2 (mod) X=0 waste=0: (9,10)-(10,12)
    row 10 u 3 (mod) X=0 waste=0: (10,10)-(12,11) (10,10)-(11,12)
    row 10 u 6 (ghost) X=0 waste=2:
    row 11 u -1 (ghost) X=0 waste=0: (6,11)-(8,12)
    row 11 u 1 (mod) X=1 waste=0: (8,11)-(10,12) (8,11)-(9,13)
    row 11 u 2 (mod) X=1 waste=0: (9,11)-(10,13)
    row 11 u 3 (mod) X=0 waste=0: (10,11)-(11,13)
    row 11 u 4 (ghost) X=0 waste=0: (11,11)-(12,13)
    row 12 u -1 (ghost) X=0 waste=0: (7,12)-(9,13)
    row 12 u 1 (mod) X=0 waste=0: (9,12)-(10,14)
    row 12 u 3 (mod) X=0 waste=0: (11,12)-(12,14)
    row 12 u 6 (ghost) X=0 waste=2:
    row 13 u -1 (ghost) X=0 waste=0: (8,13)-(10,14)
    row 13 u 1 (mod) X=0 waste=0: (10,13)-(11,15)
    row 13 u 2 (mod) X=0 waste=0: (11,13)-(12,15)
    row 13 u 3 (mod) X=0 waste=0: (12,13)-(14,14)
    row 13 u 6 (ghost) X=0 waste=2:
    row 14 u 0 (mod) X=0 waste=0: (9,14)-(11,15) (9,14)-(10,16)
    row 14 u 2 (mod) X=1 waste=0: (11,14)-(13,15) (11,14)-(12,16)
    row 14 u 3 (mod) X=0 waste=0: (12,14)-(14,15)
    row 15 u 0 (mod) X=0 waste=0: (10,15)-(12,16) (10,15)-(11,17)
    row 15 u 2 (mod) X=0 waste=0: (12,15)-(14,16)
    row 15 u 3 (mod) X=0 waste=0: (13,15)-(15,16)
    row 15 u 6 (ghost) X=0 waste=2:
    row 16 u -2 (ghost) X=0 waste=0: (9,16)-(11,17)
    row 16 u 0 (mod) X=0 waste=0: (11,16)-(13,17) (11,16)-(12,18)
    row 16 u 2 (mod) X=0 waste=0: (13,16)-(15,17) (13,16)-(14,18)
    row 16 u 3 (mod) X=0 waste=0: (14,16)-(16,17)
    row 16 u 6 (ghost) X=0 waste=2:
    row 17 u -1 (ghost) X=0 waste=0: (10,17)-(12,18)
    row 17 u 1 (mod) X=0 waste=0: (12,17)-(14,18) (12,17)-(13,19)
    row 17 u 2 (mod) X=1 waste=0: (13,17)-(14,19)
    row 17 u 3 (mod) X=0 waste=0: (14,17)-(16,18) (14,17)-(15,19)
    row 18 u -1 (ghost) X=0 waste=0: (11,18)-(13,19)
    row 18 u 1 (mod) X=1 waste=0: (13,18)-(15,19) (13,18)-(14,20)
    row 18 u 3 (mod) X=0 waste=0: (15,18)-(17,19) (15,18)-(16,20)
    row 19 u -2 (ghost) X=0 waste=0: (11,19)-(13,20)
    row 19 u -1 (ghost) X=0 waste=0: (12,19)-(14,20)
    row 19 u 1 (mod) X=0 waste=0: (14,19)-(16,20)
    row 19 u 3 (mod) X=0 waste=0: (16,19)-(18,20) (16,19)-(17,21)
    row 19 u 6 (ghost) X=0 waste=2:
    row 20 u -1 (ghost) X=0 waste=0: (12,20)-(14,21)
    row 20 u 0 (mod) X=0 waste=0: (13,20)-(15,21)
    row 20 u 2 (mod) X=0 waste=0: (15,20)-(17,21) (15,20)-(16,22)
    row 20 u 4 (ghost) X=0 waste=0: (17,20)-(18,22)
    row 20 u 6 (ghost) X=0 waste=2:
    row 21 u -1 (ghost) X=0 waste=0: (13,21)-(15,22)
    row 21 u 0 (mod) X=0 waste=0: (14,21)-(16,22)
    row 21 u 1 (mod) X=1 waste=0: (15,21)-(16,23)
    row 21 u 2 (mod) X=0 waste=0: (16,21)-(18,22) (16,21)-(17,23)
    row 22 u -2 (ghost) X=0 waste=0: (13,22)-(15,23)
    row 22 u 0 (mod) X=0 waste=0: (15,22)-(16,24)
    row 22 u 2 (mod) X=0 waste=0: (17,22)-(19,23) (17,22)-(18,24)
    row 22 u 6 (ghost) X=0 waste=2:
    row 23 u 0 (mod) X=0 waste=0: (15,23)-(16,25)
    row 23 u 1 (mod) X=0 waste=0: (16,23)-(17,25)
    row 23 u 2 (mod) X=0 waste=0: (17,23)-(18,25)
    row 23 u 3 (mod) X=0 waste=0: (18,23)-(20,24) (18,23)-(19,25)
    row 23 u 6 (ghost) X=0 waste=2:
 try mean 7/6 per row
RESULT A=2 WM=4 KM=1 nz lambda=1/1: min mean weight per row = 7/6 (CERTIFIED: no cycle below); per level (E units) = 7/12 = 0.5833  (142s)
== lambda 1/2
 try mean 16/1 per row
  cycle: 210 arcs, 21 rows, crossings 13, waste 28, weight 54 -> mean 54/21
    (cycle starts at row phase 1; board x = u + floor(2*(phase+row)/3) - floor(2*phase/3))
    row 0 u -1 (ghost) X=0 waste=0: (-1,0)-(1,1)
    row 0 u 1 (mod) X=0 waste=0: (1,0)-(3,1) (1,0)-(2,2)
    row 0 u 2 (mod) X=1 waste=0: (2,0)-(3,2)
    row 0 u 3 (mod) X=0 waste=0: (3,0)-(4,2)
    row 0 u 4 (ghost) X=0 waste=0: (4,0)-(5,2)
    row 1 u -1 (ghost) X=0 waste=0: (0,1)-(2,2)
    row 1 u 1 (mod) X=1 waste=0: (2,1)-(4,2) (2,1)-(3,3)
    row 1 u 3 (mod) X=0 waste=0: (4,1)-(5,3)
    row 2 u -2 (ghost) X=0 waste=0: (0,2)-(2,3)
    row 2 u -1 (ghost) X=0 waste=0: (1,2)-(3,3)
    row 2 u 1 (mod) X=0 waste=0: (3,2)-(5,3)
    row 2 u 3 (mod) X=0 waste=0: (5,2)-(6,4)
    row 2 u 6 (ghost) X=0 waste=2:
    row 3 u -1 (ghost) X=0 waste=0: (1,3)-(3,4)
    row 3 u 0 (mod) X=0 waste=0: (2,3)-(4,4)
    row 3 u 2 (mod) X=0 waste=0: (4,3)-(6,4) (4,3)-(5,5)
    row 3 u 4 (ghost) X=0 waste=0: (6,3)-(7,5)
    row 3 u 6 (ghost) X=0 waste=2:
    row 4 u -1 (ghost) X=0 waste=0: (2,4)-(4,5)
    row 4 u 0 (mod) X=0 waste=0: (3,4)-(5,5)
    row 4 u 1 (mod) X=1 waste=0: (4,4)-(5,6)
    row 4 u 2 (mod) X=0 waste=0: (5,4)-(7,5) (5,4)-(6,6)
    row 5 u -2 (ghost) X=0 waste=0: (2,5)-(4,6)
    row 5 u 0 (mod) X=0 waste=0: (4,5)-(5,7)
    row 5 u 2 (mod) X=0 waste=0: (6,5)-(8,6) (6,5)-(7,7)
    row 5 u 6 (ghost) X=0 waste=2:
    row 6 u 0 (mod) X=0 waste=0: (4,6)-(5,8)
    row 6 u 1 (mod) X=0 waste=0: (5,6)-(6,8)
    row 6 u 2 (mod) X=0 waste=0: (6,6)-(7,8)
    row 6 u 3 (mod) X=0 waste=0: (7,6)-(9,7) (7,6)-(8,8)
    row 6 u 6 (ghost) X=0 waste=2:
    row 7 u 0 (mod) X=0 waste=0: (5,7)-(6,9)
    row 7 u 1 (mod) X=1 waste=0: (6,7)-(8,8) (6,7)-(7,9)
    row 7 u 2 (mod) X=1 waste=0: (7,7)-(8,9)
    row 7 u 3 (mod) X=0 waste=0: (8,7)-(10,8) (8,7)-(9,9)
    row 8 u -2 (ghost) X=0 waste=0: (4,8)-(6,9)
    row 8 u 0 (mod) X=0 waste=0: (6,8)-(7,10)
    row 8 u 1 (mod) X=1 waste=0: (7,8)-(9,9)
    row 8 u 3 (mod) X=0 waste=0: (9,8)-(11,9) (9,8)-(10,10)
    row 8 u 6 (ghost) X=0 waste=2:
    row 9 u -1 (ghost) X=0 waste=0: (5,9)-(7,10)
    row 9 u 1 (mod) X=0 waste=0: (7,9)-(8,11)
    row 9 u 2 (mod) X=0 waste=0: (8,9)-(10,10)
    row 9 u 4 (ghost) X=0 waste=0: (10,9)-(11,11)
    row 9 u 6 (ghost) X=0 waste=4:
    row 10 u -1 (ghost) X=0 waste=0: (6,10)-(8,11)
    row 10 u 1 (mod) X=0 waste=0: (8,10)-(10,11) (8,10)-(9,12)
    row 10 u 2 (mod) X=1 waste=0: (9,10)-(11,11) (9,10)-(10,12)
    row 11 u -2 (ghost) X=0 waste=0: (6,11)-(8,12)
    row 11 u -1 (ghost) X=0 waste=0: (7,11)-(9,12)
    row 11 u 1 (mod) X=1 waste=0: (9,11)-(11,12) (9,11)-(10,13)
    row 11 u 2 (mod) X=0 waste=0: (10,11)-(12,12)
    row 12 u -1 (ghost) X=0 waste=0: (7,12)-(9,13)
    row 12 u 0 (mod) X=0 waste=0: (8,12)-(10,13)
    row 12 u 2 (mod) X=0 waste=0: (10,12)-(12,13)
    row 12 u 3 (mod) X=0 waste=0: (11,12)-(13,13)
    row 12 u 6 (ghost) X=0 waste=2:
    row 13 u -1 (ghost) X=0 waste=0: (8,13)-(10,14)
    row 13 u 0 (mod) X=0 waste=0: (9,13)-(11,14)
    row 13 u 2 (mod) X=0 waste=0: (11,13)-(13,14) (11,13)-(12,15)
    row 13 u 3 (mod) X=0 waste=0: (12,13)-(14,14)
    row 13 u 6 (ghost) X=0 waste=2:
    row 14 u -2 (ghost) X=0 waste=0: (8,14)-(10,15)
    row 14 u -1 (ghost) X=0 waste=0: (9,14)-(11,15)
    row 14 u 0 (mod) X=0 waste=0: (10,14)-(12,15)
    row 14 u 1 (mod) X=1 waste=0: (11,14)-(12,16)
    row 14 u 2 (mod) X=0 waste=0: (12,14)-(14,15) (12,14)-(13,16)
    row 14 u 3 (mod) X=0 waste=0: (13,14)-(15,15)
    row 15 u -1 (ghost) X=0 waste=0: (9,15)-(11,16)
    row 15 u 0 (mod) X=0 waste=0: (10,15)-(12,16)
    row 15 u 1 (mod) X=1 waste=0: (11,15)-(13,16)
    row 15 u 3 (mod) X=0 waste=0: (13,15)-(15,16) (13,15)-(14,17)
    row 16 u -1 (ghost) X=0 waste=0: (10,16)-(12,17)
    row 16 u 0 (mod) X=0 waste=0: (11,16)-(13,17)
    row 16 u 3 (mod) X=0 waste=0: (14,16)-(16,17) (14,16)-(15,18)
    row 16 u 6 (ghost) X=0 waste=4:
    row 17 u -1 (ghost) X=0 waste=0: (11,17)-(13,18)
    row 17 u 0 (mod) X=0 waste=0: (12,17)-(14,18)
    row 17 u 1 (mod) X=1 waste=0: (13,17)-(14,19)
    row 17 u 2 (mod) X=0 waste=0: (14,17)-(15,19)
    row 17 u 3 (mod) X=0 waste=0: (15,17)-(17,18) (15,17)-(16,19)
    row 17 u 6 (ghost) X=0 waste=2:
    row 18 u 0 (mod) X=0 waste=0: (12,18)-(14,19) (12,18)-(13,20)
    row 18 u 1 (mod) X=1 waste=0: (13,18)-(15,19)
    row 18 u 2 (mod) X=1 waste=0: (14,18)-(15,20)
    row 18 u 3 (mod) X=0 waste=0: (15,18)-(16,20)
    row 18 u 4 (ghost) X=0 waste=0: (16,18)-(17,20)
    row 19 u 0 (mod) X=0 waste=0: (13,19)-(15,20) (13,19)-(14,21)
    row 19 u 3 (mod) X=0 waste=0: (16,19)-(17,21)
    row 19 u 6 (ghost) X=0 waste=2:
    row 20 u -2 (ghost) X=0 waste=0: (12,20)-(14,21)
    row 20 u 0 (mod) X=0 waste=0: (14,20)-(16,21) (14,20)-(15,22)
    row 20 u 2 (mod) X=0 waste=0: (16,20)-(17,22)
    row 20 u 3 (mod) X=0 waste=0: (17,20)-(18,22)
    row 20 u 6 (ghost) X=0 waste=2:
 try mean 18/7 per row
  cycle: 240 arcs, 24 rows, crossings 14, waste 32, weight 60 -> mean 60/24
    (cycle starts at row phase 2; board x = u + floor(2*(phase+row)/3) - floor(2*phase/3))
    row 0 u 0 (mod) X=0 waste=0: (0,0)-(1,2)
    row 0 u 1 (mod) X=1 waste=0: (1,0)-(3,1) (1,0)-(2,2)
    row 0 u 2 (mod) X=1 waste=0: (2,0)-(3,2)
    row 0 u 3 (mod) X=0 waste=0: (3,0)-(5,1) (3,0)-(4,2)
    row 1 u -2 (ghost) X=0 waste=0: (-1,1)-(1,2)
    row 1 u 0 (mod) X=0 waste=0: (1,1)-(2,3)
    row 1 u 1 (mod) X=1 waste=0: (2,1)-(4,2)
    row 1 u 3 (mod) X=0 waste=0: (4,1)-(6,2) (4,1)-(5,3)
    row 1 u 6 (ghost) X=0 waste=2:
    row 2 u -1 (ghost) X=0 waste=0: (0,2)-(2,3)
    row 2 u 1 (mod) X=0 waste=0: (2,2)-(3,4)
    row 2 u 2 (mod) X=0 waste=0: (3,2)-(5,3)
    row 2 u 4 (ghost) X=0 waste=0: (5,2)-(6,4)
    row 2 u 6 (ghost) X=0 waste=4:
    row 3 u -1 (ghost) X=0 waste=0: (1,3)-(3,4)
    row 3 u 1 (mod) X=0 waste=0: (3,3)-(5,4) (3,3)-(4,5)
    row 3 u 2 (mod) X=1 waste=0: (4,3)-(6,4) (4,3)-(5,5)
    row 4 u -2 (ghost) X=0 waste=0: (1,4)-(3,5)
    row 4 u -1 (ghost) X=0 waste=0: (2,4)-(4,5)
    row 4 u 1 (mod) X=1 waste=0: (4,4)-(6,5) (4,4)-(5,6)
    row 4 u 2 (mod) X=0 waste=0: (5,4)-(7,5)
    row 5 u -1 (ghost) X=0 waste=0: (2,5)-(4,6)
    row 5 u 0 (mod) X=0 waste=0: (3,5)-(5,6)
    row 5 u 2 (mod) X=0 waste=0: (5,5)-(7,6)
    row 5 u 3 (mod) X=0 waste=0: (6,5)-(8,6)
    row 5 u 6 (ghost) X=0 waste=2:
    row 6 u -1 (ghost) X=0 waste=0: (3,6)-(5,7)
    row 6 u 0 (mod) X=0 waste=0: (4,6)-(6,7)
    row 6 u 2 (mod) X=0 waste=0: (6,6)-(8,7) (6,6)-(7,8)
    row 6 u 3 (mod) X=0 waste=0: (7,6)-(9,7)
    row 6 u 6 (ghost) X=0 waste=2:
    row 7 u -1 (ghost) X=0 waste=0: (4,7)-(6,8)
    row 7 u 0 (mod) X=0 waste=0: (5,7)-(7,8)
    row 7 u 1 (mod) X=1 waste=0: (6,7)-(7,9)
    row 7 u 2 (mod) X=0 waste=0: (7,7)-(9,8) (7,7)-(8,9)
    row 7 u 3 (mod) X=0 waste=0: (8,7)-(10,8)
    row 8 u 0 (mod) X=0 waste=0: (5,8)-(7,9) (5,8)-(6,10)
    row 8 u 1 (mod) X=1 waste=0: (6,8)-(8,9)
    row 8 u 3 (mod) X=0 waste=0: (8,8)-(10,9) (8,8)-(9,10)
    row 9 u 0 (mod) X=0 waste=0: (6,9)-(8,10) (6,9)-(7,11)
    row 9 u 3 (mod) X=0 waste=0: (9,9)-(11,10) (9,9)-(10,11)
    row 9 u 6 (ghost) X=0 waste=4:
    row 10 u -2 (ghost) X=0 waste=0: (5,10)-(7,11)
    row 10 u 0 (mod) X=0 waste=0: (7,10)-(9,11) (7,10)-(8,12)
    row 10 u 1 (mod) X=1 waste=0: (8,10)-(9,12)
    row 10 u 2 (mod) X=0 waste=0: (9,10)-(10,12)
    row 10 u 3 (mod) X=0 waste=0: (10,10)-(12,11) (10,10)-(11,12)
    row 10 u 6 (ghost) X=0 waste=2:
    row 11 u -1 (ghost) X=0 waste=0: (6,11)-(8,12)
    row 11 u 1 (mod) X=1 waste=0: (8,11)-(10,12) (8,11)-(9,13)
    row 11 u 2 (mod) X=1 waste=0: (9,11)-(10,13)
    row 11 u 3 (mod) X=0 waste=0: (10,11)-(11,13)
    row 11 u 4 (ghost) X=0 waste=0: (11,11)-(12,13)
    row 12 u -1 (ghost) X=0 waste=0: (7,12)-(9,13)
    row 12 u 1 (mod) X=0 waste=0: (9,12)-(10,14)
    row 12 u 3 (mod) X=0 waste=0: (11,12)-(12,14)
    row 12 u 6 (ghost) X=0 waste=2:
    row 13 u -1 (ghost) X=0 waste=0: (8,13)-(10,14)
    row 13 u 1 (mod) X=0 waste=0: (10,13)-(11,15)
    row 13 u 2 (mod) X=0 waste=0: (11,13)-(12,15)
    row 13 u 3 (mod) X=0 waste=0: (12,13)-(14,14)
    row 13 u 6 (ghost) X=0 waste=2:
    row 14 u 0 (mod) X=0 waste=0: (9,14)-(11,15) (9,14)-(10,16)
    row 14 u 2 (mod) X=1 waste=0: (11,14)-(13,15) (11,14)-(12,16)
    row 14 u 3 (mod) X=0 waste=0: (12,14)-(14,15)
    row 15 u 0 (mod) X=0 waste=0: (10,15)-(12,16) (10,15)-(11,17)
    row 15 u 2 (mod) X=0 waste=0: (12,15)-(14,16)
    row 15 u 3 (mod) X=0 waste=0: (13,15)-(15,16)
    row 15 u 6 (ghost) X=0 waste=2:
    row 16 u -2 (ghost) X=0 waste=0: (9,16)-(11,17)
    row 16 u 0 (mod) X=0 waste=0: (11,16)-(13,17) (11,16)-(12,18)
    row 16 u 2 (mod) X=0 waste=0: (13,16)-(15,17) (13,16)-(14,18)
    row 16 u 3 (mod) X=0 waste=0: (14,16)-(16,17)
    row 16 u 6 (ghost) X=0 waste=2:
    row 17 u -1 (ghost) X=0 waste=0: (10,17)-(12,18)
    row 17 u 1 (mod) X=0 waste=0: (12,17)-(14,18) (12,17)-(13,19)
    row 17 u 2 (mod) X=1 waste=0: (13,17)-(14,19)
    row 17 u 3 (mod) X=0 waste=0: (14,17)-(16,18) (14,17)-(15,19)
    row 18 u -1 (ghost) X=0 waste=0: (11,18)-(13,19)
    row 18 u 1 (mod) X=1 waste=0: (13,18)-(15,19) (13,18)-(14,20)
    row 18 u 3 (mod) X=0 waste=0: (15,18)-(17,19) (15,18)-(16,20)
    row 19 u -2 (ghost) X=0 waste=0: (11,19)-(13,20)
    row 19 u -1 (ghost) X=0 waste=0: (12,19)-(14,20)
    row 19 u 1 (mod) X=0 waste=0: (14,19)-(16,20)
    row 19 u 3 (mod) X=0 waste=0: (16,19)-(18,20) (16,19)-(17,21)
    row 19 u 6 (ghost) X=0 waste=2:
    row 20 u -1 (ghost) X=0 waste=0: (12,20)-(14,21)
    row 20 u 0 (mod) X=0 waste=0: (13,20)-(15,21)
    row 20 u 2 (mod) X=0 waste=0: (15,20)-(17,21) (15,20)-(16,22)
    row 20 u 4 (ghost) X=0 waste=0: (17,20)-(18,22)
    row 20 u 6 (ghost) X=0 waste=2:
    row 21 u -1 (ghost) X=0 waste=0: (13,21)-(15,22)
    row 21 u 0 (mod) X=0 waste=0: (14,21)-(16,22)
    row 21 u 1 (mod) X=1 waste=0: (15,21)-(16,23)
    row 21 u 2 (mod) X=0 waste=0: (16,21)-(18,22) (16,21)-(17,23)
    row 22 u -2 (ghost) X=0 waste=0: (13,22)-(15,23)
    row 22 u 0 (mod) X=0 waste=0: (15,22)-(16,24)
    row 22 u 2 (mod) X=0 waste=0: (17,22)-(19,23) (17,22)-(18,24)
    row 22 u 6 (ghost) X=0 waste=2:
    row 23 u 0 (mod) X=0 waste=0: (15,23)-(16,25)
    row 23 u 1 (mod) X=0 waste=0: (16,23)-(17,25)
    row 23 u 2 (mod) X=0 waste=0: (17,23)-(18,25)
    row 23 u 3 (mod) X=0 waste=0: (18,23)-(20,24) (18,23)-(19,25)
    row 23 u 6 (ghost) X=0 waste=2:
 try mean 5/2 per row
RESULT A=2 WM=4 KM=1 nz lambda=1/2: min mean weight per row = 5/2 (CERTIFIED: no cycle below); per level (E units) = 5/8 = 0.6250  (148s)
total 148s
	Command being timed: "./wall 2/3 4 1 nz 8 1 90000000"
	User time (seconds): 134.74
	System time (seconds): 13.21
	Percent of CPU this job got: 99%
	Elapsed (wall clock) time (h:mm:ss or m:ss): 2:28.44
	Average shared text size (kbytes): 0
	Average unshared data size (kbytes): 0
	Average stack size (kbytes): 0
	Average total size (kbytes): 0
	Maximum resident set size (kbytes): 1717844
	Average resident set size (kbytes): 0
	Major (requiring I/O) page faults: 0
	Minor (reclaiming a frame) page faults: 1940331
	Voluntary context switches: 1
	Involuntary context switches: 2397
	Swaps: 0
	File system inputs: 0
	File system outputs: 88
	Socket messages sent: 0
	Socket messages received: 0
	Signals delivered: 0
	Page size (bytes): 4096
	Exit status: 0
exit=0
