shear 1/2 WM=5 KM=1 MODE=nz lambda=1/2: columns u in [-3,7], 66 slots, complete squares s in [0,3], 2 cost squares per row
CAP reached in warm-up: next layer 90000004, seeds 0 787s
	Command being timed: "./wallc 1/2 5 1 nz 8 1 90000000"
	User time (seconds): 734.35
	System time (seconds): 37.76
	Percent of CPU this job got: 98%
	Elapsed (wall clock) time (h:mm:ss or m:ss): 13:07.65
	Average shared text size (kbytes): 0
	Average unshared data size (kbytes): 0
	Average stack size (kbytes): 0
	Average total size (kbytes): 0
	Maximum resident set size (kbytes): 5227116
	Average resident set size (kbytes): 0
	Major (requiring I/O) page faults: 0
	Minor (reclaiming a frame) page faults: 4388378
	Voluntary context switches: 1
	Involuntary context switches: 26820
	Swaps: 0
	File system inputs: 0
	File system outputs: 16
	Socket messages sent: 0
	Socket messages received: 0
	Signals delivered: 0
	Page size (bytes): 4096
	Exit status: 0
exit=0
