A=0 WM=4 KM=1 MODE=nz: columns u in [-2,5], 54 slots, complete squares s in [-1,3], 3 cost squares per row
  ... 4194304/8362865 states, 12924268 arcs, 24s
  ... 8388608/21727417 states, 33311340 arcs, 69s
  ... 12582912/30687695 states, 49164191 arcs, 99s
  ... 16777216/38969193 states, 63974258 arcs, 146s
  ... 20971520/47422806 states, 79247618 arcs, 181s
  ... 25165824/54709698 states, 92551940 arcs, 207s
  ... 29360128/58848610 states, 98681407 arcs, 221s
CAP reached: 60000001 states (processed 30449841) 225s; processed by warm 0..3: 0 30030790 419051 0; queued: 0 29550160 0 0
	Command being timed: "./wall 0 4 1 nz 8 1 60000000"
	User time (seconds): 204.12
	System time (seconds): 21.57
	Percent of CPU this job got: 99%
	Elapsed (wall clock) time (h:mm:ss or m:ss): 3:45.78
	Average shared text size (kbytes): 0
	Average unshared data size (kbytes): 0
	Average stack size (kbytes): 0
	Average total size (kbytes): 0
	Maximum resident set size (kbytes): 4182692
	Average resident set size (kbytes): 0
	Major (requiring I/O) page faults: 0
	Minor (reclaiming a frame) page faults: 2192753
	Voluntary context switches: 2
	Involuntary context switches: 794
	Swaps: 0
	File system inputs: 8
	File system outputs: 56
	Socket messages sent: 0
	Socket messages received: 0
	Signals delivered: 0
	Page size (bytes): 4096
	Exit status: 0
exit=0
