A=1 WM=4 KM=1 MODE=nz: columns u in [-3,6], 60 slots, complete squares s in [0,3], 2 cost squares per row
  ... 4194304/5163273 states, 6430384 arcs, 12s
  ... 8388608/13239963 states, 18931188 arcs, 39s
  ... 12582912/21506707 states, 32969844 arcs, 75s
  ... 16777216/30642299 states, 47680645 arcs, 107s
  ... 20971520/40205198 states, 62880831 arcs, 155s
  ... 25165824/50146499 states, 78176678 arcs, 188s
  ... 29360128/58963027 states, 89501020 arcs, 214s
CAP reached: 60000004 states (processed 29853638) 217s; processed by warm 0..3: 0 29088759 764879 0; queued: 0 30146366 0 0
	Command being timed: "./wall 1 4 1 nz 8 1 60000000"
	User time (seconds): 196.61
	System time (seconds): 21.27
	Percent of CPU this job got: 99%
	Elapsed (wall clock) time (h:mm:ss or m:ss): 3:38.23
	Average shared text size (kbytes): 0
	Average unshared data size (kbytes): 0
	Average stack size (kbytes): 0
	Average total size (kbytes): 0
	Maximum resident set size (kbytes): 4105580
	Average resident set size (kbytes): 0
	Major (requiring I/O) page faults: 0
	Minor (reclaiming a frame) page faults: 2173559
	Voluntary context switches: 1
	Involuntary context switches: 1647
	Swaps: 0
	File system inputs: 0
	File system outputs: 48
	Socket messages sent: 0
	Socket messages received: 0
	Signals delivered: 0
	Page size (bytes): 4096
	Exit status: 0
exit=0
