A=0 WM=3 KM=1 MODE=zero: columns u in [-2,4], 44 slots, complete squares s in [-1,2], 2 cost squares per row
CAP reached: 8000001 states (processed 2501301) 21s; processed by warm 0..3: 0 2446994 54307 0; queued: 0 5498700 0 0
	Command being timed: "./wall 0 3 1 zero 8 1 8000000"
	User time (seconds): 18.98
	System time (seconds): 2.11
	Percent of CPU this job got: 99%
	Elapsed (wall clock) time (h:mm:ss or m:ss): 0:21.10
	Average shared text size (kbytes): 0
	Average unshared data size (kbytes): 0
	Average stack size (kbytes): 0
	Average total size (kbytes): 0
	Maximum resident set size (kbytes): 578600
	Average resident set size (kbytes): 0
	Major (requiring I/O) page faults: 0
	Minor (reclaiming a frame) page faults: 259582
	Voluntary context switches: 1
	Involuntary context switches: 60
	Swaps: 0
	File system inputs: 0
	File system outputs: 16
	Socket messages sent: 0
	Socket messages received: 0
	Signals delivered: 0
	Page size (bytes): 4096
	Exit status: 0
exit=0
