shear 1/2 WM=4 KM=1 MODE=nz lambda=1/2: columns u in [-3,6], 56 slots, complete squares s in [0,2], 1 cost squares per row
warm-up done: 2420501 strict seed states, largest warm layer 15066907, 113s
  ... 4194304/5846798 states, 5542418 arcs, 120s
  ... 8388608/11883619 states, 12614320 arcs, 136s
  ... 12582912/16368755 states, 18443870 arcs, 149s
  ... 16777216/21300244 states, 24927960 arcs, 166s
  ... 20971520/27706780 states, 32913360 arcs, 180s
  ... 25165824/40781074 states, 46078874 arcs, 216s
  ... 29360128/55734422 states, 61032222 arcs, 242s
  ... 33554432/62428606 states, 67726406 arcs, 257s
  ... 37748736/62795818 states, 68093618 arcs, 261s
  ... 41943040/63083334 states, 68381134 arcs, 265s
  ... 46137344/63186098 states, 68483898 arcs, 270s
  ... 50331648/63377944 states, 68675744 arcs, 274s
  ... 54525952/63858064 states, 69155864 arcs, 278s
  ... 58720256/64138218 states, 69436018 arcs, 282s
  ... 62914560/64861693 states, 70159493 arcs, 287s
  ... 67108864/68317169 states, 75024051 arcs, 326s
  ... 71303168/73758789 states, 81736196 arcs, 340s
  ... 75497472/79674964 states, 88802998 arcs, 354s
CAP reached: 80000003 states (processed 75724879) 355s
	Command being timed: "./wall 1/2 4 1 nz 8 1 80000000"
	User time (seconds): 307.50
	System time (seconds): 46.01
	Percent of CPU this job got: 99%
	Elapsed (wall clock) time (h:mm:ss or m:ss): 5:55.77
	Average shared text size (kbytes): 0
	Average unshared data size (kbytes): 0
	Average stack size (kbytes): 0
	Average total size (kbytes): 0
	Maximum resident set size (kbytes): 6791332
	Average resident set size (kbytes): 0
	Major (requiring I/O) page faults: 1
	Minor (reclaiming a frame) page faults: 4882758
	Voluntary context switches: 2
	Involuntary context switches: 8273
	Swaps: 0
	File system inputs: 24
	File system outputs: 136
	Socket messages sent: 0
	Socket messages received: 0
	Signals delivered: 0
	Page size (bytes): 4096
	Exit status: 0
exit=0
