shear 1/2 WM=4 KM=1 MODE=zero lambda=1/2: columns u in [-3,6], 56 slots, complete squares s in [0,2], 1 cost squares per row
warm-up done: 1208695 strict seed states, largest warm layer 15066907, 109s
  ... 4194304/5932051 states, 6300829 arcs, 119s
  ... 8388608/10704129 states, 12512350 arcs, 134s
  ... 12582912/20437644 states, 23085504 arcs, 156s
  ... 16777216/31179430 states, 33827290 arcs, 177s
  ... 20971520/31359236 states, 34007096 arcs, 182s
  ... 25165824/31445630 states, 34093490 arcs, 185s
  ... 29360128/31661764 states, 34309624 arcs, 190s
  ... 33554432/34308445 states, 37589580 arcs, 207s
  ... 37748736/40940325 states, 45764708 arcs, 222s
  ... 41943040/42097598 states, 47310427 arcs, 230s
  ... 46137344/47636525 states, 53452961 arcs, 242s
  ... 50331648/50538536 states, 57016761 arcs, 252s
states by warm level: strict 51815269, warm1 0, warm2 0, warm3 0
graph: states 51815269 arcs 58623887 (rejected: margin 104932147, psi 4151285) 256s
== lambda 0/1
 try mean 8/1 per row
  cycle: 120 arcs, 12 rows, crossings 7, waste 3, weight 3 -> mean 3/12
    row 0 u -1 (ghost) X=0 waste=0: (-1,0)-(1,1)
    row 0 u 0 (mod) X=0 waste=0: (0,0)-(2,1)
    row 0 u 1 (mod) X=0 waste=0: (1,0)-(3,1)
    row 0 u 2 (mod) X=0 waste=0: (2,0)-(4,1)
    row 0 u 3 (mod) X=0 waste=0: (3,0)-(5,1)
    row 0 u 5 (ghost) X=1 waste=1: (5,0)-(4,2)
    row 1 u 0 (mod) X=0 waste=0: (0,1)-(-2,2)
    row 1 u 1 (mod) X=0 waste=0: (1,1)-(-1,2)
    row 1 u 2 (mod) X=0 waste=0: (2,1)-(0,2)
    row 1 u 3 (mod) X=0 waste=0: (3,1)-(1,2)
    row 1 u 4 (ghost) X=1 waste=0: (4,1)-(2,2)
    row 2 u -1 (ghost) X=0 waste=0: (0,2)-(2,3)
    row 2 u 0 (mod) X=0 waste=0: (1,2)-(3,3)
    row 2 u 1 (mod) X=0 waste=0: (2,2)-(4,3)
    row 2 u 2 (mod) X=0 waste=0: (3,2)-(5,3)
    row 2 u 3 (mod) X=0 waste=0: (4,2)-(6,3)
    row 3 u 0 (mod) X=0 waste=0: (1,3)-(-1,4)
    row 3 u 1 (mod) X=0 waste=0: (2,3)-(0,4)
    row 3 u 2 (mod) X=0 waste=0: (3,3)-(1,4)
    row 3 u 3 (mod) X=0 waste=0: (4,3)-(2,4)
    row 3 u 4 (ghost) X=0 waste=0: (5,3)-(3,4)
    row 3 u 5 (ghost) X=0 waste=0: (6,3)-(4,4) (6,3)-(5,5)
    row 4 u 0 (mod) X=0 waste=0: (2,4)-(0,5)
    row 4 u 1 (mod) X=0 waste=0: (3,4)-(1,5)
    row 4 u 2 (mod) X=0 waste=0: (4,4)-(2,5)
    row 4 u 3 (mod) X=0 waste=0: (5,4)-(3,5)
    row 4 u 4 (ghost) X=0 waste=0: (6,4)-(4,5)
    row 4 u 5 (ghost) X=1 waste=0: (7,4)-(5,5)
    row 5 u -2 (ghost) X=0 waste=0: (0,5)-(2,6)
    row 5 u -1 (ghost) X=0 waste=0: (1,5)-(3,6)
    row 5 u 0 (mod) X=0 waste=0: (2,5)-(4,6)
    row 5 u 1 (mod) X=0 waste=0: (3,5)-(5,6)
    row 5 u 2 (mod) X=0 waste=0: (4,5)-(6,6)
    row 5 u 3 (mod) X=0 waste=0: (5,5)-(7,6)
    row 6 u -1 (ghost) X=0 waste=0: (2,6)-(4,7)
    row 6 u 0 (mod) X=0 waste=0: (3,6)-(5,7)
    row 6 u 1 (mod) X=0 waste=0: (4,6)-(6,7)
    row 6 u 2 (mod) X=0 waste=0: (5,6)-(7,7)
    row 6 u 3 (mod) X=0 waste=0: (6,6)-(8,7)
    row 6 u 5 (ghost) X=1 waste=1: (8,6)-(7,8)
    row 7 u 0 (mod) X=0 waste=0: (3,7)-(1,8)
    row 7 u 1 (mod) X=0 waste=0: (4,7)-(2,8)
    row 7 u 2 (mod) X=0 waste=0: (5,7)-(3,8)
    row 7 u 3 (mod) X=0 waste=0: (6,7)-(4,8)
    row 7 u 4 (ghost) X=1 waste=0: (7,7)-(5,8)
    row 8 u -1 (ghost) X=0 waste=0: (3,8)-(5,9)
    row 8 u 0 (mod) X=0 waste=0: (4,8)-(6,9)
    row 8 u 1 (mod) X=0 waste=0: (5,8)-(7,9)
    row 8 u 2 (mod) X=0 waste=0: (6,8)-(8,9)
    row 8 u 3 (mod) X=0 waste=0: (7,8)-(9,9)
    row 9 u 0 (mod) X=0 waste=0: (4,9)-(3,11)
    row 9 u 1 (mod) X=1 waste=0: (5,9)-(3,10)
    row 9 u 2 (mod) X=0 waste=0: (6,9)-(4,10)
    row 9 u 3 (mod) X=0 waste=0: (7,9)-(5,10)
    row 9 u 4 (ghost) X=0 waste=0: (8,9)-(6,10)
    row 9 u 5 (ghost) X=0 waste=0: (9,9)-(7,10)
    row 10 u -1 (ghost) X=1 waste=1: (4,10)-(6,11)
    row 10 u 0 (mod) X=0 waste=0: (5,10)-(7,11)
    row 10 u 1 (mod) X=0 waste=0: (6,10)-(8,11)
    row 10 u 2 (mod) X=0 waste=0: (7,10)-(9,11)
    row 10 u 3 (mod) X=0 waste=0: (8,10)-(10,11)
    row 11 u -2 (ghost) X=0 waste=0: (3,11)-(5,12)
    row 11 u -1 (ghost) X=0 waste=0: (4,11)-(6,12)
    row 11 u 0 (mod) X=0 waste=0: (5,11)-(7,12)
    row 11 u 1 (mod) X=0 waste=0: (6,11)-(8,12)
    row 11 u 2 (mod) X=0 waste=0: (7,11)-(9,12)
    row 11 u 3 (mod) X=0 waste=0: (8,11)-(10,12)
 try mean 1/4 per row
  cycle: 80 arcs, 8 rows, crossings 0, waste 0, weight 0 -> mean 0/8
    row 0 u 0 (mod) X=0 waste=0: (0,0)-(-2,1)
    row 0 u 1 (mod) X=0 waste=0: (1,0)-(-1,1)
    row 0 u 2 (mod) X=0 waste=0: (2,0)-(0,1)
    row 0 u 3 (mod) X=0 waste=0: (3,0)-(1,1)
    row 0 u 4 (ghost) X=0 waste=0: (4,0)-(2,1)
    row 0 u 5 (ghost) X=0 waste=0: (5,0)-(3,1)
    row 0 u 6 (ghost) X=0 waste=0: (6,0)-(4,1)
    row 1 u -2 (ghost) X=0 waste=0: (-2,1)-(0,2)
    row 1 u -1 (ghost) X=0 waste=0: (-1,1)-(1,2)
    row 1 u 0 (mod) X=0 waste=0: (0,1)-(2,2)
    row 1 u 1 (mod) X=0 waste=0: (1,1)-(3,2)
    row 1 u 2 (mod) X=0 waste=0: (2,1)-(4,2)
    row 1 u 3 (mod) X=0 waste=0: (3,1)-(5,2)
    row 2 u 0 (mod) X=0 waste=0: (1,2)-(-1,3)
    row 2 u 1 (mod) X=0 waste=0: (2,2)-(0,3)
    row 2 u 2 (mod) X=0 waste=0: (3,2)-(1,3)
    row 2 u 3 (mod) X=0 waste=0: (4,2)-(2,3)
    row 2 u 4 (ghost) X=0 waste=0: (5,2)-(3,3)
    row 2 u 5 (ghost) X=0 waste=0: (6,2)-(4,3)
    row 2 u 6 (ghost) X=0 waste=0: (7,2)-(5,3)
    row 3 u -2 (ghost) X=0 waste=0: (-1,3)-(1,4)
    row 3 u -1 (ghost) X=0 waste=0: (0,3)-(2,4)
    row 3 u 0 (mod) X=0 waste=0: (1,3)-(3,4)
    row 3 u 1 (mod) X=0 waste=0: (2,3)-(4,4)
    row 3 u 2 (mod) X=0 waste=0: (3,3)-(5,4)
    row 3 u 3 (mod) X=0 waste=0: (4,3)-(6,4)
    row 4 u -1 (ghost) X=0 waste=0: (1,4)-(3,5)
    row 4 u 0 (mod) X=0 waste=0: (2,4)-(4,5)
    row 4 u 1 (mod) X=0 waste=0: (3,4)-(5,5)
    row 4 u 2 (mod) X=0 waste=0: (4,4)-(6,5)
    row 4 u 3 (mod) X=0 waste=0: (5,4)-(7,5)
    row 5 u 0 (mod) X=0 waste=0: (2,5)-(0,6)
    row 5 u 1 (mod) X=0 waste=0: (3,5)-(1,6)
    row 5 u 2 (mod) X=0 waste=0: (4,5)-(2,6)
    row 5 u 3 (mod) X=0 waste=0: (5,5)-(3,6)
    row 5 u 4 (ghost) X=0 waste=0: (6,5)-(4,6)
    row 5 u 5 (ghost) X=0 waste=0: (7,5)-(5,6)
    row 6 u -1 (ghost) X=0 waste=0: (2,6)-(4,7)
    row 6 u 0 (mod) X=0 waste=0: (3,6)-(5,7)
    row 6 u 1 (mod) X=0 waste=0: (4,6)-(6,7)
    row 6 u 2 (mod) X=0 waste=0: (5,6)-(7,7)
    row 6 u 3 (mod) X=0 waste=0: (6,6)-(8,7)
    row 7 u -2 (ghost) X=0 waste=0: (1,7)-(3,8)
    row 7 u -1 (ghost) X=0 waste=0: (2,7)-(4,8)
    row 7 u 0 (mod) X=0 waste=0: (3,7)-(5,8)
    row 7 u 1 (mod) X=0 waste=0: (4,7)-(6,8)
    row 7 u 2 (mod) X=0 waste=0: (5,7)-(7,8)
    row 7 u 3 (mod) X=0 waste=0: (6,7)-(8,8)
  zero-cost cycle
 try mean 0/1 per row
RESULT A=1 WM=4 KM=1 zero lambda=0/1: min mean weight per row = 0/1 (CERTIFIED: no cycle below); per level (E units) = 0/2 = 0.0000  (262s)
== lambda 1/2
 try mean 16/1 per row
  cycle: 120 arcs, 12 rows, crossings 7, waste 3, weight 17 -> mean 17/12
    row 0 u -1 (ghost) X=0 waste=0: (-1,0)-(1,1)
    row 0 u 0 (mod) X=0 waste=0: (0,0)-(2,1)
    row 0 u 1 (mod) X=0 waste=0: (1,0)-(3,1)
    row 0 u 2 (mod) X=0 waste=0: (2,0)-(4,1)
    row 0 u 3 (mod) X=0 waste=0: (3,0)-(5,1)
    row 0 u 5 (ghost) X=1 waste=1: (5,0)-(4,2)
    row 1 u 0 (mod) X=0 waste=0: (0,1)-(-2,2)
    row 1 u 1 (mod) X=0 waste=0: (1,1)-(-1,2)
    row 1 u 2 (mod) X=0 waste=0: (2,1)-(0,2)
    row 1 u 3 (mod) X=0 waste=0: (3,1)-(1,2)
    row 1 u 4 (ghost) X=1 waste=0: (4,1)-(2,2)
    row 2 u -1 (ghost) X=0 waste=0: (0,2)-(2,3)
    row 2 u 0 (mod) X=0 waste=0: (1,2)-(3,3)
    row 2 u 1 (mod) X=0 waste=0: (2,2)-(4,3)
    row 2 u 2 (mod) X=0 waste=0: (3,2)-(5,3)
    row 2 u 3 (mod) X=0 waste=0: (4,2)-(6,3)
    row 3 u 0 (mod) X=0 waste=0: (1,3)-(-1,4)
    row 3 u 1 (mod) X=0 waste=0: (2,3)-(0,4)
    row 3 u 2 (mod) X=0 waste=0: (3,3)-(1,4)
    row 3 u 3 (mod) X=0 waste=0: (4,3)-(2,4)
    row 3 u 4 (ghost) X=0 waste=0: (5,3)-(3,4)
    row 3 u 5 (ghost) X=0 waste=0: (6,3)-(4,4) (6,3)-(5,5)
    row 4 u 0 (mod) X=0 waste=0: (2,4)-(0,5)
    row 4 u 1 (mod) X=0 waste=0: (3,4)-(1,5)
    row 4 u 2 (mod) X=0 waste=0: (4,4)-(2,5)
    row 4 u 3 (mod) X=0 waste=0: (5,4)-(3,5)
    row 4 u 4 (ghost) X=0 waste=0: (6,4)-(4,5)
    row 4 u 5 (ghost) X=1 waste=0: (7,4)-(5,5)
    row 5 u -2 (ghost) X=0 waste=0: (0,5)-(2,6)
    row 5 u -1 (ghost) X=0 waste=0: (1,5)-(3,6)
    row 5 u 0 (mod) X=0 waste=0: (2,5)-(4,6)
    row 5 u 1 (mod) X=0 waste=0: (3,5)-(5,6)
    row 5 u 2 (mod) X=0 waste=0: (4,5)-(6,6)
    row 5 u 3 (mod) X=0 waste=0: (5,5)-(7,6)
    row 6 u -1 (ghost) X=0 waste=0: (2,6)-(4,7)
    row 6 u 0 (mod) X=0 waste=0: (3,6)-(5,7)
    row 6 u 1 (mod) X=0 waste=0: (4,6)-(6,7)
    row 6 u 2 (mod) X=0 waste=0: (5,6)-(7,7)
    row 6 u 3 (mod) X=0 waste=0: (6,6)-(8,7)
    row 6 u 5 (ghost) X=1 waste=1: (8,6)-(7,8)
    row 7 u 0 (mod) X=0 waste=0: (3,7)-(1,8)
    row 7 u 1 (mod) X=0 waste=0: (4,7)-(2,8)
    row 7 u 2 (mod) X=0 waste=0: (5,7)-(3,8)
    row 7 u 3 (mod) X=0 waste=0: (6,7)-(4,8)
    row 7 u 4 (ghost) X=1 waste=0: (7,7)-(5,8)
    row 8 u -1 (ghost) X=0 waste=0: (3,8)-(5,9)
    row 8 u 0 (mod) X=0 waste=0: (4,8)-(6,9)
    row 8 u 1 (mod) X=0 waste=0: (5,8)-(7,9)
    row 8 u 2 (mod) X=0 waste=0: (6,8)-(8,9)
    row 8 u 3 (mod) X=0 waste=0: (7,8)-(9,9)
    row 9 u 0 (mod) X=0 waste=0: (4,9)-(3,11)
    row 9 u 1 (mod) X=1 waste=0: (5,9)-(3,10)
    row 9 u 2 (mod) X=0 waste=0: (6,9)-(4,10)
    row 9 u 3 (mod) X=0 waste=0: (7,9)-(5,10)
    row 9 u 4 (ghost) X=0 waste=0: (8,9)-(6,10)
    row 9 u 5 (ghost) X=0 waste=0: (9,9)-(7,10)
    row 10 u -1 (ghost) X=1 waste=1: (4,10)-(6,11)
    row 10 u 0 (mod) X=0 waste=0: (5,10)-(7,11)
    row 10 u 1 (mod) X=0 waste=0: (6,10)-(8,11)
    row 10 u 2 (mod) X=0 waste=0: (7,10)-(9,11)
    row 10 u 3 (mod) X=0 waste=0: (8,10)-(10,11)
    row 11 u -2 (ghost) X=0 waste=0: (3,11)-(5,12)
    row 11 u -1 (ghost) X=0 waste=0: (4,11)-(6,12)
    row 11 u 0 (mod) X=0 waste=0: (5,11)-(7,12)
    row 11 u 1 (mod) X=0 waste=0: (6,11)-(8,12)
    row 11 u 2 (mod) X=0 waste=0: (7,11)-(9,12)
    row 11 u 3 (mod) X=0 waste=0: (8,11)-(10,12)
 try mean 17/12 per row
  cycle: 80 arcs, 8 rows, crossings 0, waste 0, weight 0 -> mean 0/8
    row 0 u 0 (mod) X=0 waste=0: (0,0)-(-2,1)
    row 0 u 1 (mod) X=0 waste=0: (1,0)-(-1,1)
    row 0 u 2 (mod) X=0 waste=0: (2,0)-(0,1)
    row 0 u 3 (mod) X=0 waste=0: (3,0)-(1,1)
    row 0 u 4 (ghost) X=0 waste=0: (4,0)-(2,1)
    row 0 u 5 (ghost) X=0 waste=0: (5,0)-(3,1)
    row 0 u 6 (ghost) X=0 waste=0: (6,0)-(4,1)
    row 1 u -2 (ghost) X=0 waste=0: (-2,1)-(0,2)
    row 1 u -1 (ghost) X=0 waste=0: (-1,1)-(1,2)
    row 1 u 0 (mod) X=0 waste=0: (0,1)-(2,2)
    row 1 u 1 (mod) X=0 waste=0: (1,1)-(3,2)
    row 1 u 2 (mod) X=0 waste=0: (2,1)-(4,2)
    row 1 u 3 (mod) X=0 waste=0: (3,1)-(5,2)
    row 2 u 0 (mod) X=0 waste=0: (1,2)-(-1,3)
    row 2 u 1 (mod) X=0 waste=0: (2,2)-(0,3)
    row 2 u 2 (mod) X=0 waste=0: (3,2)-(1,3)
    row 2 u 3 (mod) X=0 waste=0: (4,2)-(2,3)
    row 2 u 4 (ghost) X=0 waste=0: (5,2)-(3,3)
    row 2 u 5 (ghost) X=0 waste=0: (6,2)-(4,3)
    row 2 u 6 (ghost) X=0 waste=0: (7,2)-(5,3)
    row 3 u -2 (ghost) X=0 waste=0: (-1,3)-(1,4)
    row 3 u -1 (ghost) X=0 waste=0: (0,3)-(2,4)
    row 3 u 0 (mod) X=0 waste=0: (1,3)-(3,4)
    row 3 u 1 (mod) X=0 waste=0: (2,3)-(4,4)
    row 3 u 2 (mod) X=0 waste=0: (3,3)-(5,4)
    row 3 u 3 (mod) X=0 waste=0: (4,3)-(6,4)
    row 4 u -1 (ghost) X=0 waste=0: (1,4)-(3,5)
    row 4 u 0 (mod) X=0 waste=0: (2,4)-(4,5)
    row 4 u 1 (mod) X=0 waste=0: (3,4)-(5,5)
    row 4 u 2 (mod) X=0 waste=0: (4,4)-(6,5)
    row 4 u 3 (mod) X=0 waste=0: (5,4)-(7,5)
    row 5 u 0 (mod) X=0 waste=0: (2,5)-(0,6)
    row 5 u 1 (mod) X=0 waste=0: (3,5)-(1,6)
    row 5 u 2 (mod) X=0 waste=0: (4,5)-(2,6)
    row 5 u 3 (mod) X=0 waste=0: (5,5)-(3,6)
    row 5 u 4 (ghost) X=0 waste=0: (6,5)-(4,6)
    row 5 u 5 (ghost) X=0 waste=0: (7,5)-(5,6)
    row 6 u -1 (ghost) X=0 waste=0: (2,6)-(4,7)
    row 6 u 0 (mod) X=0 waste=0: (3,6)-(5,7)
    row 6 u 1 (mod) X=0 waste=0: (4,6)-(6,7)
    row 6 u 2 (mod) X=0 waste=0: (5,6)-(7,7)
    row 6 u 3 (mod) X=0 waste=0: (6,6)-(8,7)
    row 7 u -2 (ghost) X=0 waste=0: (1,7)-(3,8)
    row 7 u -1 (ghost) X=0 waste=0: (2,7)-(4,8)
    row 7 u 0 (mod) X=0 waste=0: (3,7)-(5,8)
    row 7 u 1 (mod) X=0 waste=0: (4,7)-(6,8)
    row 7 u 2 (mod) X=0 waste=0: (5,7)-(7,8)
    row 7 u 3 (mod) X=0 waste=0: (6,7)-(8,8)
  zero-cost cycle
 try mean 0/1 per row
RESULT A=1 WM=4 KM=1 zero lambda=1/2: min mean weight per row = 0/1 (CERTIFIED: no cycle below); per level (E units) = 0/4 = 0.0000  (266s)
== lambda 1/1
 try mean 8/1 per row
  cycle: 120 arcs, 12 rows, crossings 7, waste 3, weight 14 -> mean 14/12
    row 0 u -1 (ghost) X=0 waste=0: (-1,0)-(1,1)
    row 0 u 0 (mod) X=0 waste=0: (0,0)-(2,1)
    row 0 u 1 (mod) X=0 waste=0: (1,0)-(3,1)
    row 0 u 2 (mod) X=0 waste=0: (2,0)-(4,1)
    row 0 u 3 (mod) X=0 waste=0: (3,0)-(5,1)
    row 0 u 5 (ghost) X=1 waste=1: (5,0)-(4,2)
    row 1 u 0 (mod) X=0 waste=0: (0,1)-(-2,2)
    row 1 u 1 (mod) X=0 waste=0: (1,1)-(-1,2)
    row 1 u 2 (mod) X=0 waste=0: (2,1)-(0,2)
    row 1 u 3 (mod) X=0 waste=0: (3,1)-(1,2)
    row 1 u 4 (ghost) X=1 waste=0: (4,1)-(2,2)
    row 2 u -1 (ghost) X=0 waste=0: (0,2)-(2,3)
    row 2 u 0 (mod) X=0 waste=0: (1,2)-(3,3)
    row 2 u 1 (mod) X=0 waste=0: (2,2)-(4,3)
    row 2 u 2 (mod) X=0 waste=0: (3,2)-(5,3)
    row 2 u 3 (mod) X=0 waste=0: (4,2)-(6,3)
    row 3 u 0 (mod) X=0 waste=0: (1,3)-(-1,4)
    row 3 u 1 (mod) X=0 waste=0: (2,3)-(0,4)
    row 3 u 2 (mod) X=0 waste=0: (3,3)-(1,4)
    row 3 u 3 (mod) X=0 waste=0: (4,3)-(2,4)
    row 3 u 4 (ghost) X=0 waste=0: (5,3)-(3,4)
    row 3 u 5 (ghost) X=0 waste=0: (6,3)-(4,4) (6,3)-(5,5)
    row 4 u 0 (mod) X=0 waste=0: (2,4)-(0,5)
    row 4 u 1 (mod) X=0 waste=0: (3,4)-(1,5)
    row 4 u 2 (mod) X=0 waste=0: (4,4)-(2,5)
    row 4 u 3 (mod) X=0 waste=0: (5,4)-(3,5)
    row 4 u 4 (ghost) X=0 waste=0: (6,4)-(4,5)
    row 4 u 5 (ghost) X=1 waste=0: (7,4)-(5,5)
    row 5 u -2 (ghost) X=0 waste=0: (0,5)-(2,6)
    row 5 u -1 (ghost) X=0 waste=0: (1,5)-(3,6)
    row 5 u 0 (mod) X=0 waste=0: (2,5)-(4,6)
    row 5 u 1 (mod) X=0 waste=0: (3,5)-(5,6)
    row 5 u 2 (mod) X=0 waste=0: (4,5)-(6,6)
    row 5 u 3 (mod) X=0 waste=0: (5,5)-(7,6)
    row 6 u -1 (ghost) X=0 waste=0: (2,6)-(4,7)
    row 6 u 0 (mod) X=0 waste=0: (3,6)-(5,7)
    row 6 u 1 (mod) X=0 waste=0: (4,6)-(6,7)
    row 6 u 2 (mod) X=0 waste=0: (5,6)-(7,7)
    row 6 u 3 (mod) X=0 waste=0: (6,6)-(8,7)
    row 6 u 5 (ghost) X=1 waste=1: (8,6)-(7,8)
    row 7 u 0 (mod) X=0 waste=0: (3,7)-(1,8)
    row 7 u 1 (mod) X=0 waste=0: (4,7)-(2,8)
    row 7 u 2 (mod) X=0 waste=0: (5,7)-(3,8)
    row 7 u 3 (mod) X=0 waste=0: (6,7)-(4,8)
    row 7 u 4 (ghost) X=1 waste=0: (7,7)-(5,8)
    row 8 u -1 (ghost) X=0 waste=0: (3,8)-(5,9)
    row 8 u 0 (mod) X=0 waste=0: (4,8)-(6,9)
    row 8 u 1 (mod) X=0 waste=0: (5,8)-(7,9)
    row 8 u 2 (mod) X=0 waste=0: (6,8)-(8,9)
    row 8 u 3 (mod) X=0 waste=0: (7,8)-(9,9)
    row 9 u 0 (mod) X=0 waste=0: (4,9)-(3,11)
    row 9 u 1 (mod) X=1 waste=0: (5,9)-(3,10)
    row 9 u 2 (mod) X=0 waste=0: (6,9)-(4,10)
    row 9 u 3 (mod) X=0 waste=0: (7,9)-(5,10)
    row 9 u 4 (ghost) X=0 waste=0: (8,9)-(6,10)
    row 9 u 5 (ghost) X=0 waste=0: (9,9)-(7,10)
    row 10 u -1 (ghost) X=1 waste=1: (4,10)-(6,11)
    row 10 u 0 (mod) X=0 waste=0: (5,10)-(7,11)
    row 10 u 1 (mod) X=0 waste=0: (6,10)-(8,11)
    row 10 u 2 (mod) X=0 waste=0: (7,10)-(9,11)
    row 10 u 3 (mod) X=0 waste=0: (8,10)-(10,11)
    row 11 u -2 (ghost) X=0 waste=0: (3,11)-(5,12)
    row 11 u -1 (ghost) X=0 waste=0: (4,11)-(6,12)
    row 11 u 0 (mod) X=0 waste=0: (5,11)-(7,12)
    row 11 u 1 (mod) X=0 waste=0: (6,11)-(8,12)
    row 11 u 2 (mod) X=0 waste=0: (7,11)-(9,12)
    row 11 u 3 (mod) X=0 waste=0: (8,11)-(10,12)
 try mean 7/6 per row
  cycle: 80 arcs, 8 rows, crossings 0, waste 0, weight 0 -> mean 0/8
    row 0 u 0 (mod) X=0 waste=0: (0,0)-(-2,1)
    row 0 u 1 (mod) X=0 waste=0: (1,0)-(-1,1)
    row 0 u 2 (mod) X=0 waste=0: (2,0)-(0,1)
    row 0 u 3 (mod) X=0 waste=0: (3,0)-(1,1)
    row 0 u 4 (ghost) X=0 waste=0: (4,0)-(2,1)
    row 0 u 5 (ghost) X=0 waste=0: (5,0)-(3,1)
    row 0 u 6 (ghost) X=0 waste=0: (6,0)-(4,1)
    row 1 u -2 (ghost) X=0 waste=0: (-2,1)-(0,2)
    row 1 u -1 (ghost) X=0 waste=0: (-1,1)-(1,2)
    row 1 u 0 (mod) X=0 waste=0: (0,1)-(2,2)
    row 1 u 1 (mod) X=0 waste=0: (1,1)-(3,2)
    row 1 u 2 (mod) X=0 waste=0: (2,1)-(4,2)
    row 1 u 3 (mod) X=0 waste=0: (3,1)-(5,2)
    row 2 u 0 (mod) X=0 waste=0: (1,2)-(-1,3)
    row 2 u 1 (mod) X=0 waste=0: (2,2)-(0,3)
    row 2 u 2 (mod) X=0 waste=0: (3,2)-(1,3)
    row 2 u 3 (mod) X=0 waste=0: (4,2)-(2,3)
    row 2 u 4 (ghost) X=0 waste=0: (5,2)-(3,3)
    row 2 u 5 (ghost) X=0 waste=0: (6,2)-(4,3)
    row 2 u 6 (ghost) X=0 waste=0: (7,2)-(5,3)
    row 3 u -2 (ghost) X=0 waste=0: (-1,3)-(1,4)
    row 3 u -1 (ghost) X=0 waste=0: (0,3)-(2,4)
    row 3 u 0 (mod) X=0 waste=0: (1,3)-(3,4)
    row 3 u 1 (mod) X=0 waste=0: (2,3)-(4,4)
    row 3 u 2 (mod) X=0 waste=0: (3,3)-(5,4)
    row 3 u 3 (mod) X=0 waste=0: (4,3)-(6,4)
    row 4 u -1 (ghost) X=0 waste=0: (1,4)-(3,5)
    row 4 u 0 (mod) X=0 waste=0: (2,4)-(4,5)
    row 4 u 1 (mod) X=0 waste=0: (3,4)-(5,5)
    row 4 u 2 (mod) X=0 waste=0: (4,4)-(6,5)
    row 4 u 3 (mod) X=0 waste=0: (5,4)-(7,5)
    row 5 u 0 (mod) X=0 waste=0: (2,5)-(0,6)
    row 5 u 1 (mod) X=0 waste=0: (3,5)-(1,6)
    row 5 u 2 (mod) X=0 waste=0: (4,5)-(2,6)
    row 5 u 3 (mod) X=0 waste=0: (5,5)-(3,6)
    row 5 u 4 (ghost) X=0 waste=0: (6,5)-(4,6)
    row 5 u 5 (ghost) X=0 waste=0: (7,5)-(5,6)
    row 6 u -1 (ghost) X=0 waste=0: (2,6)-(4,7)
    row 6 u 0 (mod) X=0 waste=0: (3,6)-(5,7)
    row 6 u 1 (mod) X=0 waste=0: (4,6)-(6,7)
    row 6 u 2 (mod) X=0 waste=0: (5,6)-(7,7)
    row 6 u 3 (mod) X=0 waste=0: (6,6)-(8,7)
    row 7 u -2 (ghost) X=0 waste=0: (1,7)-(3,8)
    row 7 u -1 (ghost) X=0 waste=0: (2,7)-(4,8)
    row 7 u 0 (mod) X=0 waste=0: (3,7)-(5,8)
    row 7 u 1 (mod) X=0 waste=0: (4,7)-(6,8)
    row 7 u 2 (mod) X=0 waste=0: (5,7)-(7,8)
    row 7 u 3 (mod) X=0 waste=0: (6,7)-(8,8)
  zero-cost cycle
 try mean 0/1 per row
RESULT A=1 WM=4 KM=1 zero lambda=1/1: min mean weight per row = 0/1 (CERTIFIED: no cycle below); per level (E units) = 0/2 = 0.0000  (270s)
total 270s
	Command being timed: "./wall 1/2 4 1 zero 8 1 60000000"
	User time (seconds): 236.86
	System time (seconds): 29.86
	Percent of CPU this job got: 98%
	Elapsed (wall clock) time (h:mm:ss or m:ss): 4:30.71
	Average shared text size (kbytes): 0
	Average unshared data size (kbytes): 0
	Average stack size (kbytes): 0
	Average total size (kbytes): 0
	Maximum resident set size (kbytes): 3736212
	Average resident set size (kbytes): 0
	Major (requiring I/O) page faults: 0
	Minor (reclaiming a frame) page faults: 3674486
	Voluntary context switches: 2
	Involuntary context switches: 11376
	Swaps: 0
	File system inputs: 8
	File system outputs: 104
	Socket messages sent: 0
	Socket messages received: 0
	Signals delivered: 0
	Page size (bytes): 4096
	Exit status: 0
exit=0
