A=1 WM=4 KM=1 MODE=nz lambda=1/2: columns u in [-3,6], 60 slots, complete squares s in [0,3], 2 cost squares per row
warm-up done: 24018140 strict seed states, largest warm layer 88330782, 533s
  ... 4194304/25582212 states, 4194305 arcs, 537s
  ... 8388608/27109578 states, 8388609 arcs, 541s
  ... 12582912/28643462 states, 12582913 arcs, 545s
  ... 16777216/30173220 states, 16777217 arcs, 550s
  ... 20971520/31681383 states, 20971521 arcs, 555s
  ... 25165824/33337465 states, 25165825 arcs, 560s
  ... 29360128/35329627 states, 29360129 arcs, 572s
  ... 33554432/37517010 states, 33919061 arcs, 578s
  ... 37748736/41202609 states, 40222817 arcs, 586s
  ... 41943040/47379298 states, 47721229 arcs, 603s
  ... 46137344/53140779 states, 55160821 arcs, 619s
  ... 50331648/57958652 states, 61574509 arcs, 631s
  ... 54525952/66055564 states, 70090790 arcs, 650s
  ... 58720256/70727664 states, 77256290 arcs, 684s
  ... 62914560/81364303 states, 88432519 arcs, 706s
  ... 67108864/93413647 states, 100982697 arcs, 730s
CAP reached: 100000002 states (processed 69148442) 745s
	Command being timed: "./wall 1 4 1 nz 8 1 100000000"
	User time (seconds): 677.39
	System time (seconds): 67.80
	Percent of CPU this job got: 99%
	Elapsed (wall clock) time (h:mm:ss or m:ss): 12:25.80
	Average shared text size (kbytes): 0
	Average unshared data size (kbytes): 0
	Average stack size (kbytes): 0
	Average total size (kbytes): 0
	Maximum resident set size (kbytes): 6297240
	Average resident set size (kbytes): 0
	Major (requiring I/O) page faults: 0
	Minor (reclaiming a frame) page faults: 7553316
	Voluntary context switches: 1
	Involuntary context switches: 3388
	Swaps: 0
	File system inputs: 0
	File system outputs: 64
	Socket messages sent: 0
	Socket messages received: 0
	Signals delivered: 0
	Page size (bytes): 4096
	Exit status: 0
exit=0
