96 720 1251 b=112
98 752 1265 b=394/3
100 775 1319 b=425/3
102 754 1310 b=108
104 776 1352 b=352/3
106 786 1383 b=344/3
108 788 1386 b=104
110 803 1402 b=319/3
112 839 1459 b=389/3
114 864 1500 b=142
116 850 1507 b=346/3
118 875 1529 b=383/3
120 872 1555 b=112
122 904 1569 b=394/3
124 927 1623 b=425/3
126 906 1614 b=108
128 928 1656 b=352/3
130 938 1687 b=344/3
132 940 1690 b=104
134 955 1706 b=319/3
136 991 1763 b=389/3
138 1016 1804 b=142
140 1002 1811 b=346/3
142 1027 1833 b=383/3
144 1024 1859 b=112
146 1056 1873 b=394/3
148 1079 1927 b=425/3
150 1058 1918 b=108
152 1080 1960 b=352/3
154 1090 1991 b=344/3
156 1092 1994 b=104
158 1107 2010 b=319/3
160 1143 2067 b=389/3
162 1168 2108 b=142
164 1154 2115 b=346/3
166 1179 2137 b=383/3
PASS: 36 tours, 4 certificate copies, all crossing increments 152, all turn increments 304.
Base component signatures: [(60, 60, 60, 60, 63, 63, 63, 63, 78, 78, 78, 78, 204)]
