96 0 (-26, 4, 6, 9) [((22, 1), (23, 3)), ((24, 2), (25, 4))] [((23, 3), (25, 4)), ((22, 1), (24, 2))]
96 1 (-26, 4, 6, 9) [((70, 91), (71, 93)), ((72, 92), (73, 94))] [((70, 91), (72, 92)), ((71, 93), (73, 94))]
96 2 (-26, 4, 6, 9) [((91, 32), (93, 31)), ((92, 30), (94, 29))] [((91, 32), (92, 30)), ((93, 31), (94, 29))]
96 3 (-26, 4, 6, 9) [((34, 1), (35, 3)), ((36, 2), (37, 4))] [((34, 1), (36, 2)), ((35, 3), (37, 4))]
96 4 (-26, 4, 6, 9) [((91, 23), (93, 22)), ((92, 21), (94, 20))] [((93, 22), (94, 20)), ((91, 23), (92, 21))]
96 5 (-26, 4, 6, 9) [((2, 70), (4, 69)), ((1, 72), (3, 71))] [((1, 72), (2, 70)), ((3, 71), (4, 69))]
96 6 (-26, 4, 6, 9) [((61, 92), (62, 94)), ((59, 91), (60, 93))] [((60, 93), (62, 94)), ((59, 91), (61, 92))]
96 7 (-26, 4, 6, 9) [((2, 58), (4, 57)), ((1, 60), (3, 59))] [((3, 59), (4, 57)), ((1, 60), (2, 58))]
96 8 (-22, 4, 6, 8) [((91, 40), (93, 39)), ((92, 38), (94, 37))] [((91, 40), (92, 38)), ((93, 39), (94, 37))]
96 9 (-16, 6, 4, 9) [((0, 12), (2, 13)), ((2, 11), (4, 12))] [((2, 13), (4, 12)), ((0, 12), (2, 11))]
96 10 (-18, 4, 6, 7) [((9, 1), (10, 3)), ((11, 2), (12, 4))] [((10, 3), (12, 4)), ((9, 1), (11, 2))]
96 11 (-16, 6, 4, 9) [((82, 93), (83, 95)), ((83, 91), (84, 93))] [((82, 93), (83, 91)), ((83, 95), (84, 93))]
96 12 (-26, 4, 6, 9) [((92, 80), (94, 81)), ((91, 78), (93, 79))] [((93, 79), (94, 81)), ((91, 78), (92, 80))]
96 13 (-16, 6, 4, 9) [((81, 4), (82, 2)), ((80, 2), (81, 0))] [((81, 0), (82, 2)), ((80, 2), (81, 4))]
96 14 (-26, 4, 6, 9) [((91, 14), (93, 13)), ((92, 12), (94, 11))] [((93, 13), (94, 11)), ((91, 14), (92, 12))]
96 15 (-16, 6, 4, 9) [((2, 82), (4, 81)), ((0, 81), (2, 80))] [((0, 81), (2, 82)), ((2, 80), (4, 81))]
96 16 (-26, 4, 6, 9) [((18, 93), (19, 91)), ((16, 94), (17, 92))] [((17, 92), (19, 91)), ((16, 94), (18, 93))]
96 17 (-12, 6, 4, 8) [((0, 21), (2, 22)), ((2, 20), (4, 21))] [((2, 22), (4, 21)), ((0, 21), (2, 20))]
96 18 (-10, -4, -6, 0) [((45, 94), (47, 93)), ((46, 92), (48, 91))] [((45, 94), (46, 92)), ((47, 93), (48, 91))]
96 19 (-10, 4, 6, 5) [((51, 91), (52, 93)), ((53, 92), (54, 94))] [((51, 91), (53, 92)), ((52, 93), (54, 94))]
96 20 (-8, 6, 12, 5) [((10, 93), (11, 91)), ((9, 91), (10, 89))] [((10, 89), (11, 91)), ((9, 91), (10, 93))]
96 21 (-6, 4, 6, 4) [((18, 1), (19, 3)), ((20, 2), (21, 4))] [((19, 3), (21, 4)), ((18, 1), (20, 2))]
96 22 (-6, 4, 6, 4) [((39, 1), (40, 3)), ((41, 2), (42, 4))] [((39, 1), (41, 2)), ((40, 3), (42, 4))]
96 23 (-2, 2, 6, 1) [((78, 4), (79, 2)), ((80, 3), (81, 1))] [((79, 2), (81, 1)), ((78, 4), (80, 3))]
96 24 (-8, -4, -4, -1) [((81, 0), (82, 2)), ((80, 2), (81, 4))] [((81, 4), (82, 2)), ((80, 2), (81, 0))]
96 25 (-2, 4, 6, 3) [((92, 71), (94, 72)), ((91, 69), (93, 70))] [((93, 70), (94, 72)), ((91, 69), (92, 71))]
96 26 (-2, 4, 6, 3) [((27, 2), (28, 4)), ((25, 1), (26, 3))] [((26, 3), (28, 4)), ((25, 1), (27, 2))]
96 27 (-2, 4, 6, 3) [((1, 69), (3, 68)), ((2, 67), (4, 66))] [((3, 68), (4, 66)), ((1, 69), (2, 67))]
96 28 (-3, 1, 7, 0) [((2, 29), (4, 30)), ((3, 31), (5, 32))] [((4, 30), (5, 32)), ((2, 29), (3, 31))]
96 29 (-2, 4, 6, 3) [((1, 89), (3, 88)), ((2, 87), (4, 86))] [((3, 88), (4, 86)), ((1, 89), (2, 87))]
96 30 (-2, 4, 6, 3) [((1, 56), (3, 55)), ((2, 54), (4, 53))] [((1, 56), (2, 54)), ((3, 55), (4, 53))]
FINAL 96 835 31
