{
  "date": "2026-10-03",
  "period": [
    2,
    4
  ],
  "edge_orbits": 19,
  "modeled_degrees_two": true,
  "max_degree": 2,
  "quotient_components": [
    {
      "vertices": 8,
      "quotient_cycle": false,
      "voltage": null
    },
    {
      "vertices": 6,
      "quotient_cycle": false,
      "voltage": null
    },
    {
      "vertices": 8,
      "quotient_cycle": false,
      "voltage": null
    }
  ],
  "no_finite_cycle": true,
  "crossing_pairs": [
    [
      [
        [
          1,
          0
        ],
        [
          3,
          1
        ]
      ],
      [
        [
          2,
          0
        ],
        [
          3,
          2
        ]
      ]
    ],
    [
      [
        [
          2,
          0
        ],
        [
          3,
          2
        ]
      ],
      [
        [
          2,
          1
        ],
        [
          4,
          2
        ]
      ]
    ]
  ],
  "crossings_per_period": 2,
  "holes_in_complete_squares": 4,
  "doubles_in_complete_squares": 4,
  "rows": [
    {
      "y": 0,
      "complete_columns": [
        0,
        1,
        2,
        3
      ],
      "multiplicities": {
        "0": [
          1,
          1,
          1,
          1
        ],
        "1": [
          1,
          1,
          1,
          1
        ],
        "2": [
          1,
          1,
          2,
          2
        ],
        "3": [
          1,
          1,
          1,
          1
        ]
      },
      "omega_integer": 2,
      "psi_mod3": 2
    },
    {
      "y": 1,
      "complete_columns": [
        1,
        2,
        3
      ],
      "multiplicities": {
        "1": [
          1,
          1,
          1,
          1
        ],
        "2": [
          2,
          2,
          1,
          1
        ],
        "3": [
          1,
          1,
          1,
          1
        ]
      },
      "omega_integer": -1,
      "psi_mod3": 2
    },
    {
      "y": 2,
      "complete_columns": [
        1,
        2,
        3,
        4
      ],
      "multiplicities": {
        "1": [
          1,
          1,
          1,
          1
        ],
        "2": [
          1,
          1,
          1,
          1
        ],
        "3": [
          1,
          1,
          0,
          0
        ],
        "4": [
          1,
          1,
          1,
          1
        ]
      },
      "omega_integer": -4,
      "psi_mod3": 2
    },
    {
      "y": 3,
      "complete_columns": [
        2,
        3,
        4
      ],
      "multiplicities": {
        "2": [
          1,
          1,
          1,
          1
        ],
        "3": [
          0,
          0,
          1,
          1
        ],
        "4": [
          1,
          1,
          1,
          1
        ]
      },
      "omega_integer": -1,
      "psi_mod3": 2
    }
  ],
  "direct_foldstack_attachments": {
    "left": [
      {
        "functional": [
          1,
          -1
        ],
        "word": [
          [
            -1,
            -2
          ],
          [
            2,
            1
          ]
        ]
      }
    ],
    "right": [
      {
        "functional": [
          1,
          -1
        ],
        "word": [
          [
            -1,
            -2
          ],
          [
            2,
            1
          ]
        ]
      }
    ]
  },
  "explicit_plane_extension": {
    "functional": "x-y",
    "even_step": [
      -1,
      -2
    ],
    "odd_step": [
      2,
      1
    ],
    "crossings_per_period": 2,
    "extra_crossings": 0,
    "checked_vertices": 96,
    "checked_quarters": 384,
    "holes_per_period": 4,
    "X1_per_period": 0,
    "W3_per_period": 0
  },
  "open_gamma_residues": [
    [
      12,
      1
    ],
    [
      13,
      1
    ],
    [
      14,
      1
    ],
    [
      15,
      1
    ],
    [
      16,
      1
    ],
    [
      17,
      1
    ],
    [
      18,
      1
    ],
    [
      19,
      1
    ],
    [
      20,
      1
    ],
    [
      21,
      1
    ],
    [
      22,
      1
    ],
    [
      23,
      1
    ],
    [
      24,
      1
    ],
    [
      25,
      1
    ],
    [
      26,
      1
    ],
    [
      27,
      1
    ],
    [
      28,
      1
    ],
    [
      29,
      1
    ],
    [
      30,
      1
    ],
    [
      31,
      1
    ],
    [
      32,
      1
    ],
    [
      33,
      1
    ],
    [
      34,
      1
    ],
    [
      35,
      1
    ],
    [
      36,
      1
    ],
    [
      37,
      1
    ],
    [
      38,
      1
    ],
    [
      39,
      1
    ],
    [
      40,
      1
    ],
    [
      41,
      1
    ],
    [
      42,
      1
    ],
    [
      43,
      1
    ],
    [
      44,
      1
    ],
    [
      45,
      1
    ],
    [
      46,
      1
    ],
    [
      47,
      1
    ],
    [
      48,
      1
    ],
    [
      49,
      1
    ],
    [
      50,
      1
    ],
    [
      51,
      1
    ],
    [
      52,
      1
    ],
    [
      53,
      1
    ],
    [
      54,
      1
    ],
    [
      55,
      1
    ],
    [
      56,
      1
    ],
    [
      57,
      1
    ],
    [
      58,
      1
    ],
    [
      59,
      1
    ],
    [
      60,
      1
    ],
    [
      61,
      1
    ],
    [
      62,
      1
    ],
    [
      63,
      1
    ],
    [
      64,
      1
    ],
    [
      65,
      1
    ],
    [
      66,
      1
    ],
    [
      67,
      1
    ],
    [
      68,
      1
    ],
    [
      69,
      1
    ],
    [
      70,
      1
    ],
    [
      71,
      1
    ],
    [
      72,
      1
    ],
    [
      73,
      1
    ],
    [
      74,
      1
    ],
    [
      75,
      1
    ],
    [
      76,
      1
    ],
    [
      77,
      1
    ],
    [
      78,
      1
    ],
    [
      79,
      1
    ],
    [
      80,
      1
    ]
  ]
}
