{
  "date": "2026-10-03",
  "N": 4,
  "max_gap": 6,
  "mode": "half",
  "seconds": 0.42692049383185804,
  "status": "OPTIMAL",
  "candidate_cuts": 88,
  "edge_variables": 152,
  "edges": [
    [
      [
        -2,
        -1
      ],
      [
        0,
        0
      ]
    ],
    [
      [
        -2,
        0
      ],
      [
        0,
        1
      ]
    ],
    [
      [
        -2,
        1
      ],
      [
        0,
        0
      ]
    ],
    [
      [
        -2,
        1
      ],
      [
        0,
        2
      ]
    ],
    [
      [
        -2,
        2
      ],
      [
        0,
        1
      ]
    ],
    [
      [
        -2,
        2
      ],
      [
        0,
        3
      ]
    ],
    [
      [
        -2,
        3
      ],
      [
        0,
        4
      ]
    ],
    [
      [
        -2,
        4
      ],
      [
        0,
        3
      ]
    ],
    [
      [
        -1,
        -1
      ],
      [
        1,
        0
      ]
    ],
    [
      [
        -1,
        2
      ],
      [
        1,
        1
      ]
    ],
    [
      [
        -1,
        4
      ],
      [
        1,
        3
      ]
    ],
    [
      [
        -1,
        5
      ],
      [
        1,
        4
      ]
    ],
    [
      [
        0,
        -2
      ],
      [
        1,
        0
      ]
    ],
    [
      [
        0,
        2
      ],
      [
        2,
        3
      ]
    ],
    [
      [
        0,
        4
      ],
      [
        2,
        3
      ]
    ],
    [
      [
        0,
        5
      ],
      [
        2,
        4
      ]
    ],
    [
      [
        0,
        6
      ],
      [
        1,
        4
      ]
    ],
    [
      [
        1,
        1
      ],
      [
        2,
        -1
      ]
    ],
    [
      [
        1,
        2
      ],
      [
        2,
        0
      ]
    ],
    [
      [
        1,
        2
      ],
      [
        3,
        3
      ]
    ],
    [
      [
        1,
        3
      ],
      [
        2,
        1
      ]
    ],
    [
      [
        1,
        6
      ],
      [
        2,
        4
      ]
    ],
    [
      [
        2,
        -2
      ],
      [
        3,
        0
      ]
    ],
    [
      [
        2,
        -1
      ],
      [
        3,
        1
      ]
    ],
    [
      [
        2,
        0
      ],
      [
        3,
        2
      ]
    ],
    [
      [
        2,
        1
      ],
      [
        3,
        3
      ]
    ],
    [
      [
        2,
        2
      ],
      [
        3,
        0
      ]
    ],
    [
      [
        2,
        2
      ],
      [
        3,
        4
      ]
    ],
    [
      [
        3,
        -2
      ],
      [
        4,
        0
      ]
    ],
    [
      [
        3,
        1
      ],
      [
        4,
        -1
      ]
    ],
    [
      [
        3,
        2
      ],
      [
        4,
        0
      ]
    ],
    [
      [
        3,
        4
      ],
      [
        4,
        2
      ]
    ],
    [
      [
        3,
        6
      ],
      [
        4,
        4
      ]
    ],
    [
      [
        4,
        1
      ],
      [
        5,
        -1
      ]
    ],
    [
      [
        4,
        1
      ],
      [
        6,
        0
      ]
    ],
    [
      [
        4,
        2
      ],
      [
        5,
        0
      ]
    ],
    [
      [
        4,
        3
      ],
      [
        5,
        5
      ]
    ],
    [
      [
        4,
        3
      ],
      [
        6,
        2
      ]
    ],
    [
      [
        4,
        4
      ],
      [
        5,
        6
      ]
    ]
  ],
  "cuts": [
    [
      [
        0,
        3,
        "RT"
      ],
      [
        1,
        3,
        "LB"
      ],
      [
        1,
        2,
        "RT"
      ],
      [
        2,
        2,
        "LB"
      ],
      [
        2,
        1,
        "RT"
      ],
      [
        3,
        1,
        "LB"
      ],
      [
        3,
        0,
        "RT"
      ]
    ]
  ],
  "bad_quarters": [
    [
      2,
      2,
      3
    ]
  ],
  "quarter_multiplicities": {
    "(0, 0)": [
      0,
      0,
      0,
      0
    ],
    "(0, 1)": [
      1,
      0,
      0,
      1
    ],
    "(0, 2)": [
      1,
      1,
      0,
      0
    ],
    "(0, 3)": [
      1,
      1,
      1,
      1
    ],
    "(1, 0)": [
      1,
      1,
      1,
      1
    ],
    "(1, 1)": [
      1,
      1,
      1,
      1
    ],
    "(1, 2)": [
      2,
      1,
      1,
      2
    ],
    "(1, 3)": [
      1,
      0,
      0,
      1
    ],
    "(2, 0)": [
      1,
      2,
      2,
      1
    ],
    "(2, 1)": [
      2,
      1,
      1,
      2
    ],
    "(2, 2)": [
      1,
      1,
      2,
      2
    ],
    "(2, 3)": [
      1,
      1,
      0,
      0
    ],
    "(3, 0)": [
      1,
      1,
      1,
      1
    ],
    "(3, 1)": [
      1,
      0,
      0,
      1
    ],
    "(3, 2)": [
      0,
      1,
      1,
      0
    ],
    "(3, 3)": [
      1,
      0,
      0,
      1
    ]
  }
}
