✔ [8959/8985] Built Ktlean.Strip (32s)
✔ [8960/8985] Built Ktlean.Basic (20s)
✔ [8961/8985] Built Ktlean.Tiles (78s)
✔ [8962/8985] Built Ktlean.TwoFactor (28s)
✔ [8963/8985] Built Ktlean.Tour (27s)
✔ [8964/8985] Built Ktlean.CrossCore (58s)
✔ [8965/8985] Built Ktlean.CornerTurns (36s)
✔ [8966/8985] Built Ktlean.Example (25s)
✔ [8967/8985] Built Ktlean.Crossings (31s)
✔ [8968/8985] Built Ktlean.Turns28 (38s)
✔ [8969/8985] Built Ktlean.Flux (54s)
✔ [8970/8985] Built Ktlean.LoopCert (25s)
✔ [8971/8985] Built Ktlean.TileBudget (31s)
✔ [8972/8985] Built Ktlean.Loop (36s)
✔ [8973/8985] Built Ktlean.Square (30s)
✔ [8974/8985] Built Ktlean.Corner (51s)
✔ [8975/8985] Built Ktlean.CornerRow (33s)
✔ [8976/8985] Built Ktlean.Rotate (27s)
✔ [8977/8985] Built Ktlean.Boundary (32s)
✔ [8978/8985] Built Ktlean.Overlap (23s)
✔ [8979/8985] Built Ktlean.Frames (26s)
✔ [8980/8985] Built Ktlean.Assembly (23s)
✔ [8981/8985] Built Ktlean.EndTest (30s)
✔ [8982/8985] Built Ktlean.Main (41s)
✔ [8983/8985] Built Ktlean.TourMain (28s)
✔ [8984/8985] Built Ktlean (21s)
Build completed successfully (8985 jobs).
