{
 "date": "2026-10-03",
 "fields": [
  {
   "word": "H",
   "vertical_current_per_row": "0",
   "period": 2,
   "signed_V_count": 0,
   "alternations": 0
  },
  {
   "word": "V",
   "vertical_current_per_row": "0",
   "period": 2,
   "signed_V_count": 0,
   "alternations": 0
  },
  {
   "word": "HV",
   "vertical_current_per_row": "3/2",
   "period": 2,
   "signed_V_count": -1,
   "alternations": 2
  },
  {
   "word": "HHVV",
   "vertical_current_per_row": "0",
   "period": 4,
   "signed_V_count": 0,
   "alternations": 2
  },
  {
   "word": "HHV",
   "vertical_current_per_row": "0",
   "period": 6,
   "signed_V_count": 0,
   "alternations": 2
  },
  {
   "word": "HVVVHV",
   "vertical_current_per_row": "1",
   "period": 6,
   "signed_V_count": -2,
   "alternations": 4
  },
  {
   "word": "HVHHHV",
   "vertical_current_per_row": "1",
   "period": 6,
   "signed_V_count": -2,
   "alternations": 4
  },
  {
   "word": "VVHHVHVV",
   "vertical_current_per_row": "-3/8",
   "period": 8,
   "signed_V_count": 1,
   "alternations": 4
  },
  {
   "word": "VHHVVHVH",
   "vertical_current_per_row": "-3/4",
   "period": 8,
   "signed_V_count": 2,
   "alternations": 6
  },
  {
   "word": "HVVH",
   "vertical_current_per_row": "0",
   "period": 4,
   "signed_V_count": 0,
   "alternations": 2
  }
 ],
 "words_checked": 510,
 "zero_current_mixed_words": 252,
 "small_nonzero_current_family": [
  {
   "length": 10,
   "current": "3/10",
   "alternations": 8
  },
  {
   "length": 18,
   "current": "1/6",
   "alternations": 16
  },
  {
   "length": 34,
   "current": "3/34",
   "alternations": 32
  },
  {
   "length": 66,
   "current": "1/22",
   "alternations": 64
  }
 ],
 "three_corner_ribbon": {
  "0": [
   56,
   [
    41,
    [
     [
      41,
      1
     ]
    ]
   ],
   [
    96,
    [
     [
      96,
      56
     ]
    ]
   ]
  ],
  "1": [
   18,
   [
    79,
    [
     [
      119,
      79
     ]
    ]
   ],
   [
    96,
    [
     [
      136,
      96
     ],
     [
      102,
      62
     ]
    ]
   ]
  ],
  "2": [
   56,
   [
    41,
    [
     [
      197,
      157
     ]
    ]
   ],
   [
    96,
    [
     [
      142,
      102
     ]
    ]
   ]
  ],
  "3": [
   0,
   null,
   null
  ]
 },
 "S_minus_B_pair": [
  [
   [
    0,
    0
   ],
   [
    2,
    1
   ]
  ],
  [
   [
    1,
    0
   ],
   [
    2,
    2
   ]
  ],
  [
   [
    1,
    0,
    "L"
   ],
   [
    1,
    0,
    "T"
   ]
  ]
 ],
 "conditional_fraction_check": "PASS"
}
