1 17536 2.27
2 5078 4.13
3 2390 4.49
4 4968 5.55
5 2340 5.8
6 5078 7.49
7 4968 8.62
8 2390 8.94
9 2340 9.18
10 448 9.23
11 442 9.27
12 442 9.31
13 436 9.35
14 5078 11.22
15 4968 12.24
16 2390 12.71
17 2340 12.97
18 1701 18.57
19 1701 20.31
20 733 20.84
21 733 21.1
22 733 21.61
23 733 21.87
24 351 21.95
25 351 22.02
26 1701 23.82
27 1701 24.46
28 733 24.73
29 733 24.86
30 733 25.08
31 733 25.19
32 351 25.24
33 351 25.27
34 1644 25.91
35 794 26.06
36 794 26.2
37 416 26.23
38 172 26.27
39 76 26.28
40 172 26.3
41 76 26.3
42 5078 28.33
43 2390 28.71
44 4968 29.74
45 2340 30.01
46 1644 30.65
47 794 30.78
48 794 30.9
49 416 30.94
50 1701 36.2
51 1701 38.06
52 733 38.58
53 733 38.84
54 733 39.31
55 733 39.53
56 351 39.62
57 351 39.67
58 1701 41.6
59 1701 42.26
60 733 42.47
61 733 42.61
62 733 42.83
63 733 42.94
64 351 42.98
65 351 43.02
66 172 43.06
67 172 43.08
68 76 43.08
69 76 43.09
70 448 43.14
71 442 43.19
72 442 43.22
73 436 43.26
74 172 43.29
75 172 43.31
76 76 43.32
77 76 43.32
78 172 43.36
79 76 43.36
80 172 43.38
81 76 43.39
82 12 43.39
TOTAL 117612
