kind edge A=0 W=3 OFF=0 positions/row 5: 0b(up0,dn0) 1b(up1,dn0) 2b(up1,dn0) 3g(up0,dn1) 4g(up0,dn1)
warm-up states 4013, steady seeds 432
states 4104 edges 4605 arena 0MB, BFS 0s
steady states 4104 of 4104
  current -4: core 10
    howard: 0 iterations, cycle 6/10, 0.0s
    certified 6/10 after 0 refinements, 0.0s
  current -3: core 112
    howard: 3 iterations, cycle 5/10, 0.0s
    certified 5/10 after 0 refinements, 0.0s
  current -2: core 434
    howard: 4 iterations, cycle 8/20, 0.0s
    certified 8/20 after 0 refinements, 0.0s
  current -1: core 676
    howard: 2 iterations, cycle 2/10, 0.0s
    certified 2/10 after 0 refinements, 0.0s
  current 0: core 434
    howard: 4 iterations, cycle 8/20, 0.0s
    certified 8/20 after 0 refinements, 0.0s
  current 1: core 112
    howard: 3 iterations, cycle 5/10, 0.0s
    certified 5/10 after 0 refinements, 0.0s
  current 2: core 10
    howard: 0 iterations, cycle 6/10, 0.0s
    certified 6/10 after 0 refinements, 0.0s
