kind edgeB A=0 W=5 OFF=0 positions/row 6: 0b(up0,dn0) 1b(up0,dn0) 2b(up0,dn0) 3b(up0,dn0) 4b(up1,dn0) 5g(up0,dn1)
warm-up states 4063065, steady seeds 460364
  q=2000000 states=3893282 edges=4340412 arena=90MB 17s
  q=4000000 states=6631796 edges=8443625 arena=153MB 33s
  q=6000000 states=7877194 edges=10288284 arena=183MB 43s
  q=8000000 states=9487744 edges=12190775 arena=219MB 55s
  q=10000000 states=11985566 edges=15097974 arena=276MB 67s
  q=12000000 states=14995556 edges=19538456 arena=345MB 84s
  q=14000000 states=18666615 edges=24892832 arena=432MB 111s
  q=16000000 states=20999210 edges=28693763 arena=485MB 125s
  q=18000000 states=22833996 edges=32271515 arena=528MB 138s
  q=20000000 states=24206850 edges=34300518 arena=561MB 148s
  q=22000000 states=25251214 edges=36156240 arena=588MB 159s
  q=24000000 states=26455270 edges=38062601 arena=615MB 167s
  q=26000000 states=28448576 edges=40227372 arena=661MB 177s
  q=28000000 states=31026653 edges=43135369 arena=721MB 191s
  q=30000000 states=33394461 edges=47171179 arena=776MB 210s
  q=32000000 states=36230521 edges=51865918 arena=843MB 242s
  q=34000000 states=39442456 edges=56949221 arena=921MB 260s
  q=36000000 states=42435343 edges=61316547 arena=993MB 277s
  q=38000000 states=44621820 edges=65167775 arena=1045MB 293s
  q=40000000 states=46549306 edges=68513298 arena=1092MB 308s
  q=42000000 states=47470214 edges=70243270 arena=1115MB 317s
  q=44000000 states=48211354 edges=71854726 arena=1134MB 326s
  q=46000000 states=48766251 edges=73320335 arena=1148MB 335s
  q=48000000 states=50484616 edges=75221043 arena=1188MB 343s
  q=50000000 states=52723168 edges=77613703 arena=1242MB 354s
  q=52000000 states=55029680 edges=80637567 arena=1297MB 367s
  q=54000000 states=56785568 edges=84096772 arena=1339MB 383s
  q=56000000 states=60025755 edges=89453306 arena=1418MB 404s
  q=58000000 states=62826954 edges=94132266 arena=1487MB 428s
  q=60000000 states=64493123 edges=97409339 arena=1527MB 441s
  q=62000000 states=66019682 edges=100450939 arena=1563MB 455s
  q=64000000 states=66907849 edges=102168392 arena=1586MB 466s
  q=66000000 states=67654887 edges=103831316 arena=1605MB 513s
  q=68000000 states=69801442 edges=106052416 arena=1655MB 523s
  q=70000000 states=72113535 edges=109273090 arena=1711MB 537s
  q=72000000 states=74384046 edges=113426699 arena=1766MB 554s
  q=74000000 states=76906339 edges=117904439 arena=1827MB 576s
  q=76000000 states=78409046 edges=121338405 arena=1863MB 591s
  q=78000000 states=79289624 edges=123230015 arena=1885MB 602s
  q=80000000 states=80824577 edges=125239074 arena=1921MB 611s
  q=82000000 states=83174099 edges=129383815 arena=1978MB 629s
  q=84000000 states=84210331 edges=131888216 arena=2003MB 640s
  q=86000000 states=86021380 edges=135088723 arena=2047MB 661s
states 86091615 edges 135222439 arena 2048MB, BFS 662s
steady states 86091615 of 86091615
  current -1: core 53679790
    howard: 16 iterations, cycle 11/36, 268.2s
    certified 11/36 after 0 refinements, 276.9s
1022.83s 12633092KB
exit=0
