kind mid A=0 W=3 OFF=-1 positions/row 5: -1g(up1,dn0) 0b(up0,dn1) 1b(up0,dn0) 2b(up0,dn1) 3g(up1,dn0)
states 10835 edges 15019 arena 0MB, BFS 0s
  current -4: core 10
    howard: 0 iterations, cycle 4/10, 0.0s
    certified 4/10 after 0 refinements, 0.0s
  current -3: core 100
    howard: 0 iterations, cycle 7/20, 0.0s
    certified 7/20 after 0 refinements, 0.0s
  current -2: core 410
    howard: 4 iterations, cycle 2/10, 0.0s
    certified 2/10 after 0 refinements, 0.0s
  current -1: core 900
    howard: 200 iterations, cycle 3/20, 0.0s
    certified 3/20 after 0 refinements, 0.0s
  current 0: core 1160
    howard: 6 iterations, cycle 0/10, 0.0s
    certified 0/10 after 0 refinements, 0.0s
  current 1: core 900
    howard: 200 iterations, cycle 3/20, 0.0s
    certified 3/20 after 0 refinements, 0.0s
  current 2: core 410
    howard: 4 iterations, cycle 2/10, 0.0s
    certified 2/10 after 0 refinements, 0.0s
  current 3: core 100
    howard: 1 iterations, cycle 7/20, 0.0s
    certified 7/20 after 0 refinements, 0.0s
  current 4: core 10
    howard: 0 iterations, cycle 4/10, 0.0s
    certified 4/10 after 0 refinements, 0.0s
