kind edge A=0 W=4 OFF=0 positions/row 6: 0b(up0,dn0) 1b(up0,dn0) 2b(up1,dn0) 3b(up1,dn0) 4g(up0,dn1) 5g(up0,dn1)
warm-up states 41345, steady seeds 13328
states 166789 edges 209257 arena 3MB, BFS 1s
steady states 166789 of 166789
  current -4: core 12
    howard: 0 iterations, cycle 7/12, 0.0s
    certified 7/12 after 0 refinements, 0.0s
  current -3: core 445
    howard: 4 iterations, cycle 6/12, 0.0s
    certified 6/12 after 0 refinements, 0.0s
  current -2: core 3281
    howard: 7 iterations, cycle 5/12, 0.0s
    certified 5/12 after 0 refinements, 0.0s
  current -1: core 9355
    howard: 8 iterations, cycle 8/24, 0.0s
    certified 8/24 after 0 refinements, 0.0s
  current 0: core 13000
    howard: 7 iterations, cycle 2/12, 0.0s
    certified 2/12 after 0 refinements, 0.0s
  current 1: core 9355
    howard: 7 iterations, cycle 8/24, 0.0s
    certified 8/24 after 0 refinements, 0.0s
  current 2: core 3281
    howard: 7 iterations, cycle 5/12, 0.0s
    certified 5/12 after 0 refinements, 0.0s
  current 3: core 445
    howard: 4 iterations, cycle 6/12, 0.0s
    certified 6/12 after 0 refinements, 0.0s
  current 4: core 12
    howard: 0 iterations, cycle 7/12, 0.0s
    certified 7/12 after 0 refinements, 0.0s
