+1 \H \HHV x1:OPTIMAL:7.0:7.0:ends4:1.7500
+1 \H \HVV x1:OPTIMAL:6.0:6.0:ends8:0.7500
+1 \V \HHV x1:OPTIMAL:6.0:6.0:ends8:0.7500
+1 \V \HVV x1:OPTIMAL:7.0:7.0:ends4:1.7500
+1 \HV \H x1:INFEASIBLE:None:None:ends2:-
+1 \HV \V x1:INFEASIBLE:None:None:ends2:-
+1 \HV \HHV x1:INFEASIBLE:None:None:ends6:-
+1 \HV \HVV x1:INFEASIBLE:None:None:ends6:-
+1 \HHV \H x1:OPTIMAL:7.0:7.0:ends4:1.7500
+1 \HHV \V x1:OPTIMAL:6.0:6.0:ends8:0.7500
+1 \HHV \HVV x1:OPTIMAL:8.0:8.0:ends4:2.0000
+1 \HVV \H x1:OPTIMAL:6.0:6.0:ends8:0.7500
+1 \HVV \V x1:OPTIMAL:7.0:7.0:ends4:1.7500
+1 \HVV \HHV x1:OPTIMAL:8.0:8.0:ends4:2.0000
-1 /H /HV x1:INFEASIBLE:None:None:ends2:-
-1 /H /HHV x1:OPTIMAL:7.0:7.0:ends4:1.7500
-1 /H /HVV x1:OPTIMAL:6.0:6.0:ends8:0.7500
-1 /V /HV x1:INFEASIBLE:None:None:ends2:-
-1 /V /HHV x1:OPTIMAL:6.0:6.0:ends8:0.7500
-1 /V /HVV x1:OPTIMAL:7.0:7.0:ends4:1.7500
-1 /HHV /H x1:OPTIMAL:7.0:7.0:ends4:1.7500
-1 /HHV /V x1:OPTIMAL:6.0:6.0:ends8:0.7500
-1 /HHV /HV x1:INFEASIBLE:None:None:ends6:-
-1 /HHV /HVV x1:OPTIMAL:8.0:8.0:ends4:2.0000
-1 /HVV /H x1:OPTIMAL:6.0:6.0:ends8:0.7500
-1 /HVV /V x1:OPTIMAL:7.0:7.0:ends4:1.7500
-1 /HVV /HV x1:INFEASIBLE:None:None:ends6:-
-1 /HVV /HHV x1:OPTIMAL:8.0:8.0:ends4:2.0000
+1/2 /V \HV x1:INFEASIBLE:None:None:ends8:-
+1/2 /V \HHV x1:OPTIMAL:5.0:5.0:ends4:1.2500
+1/2 /V \HVV x1:INFEASIBLE:None:None:ends4:-
+1/2 \H \HV x1:FIELD-CONFLICT:None:None:ends6:-
+1/2 \H \HHV x1:INFEASIBLE:None:None:ends2:-
+1/2 \H \HVV x1:OPTIMAL:3.0:3.0:ends4:0.7500
+1/2 \V \HV x1:FIELD-CONFLICT:None:None:ends6:-
+1/2 \V \HHV x1:OPTIMAL:3.0:3.0:ends4:0.7500
+1/2 \V \HVV x1:INFEASIBLE:None:None:ends2:-
+1/2 /HV \HHV x1:INFEASIBLE:None:None:ends8:-
+1/2 /HV \HVV x1:INFEASIBLE:None:None:ends8:-
+1/2 /HHV \HV x1:INFEASIBLE:None:None:ends24:-
+1/2 /HHV \HHV x1:OPTIMAL:12.0:12.0:ends12:1.0000
+1/2 /HHV \HVV x1:INFEASIBLE:None:None:ends12:-
+1/2 /HVV \HV x1:INFEASIBLE:None:None:ends24:-
+1/2 /HVV \HHV x1:INFEASIBLE:None:None:ends12:-
+1/2 /HVV \HVV x1:OPTIMAL:13.0:13.0:ends12:1.0833
+1/2 \HV /V x1:INFEASIBLE:None:None:ends8:-
+1/2 \HV \H x1:FIELD-CONFLICT:None:None:ends6:-
+1/2 \HV \V x1:FIELD-CONFLICT:None:None:ends6:-
+1/2 \HV /HHV x1:INFEASIBLE:None:None:ends24:-
+1/2 \HV /HVV x1:INFEASIBLE:None:None:ends24:-
+1/2 \HV \HHV x1:FIELD-CONFLICT:None:None:ends6:-
+1/2 \HV \HVV x1:FIELD-CONFLICT:None:None:ends6:-
+1/2 \HHV /V x1:OPTIMAL:5.0:5.0:ends4:1.2500
+1/2 \HHV \H x1:INFEASIBLE:None:None:ends2:-
+1/2 \HHV \V x1:OPTIMAL:3.0:3.0:ends4:0.7500
+1/2 \HHV /HV x1:INFEASIBLE:None:None:ends8:-
+1/2 \HHV /HHV x1:OPTIMAL:12.0:12.0:ends12:1.0000
+1/2 \HHV /HVV x1:INFEASIBLE:None:None:ends12:-
+1/2 \HHV \HV x1:FIELD-CONFLICT:None:None:ends6:-
+1/2 \HHV \HVV x1:INFEASIBLE:None:None:ends2:-
+1/2 \HVV /V x1:INFEASIBLE:None:None:ends4:-
+1/2 \HVV \H x1:FIELD-CONFLICT:None:None:ends4:-
+1/2 \HVV \V x1:FIELD-CONFLICT:None:None:ends2:-
+1/2 \HVV /HV x1:INFEASIBLE:None:None:ends8:-
+1/2 \HVV /HHV x1:INFEASIBLE:None:None:ends12:-
+1/2 \HVV /HVV x1:OPTIMAL:14.0:14.0:ends12:1.1667
+1/2 \HVV \HV x1:FIELD-CONFLICT:None:None:ends6:-
+1/2 \HVV \HHV x1:FIELD-CONFLICT:None:None:ends2:-
-1/2 /H /HV x1:FIELD-CONFLICT:None:None:ends6:-
-1/2 /H /HHV x1:INFEASIBLE:None:None:ends2:-
-1/2 /H /HVV x1:FIELD-CONFLICT:None:None:ends4:-
-1/2 /V /HV x1:FIELD-CONFLICT:None:None:ends6:-
-1/2 /V /HHV x1:OPTIMAL:3.0:3.0:ends4:0.7500
-1/2 /V /HVV x1:FIELD-CONFLICT:None:None:ends2:-
-1/2 \V /HV x1:INFEASIBLE:None:None:ends8:-
-1/2 \V /HHV x1:OPTIMAL:5.0:5.0:ends4:1.2500
-1/2 \V /HVV x1:INFEASIBLE:None:None:ends4:-
-1/2 /HV /H x1:FIELD-CONFLICT:None:None:ends6:-
-1/2 /HV /V x1:FIELD-CONFLICT:None:None:ends6:-
-1/2 /HV \V x1:INFEASIBLE:None:None:ends8:-
-1/2 /HV /HHV x1:FIELD-CONFLICT:None:None:ends6:-
-1/2 /HV /HVV x1:FIELD-CONFLICT:None:None:ends6:-
-1/2 /HV \HHV x1:INFEASIBLE:None:None:ends24:-
-1/2 /HV \HVV x1:INFEASIBLE:None:None:ends24:-
-1/2 /HHV /H x1:INFEASIBLE:None:None:ends2:-
-1/2 /HHV /V x1:OPTIMAL:3.0:3.0:ends4:0.7500
-1/2 /HHV \V x1:OPTIMAL:5.0:5.0:ends4:1.2500
-1/2 /HHV /HV x1:FIELD-CONFLICT:None:None:ends6:-
-1/2 /HHV /HVV x1:FIELD-CONFLICT:None:None:ends2:-
-1/2 /HHV \HV x1:INFEASIBLE:None:None:ends8:-
-1/2 /HHV \HHV x1:OPTIMAL:12.0:12.0:ends12:1.0000
-1/2 /HHV \HVV x1:INFEASIBLE:None:None:ends12:-
-1/2 /HVV /H x1:OPTIMAL:3.0:3.0:ends4:0.7500
-1/2 /HVV /V x1:INFEASIBLE:None:None:ends2:-
-1/2 /HVV \V x1:INFEASIBLE:None:None:ends4:-
-1/2 /HVV /HV x1:FIELD-CONFLICT:None:None:ends6:-
-1/2 /HVV /HHV x1:INFEASIBLE:None:None:ends2:-
-1/2 /HVV \HV x1:INFEASIBLE:None:None:ends8:-
-1/2 /HVV \HHV x1:INFEASIBLE:None:None:ends12:-
-1/2 /HVV \HVV x1:OPTIMAL:13.0:13.0:ends12:1.0833
-1/2 \HV /HHV x1:INFEASIBLE:None:None:ends8:-
-1/2 \HV /HVV x1:INFEASIBLE:None:None:ends8:-
-1/2 \HHV /HV x1:INFEASIBLE:None:None:ends24:-
-1/2 \HHV /HHV x1:OPTIMAL:12.0:12.0:ends12:1.0000
-1/2 \HHV /HVV x1:INFEASIBLE:None:None:ends12:-
-1/2 \HVV /HV x1:INFEASIBLE:None:None:ends24:-
-1/2 \HVV /HHV x1:INFEASIBLE:None:None:ends12:-
-1/2 \HVV /HVV x1:OPTIMAL:14.0:14.0:ends12:1.1667
+2 /H \HV x1:INFEASIBLE:None:None:ends8:-
+2 \H \HV x1:FIELD-CONFLICT:None:None:ends6:-
+2 \H \HHV x1:FIELD-CONFLICT:None:None:ends2:-
+2 \H \HVV x1:FIELD-CONFLICT:None:None:ends4:-
+2 \V \HV x1:FIELD-CONFLICT:None:None:ends6:-
+2 \V \HHV x1:OPTIMAL:3.0:3.0:ends4:0.7500
+2 \V \HVV x1:INFEASIBLE:None:None:ends2:-
+2 /HV \HV x1:INFEASIBLE:None:None:ends8:-
+2 /HHV \HV x1:INFEASIBLE:None:None:ends24:-
+2 /HVV \HV x1:INFEASIBLE:None:None:ends24:-
+2 \HV /H x1:INFEASIBLE:None:None:ends8:-
+2 \HV \H x1:FIELD-CONFLICT:None:None:ends6:-
+2 \HV \V x1:FIELD-CONFLICT:None:None:ends6:-
+2 \HV /HV x1:INFEASIBLE:None:None:ends8:-
+2 \HV /HHV x1:INFEASIBLE:None:None:ends24:-
+2 \HV /HVV x1:INFEASIBLE:None:None:ends24:-
+2 \HV \HHV x1:FIELD-CONFLICT:None:None:ends6:-
+2 \HV \HVV x1:FIELD-CONFLICT:None:None:ends6:-
+2 \HHV \H x1:FIELD-CONFLICT:None:None:ends2:-
+2 \HHV \V x1:OPTIMAL:3.0:3.0:ends4:0.7500
+2 \HHV \HV x1:FIELD-CONFLICT:None:None:ends6:-
+2 \HHV \HVV x1:INFEASIBLE:None:None:ends2:-
+2 \HVV /H x1:OPTIMAL:4.0:4.0:ends4:1.0000
+2 \HVV \H x1:FIELD-CONFLICT:None:None:ends4:-
+2 \HVV \V x1:FIELD-CONFLICT:None:None:ends2:-
+2 \HVV /HV x1:INFEASIBLE:None:None:ends8:-
+2 \HVV /HHV x1:INFEASIBLE:None:None:ends12:-
+2 \HVV /HVV x1:OPTIMAL:12.0:12.0:ends12:1.0000
+2 \HVV \HV x1:FIELD-CONFLICT:None:None:ends6:-
+2 \HVV \HHV x1:FIELD-CONFLICT:None:None:ends2:-
-2 /H /HV x1:FIELD-CONFLICT:None:None:ends6:-
-2 /H /HHV x1:FIELD-CONFLICT:None:None:ends2:-
-2 /H /HVV x1:FIELD-CONFLICT:None:None:ends4:-
-2 /V /HV x1:FIELD-CONFLICT:None:None:ends6:-
-2 /V /HHV x1:OPTIMAL:3.0:3.0:ends4:0.7500
-2 /V /HVV x1:FIELD-CONFLICT:None:None:ends2:-
-2 \H /HV x1:INFEASIBLE:None:None:ends8:-
-2 \H /HVV x1:OPTIMAL:4.0:4.0:ends4:1.0000
-2 /HV /H x1:FIELD-CONFLICT:None:None:ends6:-
-2 /HV /V x1:FIELD-CONFLICT:None:None:ends6:-
-2 /HV \H x1:INFEASIBLE:None:None:ends8:-
-2 /HV /HHV x1:FIELD-CONFLICT:None:None:ends6:-
-2 /HV /HVV x1:FIELD-CONFLICT:None:None:ends6:-
-2 /HV \HV x1:INFEASIBLE:None:None:ends8:-
-2 /HV \HHV x1:INFEASIBLE:None:None:ends24:-
-2 /HV \HVV x1:INFEASIBLE:None:None:ends24:-
-2 /HHV /H x1:FIELD-CONFLICT:None:None:ends2:-
-2 /HHV /V x1:OPTIMAL:3.0:3.0:ends4:0.7500
-2 /HHV /HV x1:FIELD-CONFLICT:None:None:ends6:-
-2 /HHV /HVV x1:FIELD-CONFLICT:None:None:ends2:-
-2 /HVV /H x1:FIELD-CONFLICT:None:None:ends4:-
-2 /HVV /V x1:INFEASIBLE:None:None:ends2:-
-2 /HVV /HV x1:FIELD-CONFLICT:None:None:ends6:-
-2 /HVV /HHV x1:INFEASIBLE:None:None:ends2:-
-2 \HV /HV x1:INFEASIBLE:None:None:ends8:-
-2 \HV /HVV x1:INFEASIBLE:None:None:ends8:-
-2 \HHV /HV x1:INFEASIBLE:None:None:ends24:-
-2 \HHV /HVV x1:INFEASIBLE:None:None:ends12:-
-2 \HVV /HV x1:INFEASIBLE:None:None:ends24:-
-2 \HVV /HVV x1:OPTIMAL:12.0:12.0:ends12:1.0000
exit=0
