band |h| <= 2; columns: slope, F1 (side h<0), F2, period vector, status, crossings/period, absorbed ends/period, crossings per absorbed end
0     /H    /V    T=(2, 0) OPTIMAL    3.0 (bound 3.0) ends 4 per end 0.75   [per multiplier: x1:None x2:0.75]
0     /H    \H    T=(1, 0) OPTIMAL    0.0 (bound 0.0) ends 2 per end 0.0   [per multiplier: x1:0.0 x2:0.0]
0     /H    \V    T=(2, 0) OPTIMAL    3.0 (bound 3.0) ends 4 per end 0.75   [per multiplier: x1:None x2:0.75]
0     /H    /HV   T=(2, 0) INFEASIBLE None (bound None) ends 2 per end None   [per multiplier: x1:None x2:None]
0     /H    /HHV  T=(6, 0) OPTIMAL    8.0 (bound 8.0) ends 4 per end 2.0   [per multiplier: x1:None x2:2.0]
0     /H    /HVV  T=(3, 0) OPTIMAL    3.0 (bound 3.0) ends 4 per end 0.75   [per multiplier: x1:0.75 x2:0.75]
0     /H    \HV   T=(2, 0) INFEASIBLE None (bound None) ends 4 per end None   [per multiplier: x1:None x2:None]
0     /H    \HHV  T=(6, 0) OPTIMAL    8.0 (bound 8.0) ends 12 per end 0.6667   [per multiplier: x1:None x2:0.667]
0     /H    \HVV  T=(3, 0) OPTIMAL    3.0 (bound 3.0) ends 6 per end 0.5   [per multiplier: x1:0.5 x2:0.5]
0     /V    /H    T=(2, 0) OPTIMAL    3.0 (bound 3.0) ends 4 per end 0.75   [per multiplier: x1:None x2:0.75]
0     /V    \H    T=(2, 0) OPTIMAL    3.0 (bound 3.0) ends 4 per end 0.75   [per multiplier: x1:None x2:0.75]
0     /V    \V    T=(1, 0) OPTIMAL    1.0 (bound 1.0) ends 2 per end 0.5   [per multiplier: x1:0.5 x2:0.5]
0     /V    /HV   T=(2, 0) INFEASIBLE None (bound None) ends 2 per end None   [per multiplier: x1:None x2:None]
0     /V    /HHV  T=(3, 0) OPTIMAL    3.0 (bound 3.0) ends 4 per end 0.75   [per multiplier: x1:0.75 x2:0.75]
0     /V    /HVV  T=(6, 0) OPTIMAL    8.0 (bound 8.0) ends 4 per end 2.0   [per multiplier: x1:None x2:2.0]
0     /V    \HV   T=(2, 0) INFEASIBLE None (bound None) ends 4 per end None   [per multiplier: x1:None x2:None]
0     /V    \HHV  T=(6, 0) OPTIMAL    9.0 (bound 9.0) ends 12 per end 0.75   [per multiplier: x1:1.0 x2:0.75]
0     /V    \HVV  T=(6, 0) OPTIMAL    11.0 (bound 11.0) ends 12 per end 0.9167   [per multiplier: x1:None x2:0.917]
0     \H    /H    T=(1, 0) OPTIMAL    0.0 (bound 0.0) ends 2 per end 0.0   [per multiplier: x1:0.0 x2:0.0]
0     \H    /V    T=(2, 0) OPTIMAL    3.0 (bound 3.0) ends 4 per end 0.75   [per multiplier: x1:None x2:0.75]
0     \H    \V    T=(2, 0) OPTIMAL    3.0 (bound 3.0) ends 4 per end 0.75   [per multiplier: x1:None x2:0.75]
0     \H    /HV   T=(2, 0) INFEASIBLE None (bound None) ends 4 per end None   [per multiplier: x1:None x2:None]
0     \H    /HHV  T=(6, 0) OPTIMAL    8.0 (bound 8.0) ends 12 per end 0.6667   [per multiplier: x1:None x2:0.667]
0     \H    /HVV  T=(3, 0) OPTIMAL    3.0 (bound 3.0) ends 6 per end 0.5   [per multiplier: x1:0.5 x2:0.5]
0     \H    \HV   T=(2, 0) INFEASIBLE None (bound None) ends 2 per end None   [per multiplier: x1:None x2:None]
0     \H    \HHV  T=(6, 0) OPTIMAL    8.0 (bound 8.0) ends 4 per end 2.0   [per multiplier: x1:None x2:2.0]
0     \H    \HVV  T=(3, 0) OPTIMAL    3.0 (bound 3.0) ends 4 per end 0.75   [per multiplier: x1:0.75 x2:0.75]
0     \V    /H    T=(2, 0) OPTIMAL    3.0 (bound 3.0) ends 4 per end 0.75   [per multiplier: x1:None x2:0.75]
0     \V    /V    T=(1, 0) OPTIMAL    1.0 (bound 1.0) ends 2 per end 0.5   [per multiplier: x1:0.5 x2:0.5]
0     \V    \H    T=(2, 0) OPTIMAL    3.0 (bound 3.0) ends 4 per end 0.75   [per multiplier: x1:None x2:0.75]
0     \V    /HV   T=(2, 0) INFEASIBLE None (bound None) ends 4 per end None   [per multiplier: x1:None x2:None]
0     \V    /HHV  T=(6, 0) OPTIMAL    9.0 (bound 9.0) ends 12 per end 0.75   [per multiplier: x1:1.0 x2:0.75]
0     \V    /HVV  T=(6, 0) OPTIMAL    11.0 (bound 11.0) ends 12 per end 0.9167   [per multiplier: x1:None x2:0.917]
0     \V    \HV   T=(2, 0) INFEASIBLE None (bound None) ends 2 per end None   [per multiplier: x1:None x2:None]
0     \V    \HHV  T=(3, 0) OPTIMAL    3.0 (bound 3.0) ends 4 per end 0.75   [per multiplier: x1:0.75 x2:0.75]
0     \V    \HVV  T=(6, 0) OPTIMAL    8.0 (bound 8.0) ends 4 per end 2.0   [per multiplier: x1:None x2:2.0]
0     /HV   /H    T=(2, 0) INFEASIBLE None (bound None) ends 2 per end None   [per multiplier: x1:None x2:None]
0     /HV   /V    T=(2, 0) INFEASIBLE None (bound None) ends 2 per end None   [per multiplier: x1:None x2:None]
0     /HV   \H    T=(2, 0) INFEASIBLE None (bound None) ends 4 per end None   [per multiplier: x1:None x2:None]
0     /HV   \V    T=(2, 0) INFEASIBLE None (bound None) ends 4 per end None   [per multiplier: x1:None x2:None]
0     /HV   /HHV  T=(6, 0) INFEASIBLE None (bound None) ends 6 per end None   [per multiplier: x1:None x2:None]
0     /HV   /HVV  T=(6, 0) INFEASIBLE None (bound None) ends 6 per end None   [per multiplier: x1:None x2:None]
0     /HV   \HV   T=(2, 0) OPTIMAL    2.0 (bound 2.0) ends 4 per end 0.5   [per multiplier: x1:0.5 x2:0.5]
0     /HV   \HHV  T=(6, 0) INFEASIBLE None (bound None) ends 12 per end None   [per multiplier: x1:None x2:None]
0     /HV   \HVV  T=(6, 0) INFEASIBLE None (bound None) ends 12 per end None   [per multiplier: x1:None x2:None]
0     /HHV  /H    T=(6, 0) OPTIMAL    8.0 (bound 8.0) ends 4 per end 2.0   [per multiplier: x1:None x2:2.0]
0     /HHV  /V    T=(3, 0) OPTIMAL    3.0 (bound 3.0) ends 4 per end 0.75   [per multiplier: x1:0.75 x2:0.75]
0     /HHV  \H    T=(6, 0) OPTIMAL    8.0 (bound 8.0) ends 12 per end 0.6667   [per multiplier: x1:None x2:0.667]
0     /HHV  \V    T=(6, 0) OPTIMAL    9.0 (bound 9.0) ends 12 per end 0.75   [per multiplier: x1:1.0 x2:0.75]
0     /HHV  /HV   T=(6, 0) INFEASIBLE None (bound None) ends 6 per end None   [per multiplier: x1:None x2:None]
0     /HHV  /HVV  T=(6, 0) OPTIMAL    6.0 (bound 6.0) ends 4 per end 1.5   [per multiplier: x1:None x2:1.5]
0     /HHV  \HV   T=(6, 0) INFEASIBLE None (bound None) ends 12 per end None   [per multiplier: x1:None x2:None]
0     /HHV  \HHV  T=(3, 0) OPTIMAL    4.0 (bound 4.0) ends 6 per end 0.6667   [per multiplier: x1:0.667 x2:0.667]
0     /HHV  \HVV  T=(6, 0) OPTIMAL    8.0 (bound 8.0) ends 12 per end 0.6667   [per multiplier: x1:None x2:0.667]
0     /HVV  /H    T=(3, 0) OPTIMAL    3.0 (bound 3.0) ends 4 per end 0.75   [per multiplier: x1:0.75 x2:0.75]
0     /HVV  /V    T=(6, 0) OPTIMAL    8.0 (bound 8.0) ends 4 per end 2.0   [per multiplier: x1:None x2:2.0]
0     /HVV  \H    T=(3, 0) OPTIMAL    3.0 (bound 3.0) ends 6 per end 0.5   [per multiplier: x1:0.5 x2:0.5]
0     /HVV  \V    T=(6, 0) OPTIMAL    11.0 (bound 11.0) ends 12 per end 0.9167   [per multiplier: x1:None x2:0.917]
0     /HVV  /HV   T=(6, 0) INFEASIBLE None (bound None) ends 6 per end None   [per multiplier: x1:None x2:None]
0     /HVV  /HHV  T=(6, 0) OPTIMAL    8.0 (bound 8.0) ends 4 per end 2.0   [per multiplier: x1:None x2:2.0]
0     /HVV  \HV   T=(6, 0) INFEASIBLE None (bound None) ends 12 per end None   [per multiplier: x1:None x2:None]
0     /HVV  \HHV  T=(6, 0) OPTIMAL    8.0 (bound 8.0) ends 12 per end 0.6667   [per multiplier: x1:None x2:0.667]
0     /HVV  \HVV  T=(6, 0) OPTIMAL    8.0 (bound 8.0) ends 12 per end 0.6667   [per multiplier: x1:0.833 x2:0.667]
0     \HV   /H    T=(2, 0) INFEASIBLE None (bound None) ends 4 per end None   [per multiplier: x1:None x2:None]
0     \HV   /V    T=(2, 0) INFEASIBLE None (bound None) ends 4 per end None   [per multiplier: x1:None x2:None]
0     \HV   \H    T=(2, 0) INFEASIBLE None (bound None) ends 2 per end None   [per multiplier: x1:None x2:None]
0     \HV   \V    T=(2, 0) INFEASIBLE None (bound None) ends 2 per end None   [per multiplier: x1:None x2:None]
0     \HV   /HV   T=(2, 0) OPTIMAL    2.0 (bound 2.0) ends 4 per end 0.5   [per multiplier: x1:0.5 x2:0.5]
0     \HV   /HHV  T=(6, 0) INFEASIBLE None (bound None) ends 12 per end None   [per multiplier: x1:None x2:None]
0     \HV   /HVV  T=(6, 0) INFEASIBLE None (bound None) ends 12 per end None   [per multiplier: x1:None x2:None]
0     \HV   \HHV  T=(6, 0) INFEASIBLE None (bound None) ends 6 per end None   [per multiplier: x1:None x2:None]
0     \HV   \HVV  T=(6, 0) INFEASIBLE None (bound None) ends 6 per end None   [per multiplier: x1:None x2:None]
0     \HHV  /H    T=(6, 0) OPTIMAL    8.0 (bound 8.0) ends 12 per end 0.6667   [per multiplier: x1:None x2:0.667]
0     \HHV  /V    T=(6, 0) OPTIMAL    9.0 (bound 9.0) ends 12 per end 0.75   [per multiplier: x1:1.0 x2:0.75]
0     \HHV  \H    T=(6, 0) OPTIMAL    8.0 (bound 8.0) ends 4 per end 2.0   [per multiplier: x1:None x2:2.0]
0     \HHV  \V    T=(3, 0) OPTIMAL    3.0 (bound 3.0) ends 4 per end 0.75   [per multiplier: x1:0.75 x2:0.75]
0     \HHV  /HV   T=(6, 0) INFEASIBLE None (bound None) ends 12 per end None   [per multiplier: x1:None x2:None]
0     \HHV  /HHV  T=(3, 0) OPTIMAL    4.0 (bound 4.0) ends 6 per end 0.6667   [per multiplier: x1:0.667 x2:0.667]
0     \HHV  /HVV  T=(6, 0) OPTIMAL    8.0 (bound 8.0) ends 12 per end 0.6667   [per multiplier: x1:None x2:0.667]
0     \HHV  \HV   T=(6, 0) INFEASIBLE None (bound None) ends 6 per end None   [per multiplier: x1:None x2:None]
0     \HHV  \HVV  T=(6, 0) OPTIMAL    6.0 (bound 6.0) ends 4 per end 1.5   [per multiplier: x1:None x2:1.5]
0     \HVV  /H    T=(3, 0) OPTIMAL    3.0 (bound 3.0) ends 6 per end 0.5   [per multiplier: x1:0.5 x2:0.5]
0     \HVV  /V    T=(6, 0) OPTIMAL    11.0 (bound 11.0) ends 12 per end 0.9167   [per multiplier: x1:None x2:0.917]
0     \HVV  \H    T=(3, 0) OPTIMAL    3.0 (bound 3.0) ends 4 per end 0.75   [per multiplier: x1:0.75 x2:0.75]
0     \HVV  \V    T=(6, 0) OPTIMAL    8.0 (bound 8.0) ends 4 per end 2.0   [per multiplier: x1:None x2:2.0]
0     \HVV  /HV   T=(6, 0) INFEASIBLE None (bound None) ends 12 per end None   [per multiplier: x1:None x2:None]
0     \HVV  /HHV  T=(6, 0) OPTIMAL    8.0 (bound 8.0) ends 12 per end 0.6667   [per multiplier: x1:None x2:0.667]
0     \HVV  /HVV  T=(6, 0) OPTIMAL    8.0 (bound 8.0) ends 12 per end 0.6667   [per multiplier: x1:0.833 x2:0.667]
0     \HVV  \HV   T=(6, 0) INFEASIBLE None (bound None) ends 6 per end None   [per multiplier: x1:None x2:None]
0     \HVV  \HHV  T=(6, 0) OPTIMAL    8.0 (bound 8.0) ends 4 per end 2.0   [per multiplier: x1:None x2:2.0]
inf   /H    /V    T=(0, 2) OPTIMAL    3.0 (bound 3.0) ends 4 per end 0.75   [per multiplier: x1:None x2:0.75]
inf   /H    \H    T=(0, 1) OPTIMAL    1.0 (bound 1.0) ends 2 per end 0.5   [per multiplier: x1:0.5 x2:0.5]
inf   /H    \V    T=(0, 2) OPTIMAL    3.0 (bound 3.0) ends 4 per end 0.75   [per multiplier: x1:None x2:0.75]
inf   /H    /HV   T=(0, 2) INFEASIBLE None (bound None) ends 2 per end None   [per multiplier: x1:None x2:None]
inf   /H    /HHV  T=(0, 6) OPTIMAL    8.0 (bound 8.0) ends 4 per end 2.0   [per multiplier: x1:None x2:2.0]
inf   /H    /HVV  T=(0, 3) OPTIMAL    3.0 (bound 3.0) ends 4 per end 0.75   [per multiplier: x1:0.75 x2:0.75]
inf   /H    \HV   T=(0, 2) INFEASIBLE None (bound None) ends 4 per end None   [per multiplier: x1:None x2:None]
inf   /H    \HHV  T=(0, 6) OPTIMAL    11.0 (bound 11.0) ends 12 per end 0.9167   [per multiplier: x1:None x2:0.917]
inf   /H    \HVV  T=(0, 6) OPTIMAL    9.0 (bound 9.0) ends 12 per end 0.75   [per multiplier: x1:1.0 x2:0.75]
inf   /V    /H    T=(0, 2) OPTIMAL    3.0 (bound 3.0) ends 4 per end 0.75   [per multiplier: x1:None x2:0.75]
inf   /V    \H    T=(0, 2) OPTIMAL    3.0 (bound 3.0) ends 4 per end 0.75   [per multiplier: x1:None x2:0.75]
inf   /V    \V    T=(0, 1) OPTIMAL    0.0 (bound 0.0) ends 2 per end 0.0   [per multiplier: x1:0.0 x2:0.0]
inf   /V    /HV   T=(0, 2) INFEASIBLE None (bound None) ends 2 per end None   [per multiplier: x1:None x2:None]
inf   /V    /HHV  T=(0, 3) OPTIMAL    3.0 (bound 3.0) ends 4 per end 0.75   [per multiplier: x1:0.75 x2:0.75]
inf   /V    /HVV  T=(0, 6) OPTIMAL    8.0 (bound 8.0) ends 4 per end 2.0   [per multiplier: x1:None x2:2.0]
inf   /V    \HV   T=(0, 2) INFEASIBLE None (bound None) ends 4 per end None   [per multiplier: x1:None x2:None]
inf   /V    \HHV  T=(0, 3) OPTIMAL    3.0 (bound 3.0) ends 6 per end 0.5   [per multiplier: x1:0.5 x2:0.5]
inf   /V    \HVV  T=(0, 6) OPTIMAL    8.0 (bound 8.0) ends 12 per end 0.6667   [per multiplier: x1:None x2:0.667]
inf   \H    /H    T=(0, 1) OPTIMAL    1.0 (bound 1.0) ends 2 per end 0.5   [per multiplier: x1:0.5 x2:0.5]
inf   \H    /V    T=(0, 2) OPTIMAL    3.0 (bound 3.0) ends 4 per end 0.75   [per multiplier: x1:None x2:0.75]
inf   \H    \V    T=(0, 2) OPTIMAL    3.0 (bound 3.0) ends 4 per end 0.75   [per multiplier: x1:None x2:0.75]
inf   \H    /HV   T=(0, 2) INFEASIBLE None (bound None) ends 4 per end None   [per multiplier: x1:None x2:None]
inf   \H    /HHV  T=(0, 6) OPTIMAL    11.0 (bound 11.0) ends 12 per end 0.9167   [per multiplier: x1:None x2:0.917]
inf   \H    /HVV  T=(0, 6) OPTIMAL    9.0 (bound 9.0) ends 12 per end 0.75   [per multiplier: x1:1.0 x2:0.75]
inf   \H    \HV   T=(0, 2) INFEASIBLE None (bound None) ends 2 per end None   [per multiplier: x1:None x2:None]
inf   \H    \HHV  T=(0, 6) OPTIMAL    8.0 (bound 8.0) ends 4 per end 2.0   [per multiplier: x1:None x2:2.0]
inf   \H    \HVV  T=(0, 3) OPTIMAL    3.0 (bound 3.0) ends 4 per end 0.75   [per multiplier: x1:0.75 x2:0.75]
inf   \V    /H    T=(0, 2) OPTIMAL    3.0 (bound 3.0) ends 4 per end 0.75   [per multiplier: x1:None x2:0.75]
inf   \V    /V    T=(0, 1) OPTIMAL    0.0 (bound 0.0) ends 2 per end 0.0   [per multiplier: x1:0.0 x2:0.0]
inf   \V    \H    T=(0, 2) OPTIMAL    3.0 (bound 3.0) ends 4 per end 0.75   [per multiplier: x1:None x2:0.75]
inf   \V    /HV   T=(0, 2) INFEASIBLE None (bound None) ends 4 per end None   [per multiplier: x1:None x2:None]
inf   \V    /HHV  T=(0, 3) OPTIMAL    3.0 (bound 3.0) ends 6 per end 0.5   [per multiplier: x1:0.5 x2:0.5]
inf   \V    /HVV  T=(0, 6) OPTIMAL    8.0 (bound 8.0) ends 12 per end 0.6667   [per multiplier: x1:None x2:0.667]
inf   \V    \HV   T=(0, 2) INFEASIBLE None (bound None) ends 2 per end None   [per multiplier: x1:None x2:None]
inf   \V    \HHV  T=(0, 3) OPTIMAL    3.0 (bound 3.0) ends 4 per end 0.75   [per multiplier: x1:0.75 x2:0.75]
inf   \V    \HVV  T=(0, 6) OPTIMAL    8.0 (bound 8.0) ends 4 per end 2.0   [per multiplier: x1:None x2:2.0]
inf   /HV   /H    T=(0, 2) INFEASIBLE None (bound None) ends 2 per end None   [per multiplier: x1:None x2:None]
inf   /HV   /V    T=(0, 2) INFEASIBLE None (bound None) ends 2 per end None   [per multiplier: x1:None x2:None]
inf   /HV   \H    T=(0, 2) INFEASIBLE None (bound None) ends 4 per end None   [per multiplier: x1:None x2:None]
inf   /HV   \V    T=(0, 2) INFEASIBLE None (bound None) ends 4 per end None   [per multiplier: x1:None x2:None]
inf   /HV   /HHV  T=(0, 6) INFEASIBLE None (bound None) ends 6 per end None   [per multiplier: x1:None x2:None]
inf   /HV   /HVV  T=(0, 6) INFEASIBLE None (bound None) ends 6 per end None   [per multiplier: x1:None x2:None]
inf   /HV   \HV   T=(0, 2) INFEASIBLE None (bound None) ends 4 per end None   [per multiplier: x1:None x2:None]
inf   /HV   \HHV  T=(0, 6) INFEASIBLE None (bound None) ends 12 per end None   [per multiplier: x1:None x2:None]
inf   /HV   \HVV  T=(0, 6) INFEASIBLE None (bound None) ends 12 per end None   [per multiplier: x1:None x2:None]
inf   /HHV  /H    T=(0, 6) OPTIMAL    8.0 (bound 8.0) ends 4 per end 2.0   [per multiplier: x1:None x2:2.0]
inf   /HHV  /V    T=(0, 3) OPTIMAL    3.0 (bound 3.0) ends 4 per end 0.75   [per multiplier: x1:0.75 x2:0.75]
inf   /HHV  \H    T=(0, 6) OPTIMAL    11.0 (bound 11.0) ends 12 per end 0.9167   [per multiplier: x1:None x2:0.917]
inf   /HHV  \V    T=(0, 3) OPTIMAL    3.0 (bound 3.0) ends 6 per end 0.5   [per multiplier: x1:0.5 x2:0.5]
inf   /HHV  /HV   T=(0, 6) INFEASIBLE None (bound None) ends 6 per end None   [per multiplier: x1:None x2:None]
inf   /HHV  /HVV  T=(0, 6) OPTIMAL    8.0 (bound 8.0) ends 4 per end 2.0   [per multiplier: x1:None x2:2.0]
inf   /HHV  \HV   T=(0, 6) INFEASIBLE None (bound None) ends 12 per end None   [per multiplier: x1:None x2:None]
inf   /HHV  \HHV  T=(0, 3) OPTIMAL    5.0 (bound 5.0) ends 6 per end 0.8333   [per multiplier: x1:0.833 x2:0.833]
inf   /HHV  \HVV  T=(0, 6) OPTIMAL    8.0 (bound 8.0) ends 12 per end 0.6667   [per multiplier: x1:None x2:0.667]
inf   /HVV  /H    T=(0, 3) OPTIMAL    3.0 (bound 3.0) ends 4 per end 0.75   [per multiplier: x1:0.75 x2:0.75]
inf   /HVV  /V    T=(0, 6) OPTIMAL    8.0 (bound 8.0) ends 4 per end 2.0   [per multiplier: x1:None x2:2.0]
inf   /HVV  \H    T=(0, 6) OPTIMAL    9.0 (bound 9.0) ends 12 per end 0.75   [per multiplier: x1:1.0 x2:0.75]
inf   /HVV  \V    T=(0, 6) OPTIMAL    8.0 (bound 8.0) ends 12 per end 0.6667   [per multiplier: x1:None x2:0.667]
inf   /HVV  /HV   T=(0, 6) INFEASIBLE None (bound None) ends 6 per end None   [per multiplier: x1:None x2:None]
inf   /HVV  /HHV  T=(0, 6) OPTIMAL    6.0 (bound 6.0) ends 4 per end 1.5   [per multiplier: x1:None x2:1.5]
inf   /HVV  \HV   T=(0, 6) INFEASIBLE None (bound None) ends 12 per end None   [per multiplier: x1:None x2:None]
inf   /HVV  \HHV  T=(0, 6) OPTIMAL    8.0 (bound 8.0) ends 12 per end 0.6667   [per multiplier: x1:None x2:0.667]
inf   /HVV  \HVV  T=(0, 3) OPTIMAL    4.0 (bound 4.0) ends 6 per end 0.6667   [per multiplier: x1:0.667 x2:0.667]
inf   \HV   /H    T=(0, 2) INFEASIBLE None (bound None) ends 4 per end None   [per multiplier: x1:None x2:None]
inf   \HV   /V    T=(0, 2) INFEASIBLE None (bound None) ends 4 per end None   [per multiplier: x1:None x2:None]
inf   \HV   \H    T=(0, 2) INFEASIBLE None (bound None) ends 2 per end None   [per multiplier: x1:None x2:None]
inf   \HV   \V    T=(0, 2) INFEASIBLE None (bound None) ends 2 per end None   [per multiplier: x1:None x2:None]
inf   \HV   /HV   T=(0, 2) INFEASIBLE None (bound None) ends 4 per end None   [per multiplier: x1:None x2:None]
inf   \HV   /HHV  T=(0, 6) INFEASIBLE None (bound None) ends 12 per end None   [per multiplier: x1:None x2:None]
inf   \HV   /HVV  T=(0, 6) INFEASIBLE None (bound None) ends 12 per end None   [per multiplier: x1:None x2:None]
inf   \HV   \HHV  T=(0, 6) INFEASIBLE None (bound None) ends 6 per end None   [per multiplier: x1:None x2:None]
inf   \HV   \HVV  T=(0, 6) INFEASIBLE None (bound None) ends 6 per end None   [per multiplier: x1:None x2:None]
inf   \HHV  /H    T=(0, 6) OPTIMAL    11.0 (bound 11.0) ends 12 per end 0.9167   [per multiplier: x1:None x2:0.917]
inf   \HHV  /V    T=(0, 3) OPTIMAL    3.0 (bound 3.0) ends 6 per end 0.5   [per multiplier: x1:0.5 x2:0.5]
inf   \HHV  \H    T=(0, 6) OPTIMAL    8.0 (bound 8.0) ends 4 per end 2.0   [per multiplier: x1:None x2:2.0]
inf   \HHV  \V    T=(0, 3) OPTIMAL    3.0 (bound 3.0) ends 4 per end 0.75   [per multiplier: x1:0.75 x2:0.75]
inf   \HHV  /HV   T=(0, 6) INFEASIBLE None (bound None) ends 12 per end None   [per multiplier: x1:None x2:None]
inf   \HHV  /HHV  T=(0, 3) OPTIMAL    5.0 (bound 5.0) ends 6 per end 0.8333   [per multiplier: x1:0.833 x2:0.833]
inf   \HHV  /HVV  T=(0, 6) OPTIMAL    8.0 (bound 8.0) ends 12 per end 0.6667   [per multiplier: x1:None x2:0.667]
inf   \HHV  \HV   T=(0, 6) INFEASIBLE None (bound None) ends 6 per end None   [per multiplier: x1:None x2:None]
inf   \HHV  \HVV  T=(0, 6) OPTIMAL    6.0 (bound 6.0) ends 4 per end 1.5   [per multiplier: x1:None x2:1.5]
inf   \HVV  /H    T=(0, 6) OPTIMAL    9.0 (bound 9.0) ends 12 per end 0.75   [per multiplier: x1:1.0 x2:0.75]
inf   \HVV  /V    T=(0, 6) OPTIMAL    8.0 (bound 8.0) ends 12 per end 0.6667   [per multiplier: x1:None x2:0.667]
inf   \HVV  \H    T=(0, 3) OPTIMAL    3.0 (bound 3.0) ends 4 per end 0.75   [per multiplier: x1:0.75 x2:0.75]
inf   \HVV  \V    T=(0, 6) OPTIMAL    8.0 (bound 8.0) ends 4 per end 2.0   [per multiplier: x1:None x2:2.0]
inf   \HVV  /HV   T=(0, 6) INFEASIBLE None (bound None) ends 12 per end None   [per multiplier: x1:None x2:None]
inf   \HVV  /HHV  T=(0, 6) OPTIMAL    8.0 (bound 8.0) ends 12 per end 0.6667   [per multiplier: x1:None x2:0.667]
inf   \HVV  /HVV  T=(0, 3) OPTIMAL    4.0 (bound 4.0) ends 6 per end 0.6667   [per multiplier: x1:0.667 x2:0.667]
inf   \HVV  \HV   T=(0, 6) INFEASIBLE None (bound None) ends 6 per end None   [per multiplier: x1:None x2:None]
inf   \HVV  \HHV  T=(0, 6) OPTIMAL    8.0 (bound 8.0) ends 4 per end 2.0   [per multiplier: x1:None x2:2.0]
+1    /H    \H    T=(1, 1) OPTIMAL    2.0 (bound 2.0) ends 2 per end 1.0   [per multiplier: x1:1.0 x2:1.0]
+1    /H    \V    T=(1, 1) OPTIMAL    2.0 (bound 2.0) ends 2 per end 1.0   [per multiplier: x1:1.0 x2:1.0]
+1    /H    \HV   T=(1, 1) INFEASIBLE None (bound None) ends 2 per end None   [per multiplier: x1:None x2:None]
+1    /H    \HHV  T=(3, 3) OPTIMAL    8.0 (bound 8.0) ends 6 per end 1.3333   [per multiplier: x1:1.333 x2:1.333]
+1    /H    \HVV  T=(3, 3) OPTIMAL    8.0 (bound 8.0) ends 6 per end 1.3333   [per multiplier: x1:1.333 x2:1.333]
+1    /V    \H    T=(1, 1) OPTIMAL    2.0 (bound 2.0) ends 2 per end 1.0   [per multiplier: x1:1.0 x2:1.0]
+1    /V    \V    T=(1, 1) OPTIMAL    2.0 (bound 2.0) ends 2 per end 1.0   [per multiplier: x1:1.0 x2:1.0]
+1    /V    \HV   T=(1, 1) INFEASIBLE None (bound None) ends 2 per end None   [per multiplier: x1:None x2:None]
+1    /V    \HHV  T=(3, 3) OPTIMAL    8.0 (bound 8.0) ends 6 per end 1.3333   [per multiplier: x1:1.333 x2:1.333]
+1    /V    \HVV  T=(3, 3) OPTIMAL    8.0 (bound 8.0) ends 6 per end 1.3333   [per multiplier: x1:1.333 x2:1.333]
+1    \H    /H    T=(1, 1) OPTIMAL    2.0 (bound 2.0) ends 2 per end 1.0   [per multiplier: x1:1.0 x2:1.0]
+1    \H    /V    T=(1, 1) OPTIMAL    2.0 (bound 2.0) ends 2 per end 1.0   [per multiplier: x1:1.0 x2:1.0]
+1    \H    \V    T=(1, 1) OPTIMAL    1.0 (bound 1.0) ends 4 per end 0.25   [per multiplier: x1:0.25 x2:0.25]
+1    \H    /HV   T=(1, 1) OPTIMAL    2.0 (bound 2.0) ends 2 per end 1.0   [per multiplier: x1:1.0 x2:1.0]
+1    \H    /HHV  T=(1, 1) OPTIMAL    2.0 (bound 2.0) ends 2 per end 1.0   [per multiplier: x1:1.0 x2:1.0]
+1    \H    /HVV  T=(1, 1) OPTIMAL    2.0 (bound 2.0) ends 2 per end 1.0   [per multiplier: x1:1.0 x2:1.0]
+1    \H    \HV   T=(1, 1) INFEASIBLE None (bound None) ends 2 per end None   [per multiplier: x1:None x2:None]
+1    \H    \HHV  T=(3, 3) FIELD-CONFLICT None (bound None) ends 4 per end None   [per multiplier: x1:None x2:None]
+1    \H    \HVV  T=(3, 3) FIELD-CONFLICT None (bound None) ends 8 per end None   [per multiplier: x1:None x2:None]
+1    \V    /H    T=(1, 1) OPTIMAL    2.0 (bound 2.0) ends 2 per end 1.0   [per multiplier: x1:1.0 x2:1.0]
+1    \V    /V    T=(1, 1) OPTIMAL    2.0 (bound 2.0) ends 2 per end 1.0   [per multiplier: x1:1.0 x2:1.0]
+1    \V    \H    T=(1, 1) OPTIMAL    1.0 (bound 1.0) ends 4 per end 0.25   [per multiplier: x1:0.25 x2:0.25]
+1    \V    /HV   T=(1, 1) OPTIMAL    2.0 (bound 2.0) ends 2 per end 1.0   [per multiplier: x1:1.0 x2:1.0]
+1    \V    /HHV  T=(1, 1) OPTIMAL    2.0 (bound 2.0) ends 2 per end 1.0   [per multiplier: x1:1.0 x2:1.0]
+1    \V    /HVV  T=(1, 1) OPTIMAL    2.0 (bound 2.0) ends 2 per end 1.0   [per multiplier: x1:1.0 x2:1.0]
+1    \V    \HV   T=(1, 1) INFEASIBLE None (bound None) ends 2 per end None   [per multiplier: x1:None x2:None]
+1    \V    \HHV  T=(3, 3) FIELD-CONFLICT None (bound None) ends 8 per end None   [per multiplier: x1:None x2:None]
+1    \V    \HVV  T=(3, 3) FIELD-CONFLICT None (bound None) ends 4 per end None   [per multiplier: x1:None x2:None]
+1    /HV   \H    T=(1, 1) OPTIMAL    2.0 (bound 2.0) ends 2 per end 1.0   [per multiplier: x1:1.0 x2:1.0]
+1    /HV   \V    T=(1, 1) OPTIMAL    2.0 (bound 2.0) ends 2 per end 1.0   [per multiplier: x1:1.0 x2:1.0]
+1    /HV   \HV   T=(1, 1) INFEASIBLE None (bound None) ends 2 per end None   [per multiplier: x1:None x2:None]
+1    /HV   \HHV  T=(3, 3) OPTIMAL    8.0 (bound 8.0) ends 6 per end 1.3333   [per multiplier: x1:1.333 x2:1.333]
+1    /HV   \HVV  T=(3, 3) OPTIMAL    8.0 (bound 8.0) ends 6 per end 1.3333   [per multiplier: x1:1.333 x2:1.333]
+1    /HHV  \H    T=(1, 1) OPTIMAL    2.0 (bound 2.0) ends 2 per end 1.0   [per multiplier: x1:1.0 x2:1.0]
+1    /HHV  \V    T=(1, 1) OPTIMAL    2.0 (bound 2.0) ends 2 per end 1.0   [per multiplier: x1:1.0 x2:1.0]
+1    /HHV  \HV   T=(1, 1) INFEASIBLE None (bound None) ends 2 per end None   [per multiplier: x1:None x2:None]
+1    /HHV  \HHV  T=(3, 3) OPTIMAL    8.0 (bound 8.0) ends 6 per end 1.3333   [per multiplier: x1:1.333 x2:1.333]
+1    /HHV  \HVV  T=(3, 3) OPTIMAL    8.0 (bound 8.0) ends 6 per end 1.3333   [per multiplier: x1:1.333 x2:1.333]
+1    /HVV  \H    T=(1, 1) OPTIMAL    2.0 (bound 2.0) ends 2 per end 1.0   [per multiplier: x1:1.0 x2:1.0]
+1    /HVV  \V    T=(1, 1) OPTIMAL    2.0 (bound 2.0) ends 2 per end 1.0   [per multiplier: x1:1.0 x2:1.0]
+1    /HVV  \HV   T=(1, 1) INFEASIBLE None (bound None) ends 2 per end None   [per multiplier: x1:None x2:None]
+1    /HVV  \HHV  T=(3, 3) OPTIMAL    8.0 (bound 8.0) ends 6 per end 1.3333   [per multiplier: x1:1.333 x2:1.333]
+1    /HVV  \HVV  T=(3, 3) OPTIMAL    8.0 (bound 8.0) ends 6 per end 1.3333   [per multiplier: x1:1.333 x2:1.333]
+1    \HV   /H    T=(1, 1) INFEASIBLE None (bound None) ends 2 per end None   [per multiplier: x1:None x2:None]
+1    \HV   /V    T=(1, 1) INFEASIBLE None (bound None) ends 2 per end None   [per multiplier: x1:None x2:None]
+1    \HV   \H    T=(1, 1) FIELD-CONFLICT None (bound None) ends 2 per end None   [per multiplier: x1:None x2:None]
+1    \HV   \V    T=(1, 1) FIELD-CONFLICT None (bound None) ends 2 per end None   [per multiplier: x1:None x2:None]
+1    \HV   /HV   T=(1, 1) INFEASIBLE None (bound None) ends 2 per end None   [per multiplier: x1:None x2:None]
+1    \HV   /HHV  T=(1, 1) INFEASIBLE None (bound None) ends 2 per end None   [per multiplier: x1:None x2:None]
+1    \HV   /HVV  T=(1, 1) INFEASIBLE None (bound None) ends 2 per end None   [per multiplier: x1:None x2:None]
+1    \HV   \HHV  T=(3, 3) FIELD-CONFLICT None (bound None) ends 6 per end None   [per multiplier: x1:None x2:None]
+1    \HV   \HVV  T=(3, 3) FIELD-CONFLICT None (bound None) ends 6 per end None   [per multiplier: x1:None x2:None]
+1    \HHV  /H    T=(3, 3) OPTIMAL    8.0 (bound 8.0) ends 6 per end 1.3333   [per multiplier: x1:1.333 x2:1.333]
+1    \HHV  /V    T=(3, 3) OPTIMAL    8.0 (bound 8.0) ends 6 per end 1.3333   [per multiplier: x1:1.333 x2:1.333]
+1    \HHV  \H    T=(3, 3) FIELD-CONFLICT None (bound None) ends 4 per end None   [per multiplier: x1:None x2:None]
+1    \HHV  \V    T=(3, 3) FIELD-CONFLICT None (bound None) ends 8 per end None   [per multiplier: x1:None x2:None]
+1    \HHV  /HV   T=(3, 3) OPTIMAL    8.0 (bound 8.0) ends 6 per end 1.3333   [per multiplier: x1:1.333 x2:1.333]
+1    \HHV  /HHV  T=(3, 3) OPTIMAL    8.0 (bound 8.0) ends 6 per end 1.3333   [per multiplier: x1:1.333 x2:1.333]
+1    \HHV  /HVV  T=(3, 3) OPTIMAL    8.0 (bound 8.0) ends 6 per end 1.3333   [per multiplier: x1:1.333 x2:1.333]
+1    \HHV  \HV   T=(3, 3) INFEASIBLE None (bound None) ends 6 per end None   [per multiplier: x1:None x2:None]
+1    \HHV  \HVV  T=(3, 3) FIELD-CONFLICT None (bound None) ends 4 per end None   [per multiplier: x1:None x2:None]
+1    \HVV  /H    T=(3, 3) OPTIMAL    8.0 (bound 8.0) ends 6 per end 1.3333   [per multiplier: x1:1.333 x2:1.333]
+1    \HVV  /V    T=(3, 3) OPTIMAL    8.0 (bound 8.0) ends 6 per end 1.3333   [per multiplier: x1:1.333 x2:1.333]
+1    \HVV  \H    T=(3, 3) FIELD-CONFLICT None (bound None) ends 8 per end None   [per multiplier: x1:None x2:None]
+1    \HVV  \V    T=(3, 3) FIELD-CONFLICT None (bound None) ends 4 per end None   [per multiplier: x1:None x2:None]
+1    \HVV  /HV   T=(3, 3) OPTIMAL    8.0 (bound 8.0) ends 6 per end 1.3333   [per multiplier: x1:1.333 x2:1.333]
+1    \HVV  /HHV  T=(3, 3) OPTIMAL    8.0 (bound 8.0) ends 6 per end 1.3333   [per multiplier: x1:1.333 x2:1.333]
+1    \HVV  /HVV  T=(3, 3) OPTIMAL    8.0 (bound 8.0) ends 6 per end 1.3333   [per multiplier: x1:1.333 x2:1.333]
+1    \HVV  \HV   T=(3, 3) INFEASIBLE None (bound None) ends 6 per end None   [per multiplier: x1:None x2:None]
+1    \HVV  \HHV  T=(3, 3) FIELD-CONFLICT None (bound None) ends 4 per end None   [per multiplier: x1:None x2:None]
-1    /H    /V    T=(1, -1) OPTIMAL    1.0 (bound 1.0) ends 4 per end 0.25   [per multiplier: x1:0.25 x2:0.25]
-1    /H    \H    T=(1, -1) OPTIMAL    2.0 (bound 2.0) ends 2 per end 1.0   [per multiplier: x1:1.0 x2:1.0]
-1    /H    \V    T=(1, -1) OPTIMAL    2.0 (bound 2.0) ends 2 per end 1.0   [per multiplier: x1:1.0 x2:1.0]
-1    /H    /HV   T=(1, -1) FIELD-CONFLICT None (bound None) ends 2 per end None   [per multiplier: x1:None x2:None]
-1    /H    /HHV  T=(3, -3) FIELD-CONFLICT None (bound None) ends 4 per end None   [per multiplier: x1:None x2:None]
-1    /H    /HVV  T=(3, -3) FIELD-CONFLICT None (bound None) ends 8 per end None   [per multiplier: x1:None x2:None]
-1    /H    \HV   T=(1, -1) OPTIMAL    2.0 (bound 2.0) ends 2 per end 1.0   [per multiplier: x1:1.0 x2:1.0]
-1    /H    \HHV  T=(1, -1) OPTIMAL    2.0 (bound 2.0) ends 2 per end 1.0   [per multiplier: x1:1.0 x2:1.0]
-1    /H    \HVV  T=(1, -1) OPTIMAL    2.0 (bound 2.0) ends 2 per end 1.0   [per multiplier: x1:1.0 x2:1.0]
-1    /V    /H    T=(1, -1) OPTIMAL    1.0 (bound 1.0) ends 4 per end 0.25   [per multiplier: x1:0.25 x2:0.25]
-1    /V    \H    T=(1, -1) OPTIMAL    2.0 (bound 2.0) ends 2 per end 1.0   [per multiplier: x1:1.0 x2:1.0]
-1    /V    \V    T=(1, -1) OPTIMAL    2.0 (bound 2.0) ends 2 per end 1.0   [per multiplier: x1:1.0 x2:1.0]
-1    /V    /HV   T=(1, -1) FIELD-CONFLICT None (bound None) ends 2 per end None   [per multiplier: x1:None x2:None]
-1    /V    /HHV  T=(3, -3) FIELD-CONFLICT None (bound None) ends 8 per end None   [per multiplier: x1:None x2:None]
-1    /V    /HVV  T=(3, -3) FIELD-CONFLICT None (bound None) ends 4 per end None   [per multiplier: x1:None x2:None]
-1    /V    \HV   T=(1, -1) OPTIMAL    2.0 (bound 2.0) ends 2 per end 1.0   [per multiplier: x1:1.0 x2:1.0]
-1    /V    \HHV  T=(1, -1) OPTIMAL    2.0 (bound 2.0) ends 2 per end 1.0   [per multiplier: x1:1.0 x2:1.0]
-1    /V    \HVV  T=(1, -1) OPTIMAL    2.0 (bound 2.0) ends 2 per end 1.0   [per multiplier: x1:1.0 x2:1.0]
-1    \H    /H    T=(1, -1) OPTIMAL    2.0 (bound 2.0) ends 2 per end 1.0   [per multiplier: x1:1.0 x2:1.0]
-1    \H    /V    T=(1, -1) OPTIMAL    2.0 (bound 2.0) ends 2 per end 1.0   [per multiplier: x1:1.0 x2:1.0]
-1    \H    /HV   T=(1, -1) INFEASIBLE None (bound None) ends 2 per end None   [per multiplier: x1:None x2:None]
-1    \H    /HHV  T=(3, -3) OPTIMAL    8.0 (bound 8.0) ends 6 per end 1.3333   [per multiplier: x1:1.333 x2:1.333]
-1    \H    /HVV  T=(3, -3) OPTIMAL    8.0 (bound 8.0) ends 6 per end 1.3333   [per multiplier: x1:1.333 x2:1.333]
-1    \V    /H    T=(1, -1) OPTIMAL    2.0 (bound 2.0) ends 2 per end 1.0   [per multiplier: x1:1.0 x2:1.0]
-1    \V    /V    T=(1, -1) OPTIMAL    2.0 (bound 2.0) ends 2 per end 1.0   [per multiplier: x1:1.0 x2:1.0]
-1    \V    /HV   T=(1, -1) INFEASIBLE None (bound None) ends 2 per end None   [per multiplier: x1:None x2:None]
-1    \V    /HHV  T=(3, -3) OPTIMAL    8.0 (bound 8.0) ends 6 per end 1.3333   [per multiplier: x1:1.333 x2:1.333]
-1    \V    /HVV  T=(3, -3) OPTIMAL    8.0 (bound 8.0) ends 6 per end 1.3333   [per multiplier: x1:1.333 x2:1.333]
-1    /HV   /H    T=(1, -1) INFEASIBLE None (bound None) ends 2 per end None   [per multiplier: x1:None x2:None]
-1    /HV   /V    T=(1, -1) INFEASIBLE None (bound None) ends 2 per end None   [per multiplier: x1:None x2:None]
-1    /HV   \H    T=(1, -1) INFEASIBLE None (bound None) ends 2 per end None   [per multiplier: x1:None x2:None]
-1    /HV   \V    T=(1, -1) INFEASIBLE None (bound None) ends 2 per end None   [per multiplier: x1:None x2:None]
-1    /HV   /HHV  T=(3, -3) INFEASIBLE None (bound None) ends 6 per end None   [per multiplier: x1:None x2:None]
-1    /HV   /HVV  T=(3, -3) INFEASIBLE None (bound None) ends 6 per end None   [per multiplier: x1:None x2:None]
-1    /HV   \HV   T=(1, -1) INFEASIBLE None (bound None) ends 2 per end None   [per multiplier: x1:None x2:None]
-1    /HV   \HHV  T=(1, -1) INFEASIBLE None (bound None) ends 2 per end None   [per multiplier: x1:None x2:None]
-1    /HV   \HVV  T=(1, -1) INFEASIBLE None (bound None) ends 2 per end None   [per multiplier: x1:None x2:None]
-1    /HHV  /H    T=(3, -3) FIELD-CONFLICT None (bound None) ends 4 per end None   [per multiplier: x1:None x2:None]
-1    /HHV  /V    T=(3, -3) FIELD-CONFLICT None (bound None) ends 8 per end None   [per multiplier: x1:None x2:None]
-1    /HHV  \H    T=(3, -3) OPTIMAL    8.0 (bound 8.0) ends 6 per end 1.3333   [per multiplier: x1:1.333 x2:1.333]
-1    /HHV  \V    T=(3, -3) OPTIMAL    8.0 (bound 8.0) ends 6 per end 1.3333   [per multiplier: x1:1.333 x2:1.333]
-1    /HHV  /HV   T=(3, -3) FIELD-CONFLICT None (bound None) ends 6 per end None   [per multiplier: x1:None x2:None]
-1    /HHV  /HVV  T=(3, -3) FIELD-CONFLICT None (bound None) ends 4 per end None   [per multiplier: x1:None x2:None]
-1    /HHV  \HV   T=(3, -3) OPTIMAL    8.0 (bound 8.0) ends 6 per end 1.3333   [per multiplier: x1:1.333 x2:1.333]
-1    /HHV  \HHV  T=(3, -3) OPTIMAL    8.0 (bound 8.0) ends 6 per end 1.3333   [per multiplier: x1:1.333 x2:1.333]
-1    /HHV  \HVV  T=(3, -3) OPTIMAL    8.0 (bound 8.0) ends 6 per end 1.3333   [per multiplier: x1:1.333 x2:1.333]
-1    /HVV  /H    T=(3, -3) FIELD-CONFLICT None (bound None) ends 8 per end None   [per multiplier: x1:None x2:None]
-1    /HVV  /V    T=(3, -3) FIELD-CONFLICT None (bound None) ends 4 per end None   [per multiplier: x1:None x2:None]
-1    /HVV  \H    T=(3, -3) OPTIMAL    8.0 (bound 8.0) ends 6 per end 1.3333   [per multiplier: x1:1.333 x2:1.333]
-1    /HVV  \V    T=(3, -3) OPTIMAL    8.0 (bound 8.0) ends 6 per end 1.3333   [per multiplier: x1:1.333 x2:1.333]
-1    /HVV  /HV   T=(3, -3) FIELD-CONFLICT None (bound None) ends 6 per end None   [per multiplier: x1:None x2:None]
-1    /HVV  /HHV  T=(3, -3) FIELD-CONFLICT None (bound None) ends 4 per end None   [per multiplier: x1:None x2:None]
-1    /HVV  \HV   T=(3, -3) OPTIMAL    8.0 (bound 8.0) ends 6 per end 1.3333   [per multiplier: x1:1.333 x2:1.333]
-1    /HVV  \HHV  T=(3, -3) OPTIMAL    8.0 (bound 8.0) ends 6 per end 1.3333   [per multiplier: x1:1.333 x2:1.333]
-1    /HVV  \HVV  T=(3, -3) OPTIMAL    8.0 (bound 8.0) ends 6 per end 1.3333   [per multiplier: x1:1.333 x2:1.333]
-1    \HV   /H    T=(1, -1) OPTIMAL    2.0 (bound 2.0) ends 2 per end 1.0   [per multiplier: x1:1.0 x2:1.0]
-1    \HV   /V    T=(1, -1) OPTIMAL    2.0 (bound 2.0) ends 2 per end 1.0   [per multiplier: x1:1.0 x2:1.0]
-1    \HV   /HV   T=(1, -1) INFEASIBLE None (bound None) ends 2 per end None   [per multiplier: x1:None x2:None]
-1    \HV   /HHV  T=(3, -3) OPTIMAL    8.0 (bound 8.0) ends 6 per end 1.3333   [per multiplier: x1:1.333 x2:1.333]
-1    \HV   /HVV  T=(3, -3) OPTIMAL    8.0 (bound 8.0) ends 6 per end 1.3333   [per multiplier: x1:1.333 x2:1.333]
-1    \HHV  /H    T=(1, -1) OPTIMAL    2.0 (bound 2.0) ends 2 per end 1.0   [per multiplier: x1:1.0 x2:1.0]
-1    \HHV  /V    T=(1, -1) OPTIMAL    2.0 (bound 2.0) ends 2 per end 1.0   [per multiplier: x1:1.0 x2:1.0]
-1    \HHV  /HV   T=(1, -1) INFEASIBLE None (bound None) ends 2 per end None   [per multiplier: x1:None x2:None]
-1    \HHV  /HHV  T=(3, -3) OPTIMAL    8.0 (bound 8.0) ends 6 per end 1.3333   [per multiplier: x1:1.333 x2:1.333]
-1    \HHV  /HVV  T=(3, -3) OPTIMAL    8.0 (bound 8.0) ends 6 per end 1.3333   [per multiplier: x1:1.333 x2:1.333]
-1    \HVV  /H    T=(1, -1) OPTIMAL    2.0 (bound 2.0) ends 2 per end 1.0   [per multiplier: x1:1.0 x2:1.0]
-1    \HVV  /V    T=(1, -1) OPTIMAL    2.0 (bound 2.0) ends 2 per end 1.0   [per multiplier: x1:1.0 x2:1.0]
-1    \HVV  /HV   T=(1, -1) INFEASIBLE None (bound None) ends 2 per end None   [per multiplier: x1:None x2:None]
-1    \HVV  /HHV  T=(3, -3) OPTIMAL    8.0 (bound 8.0) ends 6 per end 1.3333   [per multiplier: x1:1.333 x2:1.333]
-1    \HVV  /HVV  T=(3, -3) OPTIMAL    8.0 (bound 8.0) ends 6 per end 1.3333   [per multiplier: x1:1.333 x2:1.333]
+1/2  /H    /V    T=(4, 2) OPTIMAL    3.0 (bound 3.0) ends 4 per end 0.75   [per multiplier: x1:None x2:0.75]
+1/2  /H    \H    T=(4, 2) OPTIMAL    6.0 (bound 6.0) ends 8 per end 0.75   [per multiplier: x1:None x2:0.75]
+1/2  /H    \V    T=(4, 2) OPTIMAL    10.0 (bound 10.0) ends 8 per end 1.25   [per multiplier: x1:None x2:1.25]
+1/2  /H    /HV   T=(4, 2) INFEASIBLE None (bound None) ends 2 per end None   [per multiplier: x1:None x2:None]
+1/2  /H    /HHV  T=(6, 3) INFEASIBLE None (bound None) ends 2 per end None   [per multiplier: x1:None x2:None]
+1/2  /H    /HVV  T=(6, 3) OPTIMAL    3.0 (bound 3.0) ends 4 per end 0.75   [per multiplier: x1:0.75 x2:0.75]
+1/2  /H    \HV   T=(4, 2) INFEASIBLE None (bound None) ends 8 per end None   [per multiplier: x1:None x2:None]
+1/2  /H    \HHV  T=(4, 2) OPTIMAL    8.0 (bound 8.0) ends 8 per end 1.0   [per multiplier: x1:None x2:1.0]
+1/2  /H    \HVV  T=(4, 2) OPTIMAL    9.0 (bound 9.0) ends 8 per end 1.125   [per multiplier: x1:1.5 x2:1.125]
+1/2  /V    /H    T=(4, 2) OPTIMAL    3.0 (bound 3.0) ends 4 per end 0.75   [per multiplier: x1:None x2:0.75]
+1/2  /V    \H    T=(4, 2) OPTIMAL    5.0 (bound 5.0) ends 8 per end 0.625   [per multiplier: x1:None x2:0.625]
+1/2  /V    \V    T=(4, 2) OPTIMAL    9.0 (bound 9.0) ends 8 per end 1.125   [per multiplier: x1:None x2:1.125]
+1/2  /V    /HV   T=(4, 2) INFEASIBLE None (bound None) ends 2 per end None   [per multiplier: x1:None x2:None]
+1/2  /V    /HHV  T=(6, 3) OPTIMAL    3.0 (bound 3.0) ends 4 per end 0.75   [per multiplier: x1:0.75 x2:0.75]
+1/2  /V    /HVV  T=(6, 3) INFEASIBLE None (bound None) ends 2 per end None   [per multiplier: x1:None x2:None]
+1/2  /V    \HV   T=(4, 2) FIELD-CONFLICT None (bound None) ends 8 per end None   [per multiplier: x1:None x2:None]
+1/2  /V    \HHV  T=(2, 1) FIELD-CONFLICT None (bound None) ends 4 per end None   [per multiplier: x1:None x2:None]
+1/2  /V    \HVV  T=(2, 1) FIELD-CONFLICT None (bound None) ends 4 per end None   [per multiplier: x1:None x2:None]
+1/2  \H    /H    T=(4, 2) OPTIMAL    6.0 (bound 6.0) ends 8 per end 0.75   [per multiplier: x1:None x2:0.75]
+1/2  \H    /V    T=(4, 2) OPTIMAL    5.0 (bound 5.0) ends 8 per end 0.625   [per multiplier: x1:None x2:0.625]
+1/2  \H    \V    T=(4, 2) OPTIMAL    6.0 (bound 6.0) ends 12 per end 0.5   [per multiplier: x1:None x2:0.5]
+1/2  \H    /HV   T=(4, 2) INFEASIBLE None (bound None) ends 8 per end None   [per multiplier: x1:None x2:None]
+1/2  \H    /HHV  T=(12, 6) OPTIMAL    17.0 (bound 17.0) ends 24 per end 0.7083   [per multiplier: x1:None x2:0.708]
+1/2  \H    /HVV  T=(6, 3) INFEASIBLE None (bound None) ends 12 per end None   [per multiplier: x1:None x2:None]
+1/2  \H    \HV   T=(4, 2) FIELD-CONFLICT None (bound None) ends 6 per end None   [per multiplier: x1:None x2:None]
+1/2  \H    \HHV  T=(2, 1) FIELD-CONFLICT None (bound None) ends 2 per end None   [per multiplier: x1:None x2:None]
+1/2  \H    \HVV  T=(2, 1) FIELD-CONFLICT None (bound None) ends 4 per end None   [per multiplier: x1:None x2:None]
+1/2  \V    /H    T=(4, 2) OPTIMAL    10.0 (bound 10.0) ends 8 per end 1.25   [per multiplier: x1:None x2:1.25]
+1/2  \V    /V    T=(4, 2) OPTIMAL    9.0 (bound 9.0) ends 8 per end 1.125   [per multiplier: x1:None x2:1.125]
+1/2  \V    \H    T=(4, 2) OPTIMAL    6.0 (bound 6.0) ends 12 per end 0.5   [per multiplier: x1:None x2:0.5]
+1/2  \V    /HV   T=(4, 2) INFEASIBLE None (bound None) ends 8 per end None   [per multiplier: x1:None x2:None]
+1/2  \V    /HHV  T=(12, 6) OPTIMAL    29.0 (bound 29.0) ends 24 per end 1.2083   [per multiplier: x1:1.25 x2:1.208]
+1/2  \V    /HVV  T=(6, 3) INFEASIBLE None (bound None) ends 12 per end None   [per multiplier: x1:None x2:None]
+1/2  \V    \HV   T=(4, 2) FIELD-CONFLICT None (bound None) ends 6 per end None   [per multiplier: x1:None x2:None]
+1/2  \V    \HHV  T=(2, 1) FIELD-CONFLICT None (bound None) ends 4 per end None   [per multiplier: x1:None x2:None]
+1/2  \V    \HVV  T=(2, 1) FIELD-CONFLICT None (bound None) ends 2 per end None   [per multiplier: x1:None x2:None]
+1/2  /HV   /H    T=(4, 2) INFEASIBLE None (bound None) ends 2 per end None   [per multiplier: x1:None x2:None]
+1/2  /HV   /V    T=(4, 2) INFEASIBLE None (bound None) ends 2 per end None   [per multiplier: x1:None x2:None]
+1/2  /HV   \H    T=(4, 2) INFEASIBLE None (bound None) ends 8 per end None   [per multiplier: x1:None x2:None]
+1/2  /HV   \V    T=(4, 2) INFEASIBLE None (bound None) ends 8 per end None   [per multiplier: x1:None x2:None]
+1/2  /HV   /HHV  T=(12, 6) INFEASIBLE None (bound None) ends 6 per end None   [per multiplier: x1:None x2:None]
+1/2  /HV   /HVV  T=(12, 6) INFEASIBLE None (bound None) ends 6 per end None   [per multiplier: x1:None x2:None]
+1/2  /HV   \HV   T=(4, 2) INFEASIBLE None (bound None) ends 8 per end None   [per multiplier: x1:None x2:None]
+1/2  /HV   \HHV  T=(4, 2) FIELD-CONFLICT None (bound None) ends 8 per end None   [per multiplier: x1:None x2:None]
+1/2  /HV   \HVV  T=(4, 2) FIELD-CONFLICT None (bound None) ends 8 per end None   [per multiplier: x1:None x2:None]
+1/2  /HHV  /H    T=(6, 3) INFEASIBLE None (bound None) ends 2 per end None   [per multiplier: x1:None x2:None]
+1/2  /HHV  /V    T=(6, 3) OPTIMAL    3.0 (bound 3.0) ends 4 per end 0.75   [per multiplier: x1:0.75 x2:0.75]
+1/2  /HHV  \H    T=(12, 6) OPTIMAL    17.0 (bound 17.0) ends 24 per end 0.7083   [per multiplier: x1:None x2:0.708]
+1/2  /HHV  \V    T=(12, 6) OPTIMAL    29.0 (bound 29.0) ends 24 per end 1.2083   [per multiplier: x1:1.25 x2:1.208]
+1/2  /HHV  /HV   T=(12, 6) INFEASIBLE None (bound None) ends 6 per end None   [per multiplier: x1:None x2:None]
+1/2  /HHV  /HVV  T=(6, 3) INFEASIBLE None (bound None) ends 2 per end None   [per multiplier: x1:None x2:None]
+1/2  /HHV  \HV   T=(12, 6) FIELD-CONFLICT None (bound None) ends 24 per end None   [per multiplier: x1:None x2:None]
+1/2  /HHV  \HHV  T=(6, 3) FIELD-CONFLICT None (bound None) ends 12 per end None   [per multiplier: x1:None x2:None]
+1/2  /HHV  \HVV  T=(6, 3) FIELD-CONFLICT None (bound None) ends 12 per end None   [per multiplier: x1:None x2:None]
+1/2  /HVV  /H    T=(6, 3) OPTIMAL    3.0 (bound 3.0) ends 4 per end 0.75   [per multiplier: x1:0.75 x2:0.75]
+1/2  /HVV  /V    T=(6, 3) INFEASIBLE None (bound None) ends 2 per end None   [per multiplier: x1:None x2:None]
+1/2  /HVV  \H    T=(6, 3) INFEASIBLE None (bound None) ends 12 per end None   [per multiplier: x1:None x2:None]
+1/2  /HVV  \V    T=(6, 3) INFEASIBLE None (bound None) ends 12 per end None   [per multiplier: x1:None x2:None]
+1/2  /HVV  /HV   T=(12, 6) INFEASIBLE None (bound None) ends 6 per end None   [per multiplier: x1:None x2:None]
+1/2  /HVV  /HHV  T=(12, 6) OPTIMAL    9.0 (bound 9.0) ends 4 per end 2.25   [per multiplier: x1:None x2:2.25]
+1/2  /HVV  \HV   T=(12, 6) FIELD-CONFLICT None (bound None) ends 24 per end None   [per multiplier: x1:None x2:None]
+1/2  /HVV  \HHV  T=(6, 3) FIELD-CONFLICT None (bound None) ends 12 per end None   [per multiplier: x1:None x2:None]
+1/2  /HVV  \HVV  T=(6, 3) FIELD-CONFLICT None (bound None) ends 12 per end None   [per multiplier: x1:None x2:None]
+1/2  \HV   /H    T=(4, 2) INFEASIBLE None (bound None) ends 8 per end None   [per multiplier: x1:None x2:None]
+1/2  \HV   /V    T=(4, 2) FIELD-CONFLICT None (bound None) ends 8 per end None   [per multiplier: x1:None x2:None]
+1/2  \HV   \H    T=(4, 2) FIELD-CONFLICT None (bound None) ends 6 per end None   [per multiplier: x1:None x2:None]
+1/2  \HV   \V    T=(4, 2) FIELD-CONFLICT None (bound None) ends 6 per end None   [per multiplier: x1:None x2:None]
+1/2  \HV   /HV   T=(4, 2) INFEASIBLE None (bound None) ends 8 per end None   [per multiplier: x1:None x2:None]
+1/2  \HV   /HHV  T=(12, 6) FIELD-CONFLICT None (bound None) ends 24 per end None   [per multiplier: x1:None x2:None]
+1/2  \HV   /HVV  T=(12, 6) FIELD-CONFLICT None (bound None) ends 24 per end None   [per multiplier: x1:None x2:None]
+1/2  \HV   \HHV  T=(4, 2) FIELD-CONFLICT None (bound None) ends 6 per end None   [per multiplier: x1:None x2:None]
+1/2  \HV   \HVV  T=(4, 2) FIELD-CONFLICT None (bound None) ends 6 per end None   [per multiplier: x1:None x2:None]
+1/2  \HHV  /H    T=(4, 2) OPTIMAL    8.0 (bound 8.0) ends 8 per end 1.0   [per multiplier: x1:None x2:1.0]
+1/2  \HHV  /V    T=(2, 1) FIELD-CONFLICT None (bound None) ends 4 per end None   [per multiplier: x1:None x2:None]
+1/2  \HHV  \H    T=(2, 1) FIELD-CONFLICT None (bound None) ends 2 per end None   [per multiplier: x1:None x2:None]
+1/2  \HHV  \V    T=(2, 1) FIELD-CONFLICT None (bound None) ends 4 per end None   [per multiplier: x1:None x2:None]
+1/2  \HHV  /HV   T=(4, 2) FIELD-CONFLICT None (bound None) ends 8 per end None   [per multiplier: x1:None x2:None]
+1/2  \HHV  /HHV  T=(6, 3) FIELD-CONFLICT None (bound None) ends 12 per end None   [per multiplier: x1:None x2:None]
+1/2  \HHV  /HVV  T=(6, 3) FIELD-CONFLICT None (bound None) ends 12 per end None   [per multiplier: x1:None x2:None]
+1/2  \HHV  \HV   T=(4, 2) FIELD-CONFLICT None (bound None) ends 6 per end None   [per multiplier: x1:None x2:None]
+1/2  \HHV  \HVV  T=(2, 1) FIELD-CONFLICT None (bound None) ends 2 per end None   [per multiplier: x1:None x2:None]
+1/2  \HVV  /H    T=(4, 2) OPTIMAL    9.0 (bound 9.0) ends 8 per end 1.125   [per multiplier: x1:1.5 x2:1.125]
+1/2  \HVV  /V    T=(2, 1) FIELD-CONFLICT None (bound None) ends 4 per end None   [per multiplier: x1:None x2:None]
+1/2  \HVV  \H    T=(2, 1) FIELD-CONFLICT None (bound None) ends 4 per end None   [per multiplier: x1:None x2:None]
+1/2  \HVV  \V    T=(2, 1) FIELD-CONFLICT None (bound None) ends 2 per end None   [per multiplier: x1:None x2:None]
+1/2  \HVV  /HV   T=(4, 2) FIELD-CONFLICT None (bound None) ends 8 per end None   [per multiplier: x1:None x2:None]
+1/2  \HVV  /HHV  T=(6, 3) FIELD-CONFLICT None (bound None) ends 12 per end None   [per multiplier: x1:None x2:None]
+1/2  \HVV  /HVV  T=(6, 3) FIELD-CONFLICT None (bound None) ends 12 per end None   [per multiplier: x1:None x2:None]
+1/2  \HVV  \HV   T=(4, 2) FIELD-CONFLICT None (bound None) ends 6 per end None   [per multiplier: x1:None x2:None]
+1/2  \HVV  \HHV  T=(2, 1) FIELD-CONFLICT None (bound None) ends 2 per end None   [per multiplier: x1:None x2:None]
-1/2  /H    /V    T=(4, -2) OPTIMAL    6.0 (bound 6.0) ends 12 per end 0.5   [per multiplier: x1:None x2:0.5]
-1/2  /H    \H    T=(4, -2) OPTIMAL    6.0 (bound 6.0) ends 8 per end 0.75   [per multiplier: x1:None x2:0.75]
-1/2  /H    \V    T=(4, -2) OPTIMAL    5.0 (bound 5.0) ends 8 per end 0.625   [per multiplier: x1:None x2:0.625]
-1/2  /H    /HV   T=(4, -2) FIELD-CONFLICT None (bound None) ends 6 per end None   [per multiplier: x1:None x2:None]
-1/2  /H    /HHV  T=(2, -1) FIELD-CONFLICT None (bound None) ends 2 per end None   [per multiplier: x1:None x2:None]
-1/2  /H    /HVV  T=(2, -1) FIELD-CONFLICT None (bound None) ends 4 per end None   [per multiplier: x1:None x2:None]
-1/2  /H    \HV   T=(4, -2) INFEASIBLE None (bound None) ends 8 per end None   [per multiplier: x1:None x2:None]
-1/2  /H    \HHV  T=(12, -6) OPTIMAL    17.0 (bound 17.0) ends 24 per end 0.7083   [per multiplier: x1:None x2:0.708]
-1/2  /H    \HVV  T=(6, -3) INFEASIBLE None (bound None) ends 12 per end None   [per multiplier: x1:None x2:None]
-1/2  /V    /H    T=(4, -2) OPTIMAL    6.0 (bound 6.0) ends 12 per end 0.5   [per multiplier: x1:None x2:0.5]
-1/2  /V    \H    T=(4, -2) OPTIMAL    10.0 (bound 10.0) ends 8 per end 1.25   [per multiplier: x1:None x2:1.25]
-1/2  /V    \V    T=(4, -2) OPTIMAL    9.0 (bound 9.0) ends 8 per end 1.125   [per multiplier: x1:None x2:1.125]
-1/2  /V    /HV   T=(4, -2) FIELD-CONFLICT None (bound None) ends 6 per end None   [per multiplier: x1:None x2:None]
-1/2  /V    /HHV  T=(2, -1) FIELD-CONFLICT None (bound None) ends 4 per end None   [per multiplier: x1:None x2:None]
-1/2  /V    /HVV  T=(2, -1) FIELD-CONFLICT None (bound None) ends 2 per end None   [per multiplier: x1:None x2:None]
-1/2  /V    \HV   T=(4, -2) INFEASIBLE None (bound None) ends 8 per end None   [per multiplier: x1:None x2:None]
-1/2  /V    \HHV  T=(12, -6) OPTIMAL    29.0 (bound 29.0) ends 24 per end 1.2083   [per multiplier: x1:1.25 x2:1.208]
-1/2  /V    \HVV  T=(6, -3) INFEASIBLE None (bound None) ends 12 per end None   [per multiplier: x1:None x2:None]
-1/2  \H    /H    T=(4, -2) OPTIMAL    6.0 (bound 6.0) ends 8 per end 0.75   [per multiplier: x1:None x2:0.75]
-1/2  \H    /V    T=(4, -2) OPTIMAL    10.0 (bound 10.0) ends 8 per end 1.25   [per multiplier: x1:None x2:1.25]
-1/2  \H    \V    T=(4, -2) OPTIMAL    3.0 (bound 3.0) ends 4 per end 0.75   [per multiplier: x1:None x2:0.75]
-1/2  \H    /HV   T=(4, -2) INFEASIBLE None (bound None) ends 8 per end None   [per multiplier: x1:None x2:None]
-1/2  \H    /HHV  T=(4, -2) OPTIMAL    8.0 (bound 8.0) ends 8 per end 1.0   [per multiplier: x1:None x2:1.0]
-1/2  \H    /HVV  T=(4, -2) OPTIMAL    9.0 (bound 9.0) ends 8 per end 1.125   [per multiplier: x1:1.5 x2:1.125]
-1/2  \H    \HV   T=(4, -2) INFEASIBLE None (bound None) ends 2 per end None   [per multiplier: x1:None x2:None]
-1/2  \H    \HHV  T=(6, -3) INFEASIBLE None (bound None) ends 2 per end None   [per multiplier: x1:None x2:None]
-1/2  \H    \HVV  T=(6, -3) OPTIMAL    3.0 (bound 3.0) ends 4 per end 0.75   [per multiplier: x1:0.75 x2:0.75]
-1/2  \V    /H    T=(4, -2) OPTIMAL    5.0 (bound 5.0) ends 8 per end 0.625   [per multiplier: x1:None x2:0.625]
-1/2  \V    /V    T=(4, -2) OPTIMAL    9.0 (bound 9.0) ends 8 per end 1.125   [per multiplier: x1:None x2:1.125]
-1/2  \V    \H    T=(4, -2) OPTIMAL    3.0 (bound 3.0) ends 4 per end 0.75   [per multiplier: x1:None x2:0.75]
-1/2  \V    /HV   T=(4, -2) FIELD-CONFLICT None (bound None) ends 8 per end None   [per multiplier: x1:None x2:None]
-1/2  \V    /HHV  T=(2, -1) FIELD-CONFLICT None (bound None) ends 4 per end None   [per multiplier: x1:None x2:None]
-1/2  \V    /HVV  T=(2, -1) FIELD-CONFLICT None (bound None) ends 4 per end None   [per multiplier: x1:None x2:None]
-1/2  \V    \HV   T=(4, -2) INFEASIBLE None (bound None) ends 2 per end None   [per multiplier: x1:None x2:None]
-1/2  \V    \HHV  T=(6, -3) OPTIMAL    3.0 (bound 3.0) ends 4 per end 0.75   [per multiplier: x1:0.75 x2:0.75]
-1/2  \V    \HVV  T=(6, -3) INFEASIBLE None (bound None) ends 2 per end None   [per multiplier: x1:None x2:None]
-1/2  /HV   /H    T=(4, -2) FIELD-CONFLICT None (bound None) ends 6 per end None   [per multiplier: x1:None x2:None]
-1/2  /HV   /V    T=(4, -2) FIELD-CONFLICT None (bound None) ends 6 per end None   [per multiplier: x1:None x2:None]
-1/2  /HV   \H    T=(4, -2) INFEASIBLE None (bound None) ends 8 per end None   [per multiplier: x1:None x2:None]
-1/2  /HV   \V    T=(4, -2) FIELD-CONFLICT None (bound None) ends 8 per end None   [per multiplier: x1:None x2:None]
-1/2  /HV   /HHV  T=(4, -2) FIELD-CONFLICT None (bound None) ends 6 per end None   [per multiplier: x1:None x2:None]
-1/2  /HV   /HVV  T=(4, -2) FIELD-CONFLICT None (bound None) ends 6 per end None   [per multiplier: x1:None x2:None]
-1/2  /HV   \HV   T=(4, -2) INFEASIBLE None (bound None) ends 8 per end None   [per multiplier: x1:None x2:None]
-1/2  /HV   \HHV  T=(12, -6) FIELD-CONFLICT None (bound None) ends 24 per end None   [per multiplier: x1:None x2:None]
-1/2  /HV   \HVV  T=(12, -6) FIELD-CONFLICT None (bound None) ends 24 per end None   [per multiplier: x1:None x2:None]
-1/2  /HHV  /H    T=(2, -1) FIELD-CONFLICT None (bound None) ends 2 per end None   [per multiplier: x1:None x2:None]
-1/2  /HHV  /V    T=(2, -1) FIELD-CONFLICT None (bound None) ends 4 per end None   [per multiplier: x1:None x2:None]
-1/2  /HHV  \H    T=(4, -2) OPTIMAL    8.0 (bound 8.0) ends 8 per end 1.0   [per multiplier: x1:None x2:1.0]
-1/2  /HHV  \V    T=(2, -1) FIELD-CONFLICT None (bound None) ends 4 per end None   [per multiplier: x1:None x2:None]
-1/2  /HHV  /HV   T=(4, -2) FIELD-CONFLICT None (bound None) ends 6 per end None   [per multiplier: x1:None x2:None]
-1/2  /HHV  /HVV  T=(2, -1) FIELD-CONFLICT None (bound None) ends 2 per end None   [per multiplier: x1:None x2:None]
-1/2  /HHV  \HV   T=(4, -2) FIELD-CONFLICT None (bound None) ends 8 per end None   [per multiplier: x1:None x2:None]
-1/2  /HHV  \HHV  T=(6, -3) FIELD-CONFLICT None (bound None) ends 12 per end None   [per multiplier: x1:None x2:None]
-1/2  /HHV  \HVV  T=(6, -3) FIELD-CONFLICT None (bound None) ends 12 per end None   [per multiplier: x1:None x2:None]
-1/2  /HVV  /H    T=(2, -1) FIELD-CONFLICT None (bound None) ends 4 per end None   [per multiplier: x1:None x2:None]
-1/2  /HVV  /V    T=(2, -1) FIELD-CONFLICT None (bound None) ends 2 per end None   [per multiplier: x1:None x2:None]
-1/2  /HVV  \H    T=(4, -2) OPTIMAL    9.0 (bound 9.0) ends 8 per end 1.125   [per multiplier: x1:1.5 x2:1.125]
-1/2  /HVV  \V    T=(2, -1) FIELD-CONFLICT None (bound None) ends 4 per end None   [per multiplier: x1:None x2:None]
-1/2  /HVV  /HV   T=(4, -2) FIELD-CONFLICT None (bound None) ends 6 per end None   [per multiplier: x1:None x2:None]
-1/2  /HVV  /HHV  T=(2, -1) FIELD-CONFLICT None (bound None) ends 2 per end None   [per multiplier: x1:None x2:None]
-1/2  /HVV  \HV   T=(4, -2) FIELD-CONFLICT None (bound None) ends 8 per end None   [per multiplier: x1:None x2:None]
-1/2  /HVV  \HHV  T=(6, -3) FIELD-CONFLICT None (bound None) ends 12 per end None   [per multiplier: x1:None x2:None]
-1/2  /HVV  \HVV  T=(6, -3) FIELD-CONFLICT None (bound None) ends 12 per end None   [per multiplier: x1:None x2:None]
-1/2  \HV   /H    T=(4, -2) INFEASIBLE None (bound None) ends 8 per end None   [per multiplier: x1:None x2:None]
-1/2  \HV   /V    T=(4, -2) INFEASIBLE None (bound None) ends 8 per end None   [per multiplier: x1:None x2:None]
-1/2  \HV   \H    T=(4, -2) INFEASIBLE None (bound None) ends 2 per end None   [per multiplier: x1:None x2:None]
-1/2  \HV   \V    T=(4, -2) INFEASIBLE None (bound None) ends 2 per end None   [per multiplier: x1:None x2:None]
-1/2  \HV   /HV   T=(4, -2) INFEASIBLE None (bound None) ends 8 per end None   [per multiplier: x1:None x2:None]
-1/2  \HV   /HHV  T=(4, -2) FIELD-CONFLICT None (bound None) ends 8 per end None   [per multiplier: x1:None x2:None]
-1/2  \HV   /HVV  T=(4, -2) FIELD-CONFLICT None (bound None) ends 8 per end None   [per multiplier: x1:None x2:None]
-1/2  \HV   \HHV  T=(12, -6) INFEASIBLE None (bound None) ends 6 per end None   [per multiplier: x1:None x2:None]
-1/2  \HV   \HVV  T=(12, -6) INFEASIBLE None (bound None) ends 6 per end None   [per multiplier: x1:None x2:None]
-1/2  \HHV  /H    T=(12, -6) OPTIMAL    17.0 (bound 17.0) ends 24 per end 0.7083   [per multiplier: x1:None x2:0.708]
-1/2  \HHV  /V    T=(12, -6) OPTIMAL    29.0 (bound 29.0) ends 24 per end 1.2083   [per multiplier: x1:1.25 x2:1.208]
-1/2  \HHV  \H    T=(6, -3) INFEASIBLE None (bound None) ends 2 per end None   [per multiplier: x1:None x2:None]
-1/2  \HHV  \V    T=(6, -3) OPTIMAL    3.0 (bound 3.0) ends 4 per end 0.75   [per multiplier: x1:0.75 x2:0.75]
-1/2  \HHV  /HV   T=(12, -6) FIELD-CONFLICT None (bound None) ends 24 per end None   [per multiplier: x1:None x2:None]
-1/2  \HHV  /HHV  T=(6, -3) FIELD-CONFLICT None (bound None) ends 12 per end None   [per multiplier: x1:None x2:None]
-1/2  \HHV  /HVV  T=(6, -3) FIELD-CONFLICT None (bound None) ends 12 per end None   [per multiplier: x1:None x2:None]
-1/2  \HHV  \HV   T=(12, -6) INFEASIBLE None (bound None) ends 6 per end None   [per multiplier: x1:None x2:None]
-1/2  \HHV  \HVV  T=(12, -6) OPTIMAL    9.0 (bound 9.0) ends 4 per end 2.25   [per multiplier: x1:None x2:2.25]
-1/2  \HVV  /H    T=(6, -3) INFEASIBLE None (bound None) ends 12 per end None   [per multiplier: x1:None x2:None]
-1/2  \HVV  /V    T=(6, -3) INFEASIBLE None (bound None) ends 12 per end None   [per multiplier: x1:None x2:None]
-1/2  \HVV  \H    T=(6, -3) OPTIMAL    3.0 (bound 3.0) ends 4 per end 0.75   [per multiplier: x1:0.75 x2:0.75]
-1/2  \HVV  \V    T=(6, -3) INFEASIBLE None (bound None) ends 2 per end None   [per multiplier: x1:None x2:None]
-1/2  \HVV  /HV   T=(12, -6) FIELD-CONFLICT None (bound None) ends 24 per end None   [per multiplier: x1:None x2:None]
-1/2  \HVV  /HHV  T=(6, -3) FIELD-CONFLICT None (bound None) ends 12 per end None   [per multiplier: x1:None x2:None]
-1/2  \HVV  /HVV  T=(6, -3) FIELD-CONFLICT None (bound None) ends 12 per end None   [per multiplier: x1:None x2:None]
-1/2  \HVV  \HV   T=(12, -6) INFEASIBLE None (bound None) ends 6 per end None   [per multiplier: x1:None x2:None]
-1/2  \HVV  \HHV  T=(6, -3) INFEASIBLE None (bound None) ends 2 per end None   [per multiplier: x1:None x2:None]
+2    /H    /V    T=(2, 4) OPTIMAL    3.0 (bound 3.0) ends 4 per end 0.75   [per multiplier: x1:None x2:0.75]
+2    /H    \H    T=(2, 4) OPTIMAL    9.0 (bound 9.0) ends 8 per end 1.125   [per multiplier: x1:None x2:1.125]
+2    /H    \V    T=(2, 4) OPTIMAL    5.0 (bound 5.0) ends 8 per end 0.625   [per multiplier: x1:None x2:0.625]
+2    /H    /HV   T=(2, 4) INFEASIBLE None (bound None) ends 2 per end None   [per multiplier: x1:None x2:None]
+2    /H    /HHV  T=(3, 6) INFEASIBLE None (bound None) ends 2 per end None   [per multiplier: x1:None x2:None]
+2    /H    /HVV  T=(3, 6) OPTIMAL    3.0 (bound 3.0) ends 4 per end 0.75   [per multiplier: x1:0.75 x2:0.75]
+2    /H    \HV   T=(2, 4) FIELD-CONFLICT None (bound None) ends 8 per end None   [per multiplier: x1:None x2:None]
+2    /H    \HHV  T=(2, 4) OPTIMAL    10.0 (bound 10.0) ends 8 per end 1.25   [per multiplier: x1:None x2:1.25]
+2    /H    \HVV  T=(2, 4) OPTIMAL    8.0 (bound 8.0) ends 8 per end 1.0   [per multiplier: x1:None x2:1.0]
+2    /V    /H    T=(2, 4) OPTIMAL    3.0 (bound 3.0) ends 4 per end 0.75   [per multiplier: x1:None x2:0.75]
+2    /V    \H    T=(2, 4) OPTIMAL    10.0 (bound 10.0) ends 8 per end 1.25   [per multiplier: x1:None x2:1.25]
+2    /V    \V    T=(2, 4) OPTIMAL    6.0 (bound 6.0) ends 8 per end 0.75   [per multiplier: x1:None x2:0.75]
+2    /V    /HV   T=(2, 4) INFEASIBLE None (bound None) ends 2 per end None   [per multiplier: x1:None x2:None]
+2    /V    /HHV  T=(3, 6) OPTIMAL    3.0 (bound 3.0) ends 4 per end 0.75   [per multiplier: x1:0.75 x2:0.75]
+2    /V    /HVV  T=(3, 6) INFEASIBLE None (bound None) ends 2 per end None   [per multiplier: x1:None x2:None]
+2    /V    \HV   T=(2, 4) INFEASIBLE None (bound None) ends 8 per end None   [per multiplier: x1:None x2:None]
+2    /V    \HHV  T=(2, 4) OPTIMAL    10.0 (bound 10.0) ends 8 per end 1.25   [per multiplier: x1:None x2:1.25]
+2    /V    \HVV  T=(2, 4) OPTIMAL    8.0 (bound 8.0) ends 8 per end 1.0   [per multiplier: x1:None x2:1.0]
+2    \H    /H    T=(2, 4) OPTIMAL    9.0 (bound 9.0) ends 8 per end 1.125   [per multiplier: x1:None x2:1.125]
+2    \H    /V    T=(2, 4) OPTIMAL    10.0 (bound 10.0) ends 8 per end 1.25   [per multiplier: x1:None x2:1.25]
+2    \H    \V    T=(2, 4) OPTIMAL    6.0 (bound 6.0) ends 12 per end 0.5   [per multiplier: x1:None x2:0.5]
+2    \H    /HV   T=(2, 4) INFEASIBLE None (bound None) ends 8 per end None   [per multiplier: x1:None x2:None]
+2    \H    /HHV  T=(3, 6) INFEASIBLE None (bound None) ends 12 per end None   [per multiplier: x1:None x2:None]
+2    \H    /HVV  T=(6, 12) OPTIMAL    29.0 (bound 29.0) ends 24 per end 1.2083   [per multiplier: x1:1.25 x2:1.208]
+2    \H    \HV   T=(2, 4) FIELD-CONFLICT None (bound None) ends 6 per end None   [per multiplier: x1:None x2:None]
+2    \H    \HHV  T=(1, 2) FIELD-CONFLICT None (bound None) ends 2 per end None   [per multiplier: x1:None x2:None]
+2    \H    \HVV  T=(1, 2) FIELD-CONFLICT None (bound None) ends 4 per end None   [per multiplier: x1:None x2:None]
+2    \V    /H    T=(2, 4) OPTIMAL    5.0 (bound 5.0) ends 8 per end 0.625   [per multiplier: x1:None x2:0.625]
+2    \V    /V    T=(2, 4) OPTIMAL    6.0 (bound 6.0) ends 8 per end 0.75   [per multiplier: x1:None x2:0.75]
+2    \V    \H    T=(2, 4) OPTIMAL    6.0 (bound 6.0) ends 12 per end 0.5   [per multiplier: x1:None x2:0.5]
+2    \V    /HV   T=(2, 4) INFEASIBLE None (bound None) ends 8 per end None   [per multiplier: x1:None x2:None]
+2    \V    /HHV  T=(3, 6) INFEASIBLE None (bound None) ends 12 per end None   [per multiplier: x1:None x2:None]
+2    \V    /HVV  T=(6, 12) OPTIMAL    17.0 (bound 17.0) ends 24 per end 0.7083   [per multiplier: x1:None x2:0.708]
+2    \V    \HV   T=(2, 4) FIELD-CONFLICT None (bound None) ends 6 per end None   [per multiplier: x1:None x2:None]
+2    \V    \HHV  T=(1, 2) FIELD-CONFLICT None (bound None) ends 4 per end None   [per multiplier: x1:None x2:None]
+2    \V    \HVV  T=(1, 2) FIELD-CONFLICT None (bound None) ends 2 per end None   [per multiplier: x1:None x2:None]
+2    /HV   /H    T=(2, 4) INFEASIBLE None (bound None) ends 2 per end None   [per multiplier: x1:None x2:None]
+2    /HV   /V    T=(2, 4) INFEASIBLE None (bound None) ends 2 per end None   [per multiplier: x1:None x2:None]
+2    /HV   \H    T=(2, 4) INFEASIBLE None (bound None) ends 8 per end None   [per multiplier: x1:None x2:None]
+2    /HV   \V    T=(2, 4) INFEASIBLE None (bound None) ends 8 per end None   [per multiplier: x1:None x2:None]
+2    /HV   /HHV  T=(6, 12) INFEASIBLE None (bound None) ends 6 per end None   [per multiplier: x1:None x2:None]
+2    /HV   /HVV  T=(6, 12) INFEASIBLE None (bound None) ends 6 per end None   [per multiplier: x1:None x2:None]
+2    /HV   \HV   T=(2, 4) FIELD-CONFLICT None (bound None) ends 8 per end None   [per multiplier: x1:None x2:None]
+2    /HV   \HHV  T=(2, 4) INFEASIBLE None (bound None) ends 8 per end None   [per multiplier: x1:None x2:None]
+2    /HV   \HVV  T=(2, 4) INFEASIBLE None (bound None) ends 8 per end None   [per multiplier: x1:None x2:None]
+2    /HHV  /H    T=(3, 6) INFEASIBLE None (bound None) ends 2 per end None   [per multiplier: x1:None x2:None]
+2    /HHV  /V    T=(3, 6) OPTIMAL    3.0 (bound 3.0) ends 4 per end 0.75   [per multiplier: x1:0.75 x2:0.75]
+2    /HHV  \H    T=(3, 6) INFEASIBLE None (bound None) ends 12 per end None   [per multiplier: x1:None x2:None]
+2    /HHV  \V    T=(3, 6) INFEASIBLE None (bound None) ends 12 per end None   [per multiplier: x1:None x2:None]
+2    /HHV  /HV   T=(6, 12) INFEASIBLE None (bound None) ends 6 per end None   [per multiplier: x1:None x2:None]
+2    /HHV  /HVV  T=(3, 6) INFEASIBLE None (bound None) ends 2 per end None   [per multiplier: x1:None x2:None]
+2    /HHV  \HV   T=(6, 12) FIELD-CONFLICT None (bound None) ends 24 per end None   [per multiplier: x1:None x2:None]
+2    /HHV  \HHV  T=(3, 6) INFEASIBLE None (bound None) ends 12 per end None   [per multiplier: x1:None x2:None]
+2    /HHV  \HVV  T=(3, 6) INFEASIBLE None (bound None) ends 12 per end None   [per multiplier: x1:None x2:None]
+2    /HVV  /H    T=(3, 6) OPTIMAL    3.0 (bound 3.0) ends 4 per end 0.75   [per multiplier: x1:0.75 x2:0.75]
+2    /HVV  /V    T=(3, 6) INFEASIBLE None (bound None) ends 2 per end None   [per multiplier: x1:None x2:None]
+2    /HVV  \H    T=(6, 12) OPTIMAL    29.0 (bound 29.0) ends 24 per end 1.2083   [per multiplier: x1:1.25 x2:1.208]
+2    /HVV  \V    T=(6, 12) OPTIMAL    17.0 (bound 17.0) ends 24 per end 0.7083   [per multiplier: x1:None x2:0.708]
+2    /HVV  /HV   T=(6, 12) INFEASIBLE None (bound None) ends 6 per end None   [per multiplier: x1:None x2:None]
+2    /HVV  /HHV  T=(6, 12) OPTIMAL    9.0 (bound 9.0) ends 4 per end 2.25   [per multiplier: x1:None x2:2.25]
+2    /HVV  \HV   T=(6, 12) FIELD-CONFLICT None (bound None) ends 24 per end None   [per multiplier: x1:None x2:None]
+2    /HVV  \HHV  T=(6, 12) OPTIMAL    30.0 (bound 30.0) ends 24 per end 1.25   [per multiplier: x1:None x2:1.25]
+2    /HVV  \HVV  T=(3, 6) INFEASIBLE None (bound None) ends 12 per end None   [per multiplier: x1:None x2:None]
+2    \HV   /H    T=(2, 4) FIELD-CONFLICT None (bound None) ends 8 per end None   [per multiplier: x1:None x2:None]
+2    \HV   /V    T=(2, 4) INFEASIBLE None (bound None) ends 8 per end None   [per multiplier: x1:None x2:None]
+2    \HV   \H    T=(2, 4) FIELD-CONFLICT None (bound None) ends 6 per end None   [per multiplier: x1:None x2:None]
+2    \HV   \V    T=(2, 4) FIELD-CONFLICT None (bound None) ends 6 per end None   [per multiplier: x1:None x2:None]
+2    \HV   /HV   T=(2, 4) FIELD-CONFLICT None (bound None) ends 8 per end None   [per multiplier: x1:None x2:None]
+2    \HV   /HHV  T=(6, 12) FIELD-CONFLICT None (bound None) ends 24 per end None   [per multiplier: x1:None x2:None]
+2    \HV   /HVV  T=(6, 12) FIELD-CONFLICT None (bound None) ends 24 per end None   [per multiplier: x1:None x2:None]
+2    \HV   \HHV  T=(2, 4) FIELD-CONFLICT None (bound None) ends 6 per end None   [per multiplier: x1:None x2:None]
+2    \HV   \HVV  T=(2, 4) FIELD-CONFLICT None (bound None) ends 6 per end None   [per multiplier: x1:None x2:None]
+2    \HHV  /H    T=(2, 4) OPTIMAL    10.0 (bound 10.0) ends 8 per end 1.25   [per multiplier: x1:None x2:1.25]
+2    \HHV  /V    T=(2, 4) OPTIMAL    10.0 (bound 10.0) ends 8 per end 1.25   [per multiplier: x1:None x2:1.25]
+2    \HHV  \H    T=(1, 2) FIELD-CONFLICT None (bound None) ends 2 per end None   [per multiplier: x1:None x2:None]
+2    \HHV  \V    T=(1, 2) FIELD-CONFLICT None (bound None) ends 4 per end None   [per multiplier: x1:None x2:None]
+2    \HHV  /HV   T=(2, 4) INFEASIBLE None (bound None) ends 8 per end None   [per multiplier: x1:None x2:None]
+2    \HHV  /HHV  T=(3, 6) INFEASIBLE None (bound None) ends 12 per end None   [per multiplier: x1:None x2:None]
+2    \HHV  /HVV  T=(6, 12) OPTIMAL    30.0 (bound 30.0) ends 24 per end 1.25   [per multiplier: x1:None x2:1.25]
+2    \HHV  \HV   T=(2, 4) FIELD-CONFLICT None (bound None) ends 6 per end None   [per multiplier: x1:None x2:None]
+2    \HHV  \HVV  T=(1, 2) FIELD-CONFLICT None (bound None) ends 2 per end None   [per multiplier: x1:None x2:None]
+2    \HVV  /H    T=(1, 2) FIELD-CONFLICT None (bound None) ends 4 per end None   [per multiplier: x1:None x2:None]
+2    \HVV  /V    T=(2, 4) OPTIMAL    8.0 (bound 8.0) ends 8 per end 1.0   [per multiplier: x1:None x2:1.0]
+2    \HVV  \H    T=(1, 2) FIELD-CONFLICT None (bound None) ends 4 per end None   [per multiplier: x1:None x2:None]
+2    \HVV  \V    T=(1, 2) FIELD-CONFLICT None (bound None) ends 2 per end None   [per multiplier: x1:None x2:None]
+2    \HVV  /HV   T=(2, 4) FIELD-CONFLICT None (bound None) ends 8 per end None   [per multiplier: x1:None x2:None]
+2    \HVV  /HHV  T=(3, 6) FIELD-CONFLICT None (bound None) ends 12 per end None   [per multiplier: x1:None x2:None]
+2    \HVV  /HVV  T=(3, 6) FIELD-CONFLICT None (bound None) ends 12 per end None   [per multiplier: x1:None x2:None]
+2    \HVV  \HV   T=(2, 4) FIELD-CONFLICT None (bound None) ends 6 per end None   [per multiplier: x1:None x2:None]
+2    \HVV  \HHV  T=(1, 2) FIELD-CONFLICT None (bound None) ends 2 per end None   [per multiplier: x1:None x2:None]
-2    /H    /V    T=(2, -4) OPTIMAL    6.0 (bound 6.0) ends 12 per end 0.5   [per multiplier: x1:None x2:0.5]
-2    /H    \H    T=(2, -4) OPTIMAL    9.0 (bound 9.0) ends 8 per end 1.125   [per multiplier: x1:None x2:1.125]
-2    /H    \V    T=(2, -4) OPTIMAL    10.0 (bound 10.0) ends 8 per end 1.25   [per multiplier: x1:None x2:1.25]
-2    /H    /HV   T=(2, -4) FIELD-CONFLICT None (bound None) ends 6 per end None   [per multiplier: x1:None x2:None]
-2    /H    /HHV  T=(1, -2) FIELD-CONFLICT None (bound None) ends 2 per end None   [per multiplier: x1:None x2:None]
-2    /H    /HVV  T=(1, -2) FIELD-CONFLICT None (bound None) ends 4 per end None   [per multiplier: x1:None x2:None]
-2    /H    \HV   T=(2, -4) INFEASIBLE None (bound None) ends 8 per end None   [per multiplier: x1:None x2:None]
-2    /H    \HHV  T=(3, -6) INFEASIBLE None (bound None) ends 12 per end None   [per multiplier: x1:None x2:None]
-2    /H    \HVV  T=(6, -12) OPTIMAL    29.0 (bound 29.0) ends 24 per end 1.2083   [per multiplier: x1:1.25 x2:1.208]
-2    /V    /H    T=(2, -4) OPTIMAL    6.0 (bound 6.0) ends 12 per end 0.5   [per multiplier: x1:None x2:0.5]
-2    /V    \H    T=(2, -4) OPTIMAL    5.0 (bound 5.0) ends 8 per end 0.625   [per multiplier: x1:None x2:0.625]
-2    /V    \V    T=(2, -4) OPTIMAL    6.0 (bound 6.0) ends 8 per end 0.75   [per multiplier: x1:None x2:0.75]
-2    /V    /HV   T=(2, -4) FIELD-CONFLICT None (bound None) ends 6 per end None   [per multiplier: x1:None x2:None]
-2    /V    /HHV  T=(1, -2) FIELD-CONFLICT None (bound None) ends 4 per end None   [per multiplier: x1:None x2:None]
-2    /V    /HVV  T=(1, -2) FIELD-CONFLICT None (bound None) ends 2 per end None   [per multiplier: x1:None x2:None]
-2    /V    \HV   T=(2, -4) INFEASIBLE None (bound None) ends 8 per end None   [per multiplier: x1:None x2:None]
-2    /V    \HHV  T=(3, -6) INFEASIBLE None (bound None) ends 12 per end None   [per multiplier: x1:None x2:None]
-2    /V    \HVV  T=(6, -12) OPTIMAL    17.0 (bound 17.0) ends 24 per end 0.7083   [per multiplier: x1:None x2:0.708]
-2    \H    /H    T=(2, -4) OPTIMAL    9.0 (bound 9.0) ends 8 per end 1.125   [per multiplier: x1:None x2:1.125]
-2    \H    /V    T=(2, -4) OPTIMAL    5.0 (bound 5.0) ends 8 per end 0.625   [per multiplier: x1:None x2:0.625]
-2    \H    \V    T=(2, -4) OPTIMAL    3.0 (bound 3.0) ends 4 per end 0.75   [per multiplier: x1:None x2:0.75]
-2    \H    /HV   T=(2, -4) FIELD-CONFLICT None (bound None) ends 8 per end None   [per multiplier: x1:None x2:None]
-2    \H    /HHV  T=(2, -4) OPTIMAL    10.0 (bound 10.0) ends 8 per end 1.25   [per multiplier: x1:None x2:1.25]
-2    \H    /HVV  T=(1, -2) FIELD-CONFLICT None (bound None) ends 4 per end None   [per multiplier: x1:None x2:None]
-2    \H    \HV   T=(2, -4) INFEASIBLE None (bound None) ends 2 per end None   [per multiplier: x1:None x2:None]
-2    \H    \HHV  T=(3, -6) INFEASIBLE None (bound None) ends 2 per end None   [per multiplier: x1:None x2:None]
-2    \H    \HVV  T=(3, -6) OPTIMAL    3.0 (bound 3.0) ends 4 per end 0.75   [per multiplier: x1:0.75 x2:0.75]
-2    \V    /H    T=(2, -4) OPTIMAL    10.0 (bound 10.0) ends 8 per end 1.25   [per multiplier: x1:None x2:1.25]
-2    \V    /V    T=(2, -4) OPTIMAL    6.0 (bound 6.0) ends 8 per end 0.75   [per multiplier: x1:None x2:0.75]
-2    \V    \H    T=(2, -4) OPTIMAL    3.0 (bound 3.0) ends 4 per end 0.75   [per multiplier: x1:None x2:0.75]
-2    \V    /HV   T=(2, -4) INFEASIBLE None (bound None) ends 8 per end None   [per multiplier: x1:None x2:None]
-2    \V    /HHV  T=(2, -4) OPTIMAL    10.0 (bound 10.0) ends 8 per end 1.25   [per multiplier: x1:None x2:1.25]
-2    \V    /HVV  T=(2, -4) OPTIMAL    8.0 (bound 8.0) ends 8 per end 1.0   [per multiplier: x1:None x2:1.0]
-2    \V    \HV   T=(2, -4) INFEASIBLE None (bound None) ends 2 per end None   [per multiplier: x1:None x2:None]
-2    \V    \HHV  T=(3, -6) OPTIMAL    3.0 (bound 3.0) ends 4 per end 0.75   [per multiplier: x1:0.75 x2:0.75]
-2    \V    \HVV  T=(3, -6) INFEASIBLE None (bound None) ends 2 per end None   [per multiplier: x1:None x2:None]
-2    /HV   /H    T=(2, -4) FIELD-CONFLICT None (bound None) ends 6 per end None   [per multiplier: x1:None x2:None]
-2    /HV   /V    T=(2, -4) FIELD-CONFLICT None (bound None) ends 6 per end None   [per multiplier: x1:None x2:None]
-2    /HV   \H    T=(2, -4) FIELD-CONFLICT None (bound None) ends 8 per end None   [per multiplier: x1:None x2:None]
-2    /HV   \V    T=(2, -4) INFEASIBLE None (bound None) ends 8 per end None   [per multiplier: x1:None x2:None]
-2    /HV   /HHV  T=(2, -4) FIELD-CONFLICT None (bound None) ends 6 per end None   [per multiplier: x1:None x2:None]
-2    /HV   /HVV  T=(2, -4) FIELD-CONFLICT None (bound None) ends 6 per end None   [per multiplier: x1:None x2:None]
-2    /HV   \HV   T=(2, -4) FIELD-CONFLICT None (bound None) ends 8 per end None   [per multiplier: x1:None x2:None]
-2    /HV   \HHV  T=(6, -12) FIELD-CONFLICT None (bound None) ends 24 per end None   [per multiplier: x1:None x2:None]
-2    /HV   \HVV  T=(6, -12) FIELD-CONFLICT None (bound None) ends 24 per end None   [per multiplier: x1:None x2:None]
-2    /HHV  /H    T=(1, -2) FIELD-CONFLICT None (bound None) ends 2 per end None   [per multiplier: x1:None x2:None]
-2    /HHV  /V    T=(1, -2) FIELD-CONFLICT None (bound None) ends 4 per end None   [per multiplier: x1:None x2:None]
-2    /HHV  \H    T=(2, -4) OPTIMAL    10.0 (bound 10.0) ends 8 per end 1.25   [per multiplier: x1:None x2:1.25]
-2    /HHV  \V    T=(2, -4) OPTIMAL    10.0 (bound 10.0) ends 8 per end 1.25   [per multiplier: x1:None x2:1.25]
-2    /HHV  /HV   T=(2, -4) FIELD-CONFLICT None (bound None) ends 6 per end None   [per multiplier: x1:None x2:None]
-2    /HHV  /HVV  T=(1, -2) FIELD-CONFLICT None (bound None) ends 2 per end None   [per multiplier: x1:None x2:None]
-2    /HHV  \HV   T=(2, -4) INFEASIBLE None (bound None) ends 8 per end None   [per multiplier: x1:None x2:None]
-2    /HHV  \HHV  T=(3, -6) INFEASIBLE None (bound None) ends 12 per end None   [per multiplier: x1:None x2:None]
-2    /HHV  \HVV  T=(6, -12) OPTIMAL    30.0 (bound 30.0) ends 24 per end 1.25   [per multiplier: x1:None x2:1.25]
-2    /HVV  /H    T=(1, -2) FIELD-CONFLICT None (bound None) ends 4 per end None   [per multiplier: x1:None x2:None]
-2    /HVV  /V    T=(1, -2) FIELD-CONFLICT None (bound None) ends 2 per end None   [per multiplier: x1:None x2:None]
-2    /HVV  \H    T=(2, -4) OPTIMAL    8.0 (bound 8.0) ends 8 per end 1.0   [per multiplier: x1:None x2:1.0]
-2    /HVV  \V    T=(2, -4) OPTIMAL    8.0 (bound 8.0) ends 8 per end 1.0   [per multiplier: x1:None x2:1.0]
-2    /HVV  /HV   T=(2, -4) FIELD-CONFLICT None (bound None) ends 6 per end None   [per multiplier: x1:None x2:None]
-2    /HVV  /HHV  T=(1, -2) FIELD-CONFLICT None (bound None) ends 2 per end None   [per multiplier: x1:None x2:None]
-2    /HVV  \HV   T=(2, -4) INFEASIBLE None (bound None) ends 8 per end None   [per multiplier: x1:None x2:None]
-2    /HVV  \HHV  T=(3, -6) INFEASIBLE None (bound None) ends 12 per end None   [per multiplier: x1:None x2:None]
-2    /HVV  \HVV  T=(3, -6) INFEASIBLE None (bound None) ends 12 per end None   [per multiplier: x1:None x2:None]
-2    \HV   /H    T=(2, -4) INFEASIBLE None (bound None) ends 8 per end None   [per multiplier: x1:None x2:None]
-2    \HV   /V    T=(2, -4) INFEASIBLE None (bound None) ends 8 per end None   [per multiplier: x1:None x2:None]
-2    \HV   \H    T=(2, -4) INFEASIBLE None (bound None) ends 2 per end None   [per multiplier: x1:None x2:None]
-2    \HV   \V    T=(2, -4) INFEASIBLE None (bound None) ends 2 per end None   [per multiplier: x1:None x2:None]
-2    \HV   /HV   T=(2, -4) FIELD-CONFLICT None (bound None) ends 8 per end None   [per multiplier: x1:None x2:None]
-2    \HV   /HHV  T=(2, -4) INFEASIBLE None (bound None) ends 8 per end None   [per multiplier: x1:None x2:None]
-2    \HV   /HVV  T=(2, -4) FIELD-CONFLICT None (bound None) ends 8 per end None   [per multiplier: x1:None x2:None]
-2    \HV   \HHV  T=(6, -12) INFEASIBLE None (bound None) ends 6 per end None   [per multiplier: x1:None x2:None]
-2    \HV   \HVV  T=(6, -12) INFEASIBLE None (bound None) ends 6 per end None   [per multiplier: x1:None x2:None]
-2    \HHV  /H    T=(3, -6) INFEASIBLE None (bound None) ends 12 per end None   [per multiplier: x1:None x2:None]
-2    \HHV  /V    T=(3, -6) INFEASIBLE None (bound None) ends 12 per end None   [per multiplier: x1:None x2:None]
-2    \HHV  \H    T=(3, -6) INFEASIBLE None (bound None) ends 2 per end None   [per multiplier: x1:None x2:None]
-2    \HHV  \V    T=(3, -6) OPTIMAL    3.0 (bound 3.0) ends 4 per end 0.75   [per multiplier: x1:0.75 x2:0.75]
-2    \HHV  /HV   T=(6, -12) FIELD-CONFLICT None (bound None) ends 24 per end None   [per multiplier: x1:None x2:None]
-2    \HHV  /HHV  T=(3, -6) INFEASIBLE None (bound None) ends 12 per end None   [per multiplier: x1:None x2:None]
-2    \HHV  /HVV  T=(3, -6) FIELD-CONFLICT None (bound None) ends 12 per end None   [per multiplier: x1:None x2:None]
-2    \HHV  \HV   T=(6, -12) INFEASIBLE None (bound None) ends 6 per end None   [per multiplier: x1:None x2:None]
-2    \HHV  \HVV  T=(6, -12) OPTIMAL    9.0 (bound 9.0) ends 4 per end 2.25   [per multiplier: x1:None x2:2.25]
-2    \HVV  /H    T=(6, -12) OPTIMAL    29.0 (bound 29.0) ends 24 per end 1.2083   [per multiplier: x1:1.25 x2:1.208]
-2    \HVV  /V    T=(6, -12) OPTIMAL    17.0 (bound 17.0) ends 24 per end 0.7083   [per multiplier: x1:None x2:0.708]
-2    \HVV  \H    T=(3, -6) OPTIMAL    3.0 (bound 3.0) ends 4 per end 0.75   [per multiplier: x1:0.75 x2:0.75]
-2    \HVV  \V    T=(3, -6) INFEASIBLE None (bound None) ends 2 per end None   [per multiplier: x1:None x2:None]
-2    \HVV  /HV   T=(6, -12) FIELD-CONFLICT None (bound None) ends 24 per end None   [per multiplier: x1:None x2:None]
-2    \HVV  /HHV  T=(6, -12) OPTIMAL    30.0 (bound 30.0) ends 24 per end 1.25   [per multiplier: x1:None x2:1.25]
-2    \HVV  /HVV  T=(3, -6) FIELD-CONFLICT None (bound None) ends 12 per end None   [per multiplier: x1:None x2:None]
-2    \HVV  \HV   T=(6, -12) INFEASIBLE None (bound None) ends 6 per end None   [per multiplier: x1:None x2:None]
-2    \HVV  \HHV  T=(3, -6) INFEASIBLE None (bound None) ends 2 per end None   [per multiplier: x1:None x2:None]
MINIMUM crossings per absorbed end: (0.0, '0', ('/', 'H'), ('\\', 'H'))
exit=0
