+1 \HV \H x2:INFEASIBLE:None:None:ends4:- x3:INFEASIBLE:None:None:ends6:-
+1 \HV \V x2:INFEASIBLE:None:None:ends4:- x3:INFEASIBLE:None:None:ends6:-
+1 \HV \HHV x2:INFEASIBLE:None:None:ends12:- x3:INFEASIBLE:None:None:ends18:-
+1 \HV \HVV x2:INFEASIBLE:None:None:ends12:- x3:INFEASIBLE:None:None:ends18:-
-1 /H /HV x2:INFEASIBLE:None:None:ends4:- x3:INFEASIBLE:None:None:ends6:-
-1 /V /HV x2:INFEASIBLE:None:None:ends4:- x3:INFEASIBLE:None:None:ends6:-
-1 /HHV /HV x2:INFEASIBLE:None:None:ends12:- x3:INFEASIBLE:None:None:ends18:-
-1 /HVV /HV x2:INFEASIBLE:None:None:ends12:- x3:INFEASIBLE:None:None:ends18:-
+1/2 /V \HV x2:INFEASIBLE:None:None:ends16:- x3:INFEASIBLE:None:None:ends24:-
+1/2 /V \HVV x2:OPTIMAL:8.0:8.0:ends8:1.0000 x3:INFEASIBLE:None:None:ends12:-
+1/2 \H \HHV x2:OPTIMAL:7.0:7.0:ends4:1.7500 x3:INFEASIBLE:None:None:ends6:-
+1/2 \V \HVV x2:OPTIMAL:8.0:8.0:ends4:2.0000 x3:INFEASIBLE:None:None:ends6:-
+1/2 /HV \HHV x2:INFEASIBLE:None:None:ends16:- x3:INFEASIBLE:None:None:ends24:-
+1/2 /HV \HVV x2:INFEASIBLE:None:None:ends16:- x3:INFEASIBLE:None:None:ends24:-
+1/2 /HHV \HV x2:INFEASIBLE:None:None:ends48:- x3:INFEASIBLE:None:None:ends72:-
+1/2 /HHV \HVV x2:FEASIBLE:24.0:2.0:ends24:0.0833 x3:UNKNOWN:None:None:ends36:-
+1/2 /HVV \HV x2:INFEASIBLE:None:None:ends48:- x3:INFEASIBLE:None:None:ends72:-
+1/2 /HVV \HHV x2:FEASIBLE:22.0:0.0:ends24:0.0000 x3:UNKNOWN:None:None:ends36:-
+1/2 \HV /V x2:INFEASIBLE:None:None:ends16:- x3:INFEASIBLE:None:None:ends24:-
+1/2 \HV /HHV x2:INFEASIBLE:None:None:ends48:- x3:INFEASIBLE:None:None:ends72:-
+1/2 \HV /HVV x2:INFEASIBLE:None:None:ends48:- x3:INFEASIBLE:None:None:ends72:-
+1/2 \HHV \H x2:OPTIMAL:7.0:7.0:ends4:1.7500 x3:INFEASIBLE:None:None:ends6:-
+1/2 \HHV /HV x2:INFEASIBLE:None:None:ends16:- x3:INFEASIBLE:None:None:ends24:-
+1/2 \HHV /HVV x2:FEASIBLE:22.0:0.0:ends24:0.0000 x3:UNKNOWN:None:None:ends36:-
+1/2 \HHV \HVV x2:OPTIMAL:8.0:8.0:ends4:2.0000 x3:INFEASIBLE:None:None:ends6:-
+1/2 \HVV /V x2:OPTIMAL:8.0:8.0:ends8:1.0000 x3:INFEASIBLE:None:None:ends12:-
+1/2 \HVV /HV x2:INFEASIBLE:None:None:ends16:- x3:INFEASIBLE:None:None:ends24:-
