band |h| <= 2; columns: slope, F1 (side h<0), F2, period vector, status, crossings/period, absorbed ends/period, crossings per absorbed end
0     /H    /V    T=(2, 0) OPTIMAL    3.0 (bound 3.0) ends 4 per end 0.75   [per multiplier: x1:None x2:0.75 x3:None x4:0.75]
0     /H    \H    T=(1, 0) OPTIMAL    0.0 (bound 0.0) ends 2 per end 0.0   [per multiplier: x1:0.0 x2:0.0 x3:0.0 x4:0.0]
0     /H    \V    T=(2, 0) OPTIMAL    3.0 (bound 3.0) ends 4 per end 0.75   [per multiplier: x1:None x2:0.75 x3:None x4:0.75]
0     /V    /H    T=(2, 0) OPTIMAL    3.0 (bound 3.0) ends 4 per end 0.75   [per multiplier: x1:None x2:0.75 x3:None x4:0.75]
0     /V    \H    T=(2, 0) OPTIMAL    3.0 (bound 3.0) ends 4 per end 0.75   [per multiplier: x1:None x2:0.75 x3:None x4:0.75]
0     /V    \V    T=(1, 0) OPTIMAL    1.0 (bound 1.0) ends 2 per end 0.5   [per multiplier: x1:0.5 x2:0.5 x3:0.5 x4:0.5]
0     \H    /H    T=(1, 0) OPTIMAL    0.0 (bound 0.0) ends 2 per end 0.0   [per multiplier: x1:0.0 x2:0.0 x3:0.0 x4:0.0]
0     \H    /V    T=(2, 0) OPTIMAL    3.0 (bound 3.0) ends 4 per end 0.75   [per multiplier: x1:None x2:0.75 x3:None x4:0.75]
0     \H    \V    T=(2, 0) OPTIMAL    3.0 (bound 3.0) ends 4 per end 0.75   [per multiplier: x1:None x2:0.75 x3:None x4:0.75]
0     \V    /H    T=(2, 0) OPTIMAL    3.0 (bound 3.0) ends 4 per end 0.75   [per multiplier: x1:None x2:0.75 x3:None x4:0.75]
0     \V    /V    T=(1, 0) OPTIMAL    1.0 (bound 1.0) ends 2 per end 0.5   [per multiplier: x1:0.5 x2:0.5 x3:0.5 x4:0.5]
0     \V    \H    T=(2, 0) OPTIMAL    3.0 (bound 3.0) ends 4 per end 0.75   [per multiplier: x1:None x2:0.75 x3:None x4:0.75]
inf   /H    /V    T=(0, 2) OPTIMAL    3.0 (bound 3.0) ends 4 per end 0.75   [per multiplier: x1:None x2:0.75 x3:None x4:0.75]
inf   /H    \H    T=(0, 1) OPTIMAL    1.0 (bound 1.0) ends 2 per end 0.5   [per multiplier: x1:0.5 x2:0.5 x3:0.5 x4:0.5]
inf   /H    \V    T=(0, 2) OPTIMAL    3.0 (bound 3.0) ends 4 per end 0.75   [per multiplier: x1:None x2:0.75 x3:None x4:0.75]
inf   /V    /H    T=(0, 2) OPTIMAL    3.0 (bound 3.0) ends 4 per end 0.75   [per multiplier: x1:None x2:0.75 x3:None x4:0.75]
inf   /V    \H    T=(0, 2) OPTIMAL    3.0 (bound 3.0) ends 4 per end 0.75   [per multiplier: x1:None x2:0.75 x3:None x4:0.75]
inf   /V    \V    T=(0, 1) OPTIMAL    0.0 (bound 0.0) ends 2 per end 0.0   [per multiplier: x1:0.0 x2:0.0 x3:0.0 x4:0.0]
inf   \H    /H    T=(0, 1) OPTIMAL    1.0 (bound 1.0) ends 2 per end 0.5   [per multiplier: x1:0.5 x2:0.5 x3:0.5 x4:0.5]
inf   \H    /V    T=(0, 2) OPTIMAL    3.0 (bound 3.0) ends 4 per end 0.75   [per multiplier: x1:None x2:0.75 x3:None x4:0.75]
inf   \H    \V    T=(0, 2) OPTIMAL    3.0 (bound 3.0) ends 4 per end 0.75   [per multiplier: x1:None x2:0.75 x3:None x4:0.75]
inf   \V    /H    T=(0, 2) OPTIMAL    3.0 (bound 3.0) ends 4 per end 0.75   [per multiplier: x1:None x2:0.75 x3:None x4:0.75]
inf   \V    /V    T=(0, 1) OPTIMAL    0.0 (bound 0.0) ends 2 per end 0.0   [per multiplier: x1:0.0 x2:0.0 x3:0.0 x4:0.0]
inf   \V    \H    T=(0, 2) OPTIMAL    3.0 (bound 3.0) ends 4 per end 0.75   [per multiplier: x1:None x2:0.75 x3:None x4:0.75]
+1    /H    \H    T=(1, 1) OPTIMAL    2.0 (bound 2.0) ends 2 per end 1.0   [per multiplier: x1:1.0 x2:1.0 x3:1.0 x4:1.0]
+1    /H    \V    T=(1, 1) OPTIMAL    2.0 (bound 2.0) ends 2 per end 1.0   [per multiplier: x1:1.0 x2:1.0 x3:1.0 x4:1.0]
+1    /V    \H    T=(1, 1) OPTIMAL    2.0 (bound 2.0) ends 2 per end 1.0   [per multiplier: x1:1.0 x2:1.0 x3:1.0 x4:1.0]
+1    /V    \V    T=(1, 1) OPTIMAL    2.0 (bound 2.0) ends 2 per end 1.0   [per multiplier: x1:1.0 x2:1.0 x3:1.0 x4:1.0]
+1    \H    /H    T=(1, 1) OPTIMAL    2.0 (bound 2.0) ends 2 per end 1.0   [per multiplier: x1:1.0 x2:1.0 x3:1.0 x4:1.0]
+1    \H    /V    T=(1, 1) OPTIMAL    2.0 (bound 2.0) ends 2 per end 1.0   [per multiplier: x1:1.0 x2:1.0 x3:1.0 x4:1.0]
+1    \H    \V    T=(1, 1) OPTIMAL    1.0 (bound 1.0) ends 4 per end 0.25   [per multiplier: x1:0.25 x2:0.25 x3:0.25 x4:0.25]
+1    \V    /H    T=(1, 1) OPTIMAL    2.0 (bound 2.0) ends 2 per end 1.0   [per multiplier: x1:1.0 x2:1.0 x3:1.0 x4:1.0]
+1    \V    /V    T=(1, 1) OPTIMAL    2.0 (bound 2.0) ends 2 per end 1.0   [per multiplier: x1:1.0 x2:1.0 x3:1.0 x4:1.0]
+1    \V    \H    T=(1, 1) OPTIMAL    1.0 (bound 1.0) ends 4 per end 0.25   [per multiplier: x1:0.25 x2:0.25 x3:0.25 x4:0.25]
-1    /H    /V    T=(1, -1) OPTIMAL    1.0 (bound 1.0) ends 4 per end 0.25   [per multiplier: x1:0.25 x2:0.25 x3:0.25 x4:0.25]
-1    /H    \H    T=(1, -1) OPTIMAL    2.0 (bound 2.0) ends 2 per end 1.0   [per multiplier: x1:1.0 x2:1.0 x3:1.0 x4:1.0]
-1    /H    \V    T=(1, -1) OPTIMAL    2.0 (bound 2.0) ends 2 per end 1.0   [per multiplier: x1:1.0 x2:1.0 x3:1.0 x4:1.0]
-1    /V    /H    T=(1, -1) OPTIMAL    1.0 (bound 1.0) ends 4 per end 0.25   [per multiplier: x1:0.25 x2:0.25 x3:0.25 x4:0.25]
-1    /V    \H    T=(1, -1) OPTIMAL    2.0 (bound 2.0) ends 2 per end 1.0   [per multiplier: x1:1.0 x2:1.0 x3:1.0 x4:1.0]
-1    /V    \V    T=(1, -1) OPTIMAL    2.0 (bound 2.0) ends 2 per end 1.0   [per multiplier: x1:1.0 x2:1.0 x3:1.0 x4:1.0]
-1    \H    /H    T=(1, -1) OPTIMAL    2.0 (bound 2.0) ends 2 per end 1.0   [per multiplier: x1:1.0 x2:1.0 x3:1.0 x4:1.0]
-1    \H    /V    T=(1, -1) OPTIMAL    2.0 (bound 2.0) ends 2 per end 1.0   [per multiplier: x1:1.0 x2:1.0 x3:1.0 x4:1.0]
-1    \V    /H    T=(1, -1) OPTIMAL    2.0 (bound 2.0) ends 2 per end 1.0   [per multiplier: x1:1.0 x2:1.0 x3:1.0 x4:1.0]
-1    \V    /V    T=(1, -1) OPTIMAL    2.0 (bound 2.0) ends 2 per end 1.0   [per multiplier: x1:1.0 x2:1.0 x3:1.0 x4:1.0]
+1/2  /H    /V    T=(4, 2) OPTIMAL    3.0 (bound 3.0) ends 4 per end 0.75   [per multiplier: x1:None x2:0.75 x3:None x4:0.75]
+1/2  /H    \H    T=(4, 2) OPTIMAL    6.0 (bound 6.0) ends 8 per end 0.75   [per multiplier: x1:None x2:0.75 x3:None x4:0.75]
+1/2  /H    \V    T=(4, 2) OPTIMAL    10.0 (bound 10.0) ends 8 per end 1.25   [per multiplier: x1:None x2:1.25 x3:None x4:1.25]
+1/2  /V    /H    T=(4, 2) OPTIMAL    3.0 (bound 3.0) ends 4 per end 0.75   [per multiplier: x1:None x2:0.75 x3:None x4:0.75]
+1/2  /V    \H    T=(4, 2) OPTIMAL    5.0 (bound 5.0) ends 8 per end 0.625   [per multiplier: x1:None x2:0.625 x3:None x4:0.625]
+1/2  /V    \V    T=(4, 2) OPTIMAL    9.0 (bound 9.0) ends 8 per end 1.125   [per multiplier: x1:None x2:1.125 x3:None x4:1.125]
+1/2  \H    /H    T=(4, 2) OPTIMAL    6.0 (bound 6.0) ends 8 per end 0.75   [per multiplier: x1:None x2:0.75 x3:None x4:0.75]
+1/2  \H    /V    T=(4, 2) OPTIMAL    5.0 (bound 5.0) ends 8 per end 0.625   [per multiplier: x1:None x2:0.625 x3:None x4:0.625]
+1/2  \H    \V    T=(4, 2) OPTIMAL    6.0 (bound 6.0) ends 12 per end 0.5   [per multiplier: x1:None x2:0.5 x3:None x4:0.5]
+1/2  \V    /H    T=(4, 2) OPTIMAL    10.0 (bound 10.0) ends 8 per end 1.25   [per multiplier: x1:None x2:1.25 x3:None x4:1.25]
+1/2  \V    /V    T=(4, 2) OPTIMAL    9.0 (bound 9.0) ends 8 per end 1.125   [per multiplier: x1:None x2:1.125 x3:None x4:1.125]
+1/2  \V    \H    T=(4, 2) OPTIMAL    6.0 (bound 6.0) ends 12 per end 0.5   [per multiplier: x1:None x2:0.5 x3:None x4:0.5]
-1/2  /H    /V    T=(4, -2) OPTIMAL    6.0 (bound 6.0) ends 12 per end 0.5   [per multiplier: x1:None x2:0.5 x3:None x4:0.5]
-1/2  /H    \H    T=(4, -2) OPTIMAL    6.0 (bound 6.0) ends 8 per end 0.75   [per multiplier: x1:None x2:0.75 x3:None x4:0.75]
-1/2  /H    \V    T=(4, -2) OPTIMAL    5.0 (bound 5.0) ends 8 per end 0.625   [per multiplier: x1:None x2:0.625 x3:None x4:0.625]
-1/2  /V    /H    T=(4, -2) OPTIMAL    6.0 (bound 6.0) ends 12 per end 0.5   [per multiplier: x1:None x2:0.5 x3:None x4:0.5]
-1/2  /V    \H    T=(4, -2) OPTIMAL    10.0 (bound 10.0) ends 8 per end 1.25   [per multiplier: x1:None x2:1.25 x3:None x4:1.25]
-1/2  /V    \V    T=(4, -2) OPTIMAL    9.0 (bound 9.0) ends 8 per end 1.125   [per multiplier: x1:None x2:1.125 x3:None x4:1.125]
-1/2  \H    /H    T=(4, -2) OPTIMAL    6.0 (bound 6.0) ends 8 per end 0.75   [per multiplier: x1:None x2:0.75 x3:None x4:0.75]
-1/2  \H    /V    T=(4, -2) OPTIMAL    10.0 (bound 10.0) ends 8 per end 1.25   [per multiplier: x1:None x2:1.25 x3:None x4:1.25]
-1/2  \H    \V    T=(4, -2) OPTIMAL    3.0 (bound 3.0) ends 4 per end 0.75   [per multiplier: x1:None x2:0.75 x3:None x4:0.75]
-1/2  \V    /H    T=(4, -2) OPTIMAL    5.0 (bound 5.0) ends 8 per end 0.625   [per multiplier: x1:None x2:0.625 x3:None x4:0.625]
-1/2  \V    /V    T=(4, -2) OPTIMAL    9.0 (bound 9.0) ends 8 per end 1.125   [per multiplier: x1:None x2:1.125 x3:None x4:1.125]
-1/2  \V    \H    T=(4, -2) OPTIMAL    3.0 (bound 3.0) ends 4 per end 0.75   [per multiplier: x1:None x2:0.75 x3:None x4:0.75]
+2    /H    /V    T=(2, 4) OPTIMAL    3.0 (bound 3.0) ends 4 per end 0.75   [per multiplier: x1:None x2:0.75 x3:None x4:0.75]
+2    /H    \H    T=(2, 4) OPTIMAL    9.0 (bound 9.0) ends 8 per end 1.125   [per multiplier: x1:None x2:1.125 x3:None x4:1.125]
+2    /H    \V    T=(2, 4) OPTIMAL    5.0 (bound 5.0) ends 8 per end 0.625   [per multiplier: x1:None x2:0.625 x3:None x4:0.625]
+2    /V    /H    T=(2, 4) OPTIMAL    3.0 (bound 3.0) ends 4 per end 0.75   [per multiplier: x1:None x2:0.75 x3:None x4:0.75]
+2    /V    \H    T=(2, 4) OPTIMAL    10.0 (bound 10.0) ends 8 per end 1.25   [per multiplier: x1:None x2:1.25 x3:None x4:1.25]
+2    /V    \V    T=(2, 4) OPTIMAL    6.0 (bound 6.0) ends 8 per end 0.75   [per multiplier: x1:None x2:0.75 x3:None x4:0.75]
+2    \H    /H    T=(2, 4) OPTIMAL    9.0 (bound 9.0) ends 8 per end 1.125   [per multiplier: x1:None x2:1.125 x3:None x4:1.125]
+2    \H    /V    T=(2, 4) OPTIMAL    10.0 (bound 10.0) ends 8 per end 1.25   [per multiplier: x1:None x2:1.25 x3:None x4:1.25]
+2    \H    \V    T=(2, 4) OPTIMAL    6.0 (bound 6.0) ends 12 per end 0.5   [per multiplier: x1:None x2:0.5 x3:None x4:0.5]
+2    \V    /H    T=(2, 4) OPTIMAL    5.0 (bound 5.0) ends 8 per end 0.625   [per multiplier: x1:None x2:0.625 x3:None x4:0.625]
+2    \V    /V    T=(2, 4) OPTIMAL    6.0 (bound 6.0) ends 8 per end 0.75   [per multiplier: x1:None x2:0.75 x3:None x4:0.75]
+2    \V    \H    T=(2, 4) OPTIMAL    6.0 (bound 6.0) ends 12 per end 0.5   [per multiplier: x1:None x2:0.5 x3:None x4:0.5]
-2    /H    /V    T=(2, -4) OPTIMAL    6.0 (bound 6.0) ends 12 per end 0.5   [per multiplier: x1:None x2:0.5 x3:None x4:0.5]
-2    /H    \H    T=(2, -4) OPTIMAL    9.0 (bound 9.0) ends 8 per end 1.125   [per multiplier: x1:None x2:1.125 x3:None x4:1.125]
-2    /H    \V    T=(2, -4) OPTIMAL    10.0 (bound 10.0) ends 8 per end 1.25   [per multiplier: x1:None x2:1.25 x3:None x4:1.25]
-2    /V    /H    T=(2, -4) OPTIMAL    6.0 (bound 6.0) ends 12 per end 0.5   [per multiplier: x1:None x2:0.5 x3:None x4:0.5]
-2    /V    \H    T=(2, -4) OPTIMAL    5.0 (bound 5.0) ends 8 per end 0.625   [per multiplier: x1:None x2:0.625 x3:None x4:0.625]
-2    /V    \V    T=(2, -4) OPTIMAL    6.0 (bound 6.0) ends 8 per end 0.75   [per multiplier: x1:None x2:0.75 x3:None x4:0.75]
-2    \H    /H    T=(2, -4) OPTIMAL    9.0 (bound 9.0) ends 8 per end 1.125   [per multiplier: x1:None x2:1.125 x3:None x4:1.125]
-2    \H    /V    T=(2, -4) OPTIMAL    5.0 (bound 5.0) ends 8 per end 0.625   [per multiplier: x1:None x2:0.625 x3:None x4:0.625]
-2    \H    \V    T=(2, -4) OPTIMAL    3.0 (bound 3.0) ends 4 per end 0.75   [per multiplier: x1:None x2:0.75 x3:None x4:0.75]
-2    \V    /H    T=(2, -4) OPTIMAL    10.0 (bound 10.0) ends 8 per end 1.25   [per multiplier: x1:None x2:1.25 x3:None x4:1.25]
-2    \V    /V    T=(2, -4) OPTIMAL    6.0 (bound 6.0) ends 8 per end 0.75   [per multiplier: x1:None x2:0.75 x3:None x4:0.75]
-2    \V    \H    T=(2, -4) OPTIMAL    3.0 (bound 3.0) ends 4 per end 0.75   [per multiplier: x1:None x2:0.75 x3:None x4:0.75]
MINIMUM crossings per absorbed end: (0.0, '0', ('/', 'H'), ('\\', 'H'))
exit=0
