+1 \H \HHV x1:FIELD-CONFLICT:None:None:ends4:- x2:FIELD-CONFLICT:None:None:ends8:-
+1 \H \HVV x1:FIELD-CONFLICT:None:None:ends8:- x2:FIELD-CONFLICT:None:None:ends16:-
+1 \V \HHV x1:FIELD-CONFLICT:None:None:ends8:- x2:FIELD-CONFLICT:None:None:ends16:-
+1 \V \HVV x1:FIELD-CONFLICT:None:None:ends4:- x2:FIELD-CONFLICT:None:None:ends8:-
+1 \HV \H x1:FIELD-CONFLICT:None:None:ends2:- x2:FIELD-CONFLICT:None:None:ends4:-
+1 \HV \V x1:FIELD-CONFLICT:None:None:ends2:- x2:FIELD-CONFLICT:None:None:ends4:-
+1 \HV \HHV x1:FIELD-CONFLICT:None:None:ends6:- x2:FIELD-CONFLICT:None:None:ends12:-
+1 \HV \HVV x1:FIELD-CONFLICT:None:None:ends6:- x2:FIELD-CONFLICT:None:None:ends12:-
+1 \HHV \H x1:FIELD-CONFLICT:None:None:ends4:- x2:FIELD-CONFLICT:None:None:ends8:-
+1 \HHV \V x1:FIELD-CONFLICT:None:None:ends8:- x2:FIELD-CONFLICT:None:None:ends16:-
+1 \HHV \HVV x1:FIELD-CONFLICT:None:None:ends4:- x2:FIELD-CONFLICT:None:None:ends8:-
+1 \HVV \H x1:FIELD-CONFLICT:None:None:ends8:- x2:FIELD-CONFLICT:None:None:ends16:-
+1 \HVV \V x1:FIELD-CONFLICT:None:None:ends4:- x2:FIELD-CONFLICT:None:None:ends8:-
+1 \HVV \HHV x1:FIELD-CONFLICT:None:None:ends4:- x2:FIELD-CONFLICT:None:None:ends8:-
-1 /H /HV x1:FIELD-CONFLICT:None:None:ends2:- x2:FIELD-CONFLICT:None:None:ends4:-
-1 /H /HHV x1:FIELD-CONFLICT:None:None:ends4:- x2:FIELD-CONFLICT:None:None:ends8:-
-1 /H /HVV x1:FIELD-CONFLICT:None:None:ends8:- x2:FIELD-CONFLICT:None:None:ends16:-
-1 /V /HV x1:FIELD-CONFLICT:None:None:ends2:- x2:FIELD-CONFLICT:None:None:ends4:-
-1 /V /HHV x1:FIELD-CONFLICT:None:None:ends8:- x2:FIELD-CONFLICT:None:None:ends16:-
-1 /V /HVV x1:FIELD-CONFLICT:None:None:ends4:- x2:FIELD-CONFLICT:None:None:ends8:-
-1 /HHV /H x1:FIELD-CONFLICT:None:None:ends4:- x2:FIELD-CONFLICT:None:None:ends8:-
-1 /HHV /V x1:FIELD-CONFLICT:None:None:ends8:- x2:FIELD-CONFLICT:None:None:ends16:-
-1 /HHV /HV x1:FIELD-CONFLICT:None:None:ends6:- x2:FIELD-CONFLICT:None:None:ends12:-
-1 /HHV /HVV x1:FIELD-CONFLICT:None:None:ends4:- x2:FIELD-CONFLICT:None:None:ends8:-
-1 /HVV /H x1:FIELD-CONFLICT:None:None:ends8:- x2:FIELD-CONFLICT:None:None:ends16:-
-1 /HVV /V x1:FIELD-CONFLICT:None:None:ends4:- x2:FIELD-CONFLICT:None:None:ends8:-
-1 /HVV /HV x1:FIELD-CONFLICT:None:None:ends6:- x2:FIELD-CONFLICT:None:None:ends12:-
-1 /HVV /HHV x1:FIELD-CONFLICT:None:None:ends4:- x2:FIELD-CONFLICT:None:None:ends8:-
+1/2 /V \HV x1:FIELD-CONFLICT:None:None:ends8:- x2:FIELD-CONFLICT:None:None:ends16:-
+1/2 /V \HHV x1:FIELD-CONFLICT:None:None:ends4:- x2:FIELD-CONFLICT:None:None:ends8:-
+1/2 /V \HVV x1:FIELD-CONFLICT:None:None:ends4:- x2:FIELD-CONFLICT:None:None:ends8:-
+1/2 \H \HV x1:FIELD-CONFLICT:None:None:ends6:- x2:FIELD-CONFLICT:None:None:ends12:-
+1/2 \H \HHV x1:FIELD-CONFLICT:None:None:ends2:- x2:FIELD-CONFLICT:None:None:ends4:-
+1/2 \H \HVV x1:FIELD-CONFLICT:None:None:ends4:- x2:FIELD-CONFLICT:None:None:ends8:-
+1/2 \V \HV x1:FIELD-CONFLICT:None:None:ends6:- x2:FIELD-CONFLICT:None:None:ends12:-
+1/2 \V \HHV x1:FIELD-CONFLICT:None:None:ends4:- x2:FIELD-CONFLICT:None:None:ends8:-
+1/2 \V \HVV x1:FIELD-CONFLICT:None:None:ends2:- x2:FIELD-CONFLICT:None:None:ends4:-
+1/2 /HV \HHV x1:FIELD-CONFLICT:None:None:ends8:- x2:FIELD-CONFLICT:None:None:ends16:-
+1/2 /HV \HVV x1:FIELD-CONFLICT:None:None:ends8:- x2:FIELD-CONFLICT:None:None:ends16:-
+1/2 /HHV \HV x1:FIELD-CONFLICT:None:None:ends24:- x2:FIELD-CONFLICT:None:None:ends48:-
+1/2 /HHV \HHV x1:FIELD-CONFLICT:None:None:ends12:- x2:FIELD-CONFLICT:None:None:ends24:-
+1/2 /HHV \HVV x1:FIELD-CONFLICT:None:None:ends12:- x2:FIELD-CONFLICT:None:None:ends24:-
+1/2 /HVV \HV x1:FIELD-CONFLICT:None:None:ends24:- x2:FIELD-CONFLICT:None:None:ends48:-
+1/2 /HVV \HHV x1:FIELD-CONFLICT:None:None:ends12:- x2:FIELD-CONFLICT:None:None:ends24:-
+1/2 /HVV \HVV x1:FIELD-CONFLICT:None:None:ends12:- x2:FIELD-CONFLICT:None:None:ends24:-
+1/2 \HV /V x1:FIELD-CONFLICT:None:None:ends8:- x2:FIELD-CONFLICT:None:None:ends16:-
+1/2 \HV \H x1:FIELD-CONFLICT:None:None:ends6:- x2:FIELD-CONFLICT:None:None:ends12:-
+1/2 \HV \V x1:FIELD-CONFLICT:None:None:ends6:- x2:FIELD-CONFLICT:None:None:ends12:-
+1/2 \HV /HHV x1:FIELD-CONFLICT:None:None:ends24:- x2:FIELD-CONFLICT:None:None:ends48:-
+1/2 \HV /HVV x1:FIELD-CONFLICT:None:None:ends24:- x2:FIELD-CONFLICT:None:None:ends48:-
+1/2 \HV \HHV x1:FIELD-CONFLICT:None:None:ends6:- x2:FIELD-CONFLICT:None:None:ends12:-
+1/2 \HV \HVV x1:FIELD-CONFLICT:None:None:ends6:- x2:FIELD-CONFLICT:None:None:ends12:-
+1/2 \HHV /V x1:FIELD-CONFLICT:None:None:ends4:- x2:FIELD-CONFLICT:None:None:ends8:-
+1/2 \HHV \H x1:FIELD-CONFLICT:None:None:ends2:- x2:FIELD-CONFLICT:None:None:ends4:-
+1/2 \HHV \V x1:FIELD-CONFLICT:None:None:ends4:- x2:FIELD-CONFLICT:None:None:ends8:-
+1/2 \HHV /HV x1:FIELD-CONFLICT:None:None:ends8:- x2:FIELD-CONFLICT:None:None:ends16:-
+1/2 \HHV /HHV x1:FIELD-CONFLICT:None:None:ends12:- x2:FIELD-CONFLICT:None:None:ends24:-
+1/2 \HHV /HVV x1:FIELD-CONFLICT:None:None:ends12:- x2:FIELD-CONFLICT:None:None:ends24:-
+1/2 \HHV \HV x1:FIELD-CONFLICT:None:None:ends6:- x2:FIELD-CONFLICT:None:None:ends12:-
+1/2 \HHV \HVV x1:FIELD-CONFLICT:None:None:ends2:- x2:FIELD-CONFLICT:None:None:ends4:-
+1/2 \HVV /V x1:FIELD-CONFLICT:None:None:ends4:- x2:FIELD-CONFLICT:None:None:ends8:-
+1/2 \HVV \H x1:FIELD-CONFLICT:None:None:ends4:- x2:FIELD-CONFLICT:None:None:ends8:-
+1/2 \HVV \V x1:FIELD-CONFLICT:None:None:ends2:- x2:FIELD-CONFLICT:None:None:ends4:-
+1/2 \HVV /HV x1:FIELD-CONFLICT:None:None:ends8:- x2:FIELD-CONFLICT:None:None:ends16:-
+1/2 \HVV /HHV x1:FIELD-CONFLICT:None:None:ends12:- x2:FIELD-CONFLICT:None:None:ends24:-
+1/2 \HVV /HVV x1:FIELD-CONFLICT:None:None:ends12:- x2:FIELD-CONFLICT:None:None:ends24:-
+1/2 \HVV \HV x1:FIELD-CONFLICT:None:None:ends6:- x2:FIELD-CONFLICT:None:None:ends12:-
+1/2 \HVV \HHV x1:FIELD-CONFLICT:None:None:ends2:- x2:FIELD-CONFLICT:None:None:ends4:-
-1/2 /H /HV x1:FIELD-CONFLICT:None:None:ends6:- x2:FIELD-CONFLICT:None:None:ends12:-
-1/2 /H /HHV x1:FIELD-CONFLICT:None:None:ends2:- x2:FIELD-CONFLICT:None:None:ends4:-
-1/2 /H /HVV x1:FIELD-CONFLICT:None:None:ends4:- x2:FIELD-CONFLICT:None:None:ends8:-
-1/2 /V /HV x1:FIELD-CONFLICT:None:None:ends6:- x2:FIELD-CONFLICT:None:None:ends12:-
-1/2 /V /HHV x1:FIELD-CONFLICT:None:None:ends4:- x2:FIELD-CONFLICT:None:None:ends8:-
-1/2 /V /HVV x1:FIELD-CONFLICT:None:None:ends2:- x2:FIELD-CONFLICT:None:None:ends4:-
-1/2 \V /HV x1:FIELD-CONFLICT:None:None:ends8:- x2:FIELD-CONFLICT:None:None:ends16:-
-1/2 \V /HHV x1:FIELD-CONFLICT:None:None:ends4:- x2:FIELD-CONFLICT:None:None:ends8:-
-1/2 \V /HVV x1:FIELD-CONFLICT:None:None:ends4:- x2:FIELD-CONFLICT:None:None:ends8:-
-1/2 /HV /H x1:FIELD-CONFLICT:None:None:ends6:- x2:FIELD-CONFLICT:None:None:ends12:-
-1/2 /HV /V x1:FIELD-CONFLICT:None:None:ends6:- x2:FIELD-CONFLICT:None:None:ends12:-
-1/2 /HV \V x1:FIELD-CONFLICT:None:None:ends8:- x2:FIELD-CONFLICT:None:None:ends16:-
-1/2 /HV /HHV x1:FIELD-CONFLICT:None:None:ends6:- x2:FIELD-CONFLICT:None:None:ends12:-
-1/2 /HV /HVV x1:FIELD-CONFLICT:None:None:ends6:- x2:FIELD-CONFLICT:None:None:ends12:-
-1/2 /HV \HHV x1:FIELD-CONFLICT:None:None:ends24:- x2:FIELD-CONFLICT:None:None:ends48:-
-1/2 /HV \HVV x1:FIELD-CONFLICT:None:None:ends24:- x2:FIELD-CONFLICT:None:None:ends48:-
-1/2 /HHV /H x1:FIELD-CONFLICT:None:None:ends2:- x2:FIELD-CONFLICT:None:None:ends4:-
-1/2 /HHV /V x1:FIELD-CONFLICT:None:None:ends4:- x2:FIELD-CONFLICT:None:None:ends8:-
-1/2 /HHV \V x1:FIELD-CONFLICT:None:None:ends4:- x2:FIELD-CONFLICT:None:None:ends8:-
-1/2 /HHV /HV x1:FIELD-CONFLICT:None:None:ends6:- x2:FIELD-CONFLICT:None:None:ends12:-
-1/2 /HHV /HVV x1:FIELD-CONFLICT:None:None:ends2:- x2:FIELD-CONFLICT:None:None:ends4:-
-1/2 /HHV \HV x1:FIELD-CONFLICT:None:None:ends8:- x2:FIELD-CONFLICT:None:None:ends16:-
-1/2 /HHV \HHV x1:FIELD-CONFLICT:None:None:ends12:- x2:FIELD-CONFLICT:None:None:ends24:-
-1/2 /HHV \HVV x1:FIELD-CONFLICT:None:None:ends12:- x2:FIELD-CONFLICT:None:None:ends24:-
-1/2 /HVV /H x1:FIELD-CONFLICT:None:None:ends4:- x2:FIELD-CONFLICT:None:None:ends8:-
-1/2 /HVV /V x1:FIELD-CONFLICT:None:None:ends2:- x2:FIELD-CONFLICT:None:None:ends4:-
-1/2 /HVV \V x1:FIELD-CONFLICT:None:None:ends4:- x2:FIELD-CONFLICT:None:None:ends8:-
-1/2 /HVV /HV x1:FIELD-CONFLICT:None:None:ends6:- x2:FIELD-CONFLICT:None:None:ends12:-
-1/2 /HVV /HHV x1:FIELD-CONFLICT:None:None:ends2:- x2:FIELD-CONFLICT:None:None:ends4:-
-1/2 /HVV \HV x1:FIELD-CONFLICT:None:None:ends8:- x2:FIELD-CONFLICT:None:None:ends16:-
-1/2 /HVV \HHV x1:FIELD-CONFLICT:None:None:ends12:- x2:FIELD-CONFLICT:None:None:ends24:-
-1/2 /HVV \HVV x1:FIELD-CONFLICT:None:None:ends12:- x2:FIELD-CONFLICT:None:None:ends24:-
-1/2 \HV /HHV x1:FIELD-CONFLICT:None:None:ends8:- x2:FIELD-CONFLICT:None:None:ends16:-
-1/2 \HV /HVV x1:FIELD-CONFLICT:None:None:ends8:- x2:FIELD-CONFLICT:None:None:ends16:-
-1/2 \HHV /HV x1:FIELD-CONFLICT:None:None:ends24:- x2:FIELD-CONFLICT:None:None:ends48:-
-1/2 \HHV /HHV x1:FIELD-CONFLICT:None:None:ends12:- x2:FIELD-CONFLICT:None:None:ends24:-
-1/2 \HHV /HVV x1:FIELD-CONFLICT:None:None:ends12:- x2:FIELD-CONFLICT:None:None:ends24:-
-1/2 \HVV /HV x1:FIELD-CONFLICT:None:None:ends24:- x2:FIELD-CONFLICT:None:None:ends48:-
-1/2 \HVV /HHV x1:FIELD-CONFLICT:None:None:ends12:- x2:FIELD-CONFLICT:None:None:ends24:-
-1/2 \HVV /HVV x1:FIELD-CONFLICT:None:None:ends12:- x2:FIELD-CONFLICT:None:None:ends24:-
+2 /H \HV x1:FIELD-CONFLICT:None:None:ends8:- x2:FIELD-CONFLICT:None:None:ends16:-
+2 \H \HV x1:FIELD-CONFLICT:None:None:ends6:- x2:FIELD-CONFLICT:None:None:ends12:-
+2 \H \HHV x1:FIELD-CONFLICT:None:None:ends2:- x2:FIELD-CONFLICT:None:None:ends4:-
+2 \H \HVV x1:FIELD-CONFLICT:None:None:ends4:- x2:FIELD-CONFLICT:None:None:ends8:-
+2 \V \HV x1:FIELD-CONFLICT:None:None:ends6:- x2:FIELD-CONFLICT:None:None:ends12:-
+2 \V \HHV x1:FIELD-CONFLICT:None:None:ends4:- x2:FIELD-CONFLICT:None:None:ends8:-
+2 \V \HVV x1:FIELD-CONFLICT:None:None:ends2:- x2:FIELD-CONFLICT:None:None:ends4:-
+2 /HV \HV x1:FIELD-CONFLICT:None:None:ends8:- x2:FIELD-CONFLICT:None:None:ends16:-
+2 /HHV \HV x1:FIELD-CONFLICT:None:None:ends24:- x2:FIELD-CONFLICT:None:None:ends48:-
+2 /HVV \HV x1:FIELD-CONFLICT:None:None:ends24:- x2:FIELD-CONFLICT:None:None:ends48:-
+2 \HV /H x1:FIELD-CONFLICT:None:None:ends8:- x2:FIELD-CONFLICT:None:None:ends16:-
+2 \HV \H x1:FIELD-CONFLICT:None:None:ends6:- x2:FIELD-CONFLICT:None:None:ends12:-
+2 \HV \V x1:FIELD-CONFLICT:None:None:ends6:- x2:FIELD-CONFLICT:None:None:ends12:-
+2 \HV /HV x1:FIELD-CONFLICT:None:None:ends8:- x2:FIELD-CONFLICT:None:None:ends16:-
+2 \HV /HHV x1:FIELD-CONFLICT:None:None:ends24:- x2:FIELD-CONFLICT:None:None:ends48:-
+2 \HV /HVV x1:FIELD-CONFLICT:None:None:ends24:- x2:FIELD-CONFLICT:None:None:ends48:-
+2 \HV \HHV x1:FIELD-CONFLICT:None:None:ends6:- x2:FIELD-CONFLICT:None:None:ends12:-
+2 \HV \HVV x1:FIELD-CONFLICT:None:None:ends6:- x2:FIELD-CONFLICT:None:None:ends12:-
+2 \HHV \H x1:FIELD-CONFLICT:None:None:ends2:- x2:FIELD-CONFLICT:None:None:ends4:-
+2 \HHV \V x1:FIELD-CONFLICT:None:None:ends4:- x2:FIELD-CONFLICT:None:None:ends8:-
+2 \HHV \HV x1:FIELD-CONFLICT:None:None:ends6:- x2:FIELD-CONFLICT:None:None:ends12:-
+2 \HHV \HVV x1:FIELD-CONFLICT:None:None:ends2:- x2:FIELD-CONFLICT:None:None:ends4:-
+2 \HVV /H x1:FIELD-CONFLICT:None:None:ends4:- x2:FIELD-CONFLICT:None:None:ends8:-
+2 \HVV \H x1:FIELD-CONFLICT:None:None:ends4:- x2:FIELD-CONFLICT:None:None:ends8:-
+2 \HVV \V x1:FIELD-CONFLICT:None:None:ends2:- x2:FIELD-CONFLICT:None:None:ends4:-
+2 \HVV /HV x1:FIELD-CONFLICT:None:None:ends8:- x2:FIELD-CONFLICT:None:None:ends16:-
+2 \HVV /HHV x1:FIELD-CONFLICT:None:None:ends12:- x2:FIELD-CONFLICT:None:None:ends24:-
+2 \HVV /HVV x1:FIELD-CONFLICT:None:None:ends12:- x2:FIELD-CONFLICT:None:None:ends24:-
+2 \HVV \HV x1:FIELD-CONFLICT:None:None:ends6:- x2:FIELD-CONFLICT:None:None:ends12:-
+2 \HVV \HHV x1:FIELD-CONFLICT:None:None:ends2:- x2:FIELD-CONFLICT:None:None:ends4:-
-2 /H /HV x1:FIELD-CONFLICT:None:None:ends6:- x2:FIELD-CONFLICT:None:None:ends12:-
-2 /H /HHV x1:FIELD-CONFLICT:None:None:ends2:- x2:FIELD-CONFLICT:None:None:ends4:-
-2 /H /HVV x1:FIELD-CONFLICT:None:None:ends4:- x2:FIELD-CONFLICT:None:None:ends8:-
-2 /V /HV x1:FIELD-CONFLICT:None:None:ends6:- x2:FIELD-CONFLICT:None:None:ends12:-
-2 /V /HHV x1:FIELD-CONFLICT:None:None:ends4:- x2:FIELD-CONFLICT:None:None:ends8:-
-2 /V /HVV x1:FIELD-CONFLICT:None:None:ends2:- x2:FIELD-CONFLICT:None:None:ends4:-
-2 \H /HV x1:FIELD-CONFLICT:None:None:ends8:- x2:FIELD-CONFLICT:None:None:ends16:-
-2 \H /HVV x1:FIELD-CONFLICT:None:None:ends4:- x2:FIELD-CONFLICT:None:None:ends8:-
-2 /HV /H x1:FIELD-CONFLICT:None:None:ends6:- x2:FIELD-CONFLICT:None:None:ends12:-
-2 /HV /V x1:FIELD-CONFLICT:None:None:ends6:- x2:FIELD-CONFLICT:None:None:ends12:-
-2 /HV \H x1:FIELD-CONFLICT:None:None:ends8:- x2:FIELD-CONFLICT:None:None:ends16:-
-2 /HV /HHV x1:FIELD-CONFLICT:None:None:ends6:- x2:FIELD-CONFLICT:None:None:ends12:-
-2 /HV /HVV x1:FIELD-CONFLICT:None:None:ends6:- x2:FIELD-CONFLICT:None:None:ends12:-
-2 /HV \HV x1:FIELD-CONFLICT:None:None:ends8:- x2:FIELD-CONFLICT:None:None:ends16:-
-2 /HV \HHV x1:FIELD-CONFLICT:None:None:ends24:- x2:FIELD-CONFLICT:None:None:ends48:-
-2 /HV \HVV x1:FIELD-CONFLICT:None:None:ends24:- x2:FIELD-CONFLICT:None:None:ends48:-
-2 /HHV /H x1:FIELD-CONFLICT:None:None:ends2:- x2:FIELD-CONFLICT:None:None:ends4:-
-2 /HHV /V x1:FIELD-CONFLICT:None:None:ends4:- x2:FIELD-CONFLICT:None:None:ends8:-
-2 /HHV /HV x1:FIELD-CONFLICT:None:None:ends6:- x2:FIELD-CONFLICT:None:None:ends12:-
-2 /HHV /HVV x1:FIELD-CONFLICT:None:None:ends2:- x2:FIELD-CONFLICT:None:None:ends4:-
-2 /HVV /H x1:FIELD-CONFLICT:None:None:ends4:- x2:FIELD-CONFLICT:None:None:ends8:-
-2 /HVV /V x1:FIELD-CONFLICT:None:None:ends2:- x2:FIELD-CONFLICT:None:None:ends4:-
-2 /HVV /HV x1:FIELD-CONFLICT:None:None:ends6:- x2:FIELD-CONFLICT:None:None:ends12:-
-2 /HVV /HHV x1:FIELD-CONFLICT:None:None:ends2:- x2:FIELD-CONFLICT:None:None:ends4:-
-2 \HV /HV x1:FIELD-CONFLICT:None:None:ends8:- x2:FIELD-CONFLICT:None:None:ends16:-
-2 \HV /HVV x1:FIELD-CONFLICT:None:None:ends8:- x2:FIELD-CONFLICT:None:None:ends16:-
-2 \HHV /HV x1:FIELD-CONFLICT:None:None:ends24:- x2:FIELD-CONFLICT:None:None:ends48:-
-2 \HHV /HVV x1:FIELD-CONFLICT:None:None:ends12:- x2:FIELD-CONFLICT:None:None:ends24:-
-2 \HVV /HV x1:FIELD-CONFLICT:None:None:ends24:- x2:FIELD-CONFLICT:None:None:ends48:-
-2 \HVV /HVV x1:FIELD-CONFLICT:None:None:ends12:- x2:FIELD-CONFLICT:None:None:ends24:-
exit=0
