+1/2 \H \HV x1:INFEASIBLE:None:None:ends6:- x2:INFEASIBLE:None:None:ends12:-
+1/2 \V \HV x1:INFEASIBLE:None:None:ends6:- x2:INFEASIBLE:None:None:ends12:-
+1/2 \HV \H x1:INFEASIBLE:None:None:ends6:- x2:INFEASIBLE:None:None:ends12:-
+1/2 \HV \V x1:INFEASIBLE:None:None:ends6:- x2:INFEASIBLE:None:None:ends12:-
+1/2 \HV \HHV x1:INFEASIBLE:None:None:ends6:- x2:INFEASIBLE:None:None:ends12:-
+1/2 \HV \HVV x1:INFEASIBLE:None:None:ends6:- x2:INFEASIBLE:None:None:ends12:-
+1/2 \HHV \HV x1:INFEASIBLE:None:None:ends6:- x2:INFEASIBLE:None:None:ends12:-
+1/2 \HVV \H x1:OPTIMAL:3.0:3.0:ends4:0.7500 x2:OPTIMAL:6.0:6.0:ends8:0.7500
+1/2 \HVV \V x1:INFEASIBLE:None:None:ends2:- x2:OPTIMAL:8.0:8.0:ends4:2.0000
+1/2 \HVV \HV x1:INFEASIBLE:None:None:ends6:- x2:INFEASIBLE:None:None:ends12:-
+1/2 \HVV \HHV x1:INFEASIBLE:None:None:ends2:- x2:OPTIMAL:8.0:8.0:ends4:2.0000
-1/2 /H /HV x1:INFEASIBLE:None:None:ends6:- x2:INFEASIBLE:None:None:ends12:-
-1/2 /H /HVV x1:OPTIMAL:3.0:3.0:ends4:0.7500 x2:OPTIMAL:6.0:6.0:ends8:0.7500
-1/2 /V /HV x1:INFEASIBLE:None:None:ends6:- x2:INFEASIBLE:None:None:ends12:-
-1/2 /V /HVV x1:INFEASIBLE:None:None:ends2:- x2:OPTIMAL:8.0:8.0:ends4:2.0000
-1/2 /HV /H x1:INFEASIBLE:None:None:ends6:- x2:INFEASIBLE:None:None:ends12:-
-1/2 /HV /V x1:INFEASIBLE:None:None:ends6:- x2:INFEASIBLE:None:None:ends12:-
-1/2 /HV /HHV x1:INFEASIBLE:None:None:ends6:- x2:INFEASIBLE:None:None:ends12:-
-1/2 /HV /HVV x1:INFEASIBLE:None:None:ends6:- x2:INFEASIBLE:None:None:ends12:-
-1/2 /HHV /HV x1:INFEASIBLE:None:None:ends6:- x2:INFEASIBLE:None:None:ends12:-
-1/2 /HHV /HVV x1:INFEASIBLE:None:None:ends2:- x2:OPTIMAL:8.0:8.0:ends4:2.0000
-1/2 /HVV /HV x1:INFEASIBLE:None:None:ends6:- x2:INFEASIBLE:None:None:ends12:-
+2 \H \HV x1:INFEASIBLE:None:None:ends6:- x2:INFEASIBLE:None:None:ends12:-
+2 \H \HHV x1:INFEASIBLE:None:None:ends2:- x2:OPTIMAL:8.0:8.0:ends4:2.0000
+2 \H \HVV x1:OPTIMAL:3.0:3.0:ends4:0.7500 x2:OPTIMAL:6.0:6.0:ends8:0.7500
+2 \V \HV x1:INFEASIBLE:None:None:ends6:- x2:INFEASIBLE:None:None:ends12:-
+2 \HV \H x1:INFEASIBLE:None:None:ends6:- x2:INFEASIBLE:None:None:ends12:-
+2 \HV \V x1:INFEASIBLE:None:None:ends6:- x2:INFEASIBLE:None:None:ends12:-
+2 \HV \HHV x1:INFEASIBLE:None:None:ends6:- x2:INFEASIBLE:None:None:ends12:-
+2 \HV \HVV x1:INFEASIBLE:None:None:ends6:- x2:INFEASIBLE:None:None:ends12:-
+2 \HHV \H x1:INFEASIBLE:None:None:ends2:- x2:OPTIMAL:8.0:8.0:ends4:2.0000
+2 \HHV \HV x1:INFEASIBLE:None:None:ends6:- x2:INFEASIBLE:None:None:ends12:-
+2 \HVV \H x1:OPTIMAL:3.0:3.0:ends4:0.7500 x2:OPTIMAL:6.0:6.0:ends8:0.7500
+2 \HVV \V x1:INFEASIBLE:None:None:ends2:- x2:OPTIMAL:7.0:7.0:ends4:1.7500
+2 \HVV \HV x1:INFEASIBLE:None:None:ends6:- x2:INFEASIBLE:None:None:ends12:-
+2 \HVV \HHV x1:INFEASIBLE:None:None:ends2:- x2:OPTIMAL:8.0:8.0:ends4:2.0000
-2 /H /HV x1:INFEASIBLE:None:None:ends6:- x2:INFEASIBLE:None:None:ends12:-
-2 /H /HHV x1:INFEASIBLE:None:None:ends2:- x2:OPTIMAL:8.0:8.0:ends4:2.0000
-2 /H /HVV x1:OPTIMAL:3.0:3.0:ends4:0.7500 x2:OPTIMAL:6.0:6.0:ends8:0.7500
-2 /V /HV x1:INFEASIBLE:None:None:ends6:- x2:INFEASIBLE:None:None:ends12:-
-2 /V /HVV x1:INFEASIBLE:None:None:ends2:- x2:OPTIMAL:7.0:7.0:ends4:1.7500
-2 /HV /H x1:INFEASIBLE:None:None:ends6:- x2:INFEASIBLE:None:None:ends12:-
-2 /HV /V x1:INFEASIBLE:None:None:ends6:- x2:INFEASIBLE:None:None:ends12:-
-2 /HV /HHV x1:INFEASIBLE:None:None:ends6:- x2:INFEASIBLE:None:None:ends12:-
-2 /HV /HVV x1:INFEASIBLE:None:None:ends6:- x2:INFEASIBLE:None:None:ends12:-
-2 /HHV /H x1:INFEASIBLE:None:None:ends2:- x2:OPTIMAL:8.0:8.0:ends4:2.0000
-2 /HHV /HV x1:INFEASIBLE:None:None:ends6:- x2:INFEASIBLE:None:None:ends12:-
-2 /HHV /HVV x1:INFEASIBLE:None:None:ends2:- x2:OPTIMAL:8.0:8.0:ends4:2.0000
-2 /HVV /H x1:OPTIMAL:3.0:3.0:ends4:0.7500 x2:OPTIMAL:6.0:6.0:ends8:0.7500
-2 /HVV /HV x1:INFEASIBLE:None:None:ends6:- x2:INFEASIBLE:None:None:ends12:-
exit=0
