48 periodic matchings
20 untrap the nest
(-1, 1, -1, 1, -1, 1) rows/period 6 INFEASIBLE None per row None
(3, 1, -1, -3, 1, -1) rows/period 6 OPTIMAL 20.0 per row 3.3333333333333335
(-5, 5, 1, -1, 1, -1) rows/period 6 OPTIMAL 22.0 per row 3.6666666666666665
(1, -1, -5, 5, 1, -1) rows/period 6 OPTIMAL 22.0 per row 3.6666666666666665
(1, -1, 1, -1, -5, 5) rows/period 6 OPTIMAL 22.0 per row 3.6666666666666665
(-5, 5, -3, 1, -1, 3) rows/period 6 OPTIMAL 22.0 per row 3.6666666666666665
(-1, 3, -5, 5, -3, 1) rows/period 6 OPTIMAL 22.0 per row 3.6666666666666665
(1, -1, -3, -5, 5, 3) rows/period 6 OPTIMAL 34.0 per row 5.666666666666667
(3, 1, -1, -3, -5, 5) rows/period 6 OPTIMAL 27.0 per row 4.5
(3, 3, -3, -3, -3, 3) rows/period 6 OPTIMAL 17.0 per row 2.8333333333333335
(5, 3, 1, -1, -3, -5) rows/period 6 OPTIMAL 34.0 per row 5.666666666666667
(-5, 5, -5, 5, 1, -1) rows/period 6 OPTIMAL 24.0 per row 4.0
(-5, 5, 1, -1, -5, 5) rows/period 6 OPTIMAL 24.0 per row 4.0
(-1, -5, 5, -5, 5, 1) rows/period 6 INFEASIBLE None per row None
(1, -1, -5, 5, -5, 5) rows/period 6 OPTIMAL 24.0 per row 4.0
(5, -5, 5, 1, -1, -5) rows/period 6 INFEASIBLE None per row None
(5, 1, -1, -5, 5, -5) rows/period 6 INFEASIBLE None per row None
(3, -5, 5, -3, -5, 5) rows/period 6 OPTIMAL 21.0 per row 3.5
(-5, 5, -5, 5, -5, 5) rows/period 6 OPTIMAL 24.0 per row 4.0
(5, -5, 5, -5, 5, -5) rows/period 6 OPTIMAL 12.0 per row 2.0
exit=0
