left=P bottom=P R=12: possible Q mod 3 = [1]
left=P bottom=P R=13: possible Q mod 3 = [1]
left=P bottom=P R=14: possible Q mod 3 = [1]
left=P bottom=P R=15: possible Q mod 3 = [1]
left=P bottom=Q R=12: possible Q mod 3 = [1]
left=P bottom=Q R=13: possible Q mod 3 = [1]
left=P bottom=Q R=14: possible Q mod 3 = [1]
left=P bottom=Q R=15: possible Q mod 3 = [1]
left=Q bottom=P R=12: possible Q mod 3 = [1]
left=Q bottom=P R=13: possible Q mod 3 = [1]
left=Q bottom=P R=14: possible Q mod 3 = [1]
left=Q bottom=P R=15: possible Q mod 3 = [1]
left=Q bottom=Q R=12: possible Q mod 3 = [1]
left=Q bottom=Q R=13: possible Q mod 3 = [1]
left=Q bottom=Q R=14: possible Q mod 3 = [1]
left=Q bottom=Q R=15: possible Q mod 3 = [1]
Primary enumeration complete.
left=P bottom=P R=12: 2916 corner options, Q mod 3 in [1]
left=P bottom=P R=13: 2916 corner options, Q mod 3 in [1]
left=P bottom=Q R=12: 2916 corner options, Q mod 3 in [1]
left=P bottom=Q R=13: 2916 corner options, Q mod 3 in [1]
left=Q bottom=P R=12: 2916 corner options, Q mod 3 in [1]
left=Q bottom=P R=13: 2916 corner options, Q mod 3 in [1]
left=Q bottom=Q R=12: 2916 corner options, Q mod 3 in [1]
left=Q bottom=Q R=13: 2916 corner options, Q mod 3 in [1]
Independent Fraction enumeration complete.
