gentle p=1 w=6 s=0 off2=0 cells=13 OPTIMAL 0.0s X=1 T=3 bound=1.0 X/p=1.000 T/p=3.000 chk(strands_ok=False,X=1,T=3,bad=0) chosen=[8, 12, 16, 20, 24, 28, 32, 36, 40, 43]
gentle p=1 w=7 s=0 off2=0 cells=15 OPTIMAL 0.1s X=1 T=3 bound=1.0 X/p=1.000 T/p=3.000 chk(strands_ok=False,X=1,T=3,bad=0) chosen=[8, 12, 16, 20, 24, 28, 32, 36, 40, 44, 48, 51]
gentle p=1 w=8 s=0 off2=0 cells=17 OPTIMAL 0.0s X=1 T=3 bound=1.0 X/p=1.000 T/p=3.000 chk(strands_ok=False,X=1,T=3,bad=0) chosen=[8, 12, 16, 20, 24, 28, 32, 36, 40, 44, 48, 52, 56, 59]
gentle p=2 w=6 s=0 off2=0 cells=26 OPTIMAL 1.3s X=2 T=6 bound=2.0 X/p=1.000 T/p=3.000 chk(strands_ok=False,X=2,T=6,bad=0) chosen=[7, 11, 15, 19, 23, 27, 31, 36, 40, 43, 51, 55, 59, 63, 67, 71, 75, 80, 84, 87]
gentle p=2 w=7 s=0 off2=0 cells=30 OPTIMAL 0.7s X=2 T=6 bound=2.0 X/p=1.000 T/p=3.000 chk(strands_ok=False,X=2,T=6,bad=0) chosen=[7, 11, 15, 19, 23, 27, 31, 35, 40, 44, 48, 51, 59, 63, 67, 71, 75, 79, 83, 87, 92, 96, 100, 103]
gentle p=2 w=8 s=0 off2=0 cells=34 OPTIMAL 7.6s X=2 T=6 bound=2.0 X/p=1.000 T/p=3.000 chk(strands_ok=False,X=2,T=6,bad=0) chosen=[7, 11, 16, 20, 24, 28, 32, 36, 40, 44, 48, 52, 56, 59, 67, 71, 76, 80, 84, 88, 92, 96, 100, 104, 108, 112, 116, 119]
gentle p=3 w=6 s=0 off2=0 cells=39 OPTIMAL 9.2s X=3 T=9 bound=3.0 X/p=1.000 T/p=3.000 chk(strands_ok=False,X=3,T=9,bad=0) chosen=[7, 11, 15, 19, 23, 27, 31, 35, 40, 43, 51, 55, 59, 63, 67, 71, 75, 79, 84, 87, 95, 99, 103, 107, 111, 115, 119, 123, 128, 131]
gentle p=3 w=7 s=0 off2=0 cells=45 OPTIMAL 12.1s X=3 T=9 bound=3.0 X/p=1.000 T/p=3.000 chk(strands_ok=False,X=3,T=9,bad=0) chosen=[7, 11, 16, 20, 24, 28, 32, 36, 40, 44, 48, 51, 59, 63, 68, 72, 76, 80, 84, 88, 92, 96, 100, 103, 111, 115, 120, 124, 128, 132, 136, 140, 144, 148, 152, 155]
gentle p=3 w=8 s=0 off2=0 cells=51 OPTIMAL 10.1s X=3 T=9 bound=3.0 X/p=1.000 T/p=3.000 chk(strands_ok=False,X=3,T=9,bad=0) chosen=[7, 11, 15, 19, 23, 27, 31, 35, 39, 43, 47, 51, 56, 59, 67, 71, 75, 79, 83, 87, 91, 95, 99, 103, 107, 111, 116, 119, 127, 131, 135, 139, 143, 147, 151, 155, 159, 163, 167, 171, 176, 179]
vert p=1 w=6 s=0 off2=0 cells=13 OPTIMAL 0.1s X=1 T=2 bound=1.0 X/p=1.000 T/p=2.000 chk(strands_ok=False,X=1,T=2,bad=0) chosen=[2, 6, 10, 14, 18, 22, 25, 29, 33, 37, 41]
vert p=1 w=7 s=0 off2=0 cells=15 OPTIMAL 0.1s X=1 T=2 bound=1.0 X/p=1.000 T/p=2.000 chk(strands_ok=False,X=1,T=2,bad=0) chosen=[2, 6, 10, 14, 18, 22, 26, 30, 34, 37, 41, 45, 49]
vert p=1 w=8 s=0 off2=0 cells=17 OPTIMAL 0.1s X=1 T=2 bound=1.0 X/p=1.000 T/p=2.000 chk(strands_ok=False,X=1,T=2,bad=0) chosen=[2, 6, 10, 14, 17, 21, 25, 29, 33, 37, 41, 45, 49, 53, 57]
vert p=2 w=6 s=0 off2=0 cells=26 OPTIMAL 0.5s X=2 T=4 bound=2.0 X/p=1.000 T/p=2.000 chk(strands_ok=False,X=2,T=4,bad=0) chosen=[2, 6, 10, 14, 18, 22, 26, 30, 34, 38, 42, 46, 50, 54, 58, 62, 66, 70, 73, 77, 81, 85]
vert p=2 w=7 s=0 off2=0 cells=30 OPTIMAL 1.4s X=2 T=4 bound=2.0 X/p=1.000 T/p=2.000 chk(strands_ok=False,X=2,T=4,bad=0) chosen=[2, 6, 10, 14, 18, 22, 25, 29, 33, 37, 41, 45, 49, 53, 57, 61, 65, 69, 73, 77, 81, 85, 89, 93, 97, 101]
vert p=2 w=8 s=0 off2=0 cells=34 OPTIMAL 1.2s X=2 T=4 bound=2.0 X/p=1.000 T/p=2.000 chk(strands_ok=False,X=2,T=4,bad=0) chosen=[2, 6, 10, 14, 18, 22, 26, 30, 34, 38, 42, 46, 50, 54, 58, 62, 66, 70, 73, 77, 81, 85, 89, 93, 97, 101, 105, 109, 113, 117]
horizAA p=1 w=2 s=0 off2=0 cells=5 OPTIMAL 0.0s X=0 T=3 bound=0.0 X/p=0.000 T/p=3.000 chk(strands_ok=False,X=0,T=3,bad=0) chosen=[1, 6, 7, 9]
horizAA p=1 w=3 s=0 off2=0 cells=7 OPTIMAL 0.1s X=0 T=3 bound=0.0 X/p=0.000 T/p=3.000 chk(strands_ok=False,X=0,T=3,bad=0) chosen=[1, 3, 11, 15, 17, 18]
horizAA p=2 w=2 s=0 off2=0 cells=10 OPTIMAL 0.0s X=0 T=6 bound=0.0 X/p=0.000 T/p=3.000 chk(strands_ok=True,X=0,T=6,bad=0) chosen=[1, 7, 9, 10, 15, 21, 23, 24]
horizAA p=2 w=3 s=0 off2=0 cells=14 OPTIMAL 0.1s X=0 T=10 bound=0.0 X/p=0.000 T/p=5.000 chk(strands_ok=True,X=0,T=10,bad=0) chosen=[1, 7, 10, 11, 17, 18, 23, 29, 32, 33, 39, 40]
horizAA p=4 w=2 s=0 off2=0 cells=20 OPTIMAL 0.1s X=0 T=12 bound=0.0 X/p=0.000 T/p=3.000 chk(strands_ok=False,X=0,T=12,bad=0) chosen=[1, 7, 10, 12, 15, 21, 24, 26, 29, 35, 38, 40, 43, 49, 52, 54]
horizAA p=4 w=3 s=0 off2=0 cells=28 OPTIMAL 1.6s X=0 T=12 bound=0.0 X/p=0.000 T/p=3.000 chk(strands_ok=True,X=0,T=12,bad=0) chosen=[1, 7, 11, 14, 15, 17, 23, 29, 33, 36, 37, 39, 45, 51, 55, 58, 59, 61, 67, 73, 77, 80, 81, 83]
exit=0
