up: states 687324, arcs 1401483, build 45s
augmented (d0 = 1): states 5676007, arcs 12260391, 273s
  negative cycle: 25 arcs (5 rows), sum(5w-1-5g) = 0, sum Qfar = 1
    x=2 chosen [(2, -2, 1)] w=1 g=0 c=(0,0,0) Qfar=0 buf=((0, 0, 0), (0, 1, 1))
    x=1 chosen [(1, -1, 2)] w=0 g=0 c=(0,0,0) Qfar=0 buf=((0, 0, 0), (0, 1, 1))
    x=0 chosen [] w=0 g=0 c=(0,0,0) Qfar=0 buf=((0, 0, 0), (0, 1, 1))
    x=4 chosen [(4, -2, 1)] w=0 g=0 c=(0,0,0) Qfar=0 buf=((0, 0, 0), (1, 1, 0))
    x=3 chosen [(3, -2, 1)] w=0 g=0 c=(0,0,0) Qfar=0 buf=((0, 0, 0), (1, 1, 0))
    x=2 chosen [(2, -2, 1)] w=1 g=0 c=(0,0,0) Qfar=0 buf=((0, 0, 0), (1, 1, 0))
    x=1 chosen [(1, -1, 2)] w=0 g=0 c=(0,0,0) Qfar=0 buf=((0, 0, 0), (1, 1, 0))
    x=0 chosen [] w=0 g=0 c=(0,0,0) Qfar=0 buf=((0, 0, 0), (1, 1, 0))
    x=4 chosen [(4, -2, 1)] w=0 g=1 c=(0,0,0) Qfar=0 buf=((0, 0, 1), (1, 0, 0))
    x=3 chosen [] w=0 g=0 c=(0,0,0) Qfar=0 buf=((0, 0, 1), (1, 0, 0))
    x=2 chosen [(2, -2, 1)] w=2 g=0 c=(0,0,0) Qfar=0 buf=((0, 0, 1), (1, 0, 0))
    x=1 chosen [(1, -1, 2)] w=0 g=0 c=(0,0,0) Qfar=0 buf=((0, 0, 1), (1, 0, 0))
    x=0 chosen [] w=0 g=0 c=(0,0,1) Qfar=0 buf=((0, 0, 0), (1, 0, 0))
    x=4 chosen [(4, -2, 1)] w=0 g=1 c=(0,0,0) Qfar=1 buf=((0, 0, 1), (0, 0, 0))
    x=3 chosen [(3, -2, 1)] w=1 g=0 c=(0,0,0) Qfar=0 buf=((0, 0, 1), (0, 0, 0))
    x=2 chosen [(2, -2, 1), (2, -1, 2)] w=1 g=0 c=(0,0,0) Qfar=0 buf=((0, 0, 1), (0, 0, 0))
    x=1 chosen [(1, -1, 2)] w=0 g=0 c=(0,0,0) Qfar=0 buf=((0, 0, 1), (0, 0, 0))
    x=0 chosen [] w=0 g=0 c=(0,0,0) Qfar=0 buf=((0, 0, 1), (0, 0, 0))
    x=4 chosen [] w=0 g=0 c=(0,0,0) Qfar=0 buf=((0, 1, 0), (0, 0, 1))
    x=3 chosen [(3, -2, 1)] w=0 g=0 c=(0,0,0) Qfar=0 buf=((0, 1, 0), (0, 0, 1))
    x=2 chosen [(2, -2, 1)] w=1 g=0 c=(0,0,0) Qfar=0 buf=((0, 1, 0), (0, 0, 1))
    x=1 chosen [(1, -1, 2)] w=0 g=0 c=(0,0,0) Qfar=0 buf=((0, 1, 0), (0, 0, 1))
    x=0 chosen [] w=0 g=0 c=(0,1,0) Qfar=0 buf=((0, 0, 0), (0, 0, 1))
    x=4 chosen [(4, -2, 1)] w=0 g=0 c=(0,0,0) Qfar=0 buf=((0, 0, 0), (0, 1, 1))
    x=3 chosen [(3, -2, 1)] w=0 g=0 c=(0,0,0) Qfar=0 buf=((0, 0, 0), (0, 1, 1))
  -> c <= 0 = 0.000000
up d0=1: CRITICAL c* = 0 = 0.000000; potential range -37..0 (units 1/(5b)), 57 passes
