  states 200000, queue 47611, 9s
  states 400000, queue 57668, 20s
  states 600000, queue 73480, 33s
up: states 687324, arcs 1401483, build 43s
  aug states 1000000, 19s
  aug states 2000000, 43s
  aug states 3000000, 77s
  aug states 4000000, 145s
  aug states 5000000, 203s
  aug states 6000000, 271s
  aug states 7000000, 356s
  aug states 8000000, 451s
  aug states 9000000, 555s
  aug states 10000000, 713s
augmented (d0 = 2): states 10931682, arcs 23639355, 852s
up d0=2: CRITICAL c* = 1/2 = 0.500000; potential range -97..0 (units 1/(5b)), 101 passes
	Command being timed: "timeout 5000 ../../../.venv/bin/python joint_free.py up 2 crit 1/2"
	User time (seconds): 1080.53
	System time (seconds): 104.56
	Percent of CPU this job got: 99%
	Elapsed (wall clock) time (h:mm:ss or m:ss): 19:45.19
	Average shared text size (kbytes): 0
	Average unshared data size (kbytes): 0
	Average stack size (kbytes): 0
	Average total size (kbytes): 0
	Maximum resident set size (kbytes): 6584324
	Average resident set size (kbytes): 0
	Major (requiring I/O) page faults: 0
	Minor (reclaiming a frame) page faults: 21644769
	Voluntary context switches: 13
	Involuntary context switches: 6434
	Swaps: 0
	File system inputs: 0
	File system outputs: 170936
	Socket messages sent: 0
	Socket messages received: 0
	Signals delivered: 0
	Page size (bytes): 4096
	Exit status: 0
