row 0 cell x=0: w=0 b=0
row 0 cell x=1: w=0 b=0
row 0 cell x=2: w=2 b=0
row 0 cell x=3: w=0 b=1
row 1 cell x=0: w=0 b=0
row 1 cell x=1: w=0 b=0
row 1 cell x=2: w=1 b=0
row 1 cell x=3: w=1 b=1
row 2 cell x=0: w=0 b=0
row 2 cell x=1: w=0 b=0
row 2 cell x=2: w=2 b=0
row 2 cell x=3: w=0 b=1
period (rows): 3 edges per period: [((1, 0), (0, 2)), ((1, 1), (0, 3)), ((1, 2), (0, 4)), ((2, 0), (0, 1)), ((2, 1), (0, 2)), ((2, 1), (1, 3)), ((2, 2), (0, 3)), ((2, 2), (1, 4)), ((3, 1), (1, 2))]
degree check PASS on middle periods
row 15: F mod 3 = 1, exceptional edges = 1 -> FAIL
row 15: F mod 3 = 1, exceptional edges = 1 -> FAIL
row 16: F mod 3 = 2, exceptional edges = 1 -> pass
row 16: F mod 3 = 1, exceptional edges = 1 -> FAIL
row 17: F mod 3 = 1, exceptional edges = 1 -> FAIL
row 17: F mod 3 = 2, exceptional edges = 1 -> pass
