PAT=P r=8 j=2 X=7: feasible phi values [1] residues [1]
PAT=P r=8 j=3 X=8: feasible phi values [-1] residues [2]
PAT=P r=8 j=4 X=9: feasible phi values [1] residues [1]
PAT=P r=8 j=5 X=10: feasible phi values [-1] residues [2]
PAT=P r=8 j=6 X=11: feasible phi values [1] residues [1]
PAT=P r=8 j=7 X=12: feasible phi values [-1] residues [2]
PAT=P r=8 j=8 X=13: feasible phi values [1] residues [1]
PAT=P r=9 j=2 X=7: feasible phi values [-1] residues [2]
PAT=P r=9 j=3 X=8: feasible phi values [1] residues [1]
PAT=P r=9 j=4 X=9: feasible phi values [-1] residues [2]
PAT=P r=9 j=5 X=10: feasible phi values [1] residues [1]
PAT=P r=9 j=6 X=11: feasible phi values [-1] residues [2]
PAT=P r=9 j=7 X=12: feasible phi values [1] residues [1]
PAT=P r=9 j=8 X=13: feasible phi values [-1] residues [2]
PAT=Q r=8 j=2 X=7: feasible phi values [1] residues [1]
PAT=Q r=8 j=3 X=8: feasible phi values [-1] residues [2]
PAT=Q r=8 j=4 X=9: feasible phi values [1] residues [1]
PAT=Q r=8 j=5 X=10: feasible phi values [-1] residues [2]
PAT=Q r=8 j=6 X=11: feasible phi values [1] residues [1]
PAT=Q r=8 j=7 X=12: feasible phi values [-1] residues [2]
PAT=Q r=8 j=8 X=13: feasible phi values [1] residues [1]
PAT=Q r=9 j=2 X=7: feasible phi values [-1] residues [2]
PAT=Q r=9 j=3 X=8: feasible phi values [1] residues [1]
PAT=Q r=9 j=4 X=9: feasible phi values [-1] residues [2]
PAT=Q r=9 j=5 X=10: feasible phi values [1] residues [1]
PAT=Q r=9 j=6 X=11: feasible phi values [-1] residues [2]
PAT=Q r=9 j=7 X=12: feasible phi values [1] residues [1]
PAT=Q r=9 j=8 X=13: feasible phi values [-1] residues [2]
exit=0
