  SAT: s=1 U=[(10, 10)] labels={(9, 10): '\\', (10, 9): '\\', (10, 11): '\\', (11, 10): '\\'}
  SAT: s=1 U=[(10, 10)] labels={(9, 10): '/', (10, 9): '/', (10, 11): '/', (11, 10): '/'}
s=1: 1 free tree polyominoes, 2 admissible labellings, 2 SAT (0s)
  SAT: s=2 U=[(10, 10), (10, 11)] labels={(9, 10): '\\', (9, 11): '\\', (10, 9): '\\', (10, 12): '\\', (11, 10): '\\', (11, 11): '\\'}
  SAT: s=2 U=[(10, 10), (10, 11)] labels={(9, 10): '/', (9, 11): '/', (10, 9): '/', (10, 12): '/', (11, 10): '/', (11, 11): '/'}
s=2: 1 free tree polyominoes, 2 admissible labellings, 2 SAT (0s)
  SAT: s=3 U=[(10, 10), (10, 11), (10, 12)] labels={(9, 10): '\\', (9, 11): '\\', (9, 12): '\\', (10, 9): '\\', (10, 13): '\\', (11, 10): '\\', (11, 11): '\\', (11, 12): '\\'}
  SAT: s=3 U=[(10, 10), (10, 11), (10, 12)] labels={(9, 10): '/', (9, 11): '/', (9, 12): '/', (10, 9): '/', (10, 13): '/', (11, 10): '/', (11, 11): '/', (11, 12): '/'}
  SAT: s=3 U=[(10, 10), (10, 11), (11, 10)] labels={(9, 10): '/', (9, 11): '/', (10, 9): '/', (10, 12): '/', (11, 9): '/', (11, 11): '/', (12, 10): '/'}
s=3: 2 free tree polyominoes, 4 admissible labellings, 3 SAT (0s)
  SAT: s=4 U=[(10, 10), (10, 11), (10, 12), (11, 10)] labels={(9, 10): '/', (9, 11): '/', (9, 12): '/', (10, 9): '/', (10, 13): '/', (11, 9): '/', (11, 11): '/', (11, 12): '/', (12, 10): '/'}
  SAT: s=4 U=[(10, 10), (10, 11), (11, 11), (11, 12)] labels={(9, 10): '\\', (9, 11): '\\', (10, 9): '\\', (10, 12): '\\', (11, 10): '\\', (11, 13): '\\', (12, 11): '\\', (12, 12): '\\'}
s=4: 4 free tree polyominoes, 8 admissible labellings, 2 SAT (0s)
  SAT: s=5 U=[(10, 10), (10, 11), (10, 12), (11, 12), (11, 13)] labels={(9, 10): '\\', (9, 11): '\\', (9, 12): '\\', (10, 9): '\\', (10, 13): '\\', (11, 10): '\\', (11, 11): '\\', (11, 14): '\\', (12, 12): '\\', (12, 13): '\\'}
  SAT: s=5 U=[(10, 10), (10, 11), (11, 11), (11, 12), (12, 12)] labels={(9, 10): '\\', (9, 11): '\\', (10, 9): '\\', (10, 12): '\\', (11, 10): '\\', (11, 13): '\\', (12, 11): '\\', (12, 13): '\\', (13, 12): '\\'}
  SAT: s=5 U=[(10, 10), (10, 11), (11, 11), (12, 11), (12, 12)] labels={(9, 10): '\\', (9, 11): '\\', (10, 9): '\\', (10, 12): '\\', (11, 10): '\\', (11, 12): '\\', (12, 10): '\\', (12, 13): '\\', (13, 11): '\\', (13, 12): '\\'}
s=5: 11 free tree polyominoes, 22 admissible labellings, 3 SAT (1s)
  SAT: s=6 U=[(10, 10), (10, 11), (10, 12), (11, 12), (11, 13), (12, 13)] labels={(9, 10): '\\', (9, 11): '\\', (9, 12): '\\', (10, 9): '\\', (10, 13): '\\', (11, 10): '\\', (11, 11): '\\', (11, 14): '\\', (12, 12): '\\', (12, 14): '\\', (13, 13): '\\'}
  SAT: s=6 U=[(10, 10), (10, 11), (11, 11), (11, 12), (11, 13), (12, 13)] labels={(9, 10): '\\', (9, 11): '\\', (10, 9): '\\', (10, 12): '\\', (10, 13): '\\', (11, 10): '\\', (11, 14): '\\', (12, 11): '\\', (12, 12): '\\', (12, 14): '\\', (13, 13): '\\'}
  SAT: s=6 U=[(10, 10), (10, 11), (11, 11), (11, 12), (12, 12), (12, 13)] labels={(9, 10): '\\', (9, 11): '\\', (10, 9): '\\', (10, 12): '\\', (11, 10): '\\', (11, 13): '\\', (12, 11): '\\', (12, 14): '\\', (13, 12): '\\', (13, 13): '\\'}
s=6: 27 free tree polyominoes, 54 admissible labellings, 3 SAT (2s)
  SAT: s=7 U=[(10, 10), (10, 11), (10, 12), (11, 12), (11, 13), (12, 13), (12, 14)] labels={(9, 10): '\\', (9, 11): '\\', (9, 12): '\\', (10, 9): '\\', (10, 13): '\\', (11, 10): '\\', (11, 11): '\\', (11, 14): '\\', (12, 12): '\\', (12, 15): '\\', (13, 13): '\\', (13, 14): '\\'}
  SAT: s=7 U=[(10, 10), (10, 11), (11, 11), (11, 12), (11, 13), (12, 13), (12, 14)] labels={(9, 10): '\\', (9, 11): '\\', (10, 9): '\\', (10, 12): '\\', (10, 13): '\\', (11, 10): '\\', (11, 14): '\\', (12, 11): '\\', (12, 12): '\\', (12, 15): '\\', (13, 13): '\\', (13, 14): '\\'}
  SAT: s=7 U=[(10, 10), (10, 11), (11, 11), (11, 12), (12, 12), (12, 13), (13, 13)] labels={(9, 10): '\\', (9, 11): '\\', (10, 9): '\\', (10, 12): '\\', (11, 10): '\\', (11, 13): '\\', (12, 11): '\\', (12, 14): '\\', (13, 12): '\\', (13, 14): '\\', (14, 13): '\\'}
  SAT: s=7 U=[(10, 10), (10, 11), (11, 11), (11, 12), (12, 12), (13, 12), (13, 13)] labels={(9, 10): '\\', (9, 11): '\\', (10, 9): '\\', (10, 12): '\\', (11, 10): '\\', (11, 13): '\\', (12, 11): '\\', (12, 13): '\\', (13, 11): '\\', (13, 14): '\\', (14, 12): '\\', (14, 13): '\\'}
s=7: 83 free tree polyominoes, 166 admissible labellings, 4 SAT (4s)
  SAT: s=8 U=[(10, 10), (10, 11), (10, 12), (11, 12), (11, 13), (12, 13), (12, 14), (13, 14)] labels={(9, 10): '\\', (9, 11): '\\', (9, 12): '\\', (10, 9): '\\', (10, 13): '\\', (11, 10): '\\', (11, 11): '\\', (11, 14): '\\', (12, 12): '\\', (12, 15): '\\', (13, 13): '\\', (13, 15): '\\', (14, 14): '\\'}
  SAT: s=8 U=[(10, 10), (10, 11), (11, 11), (11, 12), (11, 13), (12, 13), (12, 14), (13, 14)] labels={(9, 10): '\\', (9, 11): '\\', (10, 9): '\\', (10, 12): '\\', (10, 13): '\\', (11, 10): '\\', (11, 14): '\\', (12, 11): '\\', (12, 12): '\\', (12, 15): '\\', (13, 13): '\\', (13, 15): '\\', (14, 14): '\\'}
  SAT: s=8 U=[(10, 10), (10, 11), (11, 11), (11, 12), (12, 12), (12, 13), (12, 14), (13, 14)] labels={(9, 10): '\\', (9, 11): '\\', (10, 9): '\\', (10, 12): '\\', (11, 10): '\\', (11, 13): '\\', (11, 14): '\\', (12, 11): '\\', (12, 15): '\\', (13, 12): '\\', (13, 13): '\\', (13, 15): '\\', (14, 14): '\\'}
  SAT: s=8 U=[(10, 10), (10, 11), (11, 11), (11, 12), (12, 12), (12, 13), (13, 13), (13, 14)] labels={(9, 10): '\\', (9, 11): '\\', (10, 9): '\\', (10, 12): '\\', (11, 10): '\\', (11, 13): '\\', (12, 11): '\\', (12, 14): '\\', (13, 12): '\\', (13, 15): '\\', (14, 13): '\\', (14, 14): '\\'}
s=8: 255 free tree polyominoes, 510 admissible labellings, 4 SAT (14s)
  SAT: s=9 U=[(10, 10), (10, 11), (10, 12), (11, 12), (11, 13), (12, 13), (12, 14), (13, 14), (13, 15)] labels={(9, 10): '\\', (9, 11): '\\', (9, 12): '\\', (10, 9): '\\', (10, 13): '\\', (11, 10): '\\', (11, 11): '\\', (11, 14): '\\', (12, 12): '\\', (12, 15): '\\', (13, 13): '\\', (13, 16): '\\', (14, 14): '\\', (14, 15): '\\'}
  SAT: s=9 U=[(10, 10), (10, 11), (11, 11), (11, 12), (11, 13), (12, 13), (12, 14), (13, 14), (13, 15)] labels={(9, 10): '\\', (9, 11): '\\', (10, 9): '\\', (10, 12): '\\', (10, 13): '\\', (11, 10): '\\', (11, 14): '\\', (12, 11): '\\', (12, 12): '\\', (12, 15): '\\', (13, 13): '\\', (13, 16): '\\', (14, 14): '\\', (14, 15): '\\'}
  SAT: s=9 U=[(10, 10), (10, 11), (11, 11), (11, 12), (12, 12), (12, 13), (13, 13), (13, 14), (14, 14)] labels={(9, 10): '\\', (9, 11): '\\', (10, 9): '\\', (10, 12): '\\', (11, 10): '\\', (11, 13): '\\', (12, 11): '\\', (12, 14): '\\', (13, 12): '\\', (13, 15): '\\', (14, 13): '\\', (14, 15): '\\', (15, 14): '\\'}
  SAT: s=9 U=[(10, 10), (10, 11), (11, 11), (11, 12), (12, 12), (12, 13), (13, 13), (14, 13), (14, 14)] labels={(9, 10): '\\', (9, 11): '\\', (10, 9): '\\', (10, 12): '\\', (11, 10): '\\', (11, 13): '\\', (12, 11): '\\', (12, 14): '\\', (13, 12): '\\', (13, 14): '\\', (14, 12): '\\', (14, 15): '\\', (15, 13): '\\', (15, 14): '\\'}
  SAT: s=9 U=[(10, 10), (10, 11), (11, 11), (11, 12), (12, 12), (13, 12), (13, 13), (14, 13), (14, 14)] labels={(9, 10): '\\', (9, 11): '\\', (10, 9): '\\', (10, 12): '\\', (11, 10): '\\', (11, 13): '\\', (12, 11): '\\', (12, 13): '\\', (13, 11): '\\', (13, 14): '\\', (14, 12): '\\', (14, 15): '\\', (15, 13): '\\', (15, 14): '\\'}
s=9: 847 free tree polyominoes, 1694 admissible labellings, 5 SAT (47s)
exit=0
