shear 1/3 WM=4 KM=1 MODE=nz lambda=1/2: columns u in [-3,6], 59 slots, complete squares s in [-1,2], 2 cost squares per row
warm-up done: 11328 strict seed states, largest warm layer 7515904, 92s
states by warm level: strict 71314, warm1 0, warm2 0, warm3 0
graph: states 71314 arcs 71202 (rejected: margin 40858314, psi 5952) 92s
== lambda 1/1
 try mean 8/1 per row
RESULT A=1 WM=4 KM=1 nz lambda=1/1: min mean weight per row = 8/1 (CERTIFIED: no cycle below); per level (E units) = 8/2 = 4.0000  (92s)
total 92s
	Command being timed: "./wifc 1/3 4 1 nz 8 1 90000000"
	User time (seconds): 88.88
	System time (seconds): 3.53
	Percent of CPU this job got: 99%
	Elapsed (wall clock) time (h:mm:ss or m:ss): 1:32.43
	Average shared text size (kbytes): 0
	Average unshared data size (kbytes): 0
	Average stack size (kbytes): 0
	Average total size (kbytes): 0
	Maximum resident set size (kbytes): 412352
	Average resident set size (kbytes): 0
	Major (requiring I/O) page faults: 0
	Minor (reclaiming a frame) page faults: 537759
	Voluntary context switches: 1
	Involuntary context switches: 147
	Swaps: 0
	File system inputs: 0
	File system outputs: 16
	Socket messages sent: 0
	Socket messages received: 0
	Signals delivered: 0
	Page size (bytes): 4096
	Exit status: 0
exit=0
