shear 3/4 WM=4 KM=1 MODE=nz lambda=1/2: columns u in [-3,6], 62 slots, complete squares s in [0,2], 1 cost squares per row
warm-up done: 34560 strict seed states, largest warm layer 5241184, 68s
states by warm level: strict 103696, warm1 0, warm2 0, warm3 0
graph: states 103696 arcs 95332 (rejected: margin 41120828, psi 17280) 68s
== lambda 1/1
 try mean 8/1 per row
RESULT A=3 WM=4 KM=1 nz lambda=1/1: min mean weight per row = 8/1 (CERTIFIED: no cycle below); per level (E units) = 8/2 = 4.0000  (68s)
total 68s
	Command being timed: "./wifc 3/4 4 1 nz 8 1 90000000"
	User time (seconds): 65.51
	System time (seconds): 2.56
	Percent of CPU this job got: 99%
	Elapsed (wall clock) time (h:mm:ss or m:ss): 1:08.09
	Average shared text size (kbytes): 0
	Average unshared data size (kbytes): 0
	Average stack size (kbytes): 0
	Average total size (kbytes): 0
	Maximum resident set size (kbytes): 360384
	Average resident set size (kbytes): 0
	Major (requiring I/O) page faults: 0
	Minor (reclaiming a frame) page faults: 319619
	Voluntary context switches: 1
	Involuntary context switches: 128
	Swaps: 0
	File system inputs: 0
	File system outputs: 16
	Socket messages sent: 0
	Socket messages received: 0
	Signals delivered: 0
	Page size (bytes): 4096
	Exit status: 0
exit=0
