shear 1/3 WM=4 KM=1 MODE=nz lambda=1/2: columns u in [-3,6], 59 slots, complete squares s in [-1,2], 2 cost squares per row
warm-up done: 13968 strict seed states, largest warm layer 7515904, 92s
states by warm level: strict 740304, warm1 0, warm2 0, warm3 0
graph: states 740304 arcs 865619 (rejected: margin 41545983, psi 6840) 93s
== lambda 1/1
 try mean 8/1 per row
  cycle: 90 arcs, 9 rows, crossings 22, waste 44, weight 44 -> mean 44/9
    (cycle starts at row phase 1; board x = u + floor(1*(phase+row)/3) - floor(1*phase/3))
    row 0 u 0 (mod) X=0 waste=0: (0,0)-(1,2)
    row 0 u 3 (mod) X=1 waste=1: (3,0)-(1,1)
    row 0 u 4 (ghost) X=0 waste=0: (4,0)-(2,1)
    row 0 u 5 (ghost) X=0 waste=0: (5,0)-(3,1)
    row 0 u 6 (ghost) X=0 waste=1:
    row 1 u 0 (mod) X=0 waste=0: (0,1)-(1,3)
    row 1 u 3 (mod) X=0 waste=0: (3,1)-(2,3)
    row 1 u 4 (ghost) X=1 waste=0: (4,1)-(2,2)
    row 1 u 5 (ghost) X=0 waste=0: (5,1)-(3,2)
    row 1 u 6 (ghost) X=0 waste=6: (6,1)-(4,2)
    row 2 u -1 (ghost) X=0 waste=0: (0,2)-(1,4)
    row 2 u 0 (mod) X=0 waste=0: (1,2)-(2,4)
    row 2 u 1 (mod) X=1 waste=1: (2,2)-(3,4)
    row 2 u 2 (mod) X=1 waste=0: (3,2)-(2,4)
    row 2 u 3 (mod) X=2 waste=1: (4,2)-(2,3)
    row 2 u 4 (ghost) X=0 waste=0: (5,2)-(3,3)
    row 2 u 5 (ghost) X=0 waste=0: (6,2)-(4,3)
    row 2 u 6 (ghost) X=0 waste=3:
    row 3 u 0 (mod) X=0 waste=0: (1,3)-(2,5)
    row 3 u 2 (mod) X=0 waste=0: (3,3)-(4,5)
    row 3 u 3 (mod) X=1 waste=0: (4,3)-(3,5)
    row 3 u 4 (ghost) X=2 waste=1: (5,3)-(3,4)
    row 3 u 5 (ghost) X=0 waste=0: (6,3)-(4,4)
    row 3 u 6 (ghost) X=0 waste=3:
    row 4 u 0 (mod) X=0 waste=0: (1,4)-(2,6)
    row 4 u 3 (mod) X=1 waste=1: (4,4)-(3,6)
    row 4 u 4 (ghost) X=2 waste=1: (5,4)-(3,5)
    row 4 u 5 (ghost) X=0 waste=0: (6,4)-(4,5)
    row 4 u 6 (ghost) X=0 waste=5: (7,4)-(5,5)
    row 5 u -1 (ghost) X=0 waste=0: (1,5)-(2,7)
    row 5 u 0 (mod) X=0 waste=0: (2,5)-(3,7)
    row 5 u 3 (mod) X=0 waste=0: (5,5)-(3,6)
    row 5 u 4 (ghost) X=0 waste=0: (6,5)-(4,6)
    row 5 u 5 (ghost) X=0 waste=0: (7,5)-(5,6)
    row 5 u 6 (ghost) X=0 waste=2:
    row 6 u 0 (mod) X=0 waste=0: (2,6)-(3,8)
    row 6 u 2 (mod) X=0 waste=0: (4,6)-(5,8)
    row 6 u 3 (mod) X=1 waste=1: (5,6)-(3,7)
    row 6 u 4 (ghost) X=1 waste=1: (6,6)-(4,7)
    row 6 u 5 (ghost) X=0 waste=0: (7,6)-(5,7)
    row 6 u 6 (ghost) X=0 waste=2:
    row 7 u 0 (mod) X=0 waste=0: (2,7)-(3,9)
    row 7 u 2 (mod) X=0 waste=0: (4,7)-(5,9)
    row 7 u 3 (mod) X=2 waste=1: (5,7)-(4,9)
    row 7 u 4 (ghost) X=3 waste=2: (6,7)-(4,8)
    row 7 u 5 (ghost) X=0 waste=0: (7,7)-(5,8)
    row 7 u 6 (ghost) X=0 waste=6: (8,7)-(6,8)
    row 8 u -1 (ghost) X=0 waste=0: (2,8)-(3,10)
    row 8 u 0 (mod) X=0 waste=0: (3,8)-(4,10)
    row 8 u 1 (mod) X=1 waste=1: (4,8)-(5,10)
    row 8 u 3 (mod) X=2 waste=2: (6,8)-(4,9)
    row 8 u 4 (ghost) X=0 waste=0: (7,8)-(5,9)
    row 8 u 5 (ghost) X=0 waste=0: (8,8)-(6,9)
    row 8 u 6 (ghost) X=0 waste=2:
 try mean 44/9 per row
RESULT A=1 WM=4 KM=1 nz lambda=1/1: min mean weight per row = 44/9 (CERTIFIED: no cycle below); per level (E units) = 44/18 = 2.4444  (93s)
total 93s
	Command being timed: "./wifc 1/3 4 1 nz 8 1 90000000"
	User time (seconds): 88.99
	System time (seconds): 4.19
	Percent of CPU this job got: 99%
	Elapsed (wall clock) time (h:mm:ss or m:ss): 1:33.29
	Average shared text size (kbytes): 0
	Average unshared data size (kbytes): 0
	Average stack size (kbytes): 0
	Average total size (kbytes): 0
	Maximum resident set size (kbytes): 412300
	Average resident set size (kbytes): 0
	Major (requiring I/O) page faults: 0
	Minor (reclaiming a frame) page faults: 548357
	Voluntary context switches: 1
	Involuntary context switches: 550
	Swaps: 0
	File system inputs: 0
	File system outputs: 16
	Socket messages sent: 0
	Socket messages received: 0
	Signals delivered: 0
	Page size (bytes): 4096
	Exit status: 0
exit=0
