shear 1/3 WM=4 KM=1 MODE=nz lambda=1/2: columns u in [-3,6], 59 slots, complete squares s in [-1,2], 2 cost squares per row
warm-up done: 15456 strict seed states, largest warm layer 7515904, 91s
states by warm level: strict 880915, warm1 0, warm2 0, warm3 0
graph: states 880915 arcs 1048229 (rejected: margin 41681697, psi 7584) 92s
== lambda 1/1
 try mean 8/1 per row
  cycle: 90 arcs, 9 rows, crossings 7, waste 14, weight 14 -> mean 14/9
    (cycle starts at row phase 2; board x = u + floor(1*(phase+row)/3) - floor(1*phase/3))
    row 0 u -1 (ghost) X=0 waste=0: (-1,0)-(1,1)
    row 0 u 0 (mod) X=0 waste=0: (0,0)-(2,1)
    row 0 u 1 (mod) X=0 waste=0: (1,0)-(3,1)
    row 0 u 2 (mod) X=1 waste=0: (2,0)-(3,2)
    row 0 u 3 (mod) X=0 waste=0: (3,0)-(4,2)
    row 0 u 6 (ghost) X=0 waste=2:
    row 1 u -2 (ghost) X=0 waste=0: (-1,1)-(1,2)
    row 1 u -1 (ghost) X=0 waste=0: (0,1)-(2,2)
    row 1 u 0 (mod) X=0 waste=0: (1,1)-(3,2)
    row 1 u 1 (mod) X=1 waste=0: (2,1)-(3,3)
    row 1 u 2 (mod) X=0 waste=0: (3,1)-(4,3)
    row 1 u 3 (mod) X=0 waste=0: (4,1)-(5,3)
    row 2 u -2 (ghost) X=0 waste=0: (-1,2)-(1,3)
    row 2 u -1 (ghost) X=0 waste=0: (0,2)-(2,3)
    row 2 u 0 (mod) X=0 waste=0: (1,2)-(3,3)
    row 2 u 1 (mod) X=1 waste=0: (2,2)-(3,4)
    row 2 u 3 (mod) X=0 waste=0: (4,2)-(5,4)
    row 2 u 6 (ghost) X=0 waste=2:
    row 3 u -1 (ghost) X=0 waste=0: (0,3)-(2,4)
    row 3 u 0 (mod) X=0 waste=0: (1,3)-(3,4)
    row 3 u 1 (mod) X=1 waste=0: (2,3)-(4,4)
    row 3 u 3 (mod) X=0 waste=0: (4,3)-(5,5)
    row 3 u 6 (ghost) X=0 waste=2:
    row 4 u -2 (ghost) X=0 waste=0: (0,4)-(2,5)
    row 4 u -1 (ghost) X=0 waste=0: (1,4)-(3,5)
    row 4 u 0 (mod) X=0 waste=0: (2,4)-(4,5)
    row 4 u 2 (mod) X=0 waste=0: (4,4)-(5,6)
    row 4 u 3 (mod) X=0 waste=0: (5,4)-(6,6)
    row 4 u 6 (ghost) X=0 waste=2:
    row 5 u -2 (ghost) X=0 waste=0: (0,5)-(2,6)
    row 5 u -1 (ghost) X=0 waste=0: (1,5)-(3,6)
    row 5 u 0 (mod) X=0 waste=0: (2,5)-(4,6)
    row 5 u 1 (mod) X=1 waste=0: (3,5)-(4,7)
    row 5 u 2 (mod) X=0 waste=0: (4,5)-(5,7)
    row 5 u 3 (mod) X=0 waste=0: (5,5)-(6,7)
    row 5 u 6 (ghost) X=0 waste=2:
    row 6 u -1 (ghost) X=0 waste=0: (1,6)-(3,7)
    row 6 u 0 (mod) X=0 waste=0: (2,6)-(4,7)
    row 6 u 1 (mod) X=1 waste=0: (3,6)-(4,8)
    row 6 u 2 (mod) X=0 waste=0: (4,6)-(5,8)
    row 6 u 3 (mod) X=0 waste=0: (5,6)-(6,8)
    row 7 u -2 (ghost) X=0 waste=0: (1,7)-(3,8)
    row 7 u -1 (ghost) X=0 waste=0: (2,7)-(4,8)
    row 7 u 0 (mod) X=1 waste=0: (3,7)-(5,8)
    row 7 u 2 (mod) X=0 waste=0: (5,7)-(6,9)
    row 7 u 3 (mod) X=0 waste=0: (6,7)-(7,9)
    row 8 u -2 (ghost) X=0 waste=0: (1,8)-(3,9)
    row 8 u -1 (ghost) X=0 waste=0: (2,8)-(4,9)
    row 8 u 0 (mod) X=0 waste=0: (3,8)-(5,9)
    row 8 u 3 (mod) X=0 waste=0: (6,8)-(7,10)
    row 8 u 6 (ghost) X=0 waste=4:
 try mean 14/9 per row
RESULT A=1 WM=4 KM=1 nz lambda=1/1: min mean weight per row = 14/9 (CERTIFIED: no cycle below); per level (E units) = 14/18 = 0.7778  (93s)
total 93s
	Command being timed: "./wifw 1/3 4 1 nz 8 1 90000000"
	User time (seconds): 88.37
	System time (seconds): 4.14
	Percent of CPU this job got: 99%
	Elapsed (wall clock) time (h:mm:ss or m:ss): 1:32.55
	Average shared text size (kbytes): 0
	Average unshared data size (kbytes): 0
	Average stack size (kbytes): 0
	Average total size (kbytes): 0
	Maximum resident set size (kbytes): 412248
	Average resident set size (kbytes): 0
	Major (requiring I/O) page faults: 0
	Minor (reclaiming a frame) page faults: 550673
	Voluntary context switches: 1
	Involuntary context switches: 470
	Swaps: 0
	File system inputs: 0
	File system outputs: 16
	Socket messages sent: 0
	Socket messages received: 0
	Signals delivered: 0
	Page size (bytes): 4096
	Exit status: 0
exit=0
