shear 1/3 WM=4 KM=1 MODE=nz lambda=1/2: columns u in [-3,6], 59 slots, complete squares s in [-1,2], 2 cost squares per row
warm-up done: 20448 strict seed states, largest warm layer 7515904, 104s
states by warm level: strict 953108, warm1 0, warm2 0, warm3 0
graph: states 953108 arcs 1210762 (rejected: margin 41720228, psi 10676) 106s
== lambda 1/1
 try mean 8/1 per row
  cycle: 30 arcs, 3 rows, crossings 4, waste 8, weight 8 -> mean 8/3
    (cycle starts at row phase 1; board x = u + floor(1*(phase+row)/3) - floor(1*phase/3))
    row 0 u 0 (mod) X=0 waste=0: (0,0)-(-1,2)
    row 0 u 1 (mod) X=0 waste=0: (1,0)-(0,2)
    row 0 u 3 (mod) X=0 waste=0: (3,0)-(2,2)
    row 0 u 4 (ghost) X=0 waste=0: (4,0)-(3,2)
    row 0 u 5 (ghost) X=0 waste=0: (5,0)-(4,2)
    row 0 u 6 (ghost) X=0 waste=2:
    row 1 u 0 (mod) X=0 waste=0: (0,1)-(-1,3)
    row 1 u 1 (mod) X=0 waste=0: (1,1)-(0,3)
    row 1 u 2 (mod) X=0 waste=0: (2,1)-(1,3)
    row 1 u 3 (mod) X=0 waste=0: (3,1)-(2,3)
    row 1 u 4 (ghost) X=0 waste=0: (4,1)-(3,3)
    row 1 u 5 (ghost) X=0 waste=0: (5,1)-(4,3)
    row 1 u 6 (ghost) X=0 waste=2:
    row 2 u 0 (mod) X=2 waste=2: (1,2)-(3,3) (1,2)-(0,4)
    row 2 u 1 (mod) X=1 waste=1: (2,2)-(1,4)
    row 2 u 2 (mod) X=1 waste=1: (3,2)-(2,4)
    row 2 u 3 (mod) X=0 waste=0: (4,2)-(3,4)
    row 2 u 4 (ghost) X=0 waste=0: (5,2)-(4,4)
 try mean 8/3 per row
  cycle: 60 arcs, 6 rows, crossings 5, waste 10, weight 10 -> mean 10/6
    (cycle starts at row phase 1; board x = u + floor(1*(phase+row)/3) - floor(1*phase/3))
    row 0 u 0 (mod) X=1 waste=0: (0,0)-(-2,1) (0,0)-(-1,2)
    row 0 u 1 (mod) X=0 waste=0: (1,0)-(0,2)
    row 0 u 2 (mod) X=0 waste=0: (2,0)-(1,2)
    row 0 u 4 (ghost) X=0 waste=0: (4,0)-(3,2)
    row 0 u 5 (ghost) X=0 waste=0: (5,0)-(4,2)
    row 0 u 6 (ghost) X=0 waste=2:
    row 1 u 0 (mod) X=0 waste=0: (0,1)-(-1,3)
    row 1 u 1 (mod) X=0 waste=0: (1,1)-(0,3)
    row 1 u 2 (mod) X=0 waste=0: (2,1)-(1,3)
    row 1 u 3 (mod) X=0 waste=0: (3,1)-(2,3)
    row 1 u 4 (ghost) X=0 waste=0: (4,1)-(3,3)
    row 1 u 5 (ghost) X=0 waste=0: (5,1)-(4,3)
    row 1 u 6 (ghost) X=0 waste=2:
    row 2 u 0 (mod) X=0 waste=0: (1,2)-(0,4)
    row 2 u 1 (mod) X=1 waste=1: (2,2)-(3,4) (2,2)-(1,4)
    row 2 u 2 (mod) X=1 waste=0: (3,2)-(2,4)
    row 2 u 3 (mod) X=0 waste=0: (4,2)-(3,4)
    row 2 u 4 (ghost) X=0 waste=0: (5,2)-(4,4)
    row 3 u 0 (mod) X=0 waste=0: (1,3)-(0,5)
    row 3 u 1 (mod) X=0 waste=0: (2,3)-(1,5)
    row 3 u 2 (mod) X=1 waste=1: (3,3)-(2,5)
    row 3 u 3 (mod) X=0 waste=0: (4,3)-(3,5)
    row 3 u 4 (ghost) X=0 waste=0: (5,3)-(4,5)
    row 3 u 5 (ghost) X=0 waste=0: (6,3)-(5,5)
    row 4 u 0 (mod) X=0 waste=0: (1,4)-(0,6)
    row 4 u 1 (mod) X=0 waste=0: (2,4)-(1,6)
    row 4 u 3 (mod) X=0 waste=0: (4,4)-(3,6)
    row 4 u 4 (ghost) X=0 waste=0: (5,4)-(4,6)
    row 4 u 5 (ghost) X=0 waste=0: (6,4)-(5,6)
    row 4 u 6 (ghost) X=0 waste=2:
    row 5 u 0 (mod) X=0 waste=0: (2,5)-(1,7)
    row 5 u 1 (mod) X=0 waste=0: (3,5)-(2,7)
    row 5 u 2 (mod) X=0 waste=0: (4,5)-(3,7)
    row 5 u 3 (mod) X=0 waste=0: (5,5)-(4,7)
    row 5 u 4 (ghost) X=0 waste=0: (6,5)-(5,7)
    row 5 u 5 (ghost) X=1 waste=0: (7,5)-(5,6)
    row 5 u 6 (ghost) X=0 waste=2:
 try mean 5/3 per row
RESULT A=1 WM=4 KM=1 nz lambda=1/1: min mean weight per row = 5/3 (CERTIFIED: no cycle below); per level (E units) = 5/6 = 0.8333  (106s)
total 106s
	Command being timed: "./wifc 1/3 4 1 nz 8 1 90000000"
	User time (seconds): 96.42
	System time (seconds): 4.64
	Percent of CPU this job got: 95%
	Elapsed (wall clock) time (h:mm:ss or m:ss): 1:46.10
	Average shared text size (kbytes): 0
	Average unshared data size (kbytes): 0
	Average stack size (kbytes): 0
	Average total size (kbytes): 0
	Maximum resident set size (kbytes): 412032
	Average resident set size (kbytes): 0
	Major (requiring I/O) page faults: 0
	Minor (reclaiming a frame) page faults: 551694
	Voluntary context switches: 376
	Involuntary context switches: 6923
	Swaps: 0
	File system inputs: 0
	File system outputs: 16
	Socket messages sent: 0
	Socket messages received: 0
	Signals delivered: 0
	Page size (bytes): 4096
	Exit status: 0
exit=0
