shear 1/5 WM=4 KM=1 MODE=any lambda=1/2: columns u in [-3,6], 59 slots, complete squares s in [-1,2], 2 cost squares per row
warm-up done: 36080 strict seed states, largest warm layer 10493992, 101s
states by warm level: strict 1216120, warm1 0, warm2 0, warm3 0
graph: states 1216120 arcs 1564344 (rejected: margin 42021266, psi 0) 104s
== lambda 1/1
 try mean 40/1 per row
  cycle colour current through u = 0: 2 over 10 rows
  cycle: 100 arcs, 10 rows, crossings 12, waste 22, weight 116 -> mean 116/10
    (cycle starts at row phase 0; board x = u + floor(1*(phase+row)/5) - floor(1*phase/5))
    row 0 u 0 (mod) X=0 waste=0: (0,0)-(2,1) (0,0)-(-2,1)
    row 0 u 1 (mod) X=1 waste=1: (1,0)-(3,1) (1,0)-(-1,1)
    row 0 u 2 (mod) X=0 waste=0: (2,0)-(4,1)
    row 0 u 3 (mod) X=0 waste=0: (3,0)-(5,1)
    row 0 u 6 (ghost) X=0 waste=1:
    row 1 u 0 (mod) X=0 waste=0: (0,1)-(2,2) (0,1)-(-2,2)
    row 1 u 1 (mod) X=1 waste=1: (1,1)-(3,2) (1,1)-(-1,2)
    row 1 u 2 (mod) X=0 waste=0: (2,1)-(4,2)
    row 1 u 3 (mod) X=0 waste=0: (3,1)-(5,2)
    row 1 u 6 (ghost) X=0 waste=1:
    row 2 u 0 (mod) X=0 waste=0: (0,2)-(-2,3) (0,2)-(-1,4)
    row 2 u 1 (mod) X=0 waste=0: (1,2)-(3,3) (1,2)-(0,4)
    row 2 u 2 (mod) X=0 waste=0: (2,2)-(4,3)
    row 2 u 3 (mod) X=0 waste=0: (3,2)-(5,3)
    row 2 u 6 (ghost) X=0 waste=4:
    row 3 u 0 (mod) X=1 waste=0: (0,3)-(-2,4) (0,3)-(-1,5)
    row 3 u 1 (mod) X=0 waste=0: (1,3)-(3,4) (1,3)-(0,5)
    row 3 u 2 (mod) X=1 waste=1: (2,3)-(4,4) (2,3)-(1,5)
    row 3 u 3 (mod) X=0 waste=0: (3,3)-(5,4)
    row 3 u 6 (ghost) X=0 waste=1:
    row 4 u 0 (mod) X=0 waste=0: (0,4)-(-1,6)
    row 4 u 1 (mod) X=1 waste=1: (1,4)-(3,5) (1,4)-(0,6)
    row 4 u 2 (mod) X=1 waste=1: (2,4)-(4,5) (2,4)-(1,6)
    row 4 u 3 (mod) X=0 waste=0: (3,4)-(5,5)
    row 5 u 0 (mod) X=0 waste=0: (1,5)-(0,7)
    row 5 u 1 (mod) X=0 waste=0: (2,5)-(4,6) (2,5)-(1,7)
    row 5 u 2 (mod) X=0 waste=0: (3,5)-(5,6)
    row 5 u 3 (mod) X=0 waste=0: (4,5)-(6,6)
    row 5 u 6 (ghost) X=0 waste=2:
    row 6 u 0 (mod) X=0 waste=0: (1,6)-(0,8)
    row 6 u 1 (mod) X=0 waste=0: (2,6)-(4,7) (2,6)-(1,8)
    row 6 u 2 (mod) X=2 waste=1: (3,6)-(5,7) (3,6)-(1,7)
    row 6 u 3 (mod) X=0 waste=0: (4,6)-(6,7)
    row 6 u 6 (ghost) X=0 waste=1:
    row 7 u 1 (mod) X=1 waste=0: (2,7)-(4,8) (2,7)-(0,8)
    row 7 u 2 (mod) X=1 waste=1: (3,7)-(5,8) (3,7)-(1,8)
    row 7 u 3 (mod) X=0 waste=0: (4,7)-(6,8)
    row 7 u 6 (ghost) X=0 waste=1:
    row 8 u 1 (mod) X=0 waste=0: (2,8)-(4,9) (2,8)-(0,9)
    row 8 u 2 (mod) X=1 waste=1: (3,8)-(5,9) (3,8)-(1,9)
    row 8 u 3 (mod) X=0 waste=0: (4,8)-(6,9)
    row 8 u 6 (ghost) X=0 waste=1:
    row 9 u 0 (mod) X=0 waste=0: (1,9)-(-1,10)
    row 9 u 1 (mod) X=0 waste=0: (2,9)-(4,10) (2,9)-(0,10)
    row 9 u 2 (mod) X=1 waste=1: (3,9)-(5,10) (3,9)-(1,10)
    row 9 u 3 (mod) X=0 waste=0: (4,9)-(6,10)
    row 9 u 6 (ghost) X=0 waste=1:
 try mean 58/5 per row
RESULT A=1 WM=4 KM=1 any lambda=1/1: min mean weight per row = 58/5 (CERTIFIED: no cycle below); per level (E units) = 58/10 = 5.8000  (104s)
total 104s
	Command being timed: "./wifm2 1/5 4 1 any 40 1 90000000"
	User time (seconds): 99.53
	System time (seconds): 4.94
	Percent of CPU this job got: 99%
	Elapsed (wall clock) time (h:mm:ss or m:ss): 1:44.49
	Average shared text size (kbytes): 0
	Average unshared data size (kbytes): 0
	Average stack size (kbytes): 0
	Average total size (kbytes): 0
	Maximum resident set size (kbytes): 712876
	Average resident set size (kbytes): 0
	Major (requiring I/O) page faults: 0
	Minor (reclaiming a frame) page faults: 747385
	Voluntary context switches: 1
	Involuntary context switches: 132
	Swaps: 0
	File system inputs: 0
	File system outputs: 16
	Socket messages sent: 0
	Socket messages received: 0
	Signals delivered: 0
	Page size (bytes): 4096
	Exit status: 0
exit=0
