shear 3/4 WM=4 KM=1 MODE=any lambda=1/2: columns u in [-3,6], 62 slots, complete squares s in [0,2], 1 cost squares per row
warm-up done: 89856 strict seed states, largest warm layer 5241184, 68s
states by warm level: strict 595662, warm1 0, warm2 0, warm3 0
graph: states 595662 arcs 620958 (rejected: margin 41662986, psi 0) 69s
== lambda 1/1
 try mean 64/1 per row
RESULT A=3 WM=4 KM=1 any lambda=1/1: min mean weight per row = 64/1 (CERTIFIED: no cycle below); per level (E units) = 64/2 = 32.0000  (69s)
total 69s
	Command being timed: "./wifm2 3/4 4 1 any 64 1 90000000"
	User time (seconds): 67.26
	System time (seconds): 2.13
	Percent of CPU this job got: 99%
	Elapsed (wall clock) time (h:mm:ss or m:ss): 1:09.42
	Average shared text size (kbytes): 0
	Average unshared data size (kbytes): 0
	Average stack size (kbytes): 0
	Average total size (kbytes): 0
	Maximum resident set size (kbytes): 360388
	Average resident set size (kbytes): 0
	Major (requiring I/O) page faults: 0
	Minor (reclaiming a frame) page faults: 328272
	Voluntary context switches: 1
	Involuntary context switches: 347
	Swaps: 0
	File system inputs: 0
	File system outputs: 16
	Socket messages sent: 0
	Socket messages received: 0
	Signals delivered: 0
	Page size (bytes): 4096
	Exit status: 0
exit=0
