shear 1/4 WM=4 KM=1 MODE=any lambda=1/2: columns u in [-3,6], 59 slots, complete squares s in [-1,2], 2 cost squares per row
warm-up done: 32032 strict seed states, largest warm layer 8553073, 88s
states by warm level: strict 1047515, warm1 0, warm2 0, warm3 0
graph: states 1047515 arcs 1379532 (rejected: margin 35816243, psi 0) 91s
== lambda 1/1
 try mean 64/1 per row
  cycle colour current through u = 0: 0 over 4 rows
  cycle: 40 arcs, 4 rows, crossings 5, waste 8, weight 80 -> mean 80/4
    (cycle starts at row phase 0; board x = u + floor(1*(phase+row)/4) - floor(1*phase/4))
    row 0 u 0 (mod) X=0 waste=0: (0,0)-(-1,2)
    row 0 u 1 (mod) X=0 waste=0: (1,0)-(3,1) (1,0)-(0,2)
    row 0 u 2 (mod) X=0 waste=0: (2,0)-(4,1)
    row 0 u 3 (mod) X=0 waste=0: (3,0)-(5,1)
    row 0 u 6 (ghost) X=0 waste=2:
    row 1 u 0 (mod) X=0 waste=0: (0,1)-(-1,3)
    row 1 u 1 (mod) X=0 waste=0: (1,1)-(3,2) (1,1)-(0,3)
    row 1 u 2 (mod) X=2 waste=1: (2,1)-(4,2) (2,1)-(0,2)
    row 1 u 3 (mod) X=0 waste=0: (3,1)-(5,2)
    row 1 u 6 (ghost) X=0 waste=1:
    row 2 u 1 (mod) X=0 waste=0: (1,2)-(3,3) (1,2)-(0,4)
    row 2 u 2 (mod) X=1 waste=1: (2,2)-(4,3) (2,2)-(1,4)
    row 2 u 3 (mod) X=0 waste=0: (3,2)-(5,3)
    row 2 u 6 (ghost) X=0 waste=1:
    row 3 u 0 (mod) X=0 waste=0: (0,3)-(-2,4)
    row 3 u 1 (mod) X=1 waste=1: (1,3)-(3,4) (1,3)-(0,5)
    row 3 u 2 (mod) X=1 waste=1: (2,3)-(4,4) (2,3)-(1,5)
    row 3 u 3 (mod) X=0 waste=0: (3,3)-(5,4)
 try mean 20/1 per row
  cycle colour current through u = 0: 0 over 8 rows
  cycle: 80 arcs, 8 rows, crossings 9, waste 18, weight 144 -> mean 144/8
    (cycle starts at row phase 1; board x = u + floor(1*(phase+row)/4) - floor(1*phase/4))
    row 0 u 0 (mod) X=0 waste=0: (0,0)-(-1,2)
    row 0 u 1 (mod) X=0 waste=0: (1,0)-(3,1) (1,0)-(0,2)
    row 0 u 2 (mod) X=1 waste=1: (2,0)-(4,1) (2,0)-(1,2)
    row 0 u 3 (mod) X=0 waste=0: (3,0)-(5,1)
    row 0 u 6 (ghost) X=0 waste=1:
    row 1 u 0 (mod) X=0 waste=0: (0,1)-(-1,3)
    row 1 u 1 (mod) X=1 waste=1: (1,1)-(3,2) (1,1)-(0,3)
    row 1 u 2 (mod) X=1 waste=0: (2,1)-(4,2) (2,1)-(3,3)
    row 1 u 3 (mod) X=0 waste=0: (3,1)-(5,2)
    row 1 u 6 (ghost) X=0 waste=1:
    row 2 u 0 (mod) X=0 waste=0: (0,2)-(-1,4)
    row 2 u 1 (mod) X=0 waste=0: (1,2)-(0,4)
    row 2 u 2 (mod) X=1 waste=0: (2,2)-(4,3) (2,2)-(1,4)
    row 2 u 3 (mod) X=0 waste=0: (3,2)-(5,3)
    row 2 u 6 (ghost) X=0 waste=4:
    row 3 u 0 (mod) X=1 waste=1: (1,3)-(3,4) (1,3)-(0,5)
    row 3 u 1 (mod) X=1 waste=1: (2,3)-(4,4) (2,3)-(1,5)
    row 3 u 2 (mod) X=0 waste=0: (3,3)-(5,4)
    row 3 u 3 (mod) X=0 waste=0: (4,3)-(6,4)
    row 4 u 0 (mod) X=0 waste=0: (1,4)-(0,6)
    row 4 u 1 (mod) X=0 waste=0: (2,4)-(4,5) (2,4)-(1,6)
    row 4 u 2 (mod) X=0 waste=0: (3,4)-(5,5)
    row 4 u 3 (mod) X=0 waste=0: (4,4)-(6,5)
    row 4 u 6 (ghost) X=0 waste=2:
    row 5 u 0 (mod) X=0 waste=0: (1,5)-(0,7)
    row 5 u 1 (mod) X=0 waste=0: (2,5)-(4,6) (2,5)-(1,7)
    row 5 u 2 (mod) X=1 waste=1: (3,5)-(5,6) (3,5)-(2,7)
    row 5 u 3 (mod) X=0 waste=0: (4,5)-(6,6)
    row 5 u 6 (ghost) X=0 waste=1:
    row 6 u 0 (mod) X=0 waste=0: (1,6)-(0,8)
    row 6 u 1 (mod) X=1 waste=1: (2,6)-(4,7) (2,6)-(1,8)
    row 6 u 2 (mod) X=1 waste=1: (3,6)-(5,7) (3,6)-(2,8)
    row 6 u 3 (mod) X=0 waste=0: (4,6)-(6,7)
    row 7 u 0 (mod) X=0 waste=0: (2,7)-(1,9)
    row 7 u 1 (mod) X=0 waste=0: (3,7)-(5,8) (3,7)-(2,9)
    row 7 u 2 (mod) X=0 waste=0: (4,7)-(6,8)
    row 7 u 3 (mod) X=0 waste=0: (5,7)-(7,8)
    row 7 u 6 (ghost) X=0 waste=2:
 try mean 18/1 per row
RESULT A=1 WM=4 KM=1 any lambda=1/1: min mean weight per row = 18/1 (CERTIFIED: no cycle below); per level (E units) = 18/2 = 9.0000  (91s)
total 91s
	Command being timed: "./wifm2 1/4 4 1 any 64 1 90000000"
	User time (seconds): 87.12
	System time (seconds): 4.29
	Percent of CPU this job got: 99%
	Elapsed (wall clock) time (h:mm:ss or m:ss): 1:31.45
	Average shared text size (kbytes): 0
	Average unshared data size (kbytes): 0
	Average stack size (kbytes): 0
	Average total size (kbytes): 0
	Maximum resident set size (kbytes): 583052
	Average resident set size (kbytes): 0
	Major (requiring I/O) page faults: 3
	Minor (reclaiming a frame) page faults: 561957
	Voluntary context switches: 4
	Involuntary context switches: 422
	Swaps: 0
	File system inputs: 168
	File system outputs: 16
	Socket messages sent: 0
	Socket messages received: 0
	Signals delivered: 0
	Page size (bytes): 4096
	Exit status: 0
exit=0
