shear 1/3 WM=4 KM=1 MODE=any lambda=1/2: columns u in [-3,6], 59 slots, complete squares s in [-1,2], 2 cost squares per row
warm-up done: 59520 strict seed states, largest warm layer 7515904, 98s
states by warm level: strict 1019918, warm1 0, warm2 0, warm3 0
graph: states 1019918 arcs 1177170 (rejected: margin 41345076, psi 0) 100s
== lambda 1/1
 try mean 24/1 per row
  cycle colour current through u = 0: 0 over 9 rows
  cycle: 90 arcs, 9 rows, crossings 7, waste 14, weight 42 -> mean 42/9
    (cycle starts at row phase 2; board x = u + floor(1*(phase+row)/3) - floor(1*phase/3))
    row 0 u 0 (mod) X=0 waste=0: (0,0)-(1,2)
    row 0 u 1 (mod) X=0 waste=0: (1,0)-(2,2)
    row 0 u 2 (mod) X=1 waste=0: (2,0)-(4,1) (2,0)-(3,2)
    row 0 u 3 (mod) X=0 waste=0: (3,0)-(5,1)
    row 1 u -1 (ghost) X=0 waste=0: (0,1)-(1,3)
    row 1 u 0 (mod) X=0 waste=0: (1,1)-(2,3)
    row 1 u 1 (mod) X=1 waste=0: (2,1)-(4,2)
    row 1 u 2 (mod) X=0 waste=0: (3,1)-(5,2)
    row 1 u 3 (mod) X=0 waste=0: (4,1)-(6,2)
    row 1 u 6 (ghost) X=0 waste=2:
    row 2 u 0 (mod) X=0 waste=0: (1,2)-(2,4)
    row 2 u 1 (mod) X=0 waste=0: (2,2)-(4,3)
    row 2 u 2 (mod) X=0 waste=0: (3,2)-(5,3)
    row 2 u 3 (mod) X=0 waste=0: (4,2)-(6,3)
    row 2 u 6 (ghost) X=0 waste=2:
    row 3 u 0 (mod) X=0 waste=0: (1,3)-(2,5)
    row 3 u 1 (mod) X=0 waste=0: (2,3)-(4,4)
    row 3 u 2 (mod) X=1 waste=0: (3,3)-(5,4) (3,3)-(4,5)
    row 3 u 3 (mod) X=0 waste=0: (4,3)-(6,4)
    row 3 u 6 (ghost) X=0 waste=2:
    row 4 u -1 (ghost) X=0 waste=0: (1,4)-(2,6)
    row 4 u 0 (mod) X=0 waste=0: (2,4)-(3,6)
    row 4 u 1 (mod) X=1 waste=0: (3,4)-(5,5) (3,4)-(4,6)
    row 4 u 2 (mod) X=0 waste=0: (4,4)-(6,5)
    row 4 u 3 (mod) X=0 waste=0: (5,4)-(7,5)
    row 4 u 6 (ghost) X=0 waste=2:
    row 5 u 0 (mod) X=0 waste=0: (2,5)-(3,7)
    row 5 u 1 (mod) X=1 waste=0: (3,5)-(5,6) (3,5)-(4,7)
    row 5 u 2 (mod) X=0 waste=0: (4,5)-(6,6)
    row 5 u 3 (mod) X=0 waste=0: (5,5)-(7,6)
    row 6 u 0 (mod) X=0 waste=0: (2,6)-(3,8)
    row 6 u 1 (mod) X=1 waste=0: (3,6)-(5,7)
    row 6 u 2 (mod) X=0 waste=0: (4,6)-(6,7)
    row 6 u 3 (mod) X=0 waste=0: (5,6)-(7,7)
    row 6 u 6 (ghost) X=0 waste=2:
    row 7 u -1 (ghost) X=0 waste=0: (2,7)-(3,9)
    row 7 u 0 (mod) X=0 waste=0: (3,7)-(4,9)
    row 7 u 1 (mod) X=0 waste=0: (4,7)-(6,8)
    row 7 u 2 (mod) X=0 waste=0: (5,7)-(7,8)
    row 7 u 3 (mod) X=0 waste=0: (6,7)-(8,8)
    row 7 u 6 (ghost) X=0 waste=4:
    row 8 u 0 (mod) X=0 waste=0: (3,8)-(4,10)
    row 8 u 1 (mod) X=0 waste=0: (4,8)-(6,9) (4,8)-(5,10)
    row 8 u 2 (mod) X=1 waste=0: (5,8)-(7,9) (5,8)-(6,10)
    row 8 u 3 (mod) X=0 waste=0: (6,8)-(8,9)
 try mean 14/3 per row
  cycle colour current through u = 0: 0 over 3 rows
  cycle: 30 arcs, 3 rows, crossings 0, waste 0, weight 0 -> mean 0/3
    (cycle starts at row phase 1; board x = u + floor(1*(phase+row)/3) - floor(1*phase/3))
    row 0 u -2 (ghost) X=0 waste=0: (-2,0)-(0,1)
    row 0 u -1 (ghost) X=0 waste=0: (-1,0)-(1,1)
    row 0 u 0 (mod) X=0 waste=0: (0,0)-(2,1)
    row 0 u 1 (mod) X=0 waste=0: (1,0)-(3,1)
    row 0 u 2 (mod) X=0 waste=0: (2,0)-(4,1)
    row 0 u 3 (mod) X=0 waste=0: (3,0)-(5,1)
    row 1 u -1 (ghost) X=0 waste=0: (-1,1)-(1,2)
    row 1 u 0 (mod) X=0 waste=0: (0,1)-(2,2)
    row 1 u 1 (mod) X=0 waste=0: (1,1)-(3,2)
    row 1 u 2 (mod) X=0 waste=0: (2,1)-(4,2)
    row 1 u 3 (mod) X=0 waste=0: (3,1)-(5,2)
    row 2 u -2 (ghost) X=0 waste=0: (-1,2)-(1,3)
    row 2 u -1 (ghost) X=0 waste=0: (0,2)-(2,3)
    row 2 u 0 (mod) X=0 waste=0: (1,2)-(3,3)
    row 2 u 1 (mod) X=0 waste=0: (2,2)-(4,3)
    row 2 u 2 (mod) X=0 waste=0: (3,2)-(5,3)
    row 2 u 3 (mod) X=0 waste=0: (4,2)-(6,3)
  zero-cost cycle
 try mean 0/1 per row
RESULT A=1 WM=4 KM=1 any lambda=1/1: min mean weight per row = 0/1 (CERTIFIED: no cycle below); per level (E units) = 0/2 = 0.0000  (100s)
total 100s
	Command being timed: "./wifm2 1/3 4 1 any 24 1 90000000"
	User time (seconds): 95.03
	System time (seconds): 4.65
	Percent of CPU this job got: 99%
	Elapsed (wall clock) time (h:mm:ss or m:ss): 1:39.72
	Average shared text size (kbytes): 0
	Average unshared data size (kbytes): 0
	Average stack size (kbytes): 0
	Average total size (kbytes): 0
	Maximum resident set size (kbytes): 412172
	Average resident set size (kbytes): 0
	Major (requiring I/O) page faults: 0
	Minor (reclaiming a frame) page faults: 552941
	Voluntary context switches: 1
	Involuntary context switches: 332
	Swaps: 0
	File system inputs: 0
	File system outputs: 16
	Socket messages sent: 0
	Socket messages received: 0
	Signals delivered: 0
	Page size (bytes): 4096
	Exit status: 0
exit=0
