shear 1/4 WM=4 KM=1 MODE=any lambda=1/2: columns u in [-3,6], 59 slots, complete squares s in [-1,2], 2 cost squares per row
warm-up done: 58408 strict seed states, largest warm layer 8553073, 87s
states by warm level: strict 1373010, warm1 0, warm2 0, warm3 0
graph: states 1373010 arcs 1769942 (rejected: margin 36075253, psi 0) 91s
== lambda 1/1
 try mean 64/1 per row
  cycle colour current through u = 0: 0 over 4 rows
  cycle: 40 arcs, 4 rows, crossings 0, waste 0, weight 0 -> mean 0/4
    (cycle starts at row phase 2; board x = u + floor(1*(phase+row)/4) - floor(1*phase/4))
    row 0 u 0 (mod) X=0 waste=0: (0,0)-(-1,2)
    row 0 u 1 (mod) X=0 waste=0: (1,0)-(0,2)
    row 0 u 2 (mod) X=0 waste=0: (2,0)-(1,2)
    row 0 u 3 (mod) X=0 waste=0: (3,0)-(2,2)
    row 0 u 4 (ghost) X=0 waste=0: (4,0)-(3,2)
    row 0 u 5 (ghost) X=0 waste=0: (5,0)-(4,2)
    row 1 u 0 (mod) X=0 waste=0: (0,1)-(-1,3)
    row 1 u 1 (mod) X=0 waste=0: (1,1)-(0,3)
    row 1 u 2 (mod) X=0 waste=0: (2,1)-(1,3)
    row 1 u 3 (mod) X=0 waste=0: (3,1)-(2,3)
    row 1 u 4 (ghost) X=0 waste=0: (4,1)-(3,3)
    row 1 u 5 (ghost) X=0 waste=0: (5,1)-(4,3)
    row 2 u 0 (mod) X=0 waste=0: (1,2)-(0,4)
    row 2 u 1 (mod) X=0 waste=0: (2,2)-(1,4)
    row 2 u 2 (mod) X=0 waste=0: (3,2)-(2,4)
    row 2 u 3 (mod) X=0 waste=0: (4,2)-(3,4)
    row 2 u 4 (ghost) X=0 waste=0: (5,2)-(4,4)
    row 3 u 0 (mod) X=0 waste=0: (1,3)-(0,5)
    row 3 u 1 (mod) X=0 waste=0: (2,3)-(1,5)
    row 3 u 2 (mod) X=0 waste=0: (3,3)-(2,5)
    row 3 u 3 (mod) X=0 waste=0: (4,3)-(3,5)
    row 3 u 4 (ghost) X=0 waste=0: (5,3)-(4,5)
  zero-cost cycle
 try mean 0/1 per row
RESULT A=1 WM=4 KM=1 any lambda=1/1: min mean weight per row = 0/1 (CERTIFIED: no cycle below); per level (E units) = 0/2 = 0.0000  (91s)
total 91s
	Command being timed: "./wifm2 1/4 4 1 any 64 1 90000000"
	User time (seconds): 86.13
	System time (seconds): 4.54
	Percent of CPU this job got: 99%
	Elapsed (wall clock) time (h:mm:ss or m:ss): 1:30.69
	Average shared text size (kbytes): 0
	Average unshared data size (kbytes): 0
	Average stack size (kbytes): 0
	Average total size (kbytes): 0
	Maximum resident set size (kbytes): 583080
	Average resident set size (kbytes): 0
	Major (requiring I/O) page faults: 0
	Minor (reclaiming a frame) page faults: 569651
	Voluntary context switches: 1
	Involuntary context switches: 189
	Swaps: 0
	File system inputs: 0
	File system outputs: 16
	Socket messages sent: 0
	Socket messages received: 0
	Signals delivered: 0
	Page size (bytes): 4096
	Exit status: 0
exit=0
