shear 1/3 WM=4 KM=1 MODE=any lambda=1/2: columns u in [-3,6], 59 slots, complete squares s in [-1,2], 2 cost squares per row
warm-up done: 39936 strict seed states, largest warm layer 7515904, 97s
states by warm level: strict 502649, warm1 0, warm2 0, warm3 0
graph: states 502649 arcs 544807 (rejected: margin 41104484, psi 0) 98s
== lambda 1/1
 try mean 24/1 per row
  cycle colour current through u = 0: 0 over 3 rows
  cycle: 30 arcs, 3 rows, crossings 3, waste 6, weight 18 -> mean 18/3
    (cycle starts at row phase 1; board x = u + floor(1*(phase+row)/3) - floor(1*phase/3))
    row 0 u 0 (mod) X=0 waste=0: (0,0)-(-1,2)
    row 0 u 1 (mod) X=1 waste=1: (1,0)-(3,1) (1,0)-(0,2)
    row 0 u 2 (mod) X=1 waste=1: (2,0)-(4,1) (2,0)-(1,2)
    row 0 u 3 (mod) X=0 waste=0: (3,0)-(5,1)
    row 1 u 0 (mod) X=0 waste=0: (0,1)-(-1,3)
    row 1 u 1 (mod) X=0 waste=0: (1,1)-(0,3)
    row 1 u 2 (mod) X=0 waste=0: (2,1)-(4,2) (2,1)-(1,3)
    row 1 u 3 (mod) X=0 waste=0: (3,1)-(5,2)
    row 1 u 6 (ghost) X=0 waste=2:
    row 2 u 0 (mod) X=0 waste=0: (1,2)-(0,4)
    row 2 u 1 (mod) X=0 waste=0: (2,2)-(4,3) (2,2)-(1,4)
    row 2 u 2 (mod) X=1 waste=1: (3,2)-(5,3) (3,2)-(2,4)
    row 2 u 3 (mod) X=0 waste=0: (4,2)-(6,3)
    row 2 u 6 (ghost) X=0 waste=1:
 try mean 6/1 per row
RESULT A=1 WM=4 KM=1 any lambda=1/1: min mean weight per row = 6/1 (CERTIFIED: no cycle below); per level (E units) = 6/2 = 3.0000  (98s)
total 98s
	Command being timed: "./wifm2 1/3 4 1 any 24 1 90000000"
	User time (seconds): 94.35
	System time (seconds): 3.83
	Percent of CPU this job got: 99%
	Elapsed (wall clock) time (h:mm:ss or m:ss): 1:38.20
	Average shared text size (kbytes): 0
	Average unshared data size (kbytes): 0
	Average stack size (kbytes): 0
	Average total size (kbytes): 0
	Maximum resident set size (kbytes): 412352
	Average resident set size (kbytes): 0
	Major (requiring I/O) page faults: 0
	Minor (reclaiming a frame) page faults: 544549
	Voluntary context switches: 1
	Involuntary context switches: 152
	Swaps: 0
	File system inputs: 0
	File system outputs: 16
	Socket messages sent: 0
	Socket messages received: 0
	Signals delivered: 0
	Page size (bytes): 4096
	Exit status: 0
exit=0
