shear 2/3 WM=4 KM=1 MODE=any lambda=1/2: columns u in [-3,6], 62 slots, complete squares s in [0,2], 1 cost squares per row
warm-up done: 221184 strict seed states, largest warm layer 5241184, 70s
states by warm level: strict 1101592, warm1 0, warm2 0, warm3 0
graph: states 1101592 arcs 1242478 (rejected: margin 41774278, psi 0) 72s
== lambda 1/1
 try mean 48/1 per row
RESULT A=2 WM=4 KM=1 any lambda=1/1: min mean weight per row = 48/1 (CERTIFIED: no cycle below); per level (E units) = 48/2 = 24.0000  (72s)
total 72s
	Command being timed: "./wifm2 2/3 4 1 any 48 1 90000000"
	User time (seconds): 69.54
	System time (seconds): 2.69
	Percent of CPU this job got: 99%
	Elapsed (wall clock) time (h:mm:ss or m:ss): 1:12.27
	Average shared text size (kbytes): 0
	Average unshared data size (kbytes): 0
	Average stack size (kbytes): 0
	Average total size (kbytes): 0
	Maximum resident set size (kbytes): 360384
	Average resident set size (kbytes): 0
	Major (requiring I/O) page faults: 0
	Minor (reclaiming a frame) page faults: 339743
	Voluntary context switches: 1
	Involuntary context switches: 178
	Swaps: 0
	File system inputs: 0
	File system outputs: 16
	Socket messages sent: 0
	Socket messages received: 0
	Signals delivered: 0
	Page size (bytes): 4096
	Exit status: 0
exit=0
