shear 1/4 WM=4 KM=1 MODE=any lambda=1/2: columns u in [-3,6], 59 slots, complete squares s in [-1,2], 2 cost squares per row
warm-up done: 27880 strict seed states, largest warm layer 8553073, 93s
states by warm level: strict 770617, warm1 0, warm2 0, warm3 0
graph: states 770617 arcs 921004 (rejected: margin 35491462, psi 0) 95s
== lambda 1/1
 try mean 64/1 per row
  cycle colour current through u = 0: 2 over 8 rows
  cycle: 80 arcs, 8 rows, crossings 15, waste 22, weight 234 -> mean 234/8
    (cycle starts at row phase 2; board x = u + floor(1*(phase+row)/4) - floor(1*phase/4))
    row 0 u -1 (ghost) X=1 waste=0: (-1,0)-(1,1)
    row 0 u 0 (mod) X=0 waste=0: (0,0)-(2,1)
    row 0 u 2 (mod) X=0 waste=0: (2,0)-(3,2)
    row 0 u 3 (mod) X=2 waste=2: (3,0)-(1,1)
    row 0 u 4 (ghost) X=1 waste=1: (4,0)-(2,1)
    row 0 u 5 (ghost) X=0 waste=0: (5,0)-(3,1)
    row 0 u 6 (ghost) X=0 waste=1:
    row 1 u -1 (ghost) X=0 waste=0: (-1,1)-(1,2)
    row 1 u 0 (mod) X=0 waste=0: (0,1)-(2,2)
    row 1 u 3 (mod) X=2 waste=2: (3,1)-(1,2)
    row 1 u 4 (ghost) X=1 waste=1: (4,1)-(2,2)
    row 1 u 5 (ghost) X=0 waste=0: (5,1)-(3,2)
    row 1 u 6 (ghost) X=0 waste=1: (6,1)-(4,2)
    row 2 u -2 (ghost) X=0 waste=0: (-1,2)-(1,3)
    row 2 u -1 (ghost) X=0 waste=0: (0,2)-(2,3)
    row 2 u 3 (mod) X=0 waste=0: (4,2)-(2,3)
    row 2 u 4 (ghost) X=0 waste=0: (5,2)-(3,3)
    row 2 u 5 (ghost) X=0 waste=0: (6,2)-(4,3)
    row 2 u 6 (ghost) X=0 waste=4:
    row 3 u -1 (ghost) X=0 waste=0: (0,3)-(2,4) (0,3)-(1,5)
    row 3 u 0 (mod) X=0 waste=0: (1,3)-(3,4)
    row 3 u 2 (mod) X=2 waste=1: (3,3)-(1,4)
    row 3 u 3 (mod) X=1 waste=1: (4,3)-(2,4)
    row 3 u 4 (ghost) X=0 waste=0: (5,3)-(3,4)
    row 3 u 5 (ghost) X=0 waste=0: (6,3)-(4,4)
    row 4 u -1 (ghost) X=1 waste=0: (0,4)-(2,5)
    row 4 u 0 (mod) X=0 waste=0: (1,4)-(3,5)
    row 4 u 3 (mod) X=1 waste=1: (4,4)-(2,5)
    row 4 u 4 (ghost) X=0 waste=0: (5,4)-(3,5)
    row 4 u 5 (ghost) X=0 waste=0: (6,4)-(4,5)
    row 4 u 6 (ghost) X=0 waste=1:
    row 5 u -1 (ghost) X=0 waste=0: (0,5)-(2,6)
    row 5 u 0 (mod) X=0 waste=0: (1,5)-(3,6)
    row 5 u 3 (mod) X=1 waste=1: (4,5)-(2,6)
    row 5 u 4 (ghost) X=0 waste=0: (5,5)-(3,6)
    row 5 u 5 (ghost) X=0 waste=0: (6,5)-(4,6)
    row 5 u 6 (ghost) X=0 waste=1: (7,5)-(5,6)
    row 6 u -2 (ghost) X=0 waste=0: (0,6)-(2,7)
    row 6 u -1 (ghost) X=0 waste=0: (1,6)-(3,7)
    row 6 u 2 (mod) X=1 waste=1: (4,6)-(2,7)
    row 6 u 3 (mod) X=0 waste=0: (5,6)-(3,7)
    row 6 u 4 (ghost) X=0 waste=0: (6,6)-(4,7)
    row 6 u 5 (ghost) X=0 waste=0: (7,6)-(5,7)
    row 6 u 6 (ghost) X=0 waste=1:
    row 7 u -1 (ghost) X=0 waste=0: (1,7)-(3,8) (1,7)-(2,9)
    row 7 u 2 (mod) X=1 waste=1: (4,7)-(2,8)
    row 7 u 3 (mod) X=0 waste=0: (5,7)-(3,8)
    row 7 u 4 (ghost) X=0 waste=0: (6,7)-(4,8)
    row 7 u 5 (ghost) X=0 waste=0: (7,7)-(5,8)
    row 7 u 6 (ghost) X=0 waste=1:
 try mean 117/4 per row
RESULT A=1 WM=4 KM=1 any lambda=1/1: min mean weight per row = 117/4 (CERTIFIED: no cycle below); per level (E units) = 117/8 = 14.6250  (95s)
total 95s
	Command being timed: "./wifm2 1/4 4 1 any 64 1 90000000"
	User time (seconds): 90.87
	System time (seconds): 3.88
	Percent of CPU this job got: 99%
	Elapsed (wall clock) time (h:mm:ss or m:ss): 1:34.87
	Average shared text size (kbytes): 0
	Average unshared data size (kbytes): 0
	Average stack size (kbytes): 0
	Average total size (kbytes): 0
	Maximum resident set size (kbytes): 582868
	Average resident set size (kbytes): 0
	Major (requiring I/O) page faults: 0
	Minor (reclaiming a frame) page faults: 556976
	Voluntary context switches: 1
	Involuntary context switches: 352
	Swaps: 0
	File system inputs: 0
	File system outputs: 24
	Socket messages sent: 0
	Socket messages received: 0
	Signals delivered: 0
	Page size (bytes): 4096
	Exit status: 0
exit=0
