shear 1/3 WM=4 KM=1 MODE=any lambda=1/2: columns u in [-3,6], 59 slots, complete squares s in [-1,2], 2 cost squares per row
warm-up done: 69888 strict seed states, largest warm layer 7515904, 97s
states by warm level: strict 809326, warm1 0, warm2 0, warm3 0
graph: states 809326 arcs 930786 (rejected: margin 41298144, psi 0) 99s
== lambda 1/1
 try mean 24/1 per row
  cycle colour current through u = 0: 0 over 6 rows
  cycle: 60 arcs, 6 rows, crossings 6, waste 12, weight 36 -> mean 36/6
    (cycle starts at row phase 1; board x = u + floor(1*(phase+row)/3) - floor(1*phase/3))
    row 0 u 0 (mod) X=0 waste=0: (0,0)-(-1,2)
    row 0 u 1 (mod) X=0 waste=0: (1,0)-(0,2)
    row 0 u 2 (mod) X=0 waste=0: (2,0)-(3,2) (2,0)-(1,2)
    row 0 u 3 (mod) X=0 waste=0: (3,0)-(4,2)
    row 1 u 0 (mod) X=0 waste=0: (0,1)-(-1,3)
    row 1 u 1 (mod) X=0 waste=0: (1,1)-(0,3)
    row 1 u 2 (mod) X=0 waste=0: (2,1)-(3,3) (2,1)-(1,3)
    row 1 u 3 (mod) X=0 waste=0: (3,1)-(4,3)
    row 2 u 0 (mod) X=0 waste=0: (1,2)-(0,4)
    row 2 u 1 (mod) X=0 waste=0: (2,2)-(3,4) (2,2)-(1,4)
    row 2 u 2 (mod) X=0 waste=0: (3,2)-(4,4)
    row 2 u 3 (mod) X=0 waste=0: (4,2)-(5,4)
    row 3 u 0 (mod) X=0 waste=0: (1,3)-(0,5)
    row 3 u 1 (mod) X=0 waste=0: (2,3)-(3,5) (2,3)-(1,5)
    row 3 u 2 (mod) X=2 waste=1: (3,3)-(2,5)
    row 3 u 3 (mod) X=0 waste=0: (4,3)-(5,5)
    row 3 u 6 (ghost) X=0 waste=2:
    row 4 u 0 (mod) X=0 waste=0: (1,4)-(0,6)
    row 4 u 1 (mod) X=1 waste=1: (2,4)-(3,6) (2,4)-(1,6)
    row 4 u 2 (mod) X=2 waste=1: (3,4)-(2,6)
    row 4 u 3 (mod) X=0 waste=0: (4,4)-(5,6)
    row 4 u 6 (ghost) X=0 waste=4:
    row 5 u 0 (mod) X=0 waste=0: (2,5)-(1,7)
    row 5 u 1 (mod) X=1 waste=1: (3,5)-(2,7)
    row 5 u 2 (mod) X=0 waste=0: (4,5)-(5,7) (4,5)-(3,7)
    row 5 u 3 (mod) X=0 waste=0: (5,5)-(6,7)
    row 5 u 6 (ghost) X=0 waste=2:
 try mean 6/1 per row
RESULT A=1 WM=4 KM=1 any lambda=1/1: min mean weight per row = 6/1 (CERTIFIED: no cycle below); per level (E units) = 6/2 = 3.0000  (99s)
total 99s
	Command being timed: "./wifm2 1/3 4 1 any 24 1 90000000"
	User time (seconds): 94.65
	System time (seconds): 4.34
	Percent of CPU this job got: 99%
	Elapsed (wall clock) time (h:mm:ss or m:ss): 1:39.18
	Average shared text size (kbytes): 0
	Average unshared data size (kbytes): 0
	Average stack size (kbytes): 0
	Average total size (kbytes): 0
	Maximum resident set size (kbytes): 412352
	Average resident set size (kbytes): 0
	Major (requiring I/O) page faults: 0
	Minor (reclaiming a frame) page faults: 549664
	Voluntary context switches: 1
	Involuntary context switches: 325
	Swaps: 0
	File system inputs: 0
	File system outputs: 24
	Socket messages sent: 0
	Socket messages received: 0
	Signals delivered: 0
	Page size (bytes): 4096
	Exit status: 0
exit=0
