shear 3/4 WM=4 KM=1 MODE=any lambda=1/2: columns u in [-3,6], 62 slots, complete squares s in [0,2], 1 cost squares per row
warm-up done: 124416 strict seed states, largest warm layer 5241184, 71s
states by warm level: strict 828578, warm1 0, warm2 0, warm3 0
graph: states 828578 arcs 940424 (rejected: margin 41942388, psi 0) 74s
== lambda 1/1
 try mean 64/1 per row
  cycle colour current through u = 0: 5 over 12 rows
  cycle: 120 arcs, 12 rows, crossings 20, waste 38, weight 315 -> mean 315/12
    (cycle starts at row phase 3; board x = u + floor(3*(phase+row)/4) - floor(3*phase/4))
    row 0 u 0 (mod) X=1 waste=0: (0,0)-(-2,1) (0,0)-(-1,2)
    row 0 u 1 (mod) X=0 waste=0: (1,0)-(3,1) (1,0)-(0,2)
    row 0 u 2 (mod) X=1 waste=1: (2,0)-(4,1) (2,0)-(1,2)
    row 0 u 3 (mod) X=0 waste=0: (3,0)-(5,1)
    row 0 u 6 (ghost) X=0 waste=1:
    row 1 u 0 (mod) X=1 waste=0: (1,1)-(-1,2) (1,1)-(0,3)
    row 1 u 1 (mod) X=0 waste=0: (2,1)-(4,2) (2,1)-(1,3)
    row 1 u 2 (mod) X=0 waste=0: (3,1)-(5,2)
    row 1 u 3 (mod) X=0 waste=0: (4,1)-(6,2)
    row 1 u 6 (ghost) X=0 waste=2:
    row 2 u 0 (mod) X=0 waste=0: (1,2)-(0,4)
    row 2 u 1 (mod) X=0 waste=0: (2,2)-(4,3) (2,2)-(1,4)
    row 2 u 2 (mod) X=1 waste=1: (3,2)-(5,3) (3,2)-(2,4)
    row 2 u 3 (mod) X=0 waste=0: (4,2)-(6,3)
    row 2 u 6 (ghost) X=0 waste=1:
    row 3 u 0 (mod) X=1 waste=0: (2,3)-(0,4) (2,3)-(1,5)
    row 3 u 1 (mod) X=0 waste=0: (3,3)-(5,4) (3,3)-(2,5)
    row 3 u 2 (mod) X=0 waste=0: (4,3)-(6,4)
    row 3 u 3 (mod) X=0 waste=0: (5,3)-(7,4)
    row 3 u 6 (ghost) X=0 waste=2:
    row 4 u 0 (mod) X=1 waste=0: (3,4)-(1,5) (3,4)-(2,6)
    row 4 u 1 (mod) X=1 waste=0: (4,4)-(2,5) (4,4)-(3,6)
    row 4 u 2 (mod) X=0 waste=0: (5,4)-(7,5)
    row 4 u 3 (mod) X=0 waste=0: (6,4)-(8,5)
    row 4 u 6 (ghost) X=0 waste=6:
    row 5 u 0 (mod) X=1 waste=0: (4,5)-(2,6) (4,5)-(3,7)
    row 5 u 1 (mod) X=1 waste=0: (5,5)-(7,6) (5,5)-(3,6)
    row 5 u 2 (mod) X=1 waste=1: (6,5)-(8,6) (6,5)-(4,6)
    row 5 u 3 (mod) X=0 waste=0: (7,5)-(9,6)
    row 5 u 6 (ghost) X=0 waste=1:
    row 6 u 0 (mod) X=1 waste=0: (4,6)-(2,7)
    row 6 u 1 (mod) X=0 waste=0: (5,6)-(7,7) (5,6)-(3,7)
    row 6 u 2 (mod) X=1 waste=1: (6,6)-(8,7) (6,6)-(4,7)
    row 6 u 3 (mod) X=0 waste=0: (7,6)-(9,7)
    row 6 u 6 (ghost) X=0 waste=1:
    row 7 u 0 (mod) X=0 waste=0: (5,7)-(3,8) (5,7)-(4,9)
    row 7 u 1 (mod) X=1 waste=0: (6,7)-(4,8) (6,7)-(5,9)
    row 7 u 2 (mod) X=0 waste=0: (7,7)-(9,8)
    row 7 u 3 (mod) X=0 waste=0: (8,7)-(10,8)
    row 7 u 6 (ghost) X=0 waste=6:
    row 8 u 0 (mod) X=1 waste=0: (6,8)-(4,9) (6,8)-(5,10)
    row 8 u 1 (mod) X=1 waste=0: (7,8)-(5,9) (7,8)-(6,10)
    row 8 u 2 (mod) X=0 waste=0: (8,8)-(10,9) (8,8)-(7,10)
    row 8 u 3 (mod) X=0 waste=0: (9,8)-(11,9)
    row 8 u 6 (ghost) X=0 waste=4:
    row 9 u 0 (mod) X=1 waste=0: (7,9)-(5,10) (7,9)-(6,11)
    row 9 u 1 (mod) X=0 waste=0: (8,9)-(10,10) (8,9)-(9,11)
    row 9 u 2 (mod) X=2 waste=2: (9,9)-(11,10) (9,9)-(7,10)
    row 9 u 3 (mod) X=0 waste=0: (10,9)-(12,10)
    row 10 u 1 (mod) X=0 waste=0: (8,10)-(6,11) (8,10)-(7,12)
    row 10 u 2 (mod) X=1 waste=1: (9,10)-(11,11) (9,10)-(8,12)
    row 10 u 3 (mod) X=0 waste=0: (10,10)-(12,11)
    row 10 u 6 (ghost) X=0 waste=3:
    row 11 u 0 (mod) X=1 waste=0: (8,11)-(6,12) (8,11)-(7,13)
    row 11 u 1 (mod) X=0 waste=0: (9,11)-(8,13)
    row 11 u 2 (mod) X=0 waste=0: (10,11)-(12,12) (10,11)-(9,13)
    row 11 u 3 (mod) X=0 waste=0: (11,11)-(13,12)
    row 11 u 6 (ghost) X=0 waste=4:
 try mean 105/4 per row
RESULT A=3 WM=4 KM=1 any lambda=1/1: min mean weight per row = 105/4 (CERTIFIED: no cycle below); per level (E units) = 105/8 = 13.1250  (74s)
total 74s
	Command being timed: "./wifm2 3/4 4 1 any 64 1 90000000"
	User time (seconds): 70.88
	System time (seconds): 2.87
	Percent of CPU this job got: 99%
	Elapsed (wall clock) time (h:mm:ss or m:ss): 1:13.85
	Average shared text size (kbytes): 0
	Average unshared data size (kbytes): 0
	Average stack size (kbytes): 0
	Average total size (kbytes): 0
	Maximum resident set size (kbytes): 360076
	Average resident set size (kbytes): 0
	Major (requiring I/O) page faults: 0
	Minor (reclaiming a frame) page faults: 331323
	Voluntary context switches: 1
	Involuntary context switches: 666
	Swaps: 0
	File system inputs: 0
	File system outputs: 16
	Socket messages sent: 0
	Socket messages received: 0
	Signals delivered: 0
	Page size (bytes): 4096
	Exit status: 0
exit=0
