shear 1/5 WM=4 KM=1 MODE=any lambda=1/2: columns u in [-3,6], 59 slots, complete squares s in [-1,2], 2 cost squares per row
warm-up done: 66640 strict seed states, largest warm layer 10493992, 104s
states by warm level: strict 2295178, warm1 0, warm2 0, warm3 0
graph: states 2295178 arcs 3032242 (rejected: margin 42532050, psi 0) 109s
== lambda 1/1
 try mean 40/1 per row
  cycle colour current through u = 0: 0 over 5 rows
  cycle: 50 arcs, 5 rows, crossings 0, waste 0, weight 0 -> mean 0/5
    (cycle starts at row phase 1; board x = u + floor(1*(phase+row)/5) - floor(1*phase/5))
    row 0 u -1 (ghost) X=0 waste=0: (-1,0)-(0,2)
    row 0 u 0 (mod) X=0 waste=0: (0,0)-(1,2)
    row 0 u 1 (mod) X=0 waste=0: (1,0)-(2,2)
    row 0 u 2 (mod) X=0 waste=0: (2,0)-(3,2)
    row 0 u 3 (mod) X=0 waste=0: (3,0)-(4,2)
    row 1 u -1 (ghost) X=0 waste=0: (-1,1)-(0,3)
    row 1 u 0 (mod) X=0 waste=0: (0,1)-(1,3)
    row 1 u 1 (mod) X=0 waste=0: (1,1)-(2,3)
    row 1 u 2 (mod) X=0 waste=0: (2,1)-(3,3)
    row 1 u 3 (mod) X=0 waste=0: (3,1)-(4,3)
    row 2 u 0 (mod) X=0 waste=0: (0,2)-(1,4)
    row 2 u 1 (mod) X=0 waste=0: (1,2)-(2,4)
    row 2 u 2 (mod) X=0 waste=0: (2,2)-(3,4)
    row 2 u 3 (mod) X=0 waste=0: (3,2)-(4,4)
    row 3 u 0 (mod) X=0 waste=0: (0,3)-(1,5)
    row 3 u 1 (mod) X=0 waste=0: (1,3)-(2,5)
    row 3 u 2 (mod) X=0 waste=0: (2,3)-(3,5)
    row 3 u 3 (mod) X=0 waste=0: (3,3)-(4,5)
    row 4 u -1 (ghost) X=0 waste=0: (0,4)-(1,6)
    row 4 u 0 (mod) X=0 waste=0: (1,4)-(2,6)
    row 4 u 1 (mod) X=0 waste=0: (2,4)-(3,6)
    row 4 u 2 (mod) X=0 waste=0: (3,4)-(4,6)
    row 4 u 3 (mod) X=0 waste=0: (4,4)-(5,6)
  zero-cost cycle
 try mean 0/1 per row
RESULT A=1 WM=4 KM=1 any lambda=1/1: min mean weight per row = 0/1 (CERTIFIED: no cycle below); per level (E units) = 0/2 = 0.0000  (109s)
total 109s
	Command being timed: "./wifm2 1/5 4 1 any 40 1 90000000"
	User time (seconds): 104.32
	System time (seconds): 4.99
	Percent of CPU this job got: 99%
	Elapsed (wall clock) time (h:mm:ss or m:ss): 1:49.36
	Average shared text size (kbytes): 0
	Average unshared data size (kbytes): 0
	Average stack size (kbytes): 0
	Average total size (kbytes): 0
	Maximum resident set size (kbytes): 712800
	Average resident set size (kbytes): 0
	Major (requiring I/O) page faults: 0
	Minor (reclaiming a frame) page faults: 772241
	Voluntary context switches: 1
	Involuntary context switches: 430
	Swaps: 0
	File system inputs: 0
	File system outputs: 24
	Socket messages sent: 0
	Socket messages received: 0
	Signals delivered: 0
	Page size (bytes): 4096
	Exit status: 0
exit=0
