shear 1/5 WM=4 KM=1 MODE=any lambda=1/2: columns u in [-3,6], 59 slots, complete squares s in [-1,2], 2 cost squares per row
warm-up done: 42140 strict seed states, largest warm layer 10493992, 106s
states by warm level: strict 1067042, warm1 0, warm2 0, warm3 0
graph: states 1067042 arcs 1257920 (rejected: margin 41895300, psi 0) 108s
== lambda 1/1
 try mean 40/1 per row
  cycle colour current through u = 0: 2 over 5 rows
  cycle: 50 arcs, 5 rows, crossings 6, waste 12, weight 56 -> mean 56/5
    (cycle starts at row phase 3; board x = u + floor(1*(phase+row)/5) - floor(1*phase/5))
    row 0 u 0 (mod) X=0 waste=0: (0,0)-(-1,2)
    row 0 u 1 (mod) X=0 waste=0: (1,0)-(0,2)
    row 0 u 2 (mod) X=0 waste=0: (2,0)-(3,2)
    row 0 u 3 (mod) X=1 waste=1: (3,0)-(1,1)
    row 0 u 4 (ghost) X=1 waste=1: (4,0)-(2,1)
    row 0 u 5 (ghost) X=0 waste=0: (5,0)-(3,1)
    row 1 u 0 (mod) X=0 waste=0: (0,1)-(-1,3)
    row 1 u 2 (mod) X=0 waste=0: (2,1)-(0,2)
    row 1 u 3 (mod) X=1 waste=1: (3,1)-(1,2)
    row 1 u 4 (ghost) X=1 waste=1: (4,1)-(2,2)
    row 1 u 5 (ghost) X=0 waste=0: (5,1)-(3,2)
    row 1 u 6 (ghost) X=0 waste=0: (6,1)-(4,2)
    row 2 u 0 (mod) X=0 waste=0: (1,2)-(-1,3)
    row 2 u 1 (mod) X=0 waste=0: (2,2)-(0,3)
    row 2 u 3 (mod) X=0 waste=0: (4,2)-(2,3)
    row 2 u 4 (ghost) X=0 waste=0: (5,2)-(3,3)
    row 2 u 5 (ghost) X=0 waste=0: (6,2)-(4,3)
    row 2 u 6 (ghost) X=0 waste=4:
    row 3 u 0 (mod) X=0 waste=0: (1,3)-(-1,4) (1,3)-(0,5)
    row 3 u 1 (mod) X=0 waste=0: (2,3)-(1,5)
    row 3 u 2 (mod) X=1 waste=0: (3,3)-(1,4)
    row 3 u 3 (mod) X=0 waste=0: (4,3)-(2,4)
    row 3 u 4 (ghost) X=0 waste=0: (5,3)-(3,4)
    row 3 u 5 (ghost) X=0 waste=0: (6,3)-(4,4)
    row 3 u 6 (ghost) X=0 waste=2:
    row 4 u 0 (mod) X=0 waste=0: (1,4)-(0,6)
    row 4 u 1 (mod) X=0 waste=0: (2,4)-(1,6)
    row 4 u 2 (mod) X=0 waste=0: (3,4)-(2,6)
    row 4 u 3 (mod) X=1 waste=0: (4,4)-(2,5)
    row 4 u 4 (ghost) X=0 waste=0: (5,4)-(3,5)
    row 4 u 5 (ghost) X=0 waste=0: (6,4)-(4,5)
    row 4 u 6 (ghost) X=0 waste=2:
 try mean 56/5 per row
  cycle colour current through u = 0: 0 over 5 rows
  cycle: 50 arcs, 5 rows, crossings 0, waste 0, weight 0 -> mean 0/5
    (cycle starts at row phase 2; board x = u + floor(1*(phase+row)/5) - floor(1*phase/5))
    row 0 u 0 (mod) X=0 waste=0: (0,0)-(-2,1)
    row 0 u 1 (mod) X=0 waste=0: (1,0)-(-1,1)
    row 0 u 2 (mod) X=0 waste=0: (2,0)-(0,1)
    row 0 u 3 (mod) X=0 waste=0: (3,0)-(1,1)
    row 0 u 4 (ghost) X=0 waste=0: (4,0)-(2,1)
    row 0 u 5 (ghost) X=0 waste=0: (5,0)-(3,1)
    row 1 u 0 (mod) X=0 waste=0: (0,1)-(-2,2)
    row 1 u 1 (mod) X=0 waste=0: (1,1)-(-1,2)
    row 1 u 2 (mod) X=0 waste=0: (2,1)-(0,2)
    row 1 u 3 (mod) X=0 waste=0: (3,1)-(1,2)
    row 1 u 4 (ghost) X=0 waste=0: (4,1)-(2,2)
    row 1 u 5 (ghost) X=0 waste=0: (5,1)-(3,2)
    row 2 u 0 (mod) X=0 waste=0: (0,2)-(-2,3)
    row 2 u 1 (mod) X=0 waste=0: (1,2)-(-1,3)
    row 2 u 2 (mod) X=0 waste=0: (2,2)-(0,3)
    row 2 u 3 (mod) X=0 waste=0: (3,2)-(1,3)
    row 2 u 4 (ghost) X=0 waste=0: (4,2)-(2,3)
    row 2 u 5 (ghost) X=0 waste=0: (5,2)-(3,3)
    row 2 u 6 (ghost) X=0 waste=0: (6,2)-(4,3)
    row 3 u 0 (mod) X=0 waste=0: (1,3)-(-1,4)
    row 3 u 1 (mod) X=0 waste=0: (2,3)-(0,4)
    row 3 u 2 (mod) X=0 waste=0: (3,3)-(1,4)
    row 3 u 3 (mod) X=0 waste=0: (4,3)-(2,4)
    row 3 u 4 (ghost) X=0 waste=0: (5,3)-(3,4)
    row 3 u 5 (ghost) X=0 waste=0: (6,3)-(4,4)
    row 4 u 0 (mod) X=0 waste=0: (1,4)-(-1,5)
    row 4 u 1 (mod) X=0 waste=0: (2,4)-(0,5)
    row 4 u 2 (mod) X=0 waste=0: (3,4)-(1,5)
    row 4 u 3 (mod) X=0 waste=0: (4,4)-(2,5)
    row 4 u 4 (ghost) X=0 waste=0: (5,4)-(3,5)
    row 4 u 5 (ghost) X=0 waste=0: (6,4)-(4,5)
  zero-cost cycle
 try mean 0/1 per row
RESULT A=1 WM=4 KM=1 any lambda=1/1: min mean weight per row = 0/1 (CERTIFIED: no cycle below); per level (E units) = 0/2 = 0.0000  (108s)
total 108s
	Command being timed: "./wifm2 1/5 4 1 any 40 1 90000000"
	User time (seconds): 102.65
	System time (seconds): 5.28
	Percent of CPU this job got: 99%
	Elapsed (wall clock) time (h:mm:ss or m:ss): 1:48.00
	Average shared text size (kbytes): 0
	Average unshared data size (kbytes): 0
	Average stack size (kbytes): 0
	Average total size (kbytes): 0
	Maximum resident set size (kbytes): 712880
	Average resident set size (kbytes): 0
	Major (requiring I/O) page faults: 0
	Minor (reclaiming a frame) page faults: 745923
	Voluntary context switches: 1
	Involuntary context switches: 264
	Swaps: 0
	File system inputs: 0
	File system outputs: 16
	Socket messages sent: 0
	Socket messages received: 0
	Signals delivered: 0
	Page size (bytes): 4096
	Exit status: 0
exit=0
