shear 0/1 WM=4 KM=1 MODE=any lambda=1/2: columns u in [-2,5], 54 slots, complete squares s in [-1,3], 3 cost squares per row
warm-up done: 42140 strict seed states, largest warm layer 10493992, 98s
states by warm level: strict 994168, warm1 0, warm2 0, warm3 0
graph: states 994168 arcs 1401174 (rejected: margin 46461673, psi 0) 101s
== lambda 1/1
 try mean 16/1 per row
  cycle colour current through u = 0: 0 over 1 rows
  cycle: 8 arcs, 1 rows, crossings 0, waste 0, weight 0 -> mean 0/1
    (cycle starts at row phase 0; board x = u + floor(0*(phase+row)/1) - floor(0*phase/1))
    row 0 u -2 (ghost) X=0 waste=0: (-2,0)-(0,1)
    row 0 u -1 (ghost) X=0 waste=0: (-1,0)-(1,1)
    row 0 u 0 (mod) X=0 waste=0: (0,0)-(2,1)
    row 0 u 1 (mod) X=0 waste=0: (1,0)-(3,1)
    row 0 u 2 (mod) X=0 waste=0: (2,0)-(4,1)
    row 0 u 3 (mod) X=0 waste=0: (3,0)-(5,1)
  zero-cost cycle
 try mean 0/1 per row
RESULT A=0 WM=4 KM=1 any lambda=1/1: min mean weight per row = 0/1 (CERTIFIED: no cycle below); per level (E units) = 0/2 = 0.0000  (101s)
total 101s
	Command being timed: "./wifm2 0 4 1 any 16 1 90000000"
	User time (seconds): 95.85
	System time (seconds): 5.23
	Percent of CPU this job got: 99%
	Elapsed (wall clock) time (h:mm:ss or m:ss): 1:41.10
	Average shared text size (kbytes): 0
	Average unshared data size (kbytes): 0
	Average stack size (kbytes): 0
	Average total size (kbytes): 0
	Maximum resident set size (kbytes): 712864
	Average resident set size (kbytes): 0
	Major (requiring I/O) page faults: 0
	Minor (reclaiming a frame) page faults: 637729
	Voluntary context switches: 1
	Involuntary context switches: 189
	Swaps: 0
	File system inputs: 0
	File system outputs: 16
	Socket messages sent: 0
	Socket messages received: 0
	Signals delivered: 0
	Page size (bytes): 4096
	Exit status: 0
exit=0
