shear 1/2 WM=4 KM=1 MODE=any lambda=1/2: columns u in [-3,6], 56 slots, complete squares s in [0,2], 1 cost squares per row
warm-up done: 73728 strict seed states, largest warm layer 3310016, 45s
states by warm level: strict 593456, warm1 0, warm2 0, warm3 0
graph: states 593456 arcs 701480 (rejected: margin 22600498, psi 0) 46s
== lambda 1/1
 try mean 32/1 per row
RESULT A=1 WM=4 KM=1 any lambda=1/1: min mean weight per row = 32/1 (CERTIFIED: no cycle below); per level (E units) = 32/2 = 16.0000  (46s)
total 46s
	Command being timed: "./wifm2 1/2 4 1 any 32 1 90000000"
	User time (seconds): 44.12
	System time (seconds): 1.80
	Percent of CPU this job got: 99%
	Elapsed (wall clock) time (h:mm:ss or m:ss): 0:45.98
	Average shared text size (kbytes): 0
	Average unshared data size (kbytes): 0
	Average stack size (kbytes): 0
	Average total size (kbytes): 0
	Maximum resident set size (kbytes): 231684
	Average resident set size (kbytes): 0
	Major (requiring I/O) page faults: 0
	Minor (reclaiming a frame) page faults: 222644
	Voluntary context switches: 1
	Involuntary context switches: 96
	Swaps: 0
	File system inputs: 0
	File system outputs: 16
	Socket messages sent: 0
	Socket messages received: 0
	Signals delivered: 0
	Page size (bytes): 4096
	Exit status: 0
exit=0
