shear 1/2 WM=4 KM=1 MODE=any lambda=1/2: columns u in [-3,6], 56 slots, complete squares s in [0,2], 1 cost squares per row
warm-up done: 41472 strict seed states, largest warm layer 3310016, 40s
states by warm level: strict 821632, warm1 0, warm2 0, warm3 0
graph: states 821632 arcs 918004 (rejected: margin 22700632, psi 0) 42s
== lambda 1/1
 try mean 32/1 per row
  cycle colour current through u = 0: 4 over 4 rows
  cycle: 40 arcs, 4 rows, crossings 6, waste 12, weight 44 -> mean 44/4
    (cycle starts at row phase 1; board x = u + floor(1*(phase+row)/2) - floor(1*phase/2))
    row 0 u 1 (mod) X=0 waste=0: (1,0)-(-1,1) (1,0)-(0,2)
    row 0 u 2 (mod) X=1 waste=1: (2,0)-(4,1) (2,0)-(1,2)
    row 0 u 3 (mod) X=0 waste=0: (3,0)-(5,1)
    row 0 u 6 (ghost) X=0 waste=3:
    row 1 u 0 (mod) X=1 waste=0: (1,1)-(-1,2) (1,1)-(0,3)
    row 1 u 1 (mod) X=0 waste=0: (2,1)-(4,2)
    row 1 u 2 (mod) X=1 waste=1: (3,1)-(5,2) (3,1)-(1,2)
    row 1 u 3 (mod) X=0 waste=0: (4,1)-(6,2)
    row 1 u 6 (ghost) X=0 waste=1:
    row 2 u 1 (mod) X=0 waste=0: (2,2)-(0,3) (2,2)-(1,4)
    row 2 u 2 (mod) X=0 waste=0: (3,2)-(5,3) (3,2)-(2,4)
    row 2 u 3 (mod) X=0 waste=0: (4,2)-(6,3)
    row 2 u 6 (ghost) X=0 waste=4:
    row 3 u 0 (mod) X=1 waste=0: (2,3)-(0,4) (2,3)-(1,5)
    row 3 u 1 (mod) X=0 waste=0: (3,3)-(5,4) (3,3)-(4,5)
    row 3 u 2 (mod) X=2 waste=2: (4,3)-(6,4) (4,3)-(2,4)
    row 3 u 3 (mod) X=0 waste=0: (5,3)-(7,4)
 try mean 11/1 per row
  cycle colour current through u = 0: 0 over 2 rows
  cycle: 20 arcs, 2 rows, crossings 2, waste 4, weight 16 -> mean 16/2
    (cycle starts at row phase 0; board x = u + floor(1*(phase+row)/2) - floor(1*phase/2))
    row 0 u 0 (mod) X=1 waste=0: (0,0)-(-2,1) (0,0)-(-1,2)
    row 0 u 1 (mod) X=0 waste=0: (1,0)-(3,1) (1,0)-(0,2)
    row 0 u 2 (mod) X=0 waste=0: (2,0)-(4,1)
    row 0 u 3 (mod) X=0 waste=0: (3,0)-(5,1)
    row 0 u 6 (ghost) X=0 waste=2:
    row 1 u 0 (mod) X=0 waste=0: (0,1)-(-1,3)
    row 1 u 1 (mod) X=0 waste=0: (1,1)-(3,2) (1,1)-(0,3)
    row 1 u 2 (mod) X=1 waste=1: (2,1)-(4,2) (2,1)-(1,3)
    row 1 u 3 (mod) X=0 waste=0: (3,1)-(5,2)
    row 1 u 6 (ghost) X=0 waste=1:
 try mean 8/1 per row
RESULT A=1 WM=4 KM=1 any lambda=1/1: min mean weight per row = 8/1 (CERTIFIED: no cycle below); per level (E units) = 8/2 = 4.0000  (42s)
total 42s
	Command being timed: "./wifm2 1/2 4 1 any 32 1 90000000"
	User time (seconds): 40.45
	System time (seconds): 1.34
	Percent of CPU this job got: 99%
	Elapsed (wall clock) time (h:mm:ss or m:ss): 0:41.81
	Average shared text size (kbytes): 0
	Average unshared data size (kbytes): 0
	Average stack size (kbytes): 0
	Average total size (kbytes): 0
	Maximum resident set size (kbytes): 231688
	Average resident set size (kbytes): 0
	Major (requiring I/O) page faults: 0
	Minor (reclaiming a frame) page faults: 225601
	Voluntary context switches: 1
	Involuntary context switches: 57
	Swaps: 0
	File system inputs: 0
	File system outputs: 16
	Socket messages sent: 0
	Socket messages received: 0
	Signals delivered: 0
	Page size (bytes): 4096
	Exit status: 0
exit=0
