shear 1/3 WM=4 KM=1 MODE=any lambda=1/2: columns u in [-3,6], 59 slots, complete squares s in [-1,2], 2 cost squares per row
warm-up done: 79360 strict seed states, largest warm layer 7515904, 97s
states by warm level: strict 1008990, warm1 0, warm2 0, warm3 0
graph: states 1008990 arcs 1207844 (rejected: margin 41324993, psi 0) 99s
== lambda 1/1
 try mean 24/1 per row
  cycle colour current through u = 0: 0 over 3 rows
  cycle: 30 arcs, 3 rows, crossings 0, waste 0, weight 0 -> mean 0/3
    (cycle starts at row phase 1; board x = u + floor(1*(phase+row)/3) - floor(1*phase/3))
    row 0 u 0 (mod) X=0 waste=0: (0,0)-(1,2)
    row 0 u 1 (mod) X=0 waste=0: (1,0)-(2,2)
    row 0 u 2 (mod) X=0 waste=0: (2,0)-(3,2)
    row 0 u 3 (mod) X=0 waste=0: (3,0)-(4,2)
    row 1 u 0 (mod) X=0 waste=0: (0,1)-(1,3)
    row 1 u 1 (mod) X=0 waste=0: (1,1)-(2,3)
    row 1 u 2 (mod) X=0 waste=0: (2,1)-(3,3)
    row 1 u 3 (mod) X=0 waste=0: (3,1)-(4,3)
    row 2 u -1 (ghost) X=0 waste=0: (0,2)-(1,4)
    row 2 u 0 (mod) X=0 waste=0: (1,2)-(2,4)
    row 2 u 1 (mod) X=0 waste=0: (2,2)-(3,4)
    row 2 u 2 (mod) X=0 waste=0: (3,2)-(4,4)
    row 2 u 3 (mod) X=0 waste=0: (4,2)-(5,4)
  zero-cost cycle
 try mean 0/1 per row
RESULT A=1 WM=4 KM=1 any lambda=1/1: min mean weight per row = 0/1 (CERTIFIED: no cycle below); per level (E units) = 0/2 = 0.0000  (100s)
total 100s
	Command being timed: "./wifm2 1/3 4 1 any 24 1 90000000"
	User time (seconds): 94.50
	System time (seconds): 4.98
	Percent of CPU this job got: 99%
	Elapsed (wall clock) time (h:mm:ss or m:ss): 1:39.60
	Average shared text size (kbytes): 0
	Average unshared data size (kbytes): 0
	Average stack size (kbytes): 0
	Average total size (kbytes): 0
	Maximum resident set size (kbytes): 412164
	Average resident set size (kbytes): 0
	Major (requiring I/O) page faults: 0
	Minor (reclaiming a frame) page faults: 552788
	Voluntary context switches: 1
	Involuntary context switches: 558
	Swaps: 0
	File system inputs: 0
	File system outputs: 16
	Socket messages sent: 0
	Socket messages received: 0
	Signals delivered: 0
	Page size (bytes): 4096
	Exit status: 0
exit=0
