shear 3/5 WM=4 KM=1 MODE=any lambda=1/2: columns u in [-3,6], 62 slots, complete squares s in [0,2], 1 cost squares per row
warm-up done: 44640 strict seed states, largest warm layer 3310016, 43s
states by warm level: strict 677202, warm1 0, warm2 0, warm3 0
graph: states 677202 arcs 770238 (rejected: margin 22617617, psi 0) 44s
== lambda 1/1
 try mean 40/1 per row
  cycle colour current through u = 0: 2 over 10 rows
  cycle: 100 arcs, 10 rows, crossings 9, waste 16, weight 88 -> mean 88/10
    (cycle starts at row phase 1; board x = u + floor(3*(phase+row)/5) - floor(3*phase/5))
    row 0 u -1 (ghost) X=0 waste=0: (-1,0)-(1,1)
    row 0 u 0 (mod) X=0 waste=0: (0,0)-(2,1)
    row 0 u 2 (mod) X=0 waste=0: (2,0)-(3,2)
    row 0 u 3 (mod) X=0 waste=0: (3,0)-(4,2)
    row 0 u 6 (ghost) X=0 waste=2:
    row 1 u -2 (ghost) X=0 waste=0: (-1,1)-(1,2)
    row 1 u -1 (ghost) X=0 waste=0: (0,1)-(2,2)
    row 1 u 0 (mod) X=0 waste=0: (1,1)-(3,2)
    row 1 u 1 (mod) X=1 waste=0: (2,1)-(3,3)
    row 1 u 2 (mod) X=0 waste=0: (3,1)-(4,3)
    row 1 u 3 (mod) X=0 waste=0: (4,1)-(5,3)
    row 2 u -1 (ghost) X=0 waste=0: (0,2)-(2,3)
    row 2 u 0 (mod) X=0 waste=0: (1,2)-(3,3)
    row 2 u 1 (mod) X=1 waste=0: (2,2)-(4,3)
    row 2 u 3 (mod) X=0 waste=0: (4,2)-(5,4)
    row 2 u 4 (ghost) X=0 waste=0: (5,2)-(6,4)
    row 3 u -1 (ghost) X=0 waste=0: (1,3)-(3,4)
    row 3 u 0 (mod) X=0 waste=0: (2,3)-(4,4)
    row 3 u 3 (mod) X=0 waste=0: (5,3)-(6,5)
    row 3 u 6 (ghost) X=0 waste=4:
    row 4 u -2 (ghost) X=0 waste=0: (1,4)-(3,5)
    row 4 u -1 (ghost) X=0 waste=0: (2,4)-(4,5)
    row 4 u 0 (mod) X=0 waste=0: (3,4)-(5,5)
    row 4 u 1 (mod) X=1 waste=0: (4,4)-(5,6)
    row 4 u 2 (mod) X=0 waste=0: (5,4)-(6,6)
    row 4 u 3 (mod) X=0 waste=0: (6,4)-(7,6)
    row 4 u 6 (ghost) X=0 waste=2:
    row 5 u -1 (ghost) X=0 waste=0: (2,5)-(4,6)
    row 5 u 0 (mod) X=0 waste=0: (3,5)-(5,6)
    row 5 u 1 (mod) X=1 waste=0: (4,5)-(5,7)
    row 5 u 2 (mod) X=0 waste=0: (5,5)-(6,7)
    row 5 u 3 (mod) X=0 waste=0: (6,5)-(7,7)
    row 6 u -2 (ghost) X=0 waste=0: (2,6)-(4,7)
    row 6 u -1 (ghost) X=0 waste=0: (3,6)-(5,7)
    row 6 u 0 (mod) X=2 waste=1: (4,6)-(2,7)
    row 6 u 2 (mod) X=0 waste=0: (6,6)-(7,8)
    row 6 u 3 (mod) X=0 waste=0: (7,6)-(8,8)
    row 6 u 6 (ghost) X=0 waste=2:
    row 7 u -1 (ghost) X=0 waste=0: (3,7)-(5,8)
    row 7 u 0 (mod) X=0 waste=0: (4,7)-(6,8)
    row 7 u 2 (mod) X=0 waste=0: (6,7)-(7,9)
    row 7 u 3 (mod) X=0 waste=0: (7,7)-(8,9)
    row 7 u 4 (ghost) X=0 waste=0: (8,7)-(9,9)
    row 7 u 6 (ghost) X=0 waste=2:
    row 8 u -1 (ghost) X=0 waste=0: (4,8)-(6,9)
    row 8 u 0 (mod) X=0 waste=0: (5,8)-(7,9)
    row 8 u 1 (mod) X=1 waste=0: (6,8)-(7,10)
    row 8 u 2 (mod) X=0 waste=0: (7,8)-(8,10)
    row 8 u 3 (mod) X=0 waste=0: (8,8)-(9,10)
    row 9 u -2 (ghost) X=0 waste=0: (4,9)-(6,10)
    row 9 u -1 (ghost) X=0 waste=0: (5,9)-(7,10)
    row 9 u 0 (mod) X=2 waste=1: (6,9)-(4,10)
    row 9 u 2 (mod) X=0 waste=0: (8,9)-(9,11)
    row 9 u 3 (mod) X=0 waste=0: (9,9)-(10,11)
    row 9 u 6 (ghost) X=0 waste=2:
 try mean 44/5 per row
  cycle colour current through u = 0: 0 over 5 rows
  cycle: 50 arcs, 5 rows, crossings 0, waste 0, weight 0 -> mean 0/5
    (cycle starts at row phase 4; board x = u + floor(3*(phase+row)/5) - floor(3*phase/5))
    row 0 u 0 (mod) X=0 waste=0: (0,0)-(1,2)
    row 0 u 1 (mod) X=0 waste=0: (1,0)-(2,2)
    row 0 u 2 (mod) X=0 waste=0: (2,0)-(3,2)
    row 0 u 3 (mod) X=0 waste=0: (3,0)-(4,2)
    row 1 u 0 (mod) X=0 waste=0: (1,1)-(2,3)
    row 1 u 1 (mod) X=0 waste=0: (2,1)-(3,3)
    row 1 u 2 (mod) X=0 waste=0: (3,1)-(4,3)
    row 1 u 3 (mod) X=0 waste=0: (4,1)-(5,3)
    row 2 u 0 (mod) X=0 waste=0: (1,2)-(2,4)
    row 2 u 1 (mod) X=0 waste=0: (2,2)-(3,4)
    row 2 u 2 (mod) X=0 waste=0: (3,2)-(4,4)
    row 2 u 3 (mod) X=0 waste=0: (4,2)-(5,4)
    row 3 u 0 (mod) X=0 waste=0: (2,3)-(3,5)
    row 3 u 1 (mod) X=0 waste=0: (3,3)-(4,5)
    row 3 u 2 (mod) X=0 waste=0: (4,3)-(5,5)
    row 3 u 3 (mod) X=0 waste=0: (5,3)-(6,5)
    row 4 u 0 (mod) X=0 waste=0: (2,4)-(3,6)
    row 4 u 1 (mod) X=0 waste=0: (3,4)-(4,6)
    row 4 u 2 (mod) X=0 waste=0: (4,4)-(5,6)
    row 4 u 3 (mod) X=0 waste=0: (5,4)-(6,6)
    row 4 u 4 (ghost) X=0 waste=0: (6,4)-(7,6)
  zero-cost cycle
 try mean 0/1 per row
RESULT A=3 WM=4 KM=1 any lambda=1/1: min mean weight per row = 0/1 (CERTIFIED: no cycle below); per level (E units) = 0/2 = 0.0000  (44s)
total 44s
	Command being timed: "./wifm2 3/5 4 1 any 40 1 90000000"
	User time (seconds): 42.68
	System time (seconds): 1.75
	Percent of CPU this job got: 99%
	Elapsed (wall clock) time (h:mm:ss or m:ss): 0:44.45
	Average shared text size (kbytes): 0
	Average unshared data size (kbytes): 0
	Average stack size (kbytes): 0
	Average total size (kbytes): 0
	Maximum resident set size (kbytes): 231688
	Average resident set size (kbytes): 0
	Major (requiring I/O) page faults: 0
	Minor (reclaiming a frame) page faults: 223431
	Voluntary context switches: 1
	Involuntary context switches: 133
	Swaps: 0
	File system inputs: 0
	File system outputs: 24
	Socket messages sent: 0
	Socket messages received: 0
	Signals delivered: 0
	Page size (bytes): 4096
	Exit status: 0
exit=0
