shear 1/5 WM=4 KM=1 MODE=any lambda=1/2: columns u in [-3,6], 59 slots, complete squares s in [-1,2], 2 cost squares per row
warm-up done: 63140 strict seed states, largest warm layer 10493992, 103s
states by warm level: strict 2154480, warm1 0, warm2 0, warm3 0
graph: states 2154480 arcs 2831049 (rejected: margin 42649213, psi 0) 108s
== lambda 1/1
 try mean 40/1 per row
  cycle colour current through u = 0: 0 over 10 rows
  cycle: 100 arcs, 10 rows, crossings 6, waste 12, weight 60 -> mean 60/10
    (cycle starts at row phase 0; board x = u + floor(1*(phase+row)/5) - floor(1*phase/5))
    row 0 u 0 (mod) X=0 waste=0: (0,0)-(-1,2)
    row 0 u 1 (mod) X=1 waste=1: (1,0)-(0,2)
    row 0 u 2 (mod) X=0 waste=0: (2,0)-(3,2) (2,0)-(1,2)
    row 0 u 3 (mod) X=0 waste=0: (3,0)-(4,2)
    row 0 u 6 (ghost) X=0 waste=2:
    row 1 u 0 (mod) X=0 waste=0: (0,1)-(-1,3)
    row 1 u 1 (mod) X=0 waste=0: (1,1)-(0,3)
    row 1 u 2 (mod) X=0 waste=0: (2,1)-(3,3) (2,1)-(1,3)
    row 1 u 3 (mod) X=0 waste=0: (3,1)-(4,3)
    row 2 u 0 (mod) X=0 waste=0: (0,2)-(-1,4)
    row 2 u 1 (mod) X=0 waste=0: (1,2)-(0,4)
    row 2 u 2 (mod) X=0 waste=0: (2,2)-(3,4) (2,2)-(1,4)
    row 2 u 3 (mod) X=0 waste=0: (3,2)-(4,4)
    row 3 u 0 (mod) X=0 waste=0: (0,3)-(-1,5)
    row 3 u 1 (mod) X=0 waste=0: (1,3)-(0,5)
    row 3 u 2 (mod) X=0 waste=0: (2,3)-(3,5) (2,3)-(1,5)
    row 3 u 3 (mod) X=0 waste=0: (3,3)-(4,5)
    row 4 u 0 (mod) X=0 waste=0: (0,4)-(-1,6)
    row 4 u 1 (mod) X=0 waste=0: (1,4)-(0,6)
    row 4 u 2 (mod) X=0 waste=0: (2,4)-(3,6) (2,4)-(1,6)
    row 4 u 3 (mod) X=0 waste=0: (3,4)-(4,6)
    row 5 u 0 (mod) X=0 waste=0: (1,5)-(0,7)
    row 5 u 1 (mod) X=0 waste=0: (2,5)-(3,7) (2,5)-(1,7)
    row 5 u 2 (mod) X=0 waste=0: (3,5)-(4,7)
    row 5 u 3 (mod) X=0 waste=0: (4,5)-(5,7)
    row 6 u 0 (mod) X=0 waste=0: (1,6)-(0,8)
    row 6 u 1 (mod) X=0 waste=0: (2,6)-(3,8) (2,6)-(1,8)
    row 6 u 2 (mod) X=0 waste=0: (3,6)-(4,8)
    row 6 u 3 (mod) X=0 waste=0: (4,6)-(5,8)
    row 7 u 0 (mod) X=0 waste=0: (1,7)-(0,9)
    row 7 u 1 (mod) X=0 waste=0: (2,7)-(3,9) (2,7)-(1,9)
    row 7 u 2 (mod) X=0 waste=0: (3,7)-(4,9)
    row 7 u 3 (mod) X=0 waste=0: (4,7)-(5,9)
    row 8 u 0 (mod) X=0 waste=0: (1,8)-(0,10)
    row 8 u 1 (mod) X=0 waste=0: (2,8)-(3,10) (2,8)-(1,10)
    row 8 u 2 (mod) X=2 waste=1: (3,8)-(2,10)
    row 8 u 3 (mod) X=0 waste=0: (4,8)-(5,10)
    row 8 u 6 (ghost) X=0 waste=2:
    row 9 u 0 (mod) X=0 waste=0: (1,9)-(0,11)
    row 9 u 1 (mod) X=1 waste=1: (2,9)-(3,11) (2,9)-(1,11)
    row 9 u 2 (mod) X=2 waste=1: (3,9)-(2,11)
    row 9 u 3 (mod) X=0 waste=0: (4,9)-(5,11)
    row 9 u 6 (ghost) X=0 waste=4:
 try mean 6/1 per row
RESULT A=1 WM=4 KM=1 any lambda=1/1: min mean weight per row = 6/1 (CERTIFIED: no cycle below); per level (E units) = 6/2 = 3.0000  (108s)
total 108s
	Command being timed: "./wifm2 1/5 4 1 any 40 1 90000000"
	User time (seconds): 102.70
	System time (seconds): 5.48
	Percent of CPU this job got: 99%
	Elapsed (wall clock) time (h:mm:ss or m:ss): 1:48.19
	Average shared text size (kbytes): 0
	Average unshared data size (kbytes): 0
	Average stack size (kbytes): 0
	Average total size (kbytes): 0
	Maximum resident set size (kbytes): 712880
	Average resident set size (kbytes): 0
	Major (requiring I/O) page faults: 0
	Minor (reclaiming a frame) page faults: 768217
	Voluntary context switches: 1
	Involuntary context switches: 258
	Swaps: 0
	File system inputs: 0
	File system outputs: 16
	Socket messages sent: 0
	Socket messages received: 0
	Signals delivered: 0
	Page size (bytes): 4096
	Exit status: 0
exit=0
