shear 1/2 WM=4 KM=1 MODE=any lambda=1/2: columns u in [-3,6], 56 slots, complete squares s in [0,2], 1 cost squares per row
warm-up done: 29952 strict seed states, largest warm layer 3310016, 54s
states by warm level: strict 1206468, warm1 0, warm2 0, warm3 0
graph: states 1206468 arcs 1305255 (rejected: margin 23088632, psi 0) 57s
== lambda 1/1
 try mean 32/1 per row
RESULT A=1 WM=4 KM=1 any lambda=1/1: min mean weight per row = 32/1 (CERTIFIED: no cycle below); per level (E units) = 32/2 = 16.0000  (57s)
total 57s
	Command being timed: "./wifm2 1/2 4 1 any 32 1 90000000"
	User time (seconds): 48.52
	System time (seconds): 2.57
	Percent of CPU this job got: 89%
	Elapsed (wall clock) time (h:mm:ss or m:ss): 0:56.92
	Average shared text size (kbytes): 0
	Average unshared data size (kbytes): 0
	Average stack size (kbytes): 0
	Average total size (kbytes): 0
	Maximum resident set size (kbytes): 231128
	Average resident set size (kbytes): 0
	Major (requiring I/O) page faults: 0
	Minor (reclaiming a frame) page faults: 234101
	Voluntary context switches: 222
	Involuntary context switches: 6892
	Swaps: 0
	File system inputs: 0
	File system outputs: 24
	Socket messages sent: 0
	Socket messages received: 0
	Signals delivered: 0
	Page size (bytes): 4096
	Exit status: 0
exit=0
