shear 1/2 WM=4 KM=1 MODE=any lambda=1/2: columns u in [-3,6], 56 slots, complete squares s in [0,2], 1 cost squares per row
warm-up done: 52416 strict seed states, largest warm layer 3310016, 62s
states by warm level: strict 1409024, warm1 0, warm2 0, warm3 0
graph: states 1409024 arcs 1678290 (rejected: margin 23342886, psi 0) 66s
== lambda 1/1
 try mean 32/1 per row
  cycle colour current through u = 0: 0 over 2 rows
  cycle: 20 arcs, 2 rows, crossings 2, waste 4, weight 16 -> mean 16/2
    (cycle starts at row phase 1; board x = u + floor(1*(phase+row)/2) - floor(1*phase/2))
    row 0 u -1 (ghost) X=0 waste=0: (-1,0)-(1,1)
    row 0 u 0 (mod) X=0 waste=0: (0,0)-(2,1)
    row 0 u 1 (mod) X=1 waste=1: (1,0)-(3,1)
    row 0 u 4 (ghost) X=0 waste=0: (4,0)-(3,2)
    row 0 u 5 (ghost) X=0 waste=0: (5,0)-(4,2)
    row 0 u 6 (ghost) X=0 waste=1:
    row 1 u -2 (ghost) X=0 waste=0: (-1,1)-(1,2)
    row 1 u -1 (ghost) X=0 waste=0: (0,1)-(2,2)
    row 1 u 0 (mod) X=0 waste=0: (1,1)-(3,2)
    row 1 u 3 (mod) X=0 waste=0: (4,1)-(3,3)
    row 1 u 4 (ghost) X=0 waste=0: (5,1)-(4,3)
    row 1 u 5 (ghost) X=1 waste=0: (6,1)-(4,2) (6,1)-(5,3)
    row 1 u 6 (ghost) X=0 waste=2:
 try mean 8/1 per row
RESULT A=1 WM=4 KM=1 any lambda=1/1: min mean weight per row = 8/1 (CERTIFIED: no cycle below); per level (E units) = 8/2 = 4.0000  (66s)
total 66s
	Command being timed: "./wifm2 1/2 4 1 any 32 1 90000000"
	User time (seconds): 49.32
	System time (seconds): 3.27
	Percent of CPU this job got: 79%
	Elapsed (wall clock) time (h:mm:ss or m:ss): 1:05.89
	Average shared text size (kbytes): 0
	Average unshared data size (kbytes): 0
	Average stack size (kbytes): 0
	Average total size (kbytes): 0
	Maximum resident set size (kbytes): 231296
	Average resident set size (kbytes): 0
	Major (requiring I/O) page faults: 0
	Minor (reclaiming a frame) page faults: 237202
	Voluntary context switches: 1
	Involuntary context switches: 22269
	Swaps: 0
	File system inputs: 0
	File system outputs: 16
	Socket messages sent: 0
	Socket messages received: 0
	Signals delivered: 0
	Page size (bytes): 4096
	Exit status: 0
exit=0
