shear 0/1 WM=4 KM=1 MODE=any lambda=1/2: columns u in [-2,5], 54 slots, complete squares s in [-1,3], 3 cost squares per row
Command terminated by signal 15
	Command being timed: "./wifm2 0 4 1 any 16 1 90000000"
	User time (seconds): 95.95
	System time (seconds): 4.96
	Percent of CPU this job got: 95%
	Elapsed (wall clock) time (h:mm:ss or m:ss): 1:45.57
	Average shared text size (kbytes): 0
	Average unshared data size (kbytes): 0
	Average stack size (kbytes): 0
	Average total size (kbytes): 0
	Maximum resident set size (kbytes): 712456
	Average resident set size (kbytes): 0
	Major (requiring I/O) page faults: 0
	Minor (reclaiming a frame) page faults: 620457
	Voluntary context switches: 1
	Involuntary context switches: 10442
	Swaps: 0
	File system inputs: 0
	File system outputs: 8
	Socket messages sent: 0
	Socket messages received: 0
	Signals delivered: 0
	Page size (bytes): 4096
	Exit status: 0
