shear 2/3 WM=4 KM=1 MODE=nz lambda=1/2: columns u in [-3,6], 62 slots, complete squares s in [0,2], 1 cost squares per row
warm-up done: 1413632 strict seed states, largest warm layer 5241184, 70s
  ... 4194304/5080511 states, 5662211 arcs, 78s
  ... 8388608/12144023 states, 13909341 arcs, 92s
  ... 12582912/12861355 states, 14852621 arcs, 100s
  ... 16777216/18696585 states, 21901785 arcs, 114s
  ... 20971520/22348058 states, 26588453 arcs, 124s
  ... 25165824/26032141 states, 31700195 arcs, 139s
  ... 29360128/30553432 states, 36502171 arcs, 152s
  ... 33554432/36276727 states, 43375256 arcs, 169s
  ... 37748736/38586853 states, 46156876 arcs, 176s
states by warm level: strict 40676832, warm1 0, warm2 0, warm3 0
graph: states 40676832 arcs 49769220 (rejected: margin 88136858, psi 1687390) 186s
== lambda 1/1
 try mean 96/1 per row
  cycle colour current through u = 0: 12 over 18 rows
  cycle: 180 arcs, 18 rows, crossings 12, waste 24, weight 300 -> mean 300/18
    (cycle starts at row phase 2; board x = u + floor(2*(phase+row)/3) - floor(2*phase/3))
    row 0 u 0 (mod) X=0 waste=0: (0,0)-(2,1) (0,0)-(1,2)
    row 0 u 3 (mod) X=0 waste=0: (3,0)-(4,2)
    row 0 u 6 (ghost) X=0 waste=2:
    row 1 u 0 (mod) X=0 waste=0: (1,1)-(3,2) (1,1)-(2,3)
    row 1 u 2 (mod) X=0 waste=0: (3,1)-(4,3)
    row 1 u 3 (mod) X=0 waste=0: (4,1)-(5,3)
    row 1 u 6 (ghost) X=0 waste=2:
    row 2 u 0 (mod) X=0 waste=0: (1,2)-(2,4)
    row 2 u 1 (mod) X=0 waste=0: (2,2)-(4,3) (2,2)-(3,4)
    row 2 u 2 (mod) X=1 waste=0: (3,2)-(4,4)
    row 2 u 3 (mod) X=0 waste=0: (4,2)-(5,4)
    row 2 u 4 (ghost) X=0 waste=0: (5,2)-(6,4)
    row 3 u 0 (mod) X=0 waste=0: (2,3)-(3,5)
    row 3 u 1 (mod) X=1 waste=0: (3,3)-(5,4) (3,3)-(4,5)
    row 3 u 3 (mod) X=0 waste=0: (5,3)-(6,5)
    row 4 u 0 (mod) X=0 waste=0: (3,4)-(4,6)
    row 4 u 1 (mod) X=0 waste=0: (4,4)-(6,5)
    row 4 u 3 (mod) X=0 waste=0: (6,4)-(7,6)
    row 4 u 6 (ghost) X=0 waste=2:
    row 5 u 0 (mod) X=0 waste=0: (3,5)-(4,7)
    row 5 u 1 (mod) X=0 waste=0: (4,5)-(5,7)
    row 5 u 2 (mod) X=0 waste=0: (5,5)-(7,6) (5,5)-(6,7)
    row 5 u 4 (ghost) X=0 waste=0: (7,5)-(8,7)
    row 5 u 6 (ghost) X=0 waste=2:
    row 6 u 0 (mod) X=0 waste=0: (4,6)-(5,8)
    row 6 u 1 (mod) X=1 waste=0: (5,6)-(7,7) (5,6)-(6,8)
    row 6 u 2 (mod) X=1 waste=0: (6,6)-(8,7) (6,6)-(7,8)
    row 7 u -2 (ghost) X=0 waste=0: (3,7)-(5,8)
    row 7 u 0 (mod) X=0 waste=0: (5,7)-(6,9)
    row 7 u 1 (mod) X=1 waste=0: (6,7)-(8,8)
    row 7 u 2 (mod) X=0 waste=0: (7,7)-(9,8)
    row 7 u 6 (ghost) X=0 waste=2:
    row 8 u -1 (ghost) X=0 waste=0: (4,8)-(6,9)
    row 8 u 1 (mod) X=0 waste=0: (6,8)-(7,10)
    row 8 u 2 (mod) X=0 waste=0: (7,8)-(9,9)
    row 8 u 3 (mod) X=0 waste=0: (8,8)-(10,9)
    row 8 u 6 (ghost) X=0 waste=4:
    row 9 u -1 (ghost) X=0 waste=0: (5,9)-(7,10)
    row 9 u 1 (mod) X=0 waste=0: (7,9)-(9,10) (7,9)-(8,11)
    row 9 u 2 (mod) X=1 waste=0: (8,9)-(10,10) (8,9)-(9,11)
    row 9 u 3 (mod) X=0 waste=0: (9,9)-(11,10)
    row 10 u -2 (ghost) X=0 waste=0: (5,10)-(7,11)
    row 10 u -1 (ghost) X=0 waste=0: (6,10)-(8,11)
    row 10 u 1 (mod) X=1 waste=0: (8,10)-(10,11) (8,10)-(9,12)
    row 10 u 2 (mod) X=0 waste=0: (9,10)-(11,11)
    row 10 u 3 (mod) X=0 waste=0: (10,10)-(12,11)
    row 11 u -1 (ghost) X=0 waste=0: (6,11)-(8,12)
    row 11 u 0 (mod) X=0 waste=0: (7,11)-(9,12)
    row 11 u 2 (mod) X=0 waste=0: (9,11)-(11,12)
    row 11 u 3 (mod) X=0 waste=0: (10,11)-(12,12)
    row 11 u 6 (ghost) X=0 waste=2:
    row 12 u -1 (ghost) X=0 waste=0: (7,12)-(9,13)
    row 12 u 0 (mod) X=0 waste=0: (8,12)-(10,13)
    row 12 u 2 (mod) X=0 waste=0: (10,12)-(12,13) (10,12)-(11,14)
    row 12 u 3 (mod) X=0 waste=0: (11,12)-(13,13)
    row 12 u 6 (ghost) X=0 waste=2:
    row 13 u -2 (ghost) X=0 waste=0: (7,13)-(9,14)
    row 13 u -1 (ghost) X=0 waste=0: (8,13)-(10,14)
    row 13 u 0 (mod) X=0 waste=0: (9,13)-(11,14)
    row 13 u 1 (mod) X=1 waste=0: (10,13)-(11,15)
    row 13 u 2 (mod) X=0 waste=0: (11,13)-(13,14) (11,13)-(12,15)
    row 13 u 3 (mod) X=0 waste=0: (12,13)-(14,14)
    row 14 u -1 (ghost) X=0 waste=0: (8,14)-(10,15)
    row 14 u 0 (mod) X=0 waste=0: (9,14)-(11,15)
    row 14 u 1 (mod) X=1 waste=0: (10,14)-(12,15)
    row 14 u 3 (mod) X=0 waste=0: (12,14)-(14,15) (12,14)-(13,16)
    row 15 u -1 (ghost) X=0 waste=0: (9,15)-(11,16)
    row 15 u 0 (mod) X=0 waste=0: (10,15)-(12,16)
    row 15 u 3 (mod) X=0 waste=0: (13,15)-(15,16) (13,15)-(14,17)
    row 15 u 6 (ghost) X=0 waste=4:
    row 16 u -1 (ghost) X=0 waste=0: (10,16)-(12,17)
    row 16 u 0 (mod) X=0 waste=0: (11,16)-(13,17)
    row 16 u 1 (mod) X=1 waste=0: (12,16)-(13,18)
    row 16 u 2 (mod) X=0 waste=0: (13,16)-(14,18)
    row 16 u 3 (mod) X=0 waste=0: (14,16)-(16,17) (14,16)-(15,18)
    row 16 u 6 (ghost) X=0 waste=2:
    row 17 u 0 (mod) X=0 waste=0: (11,17)-(13,18) (11,17)-(12,19)
    row 17 u 1 (mod) X=1 waste=0: (12,17)-(14,18)
    row 17 u 2 (mod) X=1 waste=0: (13,17)-(14,19)
    row 17 u 3 (mod) X=0 waste=0: (14,17)-(15,19)
    row 17 u 4 (ghost) X=0 waste=0: (15,17)-(16,19)
 try mean 50/3 per row
  cycle colour current through u = 0: 30 over 24 rows
  cycle: 240 arcs, 24 rows, crossings 14, waste 32, weight 366 -> mean 366/24
    (cycle starts at row phase 1; board x = u + floor(2*(phase+row)/3) - floor(2*phase/3))
    row 0 u -1 (ghost) X=0 waste=0: (-1,0)-(1,1)
    row 0 u 1 (mod) X=0 waste=0: (1,0)-(3,1) (1,0)-(2,2)
    row 0 u 2 (mod) X=1 waste=0: (2,0)-(3,2)
    row 0 u 3 (mod) X=0 waste=0: (3,0)-(5,1) (3,0)-(4,2)
    row 1 u -1 (ghost) X=0 waste=0: (0,1)-(2,2)
    row 1 u 1 (mod) X=1 waste=0: (2,1)-(4,2) (2,1)-(3,3)
    row 1 u 3 (mod) X=0 waste=0: (4,1)-(6,2) (4,1)-(5,3)
    row 2 u -2 (ghost) X=0 waste=0: (0,2)-(2,3)
    row 2 u -1 (ghost) X=0 waste=0: (1,2)-(3,3)
    row 2 u 1 (mod) X=0 waste=0: (3,2)-(5,3)
    row 2 u 3 (mod) X=0 waste=0: (5,2)-(7,3) (5,2)-(6,4)
    row 2 u 6 (ghost) X=0 waste=2:
    row 3 u -1 (ghost) X=0 waste=0: (1,3)-(3,4)
    row 3 u 0 (mod) X=0 waste=0: (2,3)-(4,4)
    row 3 u 2 (mod) X=0 waste=0: (4,3)-(6,4) (4,3)-(5,5)
    row 3 u 4 (ghost) X=0 waste=0: (6,3)-(7,5)
    row 3 u 6 (ghost) X=0 waste=2:
    row 4 u -1 (ghost) X=0 waste=0: (2,4)-(4,5)
    row 4 u 0 (mod) X=0 waste=0: (3,4)-(5,5)
    row 4 u 1 (mod) X=1 waste=0: (4,4)-(5,6)
    row 4 u 2 (mod) X=0 waste=0: (5,4)-(7,5) (5,4)-(6,6)
    row 5 u -2 (ghost) X=0 waste=0: (2,5)-(4,6)
    row 5 u 0 (mod) X=0 waste=0: (4,5)-(5,7)
    row 5 u 2 (mod) X=0 waste=0: (6,5)-(8,6) (6,5)-(7,7)
    row 5 u 6 (ghost) X=0 waste=2:
    row 6 u 0 (mod) X=0 waste=0: (4,6)-(5,8)
    row 6 u 1 (mod) X=0 waste=0: (5,6)-(6,8)
    row 6 u 2 (mod) X=0 waste=0: (6,6)-(7,8)
    row 6 u 3 (mod) X=0 waste=0: (7,6)-(9,7) (7,6)-(8,8)
    row 6 u 6 (ghost) X=0 waste=2:
    row 7 u 0 (mod) X=0 waste=0: (5,7)-(6,9)
    row 7 u 1 (mod) X=1 waste=0: (6,7)-(8,8) (6,7)-(7,9)
    row 7 u 2 (mod) X=1 waste=0: (7,7)-(8,9)
    row 7 u 3 (mod) X=0 waste=0: (8,7)-(10,8) (8,7)-(9,9)
    row 8 u -2 (ghost) X=0 waste=0: (4,8)-(6,9)
    row 8 u 0 (mod) X=0 waste=0: (6,8)-(7,10)
    row 8 u 1 (mod) X=1 waste=0: (7,8)-(9,9)
    row 8 u 3 (mod) X=0 waste=0: (9,8)-(11,9) (9,8)-(10,10)
    row 8 u 6 (ghost) X=0 waste=2:
    row 9 u -1 (ghost) X=0 waste=0: (5,9)-(7,10)
    row 9 u 1 (mod) X=0 waste=0: (7,9)-(8,11)
    row 9 u 2 (mod) X=0 waste=0: (8,9)-(10,10)
    row 9 u 4 (ghost) X=0 waste=0: (10,9)-(11,11)
    row 9 u 6 (ghost) X=0 waste=4:
    row 10 u -1 (ghost) X=0 waste=0: (6,10)-(8,11)
    row 10 u 1 (mod) X=0 waste=0: (8,10)-(10,11) (8,10)-(9,12)
    row 10 u 2 (mod) X=1 waste=0: (9,10)-(11,11) (9,10)-(10,12)
    row 11 u -2 (ghost) X=0 waste=0: (6,11)-(8,12)
    row 11 u -1 (ghost) X=0 waste=0: (7,11)-(9,12)
    row 11 u 1 (mod) X=1 waste=0: (9,11)-(11,12) (9,11)-(10,13)
    row 11 u 2 (mod) X=0 waste=0: (10,11)-(12,12)
    row 12 u -1 (ghost) X=0 waste=0: (7,12)-(9,13)
    row 12 u 0 (mod) X=0 waste=0: (8,12)-(10,13)
    row 12 u 2 (mod) X=0 waste=0: (10,12)-(12,13)
    row 12 u 3 (mod) X=0 waste=0: (11,12)-(13,13)
    row 12 u 6 (ghost) X=0 waste=2:
    row 13 u -1 (ghost) X=0 waste=0: (8,13)-(10,14)
    row 13 u 0 (mod) X=0 waste=0: (9,13)-(11,14)
    row 13 u 2 (mod) X=0 waste=0: (11,13)-(13,14) (11,13)-(12,15)
    row 13 u 3 (mod) X=0 waste=0: (12,13)-(14,14)
    row 13 u 6 (ghost) X=0 waste=2:
    row 14 u -1 (ghost) X=0 waste=0: (9,14)-(11,15)
    row 14 u 0 (mod) X=0 waste=0: (10,14)-(12,15)
    row 14 u 1 (mod) X=1 waste=0: (11,14)-(12,16)
    row 14 u 2 (mod) X=0 waste=0: (12,14)-(14,15) (12,14)-(13,16)
    row 14 u 3 (mod) X=0 waste=0: (13,14)-(15,15)
    row 15 u 0 (mod) X=0 waste=0: (10,15)-(12,16) (10,15)-(11,17)
    row 15 u 1 (mod) X=1 waste=0: (11,15)-(13,16)
    row 15 u 3 (mod) X=0 waste=0: (13,15)-(15,16) (13,15)-(14,17)
    row 16 u 0 (mod) X=0 waste=0: (11,16)-(13,17) (11,16)-(12,18)
    row 16 u 3 (mod) X=0 waste=0: (14,16)-(16,17) (14,16)-(15,18)
    row 16 u 6 (ghost) X=0 waste=4:
    row 17 u -2 (ghost) X=0 waste=0: (10,17)-(12,18)
    row 17 u 0 (mod) X=0 waste=0: (12,17)-(14,18) (12,17)-(13,19)
    row 17 u 1 (mod) X=1 waste=0: (13,17)-(14,19)
    row 17 u 2 (mod) X=0 waste=0: (14,17)-(15,19)
    row 17 u 3 (mod) X=0 waste=0: (15,17)-(17,18) (15,17)-(16,19)
    row 17 u 6 (ghost) X=0 waste=2:
    row 18 u -1 (ghost) X=0 waste=0: (11,18)-(13,19)
    row 18 u 1 (mod) X=1 waste=0: (13,18)-(15,19) (13,18)-(14,20)
    row 18 u 2 (mod) X=1 waste=0: (14,18)-(15,20)
    row 18 u 3 (mod) X=0 waste=0: (15,18)-(16,20)
    row 18 u 4 (ghost) X=0 waste=0: (16,18)-(17,20)
    row 19 u -1 (ghost) X=0 waste=0: (12,19)-(14,20)
    row 19 u 1 (mod) X=0 waste=0: (14,19)-(15,21)
    row 19 u 3 (mod) X=0 waste=0: (16,19)-(17,21)
    row 19 u 6 (ghost) X=0 waste=2:
    row 20 u -1 (ghost) X=0 waste=0: (13,20)-(15,21)
    row 20 u 1 (mod) X=0 waste=0: (15,20)-(16,22)
    row 20 u 2 (mod) X=0 waste=0: (16,20)-(17,22)
    row 20 u 3 (mod) X=0 waste=0: (17,20)-(19,21)
    row 20 u 6 (ghost) X=0 waste=2:
    row 21 u 0 (mod) X=0 waste=0: (14,21)-(16,22) (14,21)-(15,23)
    row 21 u 2 (mod) X=1 waste=0: (16,21)-(18,22) (16,21)-(17,23)
    row 21 u 3 (mod) X=0 waste=0: (17,21)-(19,22)
    row 22 u 0 (mod) X=0 waste=0: (15,22)-(17,23) (15,22)-(16,24)
    row 22 u 2 (mod) X=0 waste=0: (17,22)-(19,23)
    row 22 u 3 (mod) X=0 waste=0: (18,22)-(20,23)
    row 22 u 6 (ghost) X=0 waste=2:
    row 23 u -2 (ghost) X=0 waste=0: (14,23)-(16,24)
    row 23 u 0 (mod) X=0 waste=0: (16,23)-(18,24) (16,23)-(17,25)
    row 23 u 2 (mod) X=0 waste=0: (18,23)-(20,24) (18,23)-(19,25)
    row 23 u 3 (mod) X=0 waste=0: (19,23)-(21,24)
    row 23 u 6 (ghost) X=0 waste=2:
 try mean 61/4 per row
RESULT A=2 WM=4 KM=1 nz lambda=1/1: min mean weight per row = 61/4 (CERTIFIED: no cycle below); per level (E units) = 61/8 = 7.6250  (194s)
total 194s
	Command being timed: "./wifm 2/3 4 1 nz 96 1 90000000"
	User time (seconds): 185.28
	System time (seconds): 8.92
	Percent of CPU this job got: 99%
	Elapsed (wall clock) time (h:mm:ss or m:ss): 3:14.29
	Average shared text size (kbytes): 0
	Average unshared data size (kbytes): 0
	Average stack size (kbytes): 0
	Average total size (kbytes): 0
	Maximum resident set size (kbytes): 2374740
	Average resident set size (kbytes): 0
	Major (requiring I/O) page faults: 0
	Minor (reclaiming a frame) page faults: 1408914
	Voluntary context switches: 1
	Involuntary context switches: 1138
	Swaps: 0
	File system inputs: 0
	File system outputs: 56
	Socket messages sent: 0
	Socket messages received: 0
	Signals delivered: 0
	Page size (bytes): 4096
	Exit status: 0
exit=0
