shear 1/4 WM=4 KM=1 MODE=nz lambda=1/2: columns u in [-3,6], 59 slots, complete squares s in [-1,2], 2 cost squares per row
warm-up done: 391778 strict seed states, largest warm layer 8553073, 88s
  ... 4194304/5424516 states, 7139866 arcs, 100s
  ... 8388608/10939636 states, 14618282 arcs, 114s
  ... 12582912/13554441 states, 18824399 arcs, 122s
  ... 16777216/18191141 states, 24647812 arcs, 135s
  ... 20971520/21587777 states, 29464136 arcs, 145s
  ... 25165824/26962008 states, 35824639 arcs, 157s
  ... 29360128/30651379 states, 40694719 arcs, 167s
  ... 33554432/35441213 states, 47223609 arcs, 185s
  ... 37748736/38494484 states, 51583730 arcs, 194s
  ... 41943040/44735789 states, 59620179 arcs, 208s
  ... 46137344/46542644 states, 62022546 arcs, 214s
  ... 50331648/51120820 states, 68090725 arcs, 227s
  ... 54525952/55903773 states, 74550010 arcs, 240s
  ... 58720256/59021561 states, 77730636 arcs, 246s
  ... 62914560/64987162 states, 85608901 arcs, 263s
  ... 67108864/67614667 states, 89930513 arcs, 287s
states by warm level: strict 67614667, warm1 0, warm2 0, warm3 0
graph: states 67614667 arcs 89982749 (rejected: margin 93217517, psi 546629) 288s
== lambda 1/1
 try mean 128/1 per row
  cycle colour current through u = 0: 5 over 8 rows
  cycle: 80 arcs, 8 rows, crossings 5, waste 10, weight 175 -> mean 175/8
    (cycle starts at row phase 1; board x = u + floor(1*(phase+row)/4) - floor(1*phase/4))
    row 0 u -1 (ghost) X=0 waste=0: (-1,0)-(0,2)
    row 0 u 0 (mod) X=0 waste=0: (0,0)-(1,2)
    row 0 u 1 (mod) X=1 waste=0: (1,0)-(3,1) (1,0)-(2,2)
    row 0 u 3 (mod) X=0 waste=0: (3,0)-(4,2)
    row 1 u 0 (mod) X=0 waste=0: (0,1)-(1,3)
    row 1 u 1 (mod) X=0 waste=0: (1,1)-(2,3)
    row 1 u 2 (mod) X=0 waste=0: (2,1)-(4,2)
    row 1 u 6 (ghost) X=0 waste=2:
    row 2 u 0 (mod) X=0 waste=0: (0,2)-(1,4)
    row 2 u 1 (mod) X=0 waste=0: (1,2)-(2,4)
    row 2 u 2 (mod) X=0 waste=0: (2,2)-(3,4)
    row 2 u 3 (mod) X=0 waste=0: (3,2)-(5,3) (3,2)-(4,4)
    row 2 u 6 (ghost) X=0 waste=2:
    row 3 u -1 (ghost) X=0 waste=0: (0,3)-(1,5)
    row 3 u 0 (mod) X=0 waste=0: (1,3)-(2,5)
    row 3 u 1 (mod) X=0 waste=0: (2,3)-(3,5)
    row 3 u 2 (mod) X=2 waste=1: (3,3)-(4,5) (3,3)-(2,5)
    row 3 u 3 (mod) X=0 waste=0: (4,3)-(6,4) (4,3)-(5,5)
    row 4 u -2 (ghost) X=0 waste=0: (-1,4)-(1,5)
    row 4 u 0 (mod) X=0 waste=0: (1,4)-(2,6)
    row 4 u 1 (mod) X=1 waste=1: (2,4)-(3,6)
    row 4 u 2 (mod) X=0 waste=0: (3,4)-(4,6)
    row 4 u 3 (mod) X=0 waste=0: (4,4)-(5,6)
    row 5 u -1 (ghost) X=0 waste=0: (0,5)-(2,6)
    row 5 u 2 (mod) X=0 waste=0: (3,5)-(4,7)
    row 5 u 3 (mod) X=0 waste=0: (4,5)-(5,7)
    row 5 u 6 (ghost) X=0 waste=2:
    row 6 u 0 (mod) X=0 waste=0: (1,6)-(3,7) (1,6)-(2,8)
    row 6 u 2 (mod) X=0 waste=0: (3,6)-(4,8)
    row 6 u 3 (mod) X=0 waste=0: (4,6)-(5,8)
    row 6 u 6 (ghost) X=0 waste=2:
    row 7 u -1 (ghost) X=0 waste=0: (1,7)-(2,9)
    row 7 u 0 (mod) X=0 waste=0: (2,7)-(4,8) (2,7)-(3,9)
    row 7 u 1 (mod) X=1 waste=0: (3,7)-(4,9)
    row 7 u 2 (mod) X=0 waste=0: (4,7)-(5,9)
    row 7 u 3 (mod) X=0 waste=0: (5,7)-(6,9)
 try mean 175/8 per row
  cycle colour current through u = 0: 24 over 24 rows
  cycle: 240 arcs, 24 rows, crossings 14, waste 28, weight 520 -> mean 520/24
    (cycle starts at row phase 2; board x = u + floor(1*(phase+row)/4) - floor(1*phase/4))
    row 0 u -2 (ghost) X=0 waste=0: (-2,0)-(0,1)
    row 0 u 0 (mod) X=0 waste=0: (0,0)-(2,1) (0,0)-(1,2)
    row 0 u 2 (mod) X=0 waste=0: (2,0)-(4,1) (2,0)-(3,2)
    row 0 u 3 (mod) X=0 waste=0: (3,0)-(5,1)
    row 0 u 6 (ghost) X=0 waste=2:
    row 1 u -1 (ghost) X=0 waste=0: (-1,1)-(1,2)
    row 1 u 1 (mod) X=0 waste=0: (1,1)-(3,2) (1,1)-(2,3)
    row 1 u 2 (mod) X=1 waste=0: (2,1)-(3,3)
    row 1 u 3 (mod) X=0 waste=0: (3,1)-(5,2) (3,1)-(4,3)
    row 2 u -2 (ghost) X=0 waste=0: (-1,2)-(1,3)
    row 2 u -1 (ghost) X=0 waste=0: (0,2)-(2,3)
    row 2 u 1 (mod) X=1 waste=0: (2,2)-(4,3) (2,2)-(3,4)
    row 2 u 3 (mod) X=0 waste=0: (4,2)-(6,3) (4,2)-(5,4)
    row 3 u -2 (ghost) X=0 waste=0: (-1,3)-(1,4)
    row 3 u -1 (ghost) X=0 waste=0: (0,3)-(2,4)
    row 3 u 0 (mod) X=0 waste=0: (1,3)-(3,4)
    row 3 u 2 (mod) X=0 waste=0: (3,3)-(5,4)
    row 3 u 6 (ghost) X=0 waste=2:
    row 4 u -1 (ghost) X=0 waste=0: (0,4)-(2,5)
    row 4 u 0 (mod) X=0 waste=0: (1,4)-(3,5)
    row 4 u 1 (mod) X=0 waste=0: (2,4)-(4,5)
    row 4 u 3 (mod) X=0 waste=0: (4,4)-(6,5) (4,4)-(5,6)
    row 4 u 6 (ghost) X=0 waste=2:
    row 5 u 0 (mod) X=0 waste=0: (1,5)-(3,6) (1,5)-(2,7)
    row 5 u 1 (mod) X=0 waste=0: (2,5)-(4,6)
    row 5 u 2 (mod) X=1 waste=0: (3,5)-(4,7)
    row 5 u 3 (mod) X=0 waste=0: (4,5)-(5,7)
    row 5 u 6 (ghost) X=0 waste=2:
    row 6 u -2 (ghost) X=0 waste=0: (0,6)-(2,7)
    row 6 u 0 (mod) X=0 waste=0: (2,6)-(4,7) (2,6)-(3,8)
    row 6 u 1 (mod) X=1 waste=0: (3,6)-(4,8)
    row 6 u 2 (mod) X=0 waste=0: (4,6)-(5,8)
    row 6 u 3 (mod) X=0 waste=0: (5,6)-(6,8)
    row 7 u -2 (ghost) X=0 waste=0: (0,7)-(2,8)
    row 7 u -1 (ghost) X=0 waste=0: (1,7)-(3,8)
    row 7 u 1 (mod) X=1 waste=0: (3,7)-(5,8) (3,7)-(4,9)
    row 7 u 3 (mod) X=0 waste=0: (5,7)-(6,9)
    row 8 u -2 (ghost) X=0 waste=0: (0,8)-(2,9)
    row 8 u -1 (ghost) X=0 waste=0: (1,8)-(3,9)
    row 8 u 0 (mod) X=0 waste=0: (2,8)-(4,9)
    row 8 u 2 (mod) X=0 waste=0: (4,8)-(6,9)
    row 8 u 6 (ghost) X=0 waste=2:
    row 9 u -1 (ghost) X=0 waste=0: (1,9)-(3,10)
    row 9 u 0 (mod) X=0 waste=0: (2,9)-(4,10)
    row 9 u 1 (mod) X=0 waste=0: (3,9)-(5,10)
    row 9 u 3 (mod) X=0 waste=0: (5,9)-(7,10) (5,9)-(6,11)
    row 9 u 6 (ghost) X=0 waste=2:
    row 10 u -1 (ghost) X=0 waste=0: (2,10)-(4,11) (2,10)-(3,12)
    row 10 u 0 (mod) X=0 waste=0: (3,10)-(5,11)
    row 10 u 1 (mod) X=1 waste=0: (4,10)-(5,12)
    row 10 u 2 (mod) X=0 waste=0: (5,10)-(6,12)
    row 10 u 3 (mod) X=0 waste=0: (6,10)-(8,11) (6,10)-(7,12)
    row 10 u 6 (ghost) X=0 waste=2:
    row 11 u -1 (ghost) X=0 waste=0: (2,11)-(3,13)
    row 11 u 0 (mod) X=0 waste=0: (3,11)-(5,12) (3,11)-(4,13)
    row 11 u 1 (mod) X=1 waste=0: (4,11)-(5,13)
    row 11 u 2 (mod) X=0 waste=0: (5,11)-(6,13)
    row 11 u 3 (mod) X=0 waste=0: (6,11)-(7,13)
    row 12 u 0 (mod) X=0 waste=0: (3,12)-(4,14)
    row 12 u 1 (mod) X=1 waste=0: (4,12)-(6,13) (4,12)-(5,14)
    row 12 u 3 (mod) X=0 waste=0: (6,12)-(7,14)
    row 13 u 0 (mod) X=0 waste=0: (3,13)-(4,15)
    row 13 u 1 (mod) X=1 waste=0: (4,13)-(6,14)
    row 13 u 2 (mod) X=0 waste=0: (5,13)-(7,14)
    row 13 u 6 (ghost) X=0 waste=2:
    row 14 u -2 (ghost) X=0 waste=0: (2,14)-(4,15)
    row 14 u 0 (mod) X=0 waste=0: (4,14)-(6,15)
    row 14 u 1 (mod) X=0 waste=0: (5,14)-(7,15)
    row 14 u 2 (mod) X=0 waste=0: (6,14)-(8,15)
    row 14 u 6 (ghost) X=0 waste=2:
    row 15 u -1 (ghost) X=0 waste=0: (3,15)-(5,16) (3,15)-(4,17)
    row 15 u 1 (mod) X=0 waste=0: (5,15)-(7,16) (5,15)-(6,17)
    row 15 u 2 (mod) X=0 waste=0: (6,15)-(8,16)
    row 15 u 3 (mod) X=0 waste=0: (7,15)-(9,16)
    row 15 u 6 (ghost) X=0 waste=2:
    row 16 u -2 (ghost) X=0 waste=0: (2,16)-(4,17)
    row 16 u 0 (mod) X=0 waste=0: (4,16)-(6,17) (4,16)-(5,18)
    row 16 u 1 (mod) X=1 waste=0: (5,16)-(6,18)
    row 16 u 2 (mod) X=0 waste=0: (6,16)-(8,17) (6,16)-(7,18)
    row 16 u 3 (mod) X=0 waste=0: (7,16)-(9,17)
    row 17 u -1 (ghost) X=0 waste=0: (3,17)-(5,18)
    row 17 u 1 (mod) X=1 waste=0: (5,17)-(7,18) (5,17)-(6,19)
    row 17 u 3 (mod) X=0 waste=0: (7,17)-(9,18) (7,17)-(8,19)
    row 18 u -1 (ghost) X=0 waste=0: (4,18)-(6,19) (4,18)-(5,20)
    row 18 u 1 (mod) X=0 waste=0: (6,18)-(8,19)
    row 18 u 3 (mod) X=0 waste=0: (8,18)-(10,19) (8,18)-(9,20)
    row 18 u 6 (ghost) X=0 waste=2:
    row 19 u -1 (ghost) X=0 waste=0: (4,19)-(5,21)
    row 19 u 0 (mod) X=0 waste=0: (5,19)-(7,20) (5,19)-(6,21)
    row 19 u 2 (mod) X=0 waste=0: (7,19)-(9,20) (7,19)-(8,21)
    row 19 u 6 (ghost) X=0 waste=2:
    row 20 u 0 (mod) X=0 waste=0: (5,20)-(6,22)
    row 20 u 1 (mod) X=0 waste=0: (6,20)-(8,21) (6,20)-(7,22)
    row 20 u 2 (mod) X=1 waste=0: (7,20)-(8,22)
    row 20 u 3 (mod) X=0 waste=0: (8,20)-(10,21) (8,20)-(9,22)
    row 21 u 0 (mod) X=0 waste=0: (5,21)-(6,23)
    row 21 u 1 (mod) X=0 waste=0: (6,21)-(7,23)
    row 21 u 2 (mod) X=1 waste=0: (7,21)-(9,22) (7,21)-(8,23)
    row 22 u -2 (ghost) X=0 waste=0: (4,22)-(6,23)
    row 22 u 0 (mod) X=0 waste=0: (6,22)-(7,24)
    row 22 u 1 (mod) X=1 waste=0: (7,22)-(9,23)
    row 22 u 2 (mod) X=0 waste=0: (8,22)-(10,23)
    row 22 u 6 (ghost) X=0 waste=2:
    row 23 u -1 (ghost) X=0 waste=0: (5,23)-(7,24) (5,23)-(6,25)
    row 23 u 1 (mod) X=0 waste=0: (7,23)-(9,24)
    row 23 u 2 (mod) X=0 waste=0: (8,23)-(10,24)
    row 23 u 3 (mod) X=0 waste=0: (9,23)-(11,24)
    row 23 u 6 (ghost) X=0 waste=2:
 try mean 65/3 per row
RESULT A=1 WM=4 KM=1 nz lambda=1/1: min mean weight per row = 65/3 (CERTIFIED: no cycle below); per level (E units) = 65/6 = 10.8333  (303s)
total 303s
	Command being timed: "./wifm 1/4 4 1 nz 128 1 90000000"
	User time (seconds): 282.05
	System time (seconds): 21.92
	Percent of CPU this job got: 99%
	Elapsed (wall clock) time (h:mm:ss or m:ss): 5:04.03
	Average shared text size (kbytes): 0
	Average unshared data size (kbytes): 0
	Average stack size (kbytes): 0
	Average total size (kbytes): 0
	Maximum resident set size (kbytes): 4388288
	Average resident set size (kbytes): 0
	Major (requiring I/O) page faults: 0
	Minor (reclaiming a frame) page faults: 2591571
	Voluntary context switches: 1
	Involuntary context switches: 1163
	Swaps: 0
	File system inputs: 0
	File system outputs: 128
	Socket messages sent: 0
	Socket messages received: 0
	Signals delivered: 0
	Page size (bytes): 4096
	Exit status: 0
exit=0
