shear 1/6 WM=4 KM=1 MODE=nz lambda=1/2: columns u in [-3,6], 59 slots, complete squares s in [-1,2], 2 cost squares per row
warm-up done: 472236 strict seed states, largest warm layer 10493992, 103s
  ... 4194304/5634093 states, 7104879 arcs, 116s
  ... 8388608/11653435 states, 15843577 arcs, 132s
  ... 12582912/15730039 states, 20919871 arcs, 141s
  ... 16777216/17137001 states, 22978564 arcs, 149s
  ... 20971520/22437028 states, 30746084 arcs, 163s
  ... 25165824/28129405 states, 37703725 arcs, 176s
  ... 29360128/30450024 states, 41220248 arcs, 183s
  ... 33554432/34632455 states, 46924457 arcs, 202s
  ... 37748736/40127971 states, 54430487 arcs, 218s
  ... 41943040/42982904 states, 58835212 arcs, 226s
  ... 46137344/47536237 states, 64503350 arcs, 237s
  ... 50331648/50906311 states, 69346908 arcs, 250s
  ... 54525952/56405163 states, 75848518 arcs, 262s
  ... 58720256/60114263 states, 80682605 arcs, 273s
  ... 62914560/65427005 states, 87719740 arcs, 289s
states by warm level: strict 66851468, warm1 0, warm2 0, warm3 0
graph: states 66851468 arcs 90513072 (rejected: margin 96111042, psi 430954) 299s
== lambda 1/1
 try mean 192/1 per row
  cycle colour current through u = 0: 16 over 30 rows
  cycle: 300 arcs, 30 rows, crossings 19, waste 40, weight 992 -> mean 992/30
    (cycle starts at row phase 1; board x = u + floor(1*(phase+row)/6) - floor(1*phase/6))
    row 0 u -2 (ghost) X=0 waste=0: (-2,0)-(0,1)
    row 0 u -1 (ghost) X=0 waste=0: (-1,0)-(1,1)
    row 0 u 1 (mod) X=1 waste=0: (1,0)-(3,1) (1,0)-(2,2)
    row 0 u 3 (mod) X=0 waste=0: (3,0)-(4,2)
    row 1 u -2 (ghost) X=0 waste=0: (-2,1)-(0,2)
    row 1 u -1 (ghost) X=0 waste=0: (-1,1)-(1,2)
    row 1 u 0 (mod) X=0 waste=0: (0,1)-(2,2)
    row 1 u 2 (mod) X=0 waste=0: (2,1)-(4,2)
    row 1 u 6 (ghost) X=0 waste=2:
    row 2 u -2 (ghost) X=0 waste=0: (-2,2)-(0,3)
    row 2 u -1 (ghost) X=0 waste=0: (-1,2)-(1,3)
    row 2 u 0 (mod) X=0 waste=0: (0,2)-(2,3)
    row 2 u 1 (mod) X=0 waste=0: (1,2)-(3,3)
    row 2 u 3 (mod) X=0 waste=0: (3,2)-(5,3) (3,2)-(4,4)
    row 2 u 6 (ghost) X=0 waste=2:
    row 3 u -2 (ghost) X=0 waste=0: (-2,3)-(0,4)
    row 3 u -1 (ghost) X=0 waste=0: (-1,3)-(1,4)
    row 3 u 0 (mod) X=0 waste=0: (0,3)-(2,4)
    row 3 u 1 (mod) X=0 waste=0: (1,3)-(3,4)
    row 3 u 2 (mod) X=1 waste=0: (2,3)-(3,5)
    row 3 u 3 (mod) X=0 waste=0: (3,3)-(4,5)
    row 3 u 6 (ghost) X=0 waste=2:
    row 4 u -1 (ghost) X=0 waste=0: (-1,4)-(1,5)
    row 4 u 0 (mod) X=0 waste=0: (0,4)-(2,5)
    row 4 u 1 (mod) X=1 waste=0: (1,4)-(2,6)
    row 4 u 2 (mod) X=0 waste=0: (2,4)-(3,6)
    row 4 u 3 (mod) X=0 waste=0: (3,4)-(4,6)
    row 4 u 6 (ghost) X=0 waste=2:
    row 5 u -1 (ghost) X=0 waste=0: (0,5)-(2,6) (0,5)-(1,7)
    row 5 u 0 (mod) X=1 waste=0: (1,5)-(2,7)
    row 5 u 1 (mod) X=0 waste=0: (2,5)-(3,7)
    row 5 u 2 (mod) X=0 waste=0: (3,5)-(4,7)
    row 5 u 3 (mod) X=0 waste=0: (4,5)-(5,7)
    row 6 u -1 (ghost) X=0 waste=0: (0,6)-(1,8)
    row 6 u 0 (mod) X=1 waste=0: (1,6)-(3,7) (1,6)-(2,8)
    row 6 u 2 (mod) X=0 waste=0: (3,6)-(4,8)
    row 6 u 3 (mod) X=0 waste=0: (4,6)-(5,8)
    row 7 u -1 (ghost) X=0 waste=0: (0,7)-(1,9)
    row 7 u 0 (mod) X=0 waste=0: (1,7)-(2,9)
    row 7 u 1 (mod) X=0 waste=0: (2,7)-(4,8)
    row 7 u 3 (mod) X=0 waste=0: (4,7)-(5,9)
    row 7 u 6 (ghost) X=0 waste=2:
    row 8 u -1 (ghost) X=0 waste=0: (0,8)-(1,10)
    row 8 u 0 (mod) X=0 waste=0: (1,8)-(2,10)
    row 8 u 1 (mod) X=0 waste=0: (2,8)-(3,10)
    row 8 u 2 (mod) X=0 waste=0: (3,8)-(5,9) (3,8)-(4,10)
    row 8 u 6 (ghost) X=0 waste=2:
    row 9 u 0 (mod) X=0 waste=0: (1,9)-(2,11)
    row 9 u 1 (mod) X=0 waste=0: (2,9)-(3,11)
    row 9 u 2 (mod) X=2 waste=1: (3,9)-(4,11) (3,9)-(2,11)
    row 9 u 3 (mod) X=0 waste=0: (4,9)-(6,10) (4,9)-(5,11)
    row 10 u 0 (mod) X=0 waste=0: (1,10)-(2,12)
    row 10 u 1 (mod) X=1 waste=1: (2,10)-(3,12)
    row 10 u 2 (mod) X=0 waste=0: (3,10)-(4,12)
    row 10 u 3 (mod) X=0 waste=0: (4,10)-(5,12)
    row 11 u -2 (ghost) X=0 waste=0: (0,11)-(2,12)
    row 11 u 1 (mod) X=0 waste=0: (3,11)-(4,13)
    row 11 u 2 (mod) X=0 waste=0: (4,11)-(5,13)
    row 11 u 3 (mod) X=0 waste=0: (5,11)-(6,13)
    row 11 u 6 (ghost) X=0 waste=2:
    row 12 u -2 (ghost) X=0 waste=0: (0,12)-(2,13)
    row 12 u -1 (ghost) X=0 waste=0: (1,12)-(3,13)
    row 12 u 1 (mod) X=0 waste=0: (3,12)-(4,14)
    row 12 u 2 (mod) X=0 waste=0: (4,12)-(5,14)
    row 12 u 3 (mod) X=0 waste=0: (5,12)-(6,14)
    row 12 u 6 (ghost) X=0 waste=2:
    row 13 u -2 (ghost) X=0 waste=0: (0,13)-(2,14)
    row 13 u -1 (ghost) X=0 waste=0: (1,13)-(3,14)
    row 13 u 0 (mod) X=1 waste=0: (2,13)-(3,15)
    row 13 u 1 (mod) X=0 waste=0: (3,13)-(4,15)
    row 13 u 2 (mod) X=0 waste=0: (4,13)-(5,15)
    row 13 u 3 (mod) X=0 waste=0: (5,13)-(6,15)
    row 13 u 6 (ghost) X=0 waste=2:
    row 14 u -2 (ghost) X=0 waste=0: (0,14)-(2,15)
    row 14 u -1 (ghost) X=0 waste=0: (1,14)-(3,15)
    row 14 u 0 (mod) X=1 waste=0: (2,14)-(3,16)
    row 14 u 1 (mod) X=0 waste=0: (3,14)-(4,16)
    row 14 u 2 (mod) X=0 waste=0: (4,14)-(5,16)
    row 14 u 3 (mod) X=0 waste=0: (5,14)-(6,16)
    row 15 u 0 (mod) X=0 waste=0: (2,15)-(3,17)
    row 15 u 2 (mod) X=0 waste=0: (4,15)-(5,17)
    row 15 u 3 (mod) X=0 waste=0: (5,15)-(6,17)
    row 15 u 6 (ghost) X=0 waste=2:
    row 16 u 0 (mod) X=0 waste=0: (2,16)-(0,17) (2,16)-(3,18)
    row 16 u 1 (mod) X=0 waste=0: (3,16)-(4,18)
    row 16 u 2 (mod) X=0 waste=0: (4,16)-(5,18)
    row 16 u 3 (mod) X=0 waste=0: (5,16)-(6,18)
    row 16 u 6 (ghost) X=0 waste=2:
    row 17 u -1 (ghost) X=0 waste=0: (2,17)-(3,19)
    row 17 u 0 (mod) X=0 waste=0: (3,17)-(4,19)
    row 17 u 1 (mod) X=2 waste=1: (4,17)-(5,19) (4,17)-(3,19)
    row 17 u 2 (mod) X=0 waste=0: (5,17)-(6,19)
    row 17 u 3 (mod) X=0 waste=0: (6,17)-(7,19)
    row 18 u -1 (ghost) X=0 waste=0: (2,18)-(3,20)
    row 18 u 0 (mod) X=1 waste=1: (3,18)-(4,20)
    row 18 u 1 (mod) X=0 waste=0: (4,18)-(5,20)
    row 18 u 2 (mod) X=0 waste=0: (5,18)-(6,20)
    row 18 u 3 (mod) X=0 waste=0: (6,18)-(7,20)
    row 19 u -2 (ghost) X=0 waste=0: (1,19)-(3,20)
    row 19 u 1 (mod) X=0 waste=0: (4,19)-(5,21)
    row 19 u 2 (mod) X=0 waste=0: (5,19)-(6,21)
    row 19 u 3 (mod) X=0 waste=0: (6,19)-(7,21)
    row 19 u 6 (ghost) X=0 waste=2:
    row 20 u -1 (ghost) X=0 waste=0: (2,20)-(4,21) (2,20)-(3,22)
    row 20 u 1 (mod) X=0 waste=0: (4,20)-(5,22)
    row 20 u 2 (mod) X=0 waste=0: (5,20)-(6,22)
    row 20 u 3 (mod) X=0 waste=0: (6,20)-(7,22)
    row 20 u 6 (ghost) X=0 waste=2:
    row 21 u 0 (mod) X=0 waste=0: (3,21)-(5,22) (3,21)-(4,23)
    row 21 u 1 (mod) X=1 waste=0: (4,21)-(5,23)
    row 21 u 2 (mod) X=0 waste=0: (5,21)-(6,23)
    row 21 u 3 (mod) X=0 waste=0: (6,21)-(7,23)
    row 22 u 0 (mod) X=0 waste=0: (3,22)-(4,24)
    row 22 u 1 (mod) X=1 waste=0: (4,22)-(6,23) (4,22)-(5,24)
    row 22 u 3 (mod) X=0 waste=0: (6,22)-(7,24)
    row 23 u -1 (ghost) X=0 waste=0: (3,23)-(4,25)
    row 23 u 0 (mod) X=0 waste=0: (4,23)-(5,25)
    row 23 u 1 (mod) X=0 waste=0: (5,23)-(7,24)
    row 23 u 3 (mod) X=0 waste=0: (7,23)-(8,25)
    row 23 u 6 (ghost) X=0 waste=2:
    row 24 u -1 (ghost) X=0 waste=0: (3,24)-(4,26)
    row 24 u 0 (mod) X=0 waste=0: (4,24)-(5,26)
    row 24 u 1 (mod) X=0 waste=0: (5,24)-(6,26)
    row 24 u 2 (mod) X=0 waste=0: (6,24)-(8,25) (6,24)-(7,26)
    row 24 u 6 (ghost) X=0 waste=2:
    row 25 u -1 (ghost) X=0 waste=0: (3,25)-(4,27)
    row 25 u 0 (mod) X=0 waste=0: (4,25)-(5,27)
    row 25 u 1 (mod) X=0 waste=0: (5,25)-(6,27)
    row 25 u 2 (mod) X=2 waste=1: (6,25)-(7,27) (6,25)-(5,27)
    row 25 u 3 (mod) X=0 waste=0: (7,25)-(9,26) (7,25)-(8,27)
    row 26 u -2 (ghost) X=0 waste=0: (2,26)-(4,27)
    row 26 u 0 (mod) X=0 waste=0: (4,26)-(5,28)
    row 26 u 1 (mod) X=1 waste=1: (5,26)-(6,28)
    row 26 u 2 (mod) X=0 waste=0: (6,26)-(7,28)
    row 26 u 3 (mod) X=0 waste=0: (7,26)-(8,28)
    row 27 u -1 (ghost) X=0 waste=0: (3,27)-(5,28)
    row 27 u 2 (mod) X=0 waste=0: (6,27)-(7,29)
    row 27 u 3 (mod) X=0 waste=0: (7,27)-(8,29)
    row 27 u 6 (ghost) X=0 waste=2:
    row 28 u 0 (mod) X=0 waste=0: (4,28)-(6,29) (4,28)-(5,30)
    row 28 u 2 (mod) X=0 waste=0: (6,28)-(7,30)
    row 28 u 3 (mod) X=0 waste=0: (7,28)-(8,30)
    row 28 u 6 (ghost) X=0 waste=2:
    row 29 u -2 (ghost) X=0 waste=0: (3,29)-(5,30)
    row 29 u 0 (mod) X=0 waste=0: (5,29)-(7,30) (5,29)-(6,31)
    row 29 u 1 (mod) X=1 waste=0: (6,29)-(7,31)
    row 29 u 2 (mod) X=0 waste=0: (7,29)-(8,31)
    row 29 u 3 (mod) X=0 waste=0: (8,29)-(9,31)
 try mean 496/15 per row
  cycle colour current through u = 0: 11 over 18 rows
  cycle: 180 arcs, 18 rows, crossings 11, waste 24, weight 583 -> mean 583/18
    (cycle starts at row phase 5; board x = u + floor(1*(phase+row)/6) - floor(1*phase/6))
    row 0 u 0 (mod) X=0 waste=0: (0,0)-(1,2)
    row 0 u 1 (mod) X=1 waste=0: (1,0)-(3,1)
    row 0 u 2 (mod) X=0 waste=0: (2,0)-(4,1)
    row 0 u 6 (ghost) X=0 waste=2:
    row 1 u -2 (ghost) X=0 waste=0: (-1,1)-(1,2)
    row 1 u 0 (mod) X=0 waste=0: (1,1)-(3,2)
    row 1 u 1 (mod) X=0 waste=0: (2,1)-(4,2)
    row 1 u 2 (mod) X=0 waste=0: (3,1)-(5,2)
    row 1 u 6 (ghost) X=0 waste=2:
    row 2 u -2 (ghost) X=0 waste=0: (-1,2)-(1,3)
    row 2 u -1 (ghost) X=0 waste=0: (0,2)-(2,3)
    row 2 u 1 (mod) X=0 waste=0: (2,2)-(4,3) (2,2)-(3,4)
    row 2 u 2 (mod) X=0 waste=0: (3,2)-(5,3)
    row 2 u 3 (mod) X=0 waste=0: (4,2)-(6,3)
    row 2 u 6 (ghost) X=0 waste=2:
    row 3 u -2 (ghost) X=0 waste=0: (-1,3)-(1,4)
    row 3 u -1 (ghost) X=0 waste=0: (0,3)-(2,4)
    row 3 u 0 (mod) X=1 waste=0: (1,3)-(2,5)
    row 3 u 1 (mod) X=0 waste=0: (2,3)-(3,5)
    row 3 u 2 (mod) X=0 waste=0: (3,3)-(5,4) (3,3)-(4,5)
    row 3 u 3 (mod) X=0 waste=0: (4,3)-(6,4)
    row 3 u 6 (ghost) X=0 waste=2:
    row 4 u -2 (ghost) X=0 waste=0: (-1,4)-(1,5)
    row 4 u -1 (ghost) X=0 waste=0: (0,4)-(2,5)
    row 4 u 0 (mod) X=1 waste=0: (1,4)-(2,6)
    row 4 u 1 (mod) X=0 waste=0: (2,4)-(3,6)
    row 4 u 2 (mod) X=0 waste=0: (3,4)-(4,6)
    row 4 u 3 (mod) X=0 waste=0: (4,4)-(6,5) (4,4)-(5,6)
    row 5 u 0 (mod) X=0 waste=0: (1,5)-(2,7)
    row 5 u 2 (mod) X=0 waste=0: (3,5)-(4,7)
    row 5 u 3 (mod) X=0 waste=0: (4,5)-(5,7)
    row 5 u 6 (ghost) X=0 waste=2:
    row 6 u 0 (mod) X=0 waste=0: (1,6)-(-1,7) (1,6)-(2,8)
    row 6 u 1 (mod) X=0 waste=0: (2,6)-(3,8)
    row 6 u 2 (mod) X=0 waste=0: (3,6)-(4,8)
    row 6 u 3 (mod) X=0 waste=0: (4,6)-(5,8)
    row 6 u 6 (ghost) X=0 waste=2:
    row 7 u -1 (ghost) X=0 waste=0: (1,7)-(2,9)
    row 7 u 0 (mod) X=0 waste=0: (2,7)-(3,9)
    row 7 u 1 (mod) X=2 waste=1: (3,7)-(4,9) (3,7)-(2,9)
    row 7 u 2 (mod) X=0 waste=0: (4,7)-(5,9)
    row 7 u 3 (mod) X=0 waste=0: (5,7)-(6,9)
    row 8 u -1 (ghost) X=0 waste=0: (1,8)-(2,10)
    row 8 u 0 (mod) X=1 waste=1: (2,8)-(3,10)
    row 8 u 1 (mod) X=0 waste=0: (3,8)-(4,10)
    row 8 u 2 (mod) X=0 waste=0: (4,8)-(5,10)
    row 8 u 3 (mod) X=0 waste=0: (5,8)-(6,10)
    row 9 u -2 (ghost) X=0 waste=0: (0,9)-(2,10)
    row 9 u 1 (mod) X=0 waste=0: (3,9)-(4,11)
    row 9 u 2 (mod) X=0 waste=0: (4,9)-(5,11)
    row 9 u 3 (mod) X=0 waste=0: (5,9)-(6,11)
    row 9 u 6 (ghost) X=0 waste=2:
    row 10 u -1 (ghost) X=0 waste=0: (1,10)-(3,11) (1,10)-(2,12)
    row 10 u 1 (mod) X=0 waste=0: (3,10)-(4,12)
    row 10 u 2 (mod) X=0 waste=0: (4,10)-(5,12)
    row 10 u 3 (mod) X=0 waste=0: (5,10)-(6,12)
    row 10 u 6 (ghost) X=0 waste=2:
    row 11 u -2 (ghost) X=0 waste=0: (0,11)-(2,12)
    row 11 u 0 (mod) X=0 waste=0: (2,11)-(4,12) (2,11)-(3,13)
    row 11 u 1 (mod) X=1 waste=0: (3,11)-(4,13)
    row 11 u 2 (mod) X=0 waste=0: (4,11)-(5,13)
    row 11 u 3 (mod) X=0 waste=0: (5,11)-(6,13)
    row 12 u -1 (ghost) X=0 waste=0: (1,12)-(3,13)
    row 12 u 1 (mod) X=1 waste=0: (3,12)-(5,13) (3,12)-(4,14)
    row 12 u 3 (mod) X=0 waste=0: (5,12)-(6,14)
    row 13 u -2 (ghost) X=0 waste=0: (1,13)-(3,14)
    row 13 u -1 (ghost) X=0 waste=0: (2,13)-(4,14)
    row 13 u 1 (mod) X=0 waste=0: (4,13)-(6,14)
    row 13 u 3 (mod) X=0 waste=0: (6,13)-(7,15)
    row 13 u 6 (ghost) X=0 waste=2:
    row 14 u -2 (ghost) X=0 waste=0: (1,14)-(3,15)
    row 14 u -1 (ghost) X=0 waste=0: (2,14)-(4,15)
    row 14 u 0 (mod) X=0 waste=0: (3,14)-(5,15)
    row 14 u 2 (mod) X=0 waste=0: (5,14)-(7,15) (5,14)-(6,16)
    row 14 u 6 (ghost) X=0 waste=2:
    row 15 u -1 (ghost) X=0 waste=0: (2,15)-(4,16) (2,15)-(3,17)
    row 15 u 0 (mod) X=0 waste=0: (3,15)-(5,16)
    row 15 u 1 (mod) X=1 waste=0: (4,15)-(5,17)
    row 15 u 2 (mod) X=0 waste=0: (5,15)-(6,17)
    row 15 u 3 (mod) X=0 waste=0: (6,15)-(8,16) (6,15)-(7,17)
    row 15 u 6 (ghost) X=0 waste=2:
    row 16 u -1 (ghost) X=0 waste=0: (2,16)-(3,18)
    row 16 u 0 (mod) X=0 waste=0: (3,16)-(5,17) (3,16)-(4,18)
    row 16 u 1 (mod) X=1 waste=0: (4,16)-(5,18)
    row 16 u 2 (mod) X=0 waste=0: (5,16)-(6,18)
    row 16 u 3 (mod) X=0 waste=0: (6,16)-(7,18)
    row 17 u 0 (mod) X=0 waste=0: (3,17)-(4,19)
    row 17 u 1 (mod) X=1 waste=0: (4,17)-(6,18) (4,17)-(5,19)
    row 17 u 3 (mod) X=0 waste=0: (6,17)-(7,19)
 try mean 583/18 per row
RESULT A=1 WM=4 KM=1 nz lambda=1/1: min mean weight per row = 583/18 (CERTIFIED: no cycle below); per level (E units) = 583/36 = 16.1944  (318s)
total 318s
	Command being timed: "./wifm2 1/6 4 1 nz 192 1 90000000"
	User time (seconds): 296.12
	System time (seconds): 22.52
	Percent of CPU this job got: 99%
	Elapsed (wall clock) time (h:mm:ss or m:ss): 5:18.73
	Average shared text size (kbytes): 0
	Average unshared data size (kbytes): 0
	Average stack size (kbytes): 0
	Average total size (kbytes): 0
	Maximum resident set size (kbytes): 4002452
	Average resident set size (kbytes): 0
	Major (requiring I/O) page faults: 0
	Minor (reclaiming a frame) page faults: 2367802
	Voluntary context switches: 1
	Involuntary context switches: 1305
	Swaps: 0
	File system inputs: 0
	File system outputs: 80
	Socket messages sent: 0
	Socket messages received: 0
	Signals delivered: 0
	Page size (bytes): 4096
	Exit status: 0
exit=0
