shear 1/1 WM=4 KM=1 MODE=any lambda=1/2: columns u in [-3,6], 60 slots, complete squares s in [0,3], 2 cost squares per row
warm-up done: 446400 strict seed states, largest warm layer 18805632, 271s
states by warm level: strict 739836, warm1 0, warm2 0, warm3 0
graph: states 739836 arcs 727344 (rejected: margin 120659358, psi 0) 273s
== lambda 1/1
 try mean 8/1 per row
  cycle: 60 arcs, 6 rows, crossings 4, waste 8, weight 8 -> mean 8/6
    (cycle starts at row phase 0; board x = u + floor(1*(phase+row)/1) - floor(1*phase/1))
    row 0 u 0 (mod) X=0 waste=0: (0,0)-(2,1) (0,0)-(1,2)
    row 0 u 1 (mod) X=0 waste=0: (1,0)-(3,1)
    row 0 u 2 (mod) X=1 waste=0: (2,0)-(4,1) (2,0)-(3,2)
    row 0 u 3 (mod) X=0 waste=0: (3,0)-(5,1)
    row 1 u 0 (mod) X=0 waste=0: (1,1)-(3,2) (1,1)-(2,3)
    row 1 u 1 (mod) X=1 waste=0: (2,1)-(4,2)
    row 1 u 2 (mod) X=0 waste=0: (3,1)-(5,2)
    row 1 u 3 (mod) X=0 waste=0: (4,1)-(6,2)
    row 2 u 0 (mod) X=0 waste=0: (2,2)-(4,3) (2,2)-(3,4)
    row 2 u 2 (mod) X=0 waste=0: (4,2)-(6,3)
    row 2 u 3 (mod) X=0 waste=0: (5,2)-(7,3)
    row 2 u 6 (ghost) X=0 waste=4:
    row 3 u 0 (mod) X=0 waste=0: (3,3)-(5,4) (3,3)-(4,5)
    row 3 u 1 (mod) X=0 waste=0: (4,3)-(6,4)
    row 3 u 2 (mod) X=1 waste=0: (5,3)-(7,4) (5,3)-(6,5)
    row 3 u 3 (mod) X=0 waste=0: (6,3)-(8,4)
    row 4 u 0 (mod) X=0 waste=0: (4,4)-(6,5) (4,4)-(5,6)
    row 4 u 1 (mod) X=1 waste=0: (5,4)-(7,5)
    row 4 u 2 (mod) X=0 waste=0: (6,4)-(8,5)
    row 4 u 3 (mod) X=0 waste=0: (7,4)-(9,5)
    row 5 u 0 (mod) X=0 waste=0: (5,5)-(7,6) (5,5)-(6,7)
    row 5 u 2 (mod) X=0 waste=0: (7,5)-(9,6)
    row 5 u 3 (mod) X=0 waste=0: (8,5)-(10,6)
    row 5 u 6 (ghost) X=0 waste=4:
 try mean 4/3 per row
  cycle: 20 arcs, 2 rows, crossings 0, waste 0, weight 0 -> mean 0/2
    (cycle starts at row phase 0; board x = u + floor(1*(phase+row)/1) - floor(1*phase/1))
    row 0 u 0 (mod) X=0 waste=0: (0,0)-(2,1) (0,0)-(1,2)
    row 0 u 1 (mod) X=0 waste=0: (1,0)-(3,1)
    row 0 u 2 (mod) X=0 waste=0: (2,0)-(4,1)
    row 0 u 3 (mod) X=0 waste=0: (3,0)-(5,1)
    row 1 u 0 (mod) X=0 waste=0: (1,1)-(3,2) (1,1)-(2,3)
    row 1 u 1 (mod) X=0 waste=0: (2,1)-(4,2)
    row 1 u 2 (mod) X=0 waste=0: (3,1)-(5,2)
    row 1 u 3 (mod) X=0 waste=0: (4,1)-(6,2)
  zero-cost cycle
 try mean 0/1 per row
RESULT A=1 WM=4 KM=1 any lambda=1/1: min mean weight per row = 0/1 (CERTIFIED: no cycle below); per level (E units) = 0/2 = 0.0000  (273s)
total 273s
	Command being timed: "./wifo 1 4 1 any 8 1 90000000"
	User time (seconds): 190.64
	System time (seconds): 8.72
	Percent of CPU this job got: 73%
	Elapsed (wall clock) time (h:mm:ss or m:ss): 4:32.74
	Average shared text size (kbytes): 0
	Average unshared data size (kbytes): 0
	Average stack size (kbytes): 0
	Average total size (kbytes): 0
	Maximum resident set size (kbytes): 1175908
	Average resident set size (kbytes): 0
	Major (requiring I/O) page faults: 0
	Minor (reclaiming a frame) page faults: 978354
	Voluntary context switches: 1
	Involuntary context switches: 31149
	Swaps: 0
	File system inputs: 0
	File system outputs: 16
	Socket messages sent: 0
	Socket messages received: 0
	Signals delivered: 0
	Page size (bytes): 4096
	Exit status: 0
exit=0
