shear 0/1 WM=4 KM=1 MODE=any lambda=1/2: columns u in [-2,5], 54 slots, complete squares s in [-1,3], 3 cost squares per row
warm-up done: 168100 strict seed states, largest warm layer 10493992, 97s
states by warm level: strict 1139148, warm1 0, warm2 0, warm3 0
graph: states 1139148 arcs 1003022 (rejected: margin 46117622, psi 0) 99s
== lambda 1/1
 try mean 8/1 per row
RESULT A=0 WM=4 KM=1 any lambda=1/1: min mean weight per row = 8/1 (CERTIFIED: no cycle below); per level (E units) = 8/2 = 4.0000  (99s)
total 99s
	Command being timed: "./wifo 0 4 1 any 8 1 90000000"
	User time (seconds): 93.28
	System time (seconds): 5.53
	Percent of CPU this job got: 99%
	Elapsed (wall clock) time (h:mm:ss or m:ss): 1:39.21
	Average shared text size (kbytes): 0
	Average unshared data size (kbytes): 0
	Average stack size (kbytes): 0
	Average total size (kbytes): 0
	Maximum resident set size (kbytes): 712876
	Average resident set size (kbytes): 0
	Major (requiring I/O) page faults: 0
	Minor (reclaiming a frame) page faults: 639197
	Voluntary context switches: 1
	Involuntary context switches: 817
	Swaps: 0
	File system inputs: 0
	File system outputs: 16
	Socket messages sent: 0
	Socket messages received: 0
	Signals delivered: 0
	Page size (bytes): 4096
	Exit status: 0
exit=0
