shear 0/1 WM=4 KM=1 MODE=any lambda=1/2: columns u in [-2,5], 40 slots, complete squares s in [-1,3], 4 cost squares per row
warm-up done: 30184 strict seed states, largest warm layer 894012, 6s
states by warm level: strict 189084, warm1 0, warm2 0, warm3 0
graph: states 189084 arcs 233318 (rejected: margin 3453780, psi 0) 6s
== lambda 1/1
 try mean 8/1 per row
  cycle: 16 arcs, 2 rows, crossings 6, waste 16, weight 12 -> mean 12/2
    (cycle starts at row phase 0; board x = u + floor(0*(phase+row)/1) - floor(0*phase/1))
    row 0 u 1 (mod) X=1 waste=1: (1,0)-(0,2)
    row 0 u 2 (mod) X=0 waste=0: (2,0)-(1,2)
    row 0 u 3 (mod) X=0 waste=0: (3,0)-(2,2)
    row 0 u 4 (ghost) X=0 waste=0: (4,0)-(3,2)
    row 0 u 5 (ghost) X=0 waste=6:
    row 1 u 0 (mod) X=1 waste=1: (0,1)-(1,3)
    row 1 u 1 (mod) X=1 waste=0: (1,1)-(0,3)
    row 1 u 2 (mod) X=3 waste=1: (2,1)-(0,2)
    row 1 u 3 (mod) X=0 waste=0: (3,1)-(2,3)
    row 1 u 4 (ghost) X=0 waste=0: (4,1)-(3,3)
    row 1 u 5 (ghost) X=0 waste=7:
 try mean 6/1 per row
  cycle: 80 arcs, 10 rows, crossings 26, waste 72, weight 52 -> mean 52/10
    (cycle starts at row phase 0; board x = u + floor(0*(phase+row)/1) - floor(0*phase/1))
    row 0 u 1 (mod) X=1 waste=1: (1,0)-(0,2)
    row 0 u 2 (mod) X=2 waste=1: (2,0)-(0,1)
    row 0 u 3 (mod) X=0 waste=0: (3,0)-(2,2)
    row 0 u 4 (ghost) X=0 waste=0: (4,0)-(3,2)
    row 0 u 5 (ghost) X=0 waste=7:
    row 1 u 1 (mod) X=0 waste=0: (1,1)-(0,3)
    row 1 u 2 (mod) X=1 waste=0: (2,1)-(0,2)
    row 1 u 3 (mod) X=0 waste=0: (3,1)-(2,3)
    row 1 u 4 (ghost) X=0 waste=0: (4,1)-(3,3)
    row 1 u 5 (ghost) X=0 waste=6:
    row 2 u 1 (mod) X=0 waste=0: (1,2)-(2,4) (1,2)-(0,4)
    row 2 u 2 (mod) X=2 waste=1: (2,2)-(0,3)
    row 2 u 3 (mod) X=0 waste=0: (3,2)-(2,4)
    row 2 u 4 (ghost) X=0 waste=0: (4,2)-(3,4)
    row 2 u 5 (ghost) X=0 waste=5:
    row 3 u 1 (mod) X=0 waste=0: (1,3)-(2,5) (1,3)-(0,5)
    row 3 u 2 (mod) X=3 waste=2: (2,3)-(0,4)
    row 3 u 3 (mod) X=0 waste=0: (3,3)-(2,5)
    row 3 u 4 (ghost) X=0 waste=0: (4,3)-(3,5)
    row 3 u 5 (ghost) X=0 waste=4:
    row 4 u 1 (mod) X=0 waste=0: (1,4)-(2,6) (1,4)-(0,6)
    row 4 u 3 (mod) X=0 waste=0: (3,4)-(2,6)
    row 4 u 4 (ghost) X=0 waste=0: (4,4)-(3,6)
    row 4 u 5 (ghost) X=0 waste=4:
    row 5 u 0 (mod) X=1 waste=1: (0,5)-(1,7)
    row 5 u 1 (mod) X=1 waste=0: (1,5)-(2,7) (1,5)-(0,7)
    row 5 u 3 (mod) X=0 waste=0: (3,5)-(2,7)
    row 5 u 4 (ghost) X=0 waste=0: (4,5)-(3,7)
    row 5 u 5 (ghost) X=0 waste=4:
    row 6 u 0 (mod) X=1 waste=1: (0,6)-(1,8)
    row 6 u 1 (mod) X=2 waste=1: (1,6)-(2,8) (1,6)-(0,8)
    row 6 u 3 (mod) X=0 waste=0: (3,6)-(2,8)
    row 6 u 4 (ghost) X=0 waste=0: (4,6)-(3,8)
    row 6 u 5 (ghost) X=0 waste=4:
    row 7 u 0 (mod) X=1 waste=1: (0,7)-(1,9)
    row 7 u 1 (mod) X=2 waste=1: (1,7)-(0,9)
    row 7 u 3 (mod) X=0 waste=0: (3,7)-(2,9)
    row 7 u 4 (ghost) X=0 waste=0: (4,7)-(3,9)
    row 7 u 5 (ghost) X=0 waste=6:
    row 8 u 0 (mod) X=1 waste=1: (0,8)-(1,10)
    row 8 u 1 (mod) X=2 waste=1: (1,8)-(0,10)
    row 8 u 3 (mod) X=0 waste=0: (3,8)-(2,10)
    row 8 u 4 (ghost) X=0 waste=0: (4,8)-(3,10)
    row 8 u 5 (ghost) X=0 waste=8:
    row 9 u 0 (mod) X=1 waste=1: (0,9)-(1,11)
    row 9 u 1 (mod) X=2 waste=1: (1,9)-(0,11)
    row 9 u 2 (mod) X=3 waste=2: (2,9)-(0,10)
    row 9 u 3 (mod) X=0 waste=0: (3,9)-(2,11)
    row 9 u 4 (ghost) X=0 waste=0: (4,9)-(3,11)
    row 9 u 5 (ghost) X=0 waste=8:
 try mean 26/5 per row
RESULT A=0 WM=4 KM=1 any lambda=1/1: min mean weight per row = 26/5 (CERTIFIED: no cycle below); per level (E units) = 26/10 = 2.6000  (6s)
total 6s
	Command being timed: "./wifs 0 4 1 any 8 1 90000000"
	User time (seconds): 5.81
	System time (seconds): 0.20
	Percent of CPU this job got: 99%
	Elapsed (wall clock) time (h:mm:ss or m:ss): 0:06.02
	Average shared text size (kbytes): 0
	Average unshared data size (kbytes): 0
	Average stack size (kbytes): 0
	Average total size (kbytes): 0
	Maximum resident set size (kbytes): 70456
	Average resident set size (kbytes): 0
	Major (requiring I/O) page faults: 0
	Minor (reclaiming a frame) page faults: 29588
	Voluntary context switches: 1
	Involuntary context switches: 19
	Swaps: 0
	File system inputs: 0
	File system outputs: 16
	Socket messages sent: 0
	Socket messages received: 0
	Signals delivered: 0
	Page size (bytes): 4096
	Exit status: 0
exit=0
