shear 0/1 WM=4 KM=1 MODE=any lambda=1/2: columns u in [-2,5], 40 slots, complete squares s in [-1,3], 4 cost squares per row
warm-up done: 17248 strict seed states, largest warm layer 894012, 6s
states by warm level: strict 149408, warm1 0, warm2 0, warm3 0
graph: states 149408 arcs 193368 (rejected: margin 3462280, psi 0) 6s
== lambda 1/1
 try mean 8/1 per row
  cycle: 8 arcs, 1 rows, crossings 2, waste 6, weight 4 -> mean 4/1
    (cycle starts at row phase 0; board x = u + floor(0*(phase+row)/1) - floor(0*phase/1))
    row 0 u 1 (mod) X=0 waste=0: (1,0)-(3,1) (1,0)-(0,2)
    row 0 u 2 (mod) X=2 waste=1: (2,0)-(4,1) (2,0)-(0,1)
    row 0 u 3 (mod) X=0 waste=0: (3,0)-(5,1)
    row 0 u 5 (ghost) X=0 waste=5:
 try mean 4/1 per row
  cycle: 8 arcs, 1 rows, crossings 1, waste 4, weight 2 -> mean 2/1
    (cycle starts at row phase 0; board x = u + floor(0*(phase+row)/1) - floor(0*phase/1))
    row 0 u 0 (mod) X=1 waste=0: (0,0)-(2,1) (0,0)-(1,2)
    row 0 u 1 (mod) X=0 waste=0: (1,0)-(3,1)
    row 0 u 2 (mod) X=0 waste=0: (2,0)-(4,1)
    row 0 u 3 (mod) X=0 waste=0: (3,0)-(5,1)
    row 0 u 5 (ghost) X=0 waste=4:
 try mean 2/1 per row
RESULT A=0 WM=4 KM=1 any lambda=1/1: min mean weight per row = 2/1 (CERTIFIED: no cycle below); per level (E units) = 2/2 = 1.0000  (6s)
total 6s
	Command being timed: "./wifs 0 4 1 any 8 1 90000000"
	User time (seconds): 5.94
	System time (seconds): 0.37
	Percent of CPU this job got: 99%
	Elapsed (wall clock) time (h:mm:ss or m:ss): 0:06.32
	Average shared text size (kbytes): 0
	Average unshared data size (kbytes): 0
	Average stack size (kbytes): 0
	Average total size (kbytes): 0
	Maximum resident set size (kbytes): 70460
	Average resident set size (kbytes): 0
	Major (requiring I/O) page faults: 0
	Minor (reclaiming a frame) page faults: 29356
	Voluntary context switches: 1
	Involuntary context switches: 50
	Swaps: 0
	File system inputs: 0
	File system outputs: 16
	Socket messages sent: 0
	Socket messages received: 0
	Signals delivered: 0
	Page size (bytes): 4096
	Exit status: 0
exit=0
