shear 3/4 WM=4 KM=1 MODE=nz lambda=1/2: columns u in [-3,6], 62 slots, complete squares s in [0,2], 1 cost squares per row
warm-up done: 1413632 strict seed states, largest warm layer 5241184, 68s
  ... 4194304/5080511 states, 5662211 arcs, 76s
  ... 8388608/12706271 states, 14726224 arcs, 95s
  ... 12582912/16002179 states, 18022132 arcs, 113s
  ... 16777216/17354379 states, 20193436 arcs, 128s
  ... 20971520/22395396 states, 27081005 arcs, 141s
  ... 25165824/26497727 states, 31260329 arcs, 153s
  ... 29360128/31166983 states, 37285544 arcs, 166s
  ... 33554432/33951995 states, 40385163 arcs, 179s
states by warm level: strict 36931603, warm1 0, warm2 0, warm3 0
graph: states 36931603 arcs 45060734 (rejected: margin 94100390, psi 1904358) 192s
== lambda 1/1
 try mean 8/1 per row
  cycle: 120 arcs, 12 rows, crossings 8, waste 18, weight 16 -> mean 16/12
    (cycle starts at row phase 2; board x = u + floor(3*(phase+row)/4) - floor(3*phase/4))
    row 0 u -1 (ghost) X=0 waste=0: (-1,0)-(1,1)
    row 0 u 0 (mod) X=0 waste=0: (0,0)-(2,1)
    row 0 u 4 (ghost) X=0 waste=0: (4,0)-(3,2)
    row 0 u 6 (ghost) X=0 waste=4:
    row 1 u -1 (ghost) X=0 waste=0: (0,1)-(2,2)
    row 1 u 0 (mod) X=0 waste=0: (1,1)-(3,2)
    row 1 u 1 (mod) X=1 waste=1: (2,1)-(4,2)
    row 1 u 3 (mod) X=0 waste=0: (4,1)-(6,2) (4,1)-(5,3)
    row 1 u 6 (ghost) X=0 waste=1:
    row 2 u -2 (ghost) X=0 waste=0: (0,2)-(2,3)
    row 2 u -1 (ghost) X=0 waste=0: (1,2)-(3,3)
    row 2 u 0 (mod) X=0 waste=0: (2,2)-(4,3)
    row 2 u 2 (mod) X=0 waste=0: (4,2)-(5,4)
    row 2 u 3 (mod) X=0 waste=0: (5,2)-(7,3) (5,2)-(6,4)
    row 2 u 6 (ghost) X=0 waste=2:
    row 3 u -1 (ghost) X=0 waste=0: (1,3)-(3,4)
    row 3 u 0 (mod) X=0 waste=0: (2,3)-(4,4)
    row 3 u 1 (mod) X=0 waste=0: (3,3)-(5,4)
    row 3 u 2 (mod) X=1 waste=0: (4,3)-(5,5)
    row 3 u 3 (mod) X=0 waste=0: (5,3)-(6,5)
    row 3 u 4 (ghost) X=0 waste=0: (6,3)-(7,5)
    row 4 u -1 (ghost) X=0 waste=0: (2,4)-(4,5)
    row 4 u 0 (mod) X=0 waste=0: (3,4)-(5,5)
    row 4 u 1 (mod) X=1 waste=0: (4,4)-(6,5)
    row 4 u 3 (mod) X=0 waste=0: (6,4)-(7,6)
    row 4 u 4 (ghost) X=0 waste=0: (7,4)-(8,6)
    row 5 u -1 (ghost) X=0 waste=0: (3,5)-(5,6)
    row 5 u 0 (mod) X=0 waste=0: (4,5)-(6,6)
    row 5 u 3 (mod) X=0 waste=0: (7,5)-(8,7)
    row 5 u 6 (ghost) X=0 waste=4:
    row 6 u -2 (ghost) X=0 waste=0: (3,6)-(5,7)
    row 6 u -1 (ghost) X=0 waste=0: (4,6)-(6,7)
    row 6 u 0 (mod) X=0 waste=0: (5,6)-(7,7)
    row 6 u 1 (mod) X=1 waste=0: (6,6)-(7,8)
    row 6 u 2 (mod) X=0 waste=0: (7,6)-(8,8)
    row 6 u 3 (mod) X=0 waste=0: (8,6)-(9,8)
    row 6 u 6 (ghost) X=0 waste=2:
    row 7 u -1 (ghost) X=0 waste=0: (4,7)-(6,8)
    row 7 u 0 (mod) X=0 waste=0: (5,7)-(7,8)
    row 7 u 1 (mod) X=1 waste=0: (6,7)-(8,8)
    row 7 u 2 (mod) X=1 waste=0: (7,7)-(8,9)
    row 7 u 3 (mod) X=0 waste=0: (8,7)-(9,9)
    row 7 u 4 (ghost) X=0 waste=0: (9,7)-(10,9)
    row 8 u -1 (ghost) X=0 waste=0: (5,8)-(7,9)
    row 8 u 0 (mod) X=0 waste=0: (6,8)-(8,9)
    row 8 u 3 (mod) X=0 waste=0: (9,8)-(10,10)
    row 8 u 4 (ghost) X=0 waste=0: (10,8)-(11,10)
    row 8 u 6 (ghost) X=0 waste=2:
    row 9 u -1 (ghost) X=0 waste=0: (6,9)-(8,10)
    row 9 u 0 (mod) X=0 waste=0: (7,9)-(9,10)
    row 9 u 2 (mod) X=0 waste=0: (9,9)-(10,11)
    row 9 u 3 (mod) X=0 waste=0: (10,9)-(11,11)
    row 9 u 6 (ghost) X=0 waste=2:
    row 10 u -2 (ghost) X=0 waste=0: (6,10)-(8,11)
    row 10 u -1 (ghost) X=0 waste=0: (7,10)-(9,11)
    row 10 u 0 (mod) X=0 waste=0: (8,10)-(10,11)
    row 10 u 1 (mod) X=1 waste=0: (9,10)-(10,12)
    row 10 u 2 (mod) X=0 waste=0: (10,10)-(11,12)
    row 10 u 3 (mod) X=0 waste=0: (11,10)-(12,12)
    row 10 u 5 (ghost) X=0 waste=0: (13,10)-(12,12)
    row 11 u -1 (ghost) X=0 waste=0: (7,11)-(9,12)
    row 11 u 0 (mod) X=0 waste=0: (8,11)-(10,12)
    row 11 u 1 (mod) X=1 waste=0: (9,11)-(11,12)
    row 11 u 3 (mod) X=0 waste=0: (11,11)-(12,13)
    row 11 u 5 (ghost) X=0 waste=0: (13,11)-(12,13)
 try mean 4/3 per row
  cycle: 80 arcs, 8 rows, crossings 5, waste 10, weight 10 -> mean 10/8
    (cycle starts at row phase 1; board x = u + floor(3*(phase+row)/4) - floor(3*phase/4))
    row 0 u -1 (ghost) X=0 waste=0: (-1,0)-(1,1)
    row 0 u 0 (mod) X=0 waste=0: (0,0)-(2,1)
    row 0 u 1 (mod) X=0 waste=0: (1,0)-(3,1)
    row 0 u 4 (ghost) X=0 waste=0: (4,0)-(3,2)
    row 0 u 6 (ghost) X=0 waste=2:
    row 1 u -1 (ghost) X=0 waste=0: (0,1)-(2,2)
    row 1 u 0 (mod) X=0 waste=0: (1,1)-(3,2)
    row 1 u 1 (mod) X=1 waste=1: (2,1)-(4,2)
    row 1 u 3 (mod) X=0 waste=0: (4,1)-(6,2) (4,1)-(5,3)
    row 1 u 6 (ghost) X=0 waste=1:
    row 2 u -1 (ghost) X=0 waste=0: (1,2)-(3,3)
    row 2 u 0 (mod) X=0 waste=0: (2,2)-(4,3)
    row 2 u 2 (mod) X=0 waste=0: (4,2)-(5,4)
    row 2 u 3 (mod) X=0 waste=0: (5,2)-(7,3) (5,2)-(6,4)
    row 2 u 6 (ghost) X=0 waste=2:
    row 3 u -2 (ghost) X=0 waste=0: (1,3)-(3,4)
    row 3 u -1 (ghost) X=0 waste=0: (2,3)-(4,4)
    row 3 u 0 (mod) X=0 waste=0: (3,3)-(5,4)
    row 3 u 1 (mod) X=1 waste=0: (4,3)-(5,5)
    row 3 u 2 (mod) X=0 waste=0: (5,3)-(6,5)
    row 3 u 3 (mod) X=0 waste=0: (6,3)-(8,4) (6,3)-(7,5)
    row 4 u -1 (ghost) X=0 waste=0: (2,4)-(4,5)
    row 4 u 0 (mod) X=0 waste=0: (3,4)-(5,5)
    row 4 u 1 (mod) X=1 waste=0: (4,4)-(6,5)
    row 4 u 3 (mod) X=0 waste=0: (6,4)-(7,6)
    row 4 u 4 (ghost) X=0 waste=0: (7,4)-(8,6)
    row 5 u -1 (ghost) X=0 waste=0: (3,5)-(5,6)
    row 5 u 0 (mod) X=0 waste=0: (4,5)-(6,6)
    row 5 u 3 (mod) X=0 waste=0: (7,5)-(8,7)
    row 5 u 4 (ghost) X=0 waste=0: (8,5)-(9,7)
    row 5 u 6 (ghost) X=0 waste=4:
    row 6 u -1 (ghost) X=0 waste=0: (4,6)-(6,7)
    row 6 u 0 (mod) X=0 waste=0: (5,6)-(7,7)
    row 6 u 1 (mod) X=0 waste=0: (6,6)-(8,7)
    row 6 u 2 (mod) X=1 waste=0: (7,6)-(8,8)
    row 6 u 3 (mod) X=0 waste=0: (8,6)-(9,8)
    row 6 u 6 (ghost) X=0 waste=0: (11,6)-(9,7)
    row 7 u -2 (ghost) X=0 waste=0: (4,7)-(6,8)
    row 7 u -1 (ghost) X=0 waste=0: (5,7)-(7,8)
    row 7 u 0 (mod) X=0 waste=0: (6,7)-(8,8)
    row 7 u 1 (mod) X=1 waste=0: (7,7)-(9,8)
    row 7 u 4 (ghost) X=0 waste=0: (10,7)-(9,9)
 try mean 5/4 per row
RESULT A=3 WM=4 KM=1 nz lambda=1/1: min mean weight per row = 5/4 (CERTIFIED: no cycle below); per level (E units) = 5/8 = 0.6250  (201s)
total 201s
	Command being timed: "./wifc 3/4 4 1 nz 8 1 90000000"
	User time (seconds): 190.52
	System time (seconds): 10.40
	Percent of CPU this job got: 99%
	Elapsed (wall clock) time (h:mm:ss or m:ss): 3:21.01
	Average shared text size (kbytes): 0
	Average unshared data size (kbytes): 0
	Average stack size (kbytes): 0
	Average total size (kbytes): 0
	Maximum resident set size (kbytes): 2124236
	Average resident set size (kbytes): 0
	Major (requiring I/O) page faults: 0
	Minor (reclaiming a frame) page faults: 1329882
	Voluntary context switches: 1
	Involuntary context switches: 919
	Swaps: 0
	File system inputs: 0
	File system outputs: 64
	Socket messages sent: 0
	Socket messages received: 0
	Signals delivered: 0
	Page size (bytes): 4096
	Exit status: 0
exit=0
