shear 2/5 WM=4 KM=1 MODE=nz lambda=1/2: columns u in [-3,6], 59 slots, complete squares s in [-1,2], 2 cost squares per row
warm-up done: 571104 strict seed states, largest warm layer 7515904, 96s
  ... 4194304/5468923 states, 6519175 arcs, 108s
  ... 8388608/8877203 states, 11483957 arcs, 121s
  ... 12582912/13091578 states, 16094480 arcs, 130s
  ... 16777216/16923355 states, 21380334 arcs, 144s
  ... 20971520/21392400 states, 26569401 arcs, 154s
  ... 25165824/26771960 states, 33541142 arcs, 169s
states by warm level: strict 28955251, warm1 0, warm2 0, warm3 0
graph: states 28955251 arcs 37471392 (rejected: margin 66056913, psi 540520) 178s
== lambda 1/1
 try mean 8/1 per row
  cycle: 250 arcs, 25 rows, crossings 14, waste 29, weight 28 -> mean 28/25
    (cycle starts at row phase 4; board x = u + floor(2*(phase+row)/5) - floor(2*phase/5))
    row 0 u -1 (ghost) X=0 waste=0: (-1,0)-(1,1)
    row 0 u 1 (mod) X=1 waste=0: (1,0)-(3,1) (1,0)-(2,2)
    row 0 u 3 (mod) X=0 waste=0: (3,0)-(5,1) (3,0)-(4,2)
    row 1 u -1 (ghost) X=0 waste=0: (0,1)-(2,2) (0,1)-(1,3)
    row 1 u 1 (mod) X=0 waste=0: (2,1)-(4,2)
    row 1 u 3 (mod) X=0 waste=0: (4,1)-(6,2) (4,1)-(5,3)
    row 1 u 6 (ghost) X=0 waste=2:
    row 2 u -2 (ghost) X=0 waste=0: (-1,2)-(1,3)
    row 2 u 0 (mod) X=0 waste=0: (1,2)-(3,3) (1,2)-(2,4)
    row 2 u 2 (mod) X=0 waste=0: (3,2)-(5,3) (3,2)-(4,4)
    row 2 u 6 (ghost) X=0 waste=2:
    row 3 u -1 (ghost) X=0 waste=0: (0,3)-(2,4)
    row 3 u 1 (mod) X=0 waste=0: (2,3)-(4,4) (2,3)-(3,5)
    row 3 u 2 (mod) X=1 waste=0: (3,3)-(4,5)
    row 3 u 3 (mod) X=0 waste=0: (4,3)-(6,4) (4,3)-(5,5)
    row 4 u -2 (ghost) X=0 waste=0: (0,4)-(2,5)
    row 4 u -1 (ghost) X=0 waste=0: (1,4)-(3,5)
    row 4 u 1 (mod) X=1 waste=0: (3,4)-(5,5) (3,4)-(4,6)
    row 4 u 3 (mod) X=0 waste=0: (5,4)-(7,5) (5,4)-(6,6)
    row 5 u -1 (ghost) X=0 waste=0: (1,5)-(3,6)
    row 5 u 0 (mod) X=0 waste=0: (2,5)-(4,6)
    row 5 u 2 (mod) X=0 waste=0: (4,5)-(6,6)
    row 5 u 6 (ghost) X=0 waste=2:
    row 6 u -2 (ghost) X=0 waste=0: (1,6)-(3,7)
    row 6 u -1 (ghost) X=0 waste=0: (2,6)-(4,7)
    row 6 u 0 (mod) X=0 waste=0: (3,6)-(5,7)
    row 6 u 2 (mod) X=0 waste=0: (5,6)-(7,7) (5,6)-(6,8)
    row 6 u 6 (ghost) X=0 waste=2:
    row 7 u -2 (ghost) X=0 waste=0: (1,7)-(3,8)
    row 7 u -1 (ghost) X=0 waste=0: (2,7)-(4,8)
    row 7 u 0 (mod) X=0 waste=0: (3,7)-(5,8)
    row 7 u 1 (mod) X=1 waste=0: (4,7)-(5,9)
    row 7 u 2 (mod) X=0 waste=0: (5,7)-(6,9)
    row 7 u 3 (mod) X=0 waste=0: (6,7)-(8,8) (6,7)-(7,9)
    row 7 u 6 (ghost) X=0 waste=2:
    row 8 u -1 (ghost) X=0 waste=0: (2,8)-(4,9)
    row 8 u 0 (mod) X=0 waste=0: (3,8)-(5,9)
    row 8 u 1 (mod) X=1 waste=0: (4,8)-(5,10)
    row 8 u 2 (mod) X=0 waste=0: (5,8)-(6,10)
    row 8 u 3 (mod) X=0 waste=0: (6,8)-(7,10)
    row 9 u -1 (ghost) X=0 waste=0: (3,9)-(5,10)
    row 9 u 0 (mod) X=1 waste=1: (4,9)-(2,10)
    row 9 u 2 (mod) X=0 waste=0: (6,9)-(7,11)
    row 9 u 3 (mod) X=0 waste=0: (7,9)-(8,11)
    row 9 u 6 (ghost) X=0 waste=2:
    row 10 u 0 (mod) X=0 waste=0: (4,10)-(6,11) (4,10)-(5,12)
    row 10 u 2 (mod) X=0 waste=0: (6,10)-(7,12)
    row 10 u 3 (mod) X=0 waste=0: (7,10)-(8,12)
    row 10 u 6 (ghost) X=0 waste=2:
    row 11 u -2 (ghost) X=0 waste=0: (3,11)-(5,12)
    row 11 u 0 (mod) X=0 waste=0: (5,11)-(7,12) (5,11)-(6,13)
    row 11 u 1 (mod) X=1 waste=0: (6,11)-(7,13)
    row 11 u 2 (mod) X=0 waste=0: (7,11)-(8,13)
    row 11 u 3 (mod) X=0 waste=0: (8,11)-(9,13)
    row 12 u -1 (ghost) X=0 waste=0: (4,12)-(6,13)
    row 12 u 1 (mod) X=1 waste=0: (6,12)-(8,13) (6,12)-(7,14)
    row 12 u 3 (mod) X=0 waste=0: (8,12)-(9,14)
    row 13 u 0 (mod) X=0 waste=0: (5,13)-(7,14) (5,13)-(6,15)
    row 13 u 2 (mod) X=0 waste=0: (7,13)-(9,14)
    row 13 u 6 (ghost) X=0 waste=2:
    row 14 u -2 (ghost) X=0 waste=0: (4,14)-(6,15)
    row 14 u 0 (mod) X=0 waste=0: (6,14)-(8,15) (6,14)-(7,16)
    row 14 u 2 (mod) X=0 waste=0: (8,14)-(10,15) (8,14)-(9,16)
    row 14 u 6 (ghost) X=0 waste=2:
    row 15 u -1 (ghost) X=0 waste=0: (5,15)-(7,16)
    row 15 u 1 (mod) X=0 waste=0: (7,15)-(9,16) (7,15)-(8,17)
    row 15 u 2 (mod) X=1 waste=0: (8,15)-(9,17)
    row 15 u 3 (mod) X=0 waste=0: (9,15)-(11,16) (9,15)-(10,17)
    row 16 u -2 (ghost) X=0 waste=0: (5,16)-(7,17)
    row 16 u -1 (ghost) X=0 waste=0: (6,16)-(8,17)
    row 16 u 1 (mod) X=1 waste=0: (8,16)-(10,17) (8,16)-(9,18)
    row 16 u 3 (mod) X=0 waste=0: (10,16)-(12,17) (10,16)-(11,18)
    row 17 u -2 (ghost) X=0 waste=0: (5,17)-(7,18)
    row 17 u -1 (ghost) X=0 waste=0: (6,17)-(8,18)
    row 17 u 0 (mod) X=0 waste=0: (7,17)-(9,18)
    row 17 u 2 (mod) X=0 waste=0: (9,17)-(11,18)
    row 17 u 6 (ghost) X=0 waste=2:
    row 18 u -1 (ghost) X=0 waste=0: (6,18)-(8,19)
    row 18 u 0 (mod) X=0 waste=0: (7,18)-(9,19)
    row 18 u 1 (mod) X=0 waste=0: (8,18)-(10,19)
    row 18 u 3 (mod) X=0 waste=0: (10,18)-(12,19) (10,18)-(11,20)
    row 18 u 6 (ghost) X=0 waste=2:
    row 19 u -1 (ghost) X=0 waste=0: (7,19)-(9,20)
    row 19 u 0 (mod) X=0 waste=0: (8,19)-(10,20)
    row 19 u 1 (mod) X=1 waste=0: (9,19)-(10,21)
    row 19 u 2 (mod) X=0 waste=0: (10,19)-(11,21)
    row 19 u 3 (mod) X=0 waste=0: (11,19)-(13,20) (11,19)-(12,21)
    row 19 u 6 (ghost) X=0 waste=2:
    row 20 u 0 (mod) X=0 waste=0: (8,20)-(10,21) (8,20)-(9,22)
    row 20 u 1 (mod) X=1 waste=0: (9,20)-(10,22)
    row 20 u 2 (mod) X=0 waste=0: (10,20)-(11,22)
    row 20 u 3 (mod) X=0 waste=0: (11,20)-(12,22)
    row 21 u -2 (ghost) X=0 waste=0: (7,21)-(9,22)
    row 21 u 0 (mod) X=1 waste=0: (9,21)-(11,22) (9,21)-(10,23)
    row 21 u 2 (mod) X=0 waste=0: (11,21)-(12,23)
    row 21 u 3 (mod) X=0 waste=0: (12,21)-(13,23)
    row 22 u -1 (ghost) X=0 waste=0: (8,22)-(10,23)
    row 22 u 1 (mod) X=0 waste=0: (10,22)-(12,23)
    row 22 u 3 (mod) X=0 waste=0: (12,22)-(13,24)
    row 22 u 6 (ghost) X=0 waste=2:
    row 23 u 0 (mod) X=0 waste=0: (9,23)-(11,24) (9,23)-(10,25)
    row 23 u 2 (mod) X=0 waste=0: (11,23)-(13,24) (11,23)-(12,25)
    row 23 u 6 (ghost) X=0 waste=2:
    row 24 u -2 (ghost) X=0 waste=0: (8,24)-(10,25)
    row 24 u 0 (mod) X=0 waste=0: (10,24)-(12,25) (10,24)-(11,26)
    row 24 u 1 (mod) X=1 waste=0: (11,24)-(12,26)
    row 24 u 2 (mod) X=0 waste=0: (12,24)-(14,25) (12,24)-(13,26)
 try mean 28/25 per row
  cycle: 300 arcs, 30 rows, crossings 16, waste 32, weight 32 -> mean 32/30
    (cycle starts at row phase 2; board x = u + floor(2*(phase+row)/5) - floor(2*phase/5))
    row 0 u 0 (mod) X=0 waste=0: (0,0)-(2,1) (0,0)-(1,2)
    row 0 u 2 (mod) X=0 waste=0: (2,0)-(4,1)
    row 0 u 6 (ghost) X=0 waste=2:
    row 1 u -2 (ghost) X=0 waste=0: (-1,1)-(1,2)
    row 1 u 0 (mod) X=0 waste=0: (1,1)-(3,2) (1,1)-(2,3)
    row 1 u 2 (mod) X=0 waste=0: (3,1)-(5,2) (3,1)-(4,3)
    row 1 u 6 (ghost) X=0 waste=2:
    row 2 u -1 (ghost) X=0 waste=0: (0,2)-(2,3)
    row 2 u 1 (mod) X=0 waste=0: (2,2)-(4,3) (2,2)-(3,4)
    row 2 u 2 (mod) X=1 waste=0: (3,2)-(4,4)
    row 2 u 3 (mod) X=0 waste=0: (4,2)-(6,3) (4,2)-(5,4)
    row 3 u -2 (ghost) X=0 waste=0: (0,3)-(2,4)
    row 3 u -1 (ghost) X=0 waste=0: (1,3)-(3,4)
    row 3 u 1 (mod) X=1 waste=0: (3,3)-(5,4) (3,3)-(4,5)
    row 3 u 3 (mod) X=0 waste=0: (5,3)-(7,4) (5,3)-(6,5)
    row 4 u -2 (ghost) X=0 waste=0: (0,4)-(2,5)
    row 4 u -1 (ghost) X=0 waste=0: (1,4)-(3,5)
    row 4 u 0 (mod) X=0 waste=0: (2,4)-(4,5)
    row 4 u 2 (mod) X=0 waste=0: (4,4)-(6,5)
    row 4 u 6 (ghost) X=0 waste=2:
    row 5 u -1 (ghost) X=0 waste=0: (1,5)-(3,6)
    row 5 u 0 (mod) X=0 waste=0: (2,5)-(4,6)
    row 5 u 1 (mod) X=0 waste=0: (3,5)-(5,6)
    row 5 u 3 (mod) X=0 waste=0: (5,5)-(7,6) (5,5)-(6,7)
    row 5 u 6 (ghost) X=0 waste=2:
    row 6 u -1 (ghost) X=0 waste=0: (2,6)-(4,7)
    row 6 u 0 (mod) X=0 waste=0: (3,6)-(5,7)
    row 6 u 1 (mod) X=1 waste=0: (4,6)-(5,8)
    row 6 u 2 (mod) X=0 waste=0: (5,6)-(6,8)
    row 6 u 3 (mod) X=0 waste=0: (6,6)-(8,7) (6,6)-(7,8)
    row 6 u 6 (ghost) X=0 waste=2:
    row 7 u 0 (mod) X=0 waste=0: (3,7)-(5,8) (3,7)-(4,9)
    row 7 u 1 (mod) X=1 waste=0: (4,7)-(5,9)
    row 7 u 2 (mod) X=0 waste=0: (5,7)-(6,9)
    row 7 u 3 (mod) X=0 waste=0: (6,7)-(7,9)
    row 8 u -2 (ghost) X=0 waste=0: (2,8)-(4,9)
    row 8 u 0 (mod) X=1 waste=0: (4,8)-(6,9) (4,8)-(5,10)
    row 8 u 2 (mod) X=0 waste=0: (6,8)-(7,10)
    row 8 u 3 (mod) X=0 waste=0: (7,8)-(8,10)
    row 9 u -1 (ghost) X=0 waste=0: (3,9)-(5,10)
    row 9 u 1 (mod) X=0 waste=0: (5,9)-(7,10)
    row 9 u 3 (mod) X=0 waste=0: (7,9)-(8,11)
    row 9 u 6 (ghost) X=0 waste=2:
    row 10 u 0 (mod) X=0 waste=0: (4,10)-(6,11) (4,10)-(5,12)
    row 10 u 2 (mod) X=0 waste=0: (6,10)-(8,11) (6,10)-(7,12)
    row 10 u 6 (ghost) X=0 waste=2:
    row 11 u -2 (ghost) X=0 waste=0: (3,11)-(5,12)
    row 11 u 0 (mod) X=0 waste=0: (5,11)-(7,12) (5,11)-(6,13)
    row 11 u 1 (mod) X=1 waste=0: (6,11)-(7,13)
    row 11 u 2 (mod) X=0 waste=0: (7,11)-(9,12) (7,11)-(8,13)
    row 12 u -1 (ghost) X=0 waste=0: (4,12)-(6,13)
    row 12 u 1 (mod) X=1 waste=0: (6,12)-(8,13) (6,12)-(7,14)
    row 12 u 3 (mod) X=0 waste=0: (8,12)-(10,13) (8,12)-(9,14)
    row 13 u -1 (ghost) X=0 waste=0: (5,13)-(7,14) (5,13)-(6,15)
    row 13 u 1 (mod) X=0 waste=0: (7,13)-(9,14)
    row 13 u 3 (mod) X=0 waste=0: (9,13)-(11,14) (9,13)-(10,15)
    row 13 u 6 (ghost) X=0 waste=2:
    row 14 u -2 (ghost) X=0 waste=0: (4,14)-(6,15)
    row 14 u 0 (mod) X=0 waste=0: (6,14)-(8,15) (6,14)-(7,16)
    row 14 u 2 (mod) X=0 waste=0: (8,14)-(10,15) (8,14)-(9,16)
    row 14 u 6 (ghost) X=0 waste=2:
    row 15 u -1 (ghost) X=0 waste=0: (5,15)-(7,16)
    row 15 u 1 (mod) X=0 waste=0: (7,15)-(9,16) (7,15)-(8,17)
    row 15 u 2 (mod) X=1 waste=0: (8,15)-(9,17)
    row 15 u 3 (mod) X=0 waste=0: (9,15)-(11,16) (9,15)-(10,17)
    row 16 u -1 (ghost) X=0 waste=0: (6,16)-(8,17)
    row 16 u 1 (mod) X=1 waste=0: (8,16)-(10,17) (8,16)-(9,18)
    row 16 u 3 (mod) X=0 waste=0: (10,16)-(12,17) (10,16)-(11,18)
    row 17 u 0 (mod) X=0 waste=0: (7,17)-(9,18) (7,17)-(8,19)
    row 17 u 2 (mod) X=0 waste=0: (9,17)-(11,18)
    row 17 u 6 (ghost) X=0 waste=2:
    row 18 u -1 (ghost) X=0 waste=0: (7,18)-(8,20)
    row 18 u 0 (mod) X=0 waste=0: (8,18)-(10,19) (8,18)-(9,20)
    row 18 u 2 (mod) X=0 waste=0: (10,18)-(12,19) (10,18)-(11,20)
    row 18 u 6 (ghost) X=0 waste=2:
    row 19 u 0 (mod) X=0 waste=0: (8,19)-(9,21)
    row 19 u 1 (mod) X=0 waste=0: (9,19)-(11,20) (9,19)-(10,21)
    row 19 u 2 (mod) X=1 waste=0: (10,19)-(11,21)
    row 19 u 3 (mod) X=0 waste=0: (11,19)-(13,20) (11,19)-(12,21)
    row 20 u 0 (mod) X=0 waste=0: (8,20)-(9,22)
    row 20 u 1 (mod) X=0 waste=0: (9,20)-(10,22)
    row 20 u 2 (mod) X=1 waste=0: (10,20)-(12,21) (10,20)-(11,22)
    row 21 u -2 (ghost) X=0 waste=0: (7,21)-(9,22)
    row 21 u 0 (mod) X=0 waste=0: (9,21)-(10,23)
    row 21 u 1 (mod) X=1 waste=0: (10,21)-(12,22)
    row 21 u 2 (mod) X=0 waste=0: (11,21)-(13,22)
    row 21 u 6 (ghost) X=0 waste=2:
    row 22 u -1 (ghost) X=0 waste=0: (8,22)-(10,23)
    row 22 u 1 (mod) X=0 waste=0: (10,22)-(12,23)
    row 22 u 2 (mod) X=0 waste=0: (11,22)-(13,23)
    row 22 u 3 (mod) X=0 waste=0: (12,22)-(14,23)
    row 22 u 6 (ghost) X=0 waste=2:
    row 23 u -1 (ghost) X=0 waste=0: (9,23)-(11,24) (9,23)-(10,25)
    row 23 u 1 (mod) X=0 waste=0: (11,23)-(13,24) (11,23)-(12,25)
    row 23 u 2 (mod) X=0 waste=0: (12,23)-(14,24)
    row 23 u 3 (mod) X=0 waste=0: (13,23)-(15,24)
    row 23 u 6 (ghost) X=0 waste=2:
    row 24 u -2 (ghost) X=0 waste=0: (8,24)-(10,25)
    row 24 u 0 (mod) X=0 waste=0: (10,24)-(12,25) (10,24)-(11,26)
    row 24 u 1 (mod) X=1 waste=0: (11,24)-(12,26)
    row 24 u 2 (mod) X=0 waste=0: (12,24)-(14,25) (12,24)-(13,26)
    row 24 u 3 (mod) X=0 waste=0: (13,24)-(15,25)
    row 25 u -1 (ghost) X=0 waste=0: (9,25)-(11,26)
    row 25 u 1 (mod) X=1 waste=0: (11,25)-(13,26) (11,25)-(12,27)
    row 25 u 3 (mod) X=0 waste=0: (13,25)-(15,26) (13,25)-(14,27)
    row 26 u -1 (ghost) X=0 waste=0: (10,26)-(12,27)
    row 26 u 1 (mod) X=0 waste=0: (12,26)-(14,27)
    row 26 u 3 (mod) X=0 waste=0: (14,26)-(16,27) (14,26)-(15,28)
    row 26 u 6 (ghost) X=0 waste=2:
    row 27 u 0 (mod) X=0 waste=0: (11,27)-(13,28) (11,27)-(12,29)
    row 27 u 2 (mod) X=0 waste=0: (13,27)-(15,28) (13,27)-(14,29)
    row 27 u 6 (ghost) X=0 waste=2:
    row 28 u -2 (ghost) X=0 waste=0: (10,28)-(12,29)
    row 28 u 0 (mod) X=0 waste=0: (12,28)-(14,29) (12,28)-(13,30)
    row 28 u 1 (mod) X=1 waste=0: (13,28)-(14,30)
    row 28 u 2 (mod) X=0 waste=0: (14,28)-(16,29) (14,28)-(15,30)
    row 29 u -1 (ghost) X=0 waste=0: (11,29)-(13,30)
    row 29 u 1 (mod) X=1 waste=0: (13,29)-(15,30) (13,29)-(14,31)
    row 29 u 3 (mod) X=0 waste=0: (15,29)-(17,30) (15,29)-(16,31)
 try mean 16/15 per row
RESULT A=2 WM=4 KM=1 nz lambda=1/1: min mean weight per row = 16/15 (CERTIFIED: no cycle below); per level (E units) = 16/30 = 0.5333  (185s)
total 185s
	Command being timed: "./wifc 2/5 4 1 nz 8 1 90000000"
	User time (seconds): 174.43
	System time (seconds): 10.90
	Percent of CPU this job got: 99%
	Elapsed (wall clock) time (h:mm:ss or m:ss): 3:05.38
	Average shared text size (kbytes): 0
	Average unshared data size (kbytes): 0
	Average stack size (kbytes): 0
	Average total size (kbytes): 0
	Maximum resident set size (kbytes): 1678912
	Average resident set size (kbytes): 0
	Major (requiring I/O) page faults: 1
	Minor (reclaiming a frame) page faults: 1232774
	Voluntary context switches: 2
	Involuntary context switches: 1027
	Swaps: 0
	File system inputs: 24
	File system outputs: 88
	Socket messages sent: 0
	Socket messages received: 0
	Signals delivered: 0
	Page size (bytes): 4096
	Exit status: 0
exit=0
