shear 3/5 WM=4 KM=1 MODE=nz lambda=1/2: columns u in [-3,6], 62 slots, complete squares s in [0,2], 1 cost squares per row
warm-up done: 501888 strict seed states, largest warm layer 3310016, 45s
  ... 4194304/7137021 states, 8373156 arcs, 59s
  ... 8388608/8880042 states, 10539133 arcs, 66s
  ... 12582912/12929855 states, 16187577 arcs, 80s
  ... 16777216/19104935 states, 23161015 arcs, 97s
  ... 20971520/21439406 states, 26425805 arcs, 107s
  ... 25165824/25343467 states, 30561225 arcs, 116s
states by warm level: strict 28394118, warm1 0, warm2 0, warm3 0
graph: states 28394118 arcs 34978756 (rejected: margin 53412876, psi 885156) 127s
== lambda 1/1
 try mean 8/1 per row
  cycle: 50 arcs, 5 rows, crossings 3, waste 6, weight 6 -> mean 6/5
    (cycle starts at row phase 3; board x = u + floor(3*(phase+row)/5) - floor(3*phase/5))
    row 0 u -1 (ghost) X=0 waste=0: (-1,0)-(1,1)
    row 0 u 0 (mod) X=0 waste=0: (0,0)-(2,1)
    row 0 u 1 (mod) X=0 waste=0: (1,0)-(3,1)
    row 0 u 4 (ghost) X=0 waste=0: (4,0)-(3,2)
    row 0 u 6 (ghost) X=0 waste=2:
    row 1 u -1 (ghost) X=0 waste=0: (0,1)-(2,2)
    row 1 u 0 (mod) X=0 waste=0: (1,1)-(3,2)
    row 1 u 1 (mod) X=1 waste=1: (2,1)-(4,2)
    row 1 u 3 (mod) X=0 waste=0: (4,1)-(6,2) (4,1)-(5,3)
    row 1 u 6 (ghost) X=0 waste=1:
    row 2 u -2 (ghost) X=0 waste=0: (0,2)-(2,3)
    row 2 u -1 (ghost) X=0 waste=0: (1,2)-(3,3)
    row 2 u 0 (mod) X=0 waste=0: (2,2)-(4,3)
    row 2 u 2 (mod) X=0 waste=0: (4,2)-(5,4)
    row 2 u 3 (mod) X=0 waste=0: (5,2)-(7,3) (5,2)-(6,4)
    row 2 u 6 (ghost) X=0 waste=2:
    row 3 u -1 (ghost) X=0 waste=0: (1,3)-(3,4)
    row 3 u 0 (mod) X=0 waste=0: (2,3)-(4,4)
    row 3 u 1 (mod) X=0 waste=0: (3,3)-(5,4)
    row 3 u 2 (mod) X=1 waste=0: (4,3)-(5,5)
    row 3 u 3 (mod) X=0 waste=0: (5,3)-(6,5)
    row 3 u 6 (ghost) X=0 waste=0: (8,3)-(6,4)
    row 4 u -2 (ghost) X=0 waste=0: (1,4)-(3,5)
    row 4 u -1 (ghost) X=0 waste=0: (2,4)-(4,5)
    row 4 u 0 (mod) X=0 waste=0: (3,4)-(5,5)
    row 4 u 1 (mod) X=1 waste=0: (4,4)-(6,5)
    row 4 u 4 (ghost) X=0 waste=0: (7,4)-(6,6)
 try mean 6/5 per row
RESULT A=3 WM=4 KM=1 nz lambda=1/1: min mean weight per row = 6/5 (CERTIFIED: no cycle below); per level (E units) = 6/10 = 0.6000  (131s)
total 131s
	Command being timed: "./wifc 3/5 4 1 nz 8 1 90000000"
	User time (seconds): 123.09
	System time (seconds): 8.58
	Percent of CPU this job got: 99%
	Elapsed (wall clock) time (h:mm:ss or m:ss): 2:11.70
	Average shared text size (kbytes): 0
	Average unshared data size (kbytes): 0
	Average stack size (kbytes): 0
	Average total size (kbytes): 0
	Maximum resident set size (kbytes): 1627388
	Average resident set size (kbytes): 0
	Major (requiring I/O) page faults: 0
	Minor (reclaiming a frame) page faults: 890745
	Voluntary context switches: 1
	Involuntary context switches: 408
	Swaps: 0
	File system inputs: 0
	File system outputs: 48
	Socket messages sent: 0
	Socket messages received: 0
	Signals delivered: 0
	Page size (bytes): 4096
	Exit status: 0
exit=0
