shear 1/4 WM=4 KM=1 MODE=nz lambda=1/2: columns u in [-3,6], 59 slots, complete squares s in [-1,2], 2 cost squares per row
warm-up done: 391778 strict seed states, largest warm layer 8553073, 88s
  ... 4194304/5424516 states, 7139866 arcs, 101s
  ... 8388608/10939636 states, 14618282 arcs, 115s
  ... 12582912/13554441 states, 18824399 arcs, 124s
  ... 16777216/18191141 states, 24647812 arcs, 141s
  ... 20971520/21587777 states, 29464136 arcs, 153s
  ... 25165824/26962008 states, 35824639 arcs, 165s
  ... 29360128/30651379 states, 40694719 arcs, 175s
  ... 33554432/35441213 states, 47223609 arcs, 194s
states by warm level: strict 36067203, warm1 0, warm2 0, warm3 0
graph: states 36067203 arcs 48588871 (rejected: margin 65451973, psi 380492) 197s
== lambda 1/1
 try mean 8/1 per row
  cycle: 80 arcs, 8 rows, crossings 6, waste 16, weight 12 -> mean 12/8
    (cycle starts at row phase 3; board x = u + floor(1*(phase+row)/4) - floor(1*phase/4))
    row 0 u -1 (ghost) X=0 waste=0: (-1,0)-(1,1)
    row 0 u 0 (mod) X=0 waste=0: (0,0)-(2,1)
    row 0 u 2 (mod) X=0 waste=0: (2,0)-(4,1)
    row 0 u 3 (mod) X=0 waste=0: (3,0)-(5,1)
    row 0 u 6 (ghost) X=0 waste=2:
    row 1 u -2 (ghost) X=0 waste=0: (-1,1)-(1,2)
    row 1 u -1 (ghost) X=0 waste=0: (0,1)-(2,2)
    row 1 u 0 (mod) X=0 waste=0: (1,1)-(3,2)
    row 1 u 2 (mod) X=0 waste=0: (3,1)-(5,2) (3,1)-(4,3)
    row 1 u 3 (mod) X=0 waste=0: (4,1)-(6,2)
    row 1 u 6 (ghost) X=0 waste=2:
    row 2 u -2 (ghost) X=0 waste=0: (-1,2)-(1,3)
    row 2 u -1 (ghost) X=0 waste=0: (0,2)-(2,3)
    row 2 u 0 (mod) X=1 waste=0: (1,2)-(2,4)
    row 2 u 1 (mod) X=0 waste=0: (2,2)-(3,4)
    row 2 u 2 (mod) X=0 waste=0: (3,2)-(4,4)
    row 2 u 3 (mod) X=0 waste=0: (4,2)-(6,3) (4,2)-(5,4)
    row 2 u 6 (ghost) X=0 waste=4:
    row 3 u 0 (mod) X=0 waste=0: (1,3)-(2,5)
    row 3 u 1 (mod) X=0 waste=0: (2,3)-(3,5)
    row 3 u 2 (mod) X=2 waste=1: (3,3)-(4,5) (3,3)-(2,5)
    row 3 u 3 (mod) X=0 waste=0: (4,3)-(5,5)
    row 4 u 0 (mod) X=0 waste=0: (1,4)-(-1,5) (1,4)-(2,6)
    row 4 u 1 (mod) X=1 waste=1: (2,4)-(3,6)
    row 4 u 2 (mod) X=0 waste=0: (3,4)-(4,6)
    row 4 u 3 (mod) X=0 waste=0: (4,4)-(5,6)
    row 5 u -1 (ghost) X=0 waste=0: (1,5)-(2,7)
    row 5 u 1 (mod) X=0 waste=0: (3,5)-(4,7)
    row 5 u 2 (mod) X=0 waste=0: (4,5)-(5,7)
    row 5 u 3 (mod) X=0 waste=0: (5,5)-(7,6)
    row 5 u 6 (ghost) X=0 waste=2:
    row 6 u -2 (ghost) X=0 waste=0: (0,6)-(2,7)
    row 6 u 0 (mod) X=0 waste=0: (2,6)-(3,8)
    row 6 u 1 (mod) X=0 waste=0: (3,6)-(4,8)
    row 6 u 2 (mod) X=1 waste=0: (4,6)-(6,7)
    row 6 u 3 (mod) X=0 waste=0: (5,6)-(7,7)
    row 6 u 6 (ghost) X=0 waste=4:
    row 7 u -2 (ghost) X=0 waste=0: (0,7)-(2,8)
    row 7 u -1 (ghost) X=0 waste=0: (1,7)-(3,8)
    row 7 u 1 (mod) X=1 waste=0: (3,7)-(5,8) (3,7)-(4,9)
    row 7 u 2 (mod) X=0 waste=0: (4,7)-(6,8)
    row 7 u 3 (mod) X=0 waste=0: (5,7)-(7,8)
 try mean 3/2 per row
  cycle: 80 arcs, 8 rows, crossings 5, waste 10, weight 10 -> mean 10/8
    (cycle starts at row phase 3; board x = u + floor(1*(phase+row)/4) - floor(1*phase/4))
    row 0 u 0 (mod) X=0 waste=0: (0,0)-(1,2)
    row 0 u 1 (mod) X=0 waste=0: (1,0)-(3,1) (1,0)-(2,2)
    row 0 u 3 (mod) X=0 waste=0: (3,0)-(5,1) (3,0)-(4,2)
    row 0 u 6 (ghost) X=0 waste=2:
    row 1 u -1 (ghost) X=0 waste=0: (0,1)-(1,3)
    row 1 u 0 (mod) X=0 waste=0: (1,1)-(2,3)
    row 1 u 1 (mod) X=0 waste=0: (2,1)-(4,2) (2,1)-(3,3)
    row 1 u 2 (mod) X=2 waste=1: (3,1)-(2,3)
    row 1 u 3 (mod) X=0 waste=0: (4,1)-(6,2) (4,1)-(5,3)
    row 2 u -2 (ghost) X=0 waste=0: (-1,2)-(1,3)
    row 2 u 0 (mod) X=0 waste=0: (1,2)-(2,4)
    row 2 u 1 (mod) X=1 waste=1: (2,2)-(3,4)
    row 2 u 2 (mod) X=0 waste=0: (3,2)-(5,3) (3,2)-(4,4)
    row 3 u -1 (ghost) X=0 waste=0: (0,3)-(2,4)
    row 3 u 2 (mod) X=0 waste=0: (3,3)-(4,5)
    row 3 u 3 (mod) X=0 waste=0: (4,3)-(6,4) (4,3)-(5,5)
    row 3 u 6 (ghost) X=0 waste=2:
    row 4 u 0 (mod) X=0 waste=0: (1,4)-(3,5) (1,4)-(2,6)
    row 4 u 2 (mod) X=0 waste=0: (3,4)-(4,6)
    row 4 u 3 (mod) X=0 waste=0: (4,4)-(5,6)
    row 4 u 6 (ghost) X=0 waste=2:
    row 5 u -2 (ghost) X=0 waste=0: (0,5)-(2,6)
    row 5 u 0 (mod) X=0 waste=0: (2,5)-(4,6) (2,5)-(3,7)
    row 5 u 1 (mod) X=1 waste=0: (3,5)-(4,7)
    row 5 u 2 (mod) X=0 waste=0: (4,5)-(5,7)
    row 5 u 3 (mod) X=0 waste=0: (5,5)-(6,7)
    row 6 u -1 (ghost) X=0 waste=0: (1,6)-(3,7) (1,6)-(2,8)
    row 6 u 1 (mod) X=1 waste=0: (3,6)-(5,7) (3,6)-(4,8)
    row 6 u 3 (mod) X=0 waste=0: (5,6)-(6,8)
    row 7 u 0 (mod) X=0 waste=0: (2,7)-(4,8) (2,7)-(3,9)
    row 7 u 2 (mod) X=0 waste=0: (4,7)-(6,8)
    row 7 u 6 (ghost) X=0 waste=2:
 try mean 5/4 per row
  cycle: 240 arcs, 24 rows, crossings 14, waste 28, weight 28 -> mean 28/24
    (cycle starts at row phase 3; board x = u + floor(1*(phase+row)/4) - floor(1*phase/4))
    row 0 u -1 (ghost) X=0 waste=0: (-1,0)-(1,1)
    row 0 u 1 (mod) X=0 waste=0: (1,0)-(3,1) (1,0)-(2,2)
    row 0 u 2 (mod) X=1 waste=0: (2,0)-(3,2)
    row 0 u 3 (mod) X=0 waste=0: (3,0)-(5,1) (3,0)-(4,2)
    row 1 u -2 (ghost) X=0 waste=0: (-1,1)-(1,2)
    row 1 u -1 (ghost) X=0 waste=0: (0,1)-(2,2)
    row 1 u 1 (mod) X=1 waste=0: (2,1)-(4,2) (2,1)-(3,3)
    row 1 u 3 (mod) X=0 waste=0: (4,1)-(6,2) (4,1)-(5,3)
    row 2 u -2 (ghost) X=0 waste=0: (-1,2)-(1,3)
    row 2 u -1 (ghost) X=0 waste=0: (0,2)-(2,3)
    row 2 u 0 (mod) X=0 waste=0: (1,2)-(3,3)
    row 2 u 2 (mod) X=0 waste=0: (3,2)-(5,3)
    row 2 u 6 (ghost) X=0 waste=2:
    row 3 u -1 (ghost) X=0 waste=0: (0,3)-(2,4)
    row 3 u 0 (mod) X=0 waste=0: (1,3)-(3,4)
    row 3 u 1 (mod) X=0 waste=0: (2,3)-(4,4)
    row 3 u 3 (mod) X=0 waste=0: (4,3)-(6,4) (4,3)-(5,5)
    row 3 u 6 (ghost) X=0 waste=2:
    row 4 u 0 (mod) X=0 waste=0: (1,4)-(3,5) (1,4)-(2,6)
    row 4 u 1 (mod) X=0 waste=0: (2,4)-(4,5)
    row 4 u 2 (mod) X=1 waste=0: (3,4)-(4,6)
    row 4 u 3 (mod) X=0 waste=0: (4,4)-(5,6)
    row 4 u 6 (ghost) X=0 waste=2:
    row 5 u -2 (ghost) X=0 waste=0: (0,5)-(2,6)
    row 5 u 0 (mod) X=0 waste=0: (2,5)-(4,6) (2,5)-(3,7)
    row 5 u 1 (mod) X=1 waste=0: (3,5)-(4,7)
    row 5 u 2 (mod) X=0 waste=0: (4,5)-(5,7)
    row 5 u 3 (mod) X=0 waste=0: (5,5)-(6,7)
    row 6 u -2 (ghost) X=0 waste=0: (0,6)-(2,7)
    row 6 u -1 (ghost) X=0 waste=0: (1,6)-(3,7)
    row 6 u 1 (mod) X=1 waste=0: (3,6)-(5,7) (3,6)-(4,8)
    row 6 u 3 (mod) X=0 waste=0: (5,6)-(6,8)
    row 7 u -2 (ghost) X=0 waste=0: (0,7)-(2,8)
    row 7 u -1 (ghost) X=0 waste=0: (1,7)-(3,8)
    row 7 u 0 (mod) X=0 waste=0: (2,7)-(4,8)
    row 7 u 2 (mod) X=0 waste=0: (4,7)-(6,8)
    row 7 u 6 (ghost) X=0 waste=2:
    row 8 u -1 (ghost) X=0 waste=0: (1,8)-(3,9)
    row 8 u 0 (mod) X=0 waste=0: (2,8)-(4,9)
    row 8 u 1 (mod) X=0 waste=0: (3,8)-(5,9)
    row 8 u 3 (mod) X=0 waste=0: (5,8)-(7,9) (5,8)-(6,10)
    row 8 u 6 (ghost) X=0 waste=2:
    row 9 u -1 (ghost) X=0 waste=0: (2,9)-(4,10) (2,9)-(3,11)
    row 9 u 0 (mod) X=0 waste=0: (3,9)-(5,10)
    row 9 u 1 (mod) X=1 waste=0: (4,9)-(5,11)
    row 9 u 2 (mod) X=0 waste=0: (5,9)-(6,11)
    row 9 u 3 (mod) X=0 waste=0: (6,9)-(8,10) (6,9)-(7,11)
    row 9 u 6 (ghost) X=0 waste=2:
    row 10 u -1 (ghost) X=0 waste=0: (2,10)-(3,12)
    row 10 u 0 (mod) X=0 waste=0: (3,10)-(5,11) (3,10)-(4,12)
    row 10 u 1 (mod) X=1 waste=0: (4,10)-(5,12)
    row 10 u 2 (mod) X=0 waste=0: (5,10)-(6,12)
    row 10 u 3 (mod) X=0 waste=0: (6,10)-(7,12)
    row 11 u 0 (mod) X=0 waste=0: (3,11)-(4,13)
    row 11 u 1 (mod) X=1 waste=0: (4,11)-(6,12) (4,11)-(5,13)
    row 11 u 3 (mod) X=0 waste=0: (6,11)-(7,13)
    row 12 u 0 (mod) X=0 waste=0: (3,12)-(4,14)
    row 12 u 1 (mod) X=1 waste=0: (4,12)-(6,13)
    row 12 u 2 (mod) X=0 waste=0: (5,12)-(7,13)
    row 12 u 6 (ghost) X=0 waste=2:
    row 13 u -2 (ghost) X=0 waste=0: (2,13)-(4,14)
    row 13 u 0 (mod) X=0 waste=0: (4,13)-(6,14)
    row 13 u 1 (mod) X=0 waste=0: (5,13)-(7,14)
    row 13 u 2 (mod) X=0 waste=0: (6,13)-(8,14)
    row 13 u 6 (ghost) X=0 waste=2:
    row 14 u -1 (ghost) X=0 waste=0: (3,14)-(5,15) (3,14)-(4,16)
    row 14 u 1 (mod) X=0 waste=0: (5,14)-(7,15) (5,14)-(6,16)
    row 14 u 2 (mod) X=0 waste=0: (6,14)-(8,15)
    row 14 u 3 (mod) X=0 waste=0: (7,14)-(9,15)
    row 14 u 6 (ghost) X=0 waste=2:
    row 15 u -2 (ghost) X=0 waste=0: (2,15)-(4,16)
    row 15 u 0 (mod) X=0 waste=0: (4,15)-(6,16) (4,15)-(5,17)
    row 15 u 1 (mod) X=1 waste=0: (5,15)-(6,17)
    row 15 u 2 (mod) X=0 waste=0: (6,15)-(8,16) (6,15)-(7,17)
    row 15 u 3 (mod) X=0 waste=0: (7,15)-(9,16)
    row 16 u -1 (ghost) X=0 waste=0: (3,16)-(5,17)
    row 16 u 1 (mod) X=1 waste=0: (5,16)-(7,17) (5,16)-(6,18)
    row 16 u 3 (mod) X=0 waste=0: (7,16)-(9,17) (7,16)-(8,18)
    row 17 u -1 (ghost) X=0 waste=0: (4,17)-(6,18) (4,17)-(5,19)
    row 17 u 1 (mod) X=0 waste=0: (6,17)-(8,18)
    row 17 u 3 (mod) X=0 waste=0: (8,17)-(10,18) (8,17)-(9,19)
    row 17 u 6 (ghost) X=0 waste=2:
    row 18 u -1 (ghost) X=0 waste=0: (4,18)-(5,20)
    row 18 u 0 (mod) X=0 waste=0: (5,18)-(7,19) (5,18)-(6,20)
    row 18 u 2 (mod) X=0 waste=0: (7,18)-(9,19) (7,18)-(8,20)
    row 18 u 6 (ghost) X=0 waste=2:
    row 19 u 0 (mod) X=0 waste=0: (5,19)-(6,21)
    row 19 u 1 (mod) X=0 waste=0: (6,19)-(8,20) (6,19)-(7,21)
    row 19 u 2 (mod) X=1 waste=0: (7,19)-(8,21)
    row 19 u 3 (mod) X=0 waste=0: (8,19)-(10,20) (8,19)-(9,21)
    row 20 u 0 (mod) X=0 waste=0: (5,20)-(6,22)
    row 20 u 1 (mod) X=0 waste=0: (6,20)-(7,22)
    row 20 u 2 (mod) X=1 waste=0: (7,20)-(9,21) (7,20)-(8,22)
    row 21 u -2 (ghost) X=0 waste=0: (4,21)-(6,22)
    row 21 u 0 (mod) X=0 waste=0: (6,21)-(7,23)
    row 21 u 1 (mod) X=1 waste=0: (7,21)-(9,22)
    row 21 u 2 (mod) X=0 waste=0: (8,21)-(10,22)
    row 21 u 6 (ghost) X=0 waste=2:
    row 22 u -1 (ghost) X=0 waste=0: (5,22)-(7,23) (5,22)-(6,24)
    row 22 u 1 (mod) X=0 waste=0: (7,22)-(9,23)
    row 22 u 2 (mod) X=0 waste=0: (8,22)-(10,23)
    row 22 u 3 (mod) X=0 waste=0: (9,22)-(11,23)
    row 22 u 6 (ghost) X=0 waste=2:
    row 23 u -2 (ghost) X=0 waste=0: (4,23)-(6,24)
    row 23 u 0 (mod) X=0 waste=0: (6,23)-(8,24) (6,23)-(7,25)
    row 23 u 2 (mod) X=0 waste=0: (8,23)-(10,24) (8,23)-(9,25)
    row 23 u 3 (mod) X=0 waste=0: (9,23)-(11,24)
    row 23 u 6 (ghost) X=0 waste=2:
 try mean 7/6 per row
RESULT A=1 WM=4 KM=1 nz lambda=1/1: min mean weight per row = 7/6 (CERTIFIED: no cycle below); per level (E units) = 7/12 = 0.5833  (206s)
total 206s
	Command being timed: "./wifc 1/4 4 1 nz 8 1 90000000"
	User time (seconds): 191.74
	System time (seconds): 14.89
	Percent of CPU this job got: 99%
	Elapsed (wall clock) time (h:mm:ss or m:ss): 3:26.69
	Average shared text size (kbytes): 0
	Average unshared data size (kbytes): 0
	Average stack size (kbytes): 0
	Average total size (kbytes): 0
	Maximum resident set size (kbytes): 2205744
	Average resident set size (kbytes): 0
	Major (requiring I/O) page faults: 0
	Minor (reclaiming a frame) page faults: 1565065
	Voluntary context switches: 2
	Involuntary context switches: 1176
	Swaps: 0
	File system inputs: 8
	File system outputs: 96
	Socket messages sent: 0
	Socket messages received: 0
	Signals delivered: 0
	Page size (bytes): 4096
	Exit status: 0
exit=0
