(1,2) band nz, margin-square word HV phases 0 0: 1/2 = 0.5000  (45s)
(1,2) band nz, margin-square word HV phases 0 1: 8/2 = 4.0000  (42s)
(1,2) band nz, margin-square word HV phases 1 1: 1/2 = 0.5000  (43s)
(1,2) band any, margin-square word HHVV phases 0 0: 0/2 = 0.0000  (46s)
(1,2) band nz, margin-square word HHVV phases 0 0: 8/2 = 4.0000  (43s)
(1,2) band nz, margin-square word HHVV phases 1 1: 8/2 = 4.0000  (43s)
(1,2) band nz, margin-square word HHVV phases 2 2: 8/2 = 4.0000  (41s)
(1,2) band nz, margin-square word HHVV phases 3 3: 8/2 = 4.0000  (49s)
(1,2) nz HHVV phases 0 1: 8/2 = 4.0000  (52s)
(1,2) nz HHVV phases 0 2: 8/2 = 4.0000  (48s)
(1,2) nz HHVV phases 0 3: 8/2 = 4.0000  (47s)
(1,2) nz HHVV phases 1 0: 8/2 = 4.0000  (44s)
(1,2) nz HHVV phases 1 2: 8/2 = 4.0000  (47s)
(1,2) nz HHVV phases 1 3: 8/2 = 4.0000  (44s)
(1,2) nz HHVV phases 2 0: 8/2 = 4.0000  (47s)
(1,2) nz HHVV phases 2 1: 8/2 = 4.0000  (46s)
(1,2) nz HHVV phases 2 3: 8/2 = 4.0000  (45s)
(1,2) nz HHVV phases 3 0: 8/2 = 4.0000  (44s)
(1,2) nz HHVV phases 3 1: 8/2 = 4.0000  (43s)
(1,2) nz HHVV phases 3 2: 8/2 = 4.0000  (44s)
shear 0 nz HHVV phases 0 0: 2/2 = 1.0000  (102s)
shear 0 nz HHVV phases 1 1: 2/2 = 1.0000  (108s)
shear 0 nz HHVV phases 2 2: 2/2 = 1.0000  (111s)
shear 0 nz HHVV phases 3 3: 2/2 = 1.0000  (109s)
shear 1/3 nz HHVV phases 0 0: 8/2 = 4.0000  (99s)
shear 1/3 nz HHVV phases 1 1: 8/2 = 4.0000  (96s)
shear 1/3 nz HHVV phases 2 2: 8/2 = 4.0000  (107s)
shear 1/3 nz HHVV phases 3 3: 8/2 = 4.0000  (108s)
shear 1 nz HHVV phases 0 0: 4/6 = 0.6667  (226s)
shear 1 nz HHVV phases 1 1: 4/6 = 0.6667  (225s)
shear 1 nz HHVV phases 2 2: 4/6 = 0.6667  (248s)
shear 1 nz HHVV phases 3 3: 4/6 = 0.6667  (312s)
