shear 0/1 WM=4 KM=1 MODE=nz lambda=1/2: columns u in [-2,5], 54 slots, complete squares s in [-1,3], 3 cost squares per row
warm-up done: 5488 strict seed states, largest warm layer 10493992, 105s
states by warm level: strict 1062873, warm1 0, warm2 0, warm3 0
graph: states 1062873 arcs 1294747 (rejected: margin 47117789, psi 107362) 108s
== lambda 1/1
 try mean 8/1 per row
  cycle: 32 arcs, 4 rows, crossings 7, waste 14, weight 14 -> mean 14/4
    (cycle starts at row phase 0; board x = u + floor(0*(phase+row)/1) - floor(0*phase/1))
    row 0 u -2 (ghost) X=0 waste=0: (-2,0)-(0,1)
    row 0 u -1 (ghost) X=0 waste=0: (-1,0)-(1,1)
    row 0 u 1 (mod) X=0 waste=0: (1,0)-(2,2)
    row 0 u 2 (mod) X=0 waste=0: (2,0)-(4,1)
    row 0 u 3 (mod) X=1 waste=1: (3,0)-(5,1) (3,0)-(2,2)
    row 0 u 5 (ghost) X=0 waste=1:
    row 1 u -1 (ghost) X=0 waste=0: (-1,1)-(1,2) (-1,1)-(0,3)
    row 1 u 0 (mod) X=1 waste=0: (0,1)-(1,3)
    row 1 u 2 (mod) X=1 waste=1: (2,1)-(3,3)
    row 1 u 3 (mod) X=0 waste=0: (3,1)-(5,2) (3,1)-(4,3)
    row 1 u 5 (ghost) X=0 waste=5:
    row 2 u -1 (ghost) X=0 waste=0: (-1,2)-(0,4)
    row 2 u 0 (mod) X=1 waste=0: (0,2)-(2,3) (0,2)-(1,4)
    row 2 u 1 (mod) X=0 waste=0: (1,2)-(3,3)
    row 2 u 3 (mod) X=2 waste=2: (3,2)-(4,4) (3,2)-(2,4)
    row 3 u -2 (ghost) X=0 waste=0: (-2,3)-(0,4)
    row 3 u 0 (mod) X=0 waste=0: (0,3)-(1,5)
    row 3 u 1 (mod) X=0 waste=0: (1,3)-(2,5)
    row 3 u 2 (mod) X=1 waste=1: (2,3)-(4,4)
    row 3 u 5 (ghost) X=0 waste=3:
 try mean 7/2 per row
  cycle: 32 arcs, 4 rows, crossings 4, waste 8, weight 8 -> mean 8/4
    (cycle starts at row phase 0; board x = u + floor(0*(phase+row)/1) - floor(0*phase/1))
    row 0 u -1 (ghost) X=0 waste=0: (-1,0)-(1,1) (-1,0)-(0,2)
    row 0 u 0 (mod) X=0 waste=0: (0,0)-(2,1)
    row 0 u 2 (mod) X=2 waste=2: (2,0)-(3,2) (2,0)-(1,2)
    row 0 u 3 (mod) X=0 waste=0: (3,0)-(5,1) (3,0)-(4,2)
    row 1 u -1 (ghost) X=0 waste=0: (-1,1)-(0,3)
    row 1 u 0 (mod) X=1 waste=1: (0,1)-(2,2) (0,1)-(1,3)
    row 1 u 1 (mod) X=1 waste=1: (1,1)-(3,2)
    row 1 u 3 (mod) X=0 waste=0: (3,1)-(4,3)
    row 2 u -2 (ghost) X=0 waste=0: (-2,2)-(0,3)
    row 2 u 0 (mod) X=0 waste=0: (0,2)-(1,4)
    row 2 u 1 (mod) X=0 waste=0: (1,2)-(3,3)
    row 2 u 2 (mod) X=0 waste=0: (2,2)-(4,3)
    row 2 u 5 (ghost) X=0 waste=2:
    row 3 u -2 (ghost) X=0 waste=0: (-2,3)-(0,4)
    row 3 u -1 (ghost) X=0 waste=0: (-1,3)-(1,4)
    row 3 u 1 (mod) X=0 waste=0: (1,3)-(2,5)
    row 3 u 2 (mod) X=0 waste=0: (2,3)-(4,4) (2,3)-(3,5)
    row 3 u 3 (mod) X=0 waste=0: (3,3)-(5,4)
    row 3 u 5 (ghost) X=0 waste=2:
 try mean 2/1 per row
RESULT A=0 WM=4 KM=1 nz lambda=1/1: min mean weight per row = 2/1 (CERTIFIED: no cycle below); per level (E units) = 2/2 = 1.0000  (108s)
total 108s
	Command being timed: "./wifw2 0 4 1 nz 8 1 90000000"
	User time (seconds): 99.77
	System time (seconds): 6.28
	Percent of CPU this job got: 98%
	Elapsed (wall clock) time (h:mm:ss or m:ss): 1:48.05
	Average shared text size (kbytes): 0
	Average unshared data size (kbytes): 0
	Average stack size (kbytes): 0
	Average total size (kbytes): 0
	Maximum resident set size (kbytes): 712284
	Average resident set size (kbytes): 0
	Major (requiring I/O) page faults: 0
	Minor (reclaiming a frame) page faults: 642111
	Voluntary context switches: 1
	Involuntary context switches: 8403
	Swaps: 0
	File system inputs: 0
	File system outputs: 16
	Socket messages sent: 0
	Socket messages received: 0
	Signals delivered: 0
	Page size (bytes): 4096
	Exit status: 0
exit=0
