shear 1/2 WM=4 KM=1 MODE=nz lambda=1/2: columns u in [-3,6], 56 slots, complete squares s in [0,2], 1 cost squares per row
warm-up done: 4096 strict seed states, largest warm layer 3310016, 45s
states by warm level: strict 114052, warm1 0, warm2 0, warm3 0
graph: states 114052 arcs 130444 (rejected: margin 22200566, psi 40448) 45s
== lambda 1/1
 try mean 8/1 per row
  cycle: 80 arcs, 8 rows, crossings 4, waste 8, weight 8 -> mean 8/8
    (cycle starts at row phase 0; board x = u + floor(1*(phase+row)/2) - floor(1*phase/2))
    row 0 u -1 (ghost) X=0 waste=0: (-1,0)-(1,1)
    row 0 u 1 (mod) X=1 waste=0: (1,0)-(3,1) (1,0)-(2,2)
    row 0 u 3 (mod) X=0 waste=0: (3,0)-(5,1) (3,0)-(4,2)
    row 1 u 0 (mod) X=0 waste=0: (0,1)-(2,2) (0,1)-(1,3)
    row 1 u 2 (mod) X=0 waste=0: (2,1)-(4,2)
    row 1 u 6 (ghost) X=0 waste=2:
    row 2 u -2 (ghost) X=0 waste=0: (-1,2)-(1,3)
    row 2 u 0 (mod) X=0 waste=0: (1,2)-(3,3) (1,2)-(2,4)
    row 2 u 2 (mod) X=0 waste=0: (3,2)-(5,3) (3,2)-(4,4)
    row 2 u 6 (ghost) X=0 waste=2:
    row 3 u -1 (ghost) X=0 waste=0: (0,3)-(2,4)
    row 3 u 1 (mod) X=0 waste=0: (2,3)-(4,4) (2,3)-(3,5)
    row 3 u 2 (mod) X=1 waste=0: (3,3)-(4,5)
    row 3 u 3 (mod) X=0 waste=0: (4,3)-(6,4) (4,3)-(5,5)
    row 4 u -1 (ghost) X=0 waste=0: (1,4)-(3,5)
    row 4 u 1 (mod) X=1 waste=0: (3,4)-(5,5) (3,4)-(4,6)
    row 4 u 3 (mod) X=0 waste=0: (5,4)-(7,5) (5,4)-(6,6)
    row 5 u 0 (mod) X=0 waste=0: (2,5)-(4,6) (2,5)-(3,7)
    row 5 u 2 (mod) X=0 waste=0: (4,5)-(6,6)
    row 5 u 6 (ghost) X=0 waste=2:
    row 6 u -2 (ghost) X=0 waste=0: (1,6)-(3,7)
    row 6 u 0 (mod) X=0 waste=0: (3,6)-(5,7) (3,6)-(4,8)
    row 6 u 2 (mod) X=0 waste=0: (5,6)-(7,7) (5,6)-(6,8)
    row 6 u 6 (ghost) X=0 waste=2:
    row 7 u -1 (ghost) X=0 waste=0: (2,7)-(4,8)
    row 7 u 1 (mod) X=0 waste=0: (4,7)-(6,8) (4,7)-(5,9)
    row 7 u 2 (mod) X=1 waste=0: (5,7)-(6,9)
    row 7 u 3 (mod) X=0 waste=0: (6,7)-(8,8) (6,7)-(7,9)
 try mean 1/1 per row
RESULT A=1 WM=4 KM=1 nz lambda=1/1: min mean weight per row = 1/1 (CERTIFIED: no cycle below); per level (E units) = 1/2 = 0.5000  (45s)
total 45s
	Command being timed: "./wifw2 1/2 4 1 nz 8 1 90000000"
	User time (seconds): 43.13
	System time (seconds): 1.92
	Percent of CPU this job got: 99%
	Elapsed (wall clock) time (h:mm:ss or m:ss): 0:45.10
	Average shared text size (kbytes): 0
	Average unshared data size (kbytes): 0
	Average stack size (kbytes): 0
	Average total size (kbytes): 0
	Maximum resident set size (kbytes): 231676
	Average resident set size (kbytes): 0
	Major (requiring I/O) page faults: 1
	Minor (reclaiming a frame) page faults: 214068
	Voluntary context switches: 3
	Involuntary context switches: 279
	Swaps: 0
	File system inputs: 128
	File system outputs: 16
	Socket messages sent: 0
	Socket messages received: 0
	Signals delivered: 0
	Page size (bytes): 4096
	Exit status: 0
exit=0
