shear 1/3 WM=4 KM=1 MODE=nz lambda=1/2: columns u in [-3,6], 59 slots, complete squares s in [-1,2], 2 cost squares per row
warm-up done: 6192 strict seed states, largest warm layer 7515904, 107s
states by warm level: strict 506916, warm1 0, warm2 0, warm3 0
graph: states 506916 arcs 574653 (rejected: margin 41247231, psi 80656) 108s
== lambda 1/1
 try mean 8/1 per row
RESULT A=1 WM=4 KM=1 nz lambda=1/1: min mean weight per row = 8/1 (CERTIFIED: no cycle below); per level (E units) = 8/2 = 4.0000  (108s)
total 108s
	Command being timed: "./wifw2 1/3 4 1 nz 8 1 90000000"
	User time (seconds): 96.48
	System time (seconds): 5.43
	Percent of CPU this job got: 94%
	Elapsed (wall clock) time (h:mm:ss or m:ss): 1:48.08
	Average shared text size (kbytes): 0
	Average unshared data size (kbytes): 0
	Average stack size (kbytes): 0
	Average total size (kbytes): 0
	Maximum resident set size (kbytes): 411824
	Average resident set size (kbytes): 0
	Major (requiring I/O) page faults: 0
	Minor (reclaiming a frame) page faults: 544762
	Voluntary context switches: 1
	Involuntary context switches: 11558
	Swaps: 0
	File system inputs: 0
	File system outputs: 16
	Socket messages sent: 0
	Socket messages received: 0
	Signals delivered: 0
	Page size (bytes): 4096
	Exit status: 0
exit=0
