shear 1/3 WM=4 KM=1 MODE=nz lambda=1/2: columns u in [-3,6], 59 slots, complete squares s in [-1,2], 2 cost squares per row
warm-up done: 8256 strict seed states, largest warm layer 7515904, 106s
states by warm level: strict 659205, warm1 0, warm2 0, warm3 0
graph: states 659205 arcs 785761 (rejected: margin 41463865, psi 81376) 107s
== lambda 1/1
 try mean 8/1 per row
RESULT A=1 WM=4 KM=1 nz lambda=1/1: min mean weight per row = 8/1 (CERTIFIED: no cycle below); per level (E units) = 8/2 = 4.0000  (107s)
total 107s
	Command being timed: "./wifw2 1/3 4 1 nz 8 1 90000000"
	User time (seconds): 94.62
	System time (seconds): 4.41
	Percent of CPU this job got: 92%
	Elapsed (wall clock) time (h:mm:ss or m:ss): 1:46.99
	Average shared text size (kbytes): 0
	Average unshared data size (kbytes): 0
	Average stack size (kbytes): 0
	Average total size (kbytes): 0
	Maximum resident set size (kbytes): 412204
	Average resident set size (kbytes): 0
	Major (requiring I/O) page faults: 0
	Minor (reclaiming a frame) page faults: 547664
	Voluntary context switches: 1
	Involuntary context switches: 7369
	Swaps: 0
	File system inputs: 0
	File system outputs: 16
	Socket messages sent: 0
	Socket messages received: 0
	Signals delivered: 0
	Page size (bytes): 4096
	Exit status: 0
exit=0
