shear 1/3 WM=4 KM=1 MODE=any lambda=1/2: columns u in [-3,6], 59 slots, complete squares s in [-1,2], 2 cost squares per row
warm-up done: 186368 strict seed states, largest warm layer 7515904, 96s
states by warm level: strict 1428828, warm1 0, warm2 0, warm3 0
graph: states 1428828 arcs 1493292 (rejected: margin 41286884, psi 0) 98s
== lambda 1/1
 try mean 8/1 per row
  cycle: 120 arcs, 12 rows, crossings 27, waste 46, weight 54 -> mean 54/12
    (cycle starts at row phase 2; board x = u + floor(1*(phase+row)/3) - floor(1*phase/3))
    row 0 u 0 (mod) X=0 waste=0: (0,0)-(1,2)
    row 0 u 3 (mod) X=1 waste=1: (3,0)-(2,2)
    row 0 u 4 (ghost) X=2 waste=1: (4,0)-(2,1)
    row 0 u 5 (ghost) X=0 waste=0: (5,0)-(3,1) (5,0)-(4,2)
    row 0 u 6 (ghost) X=0 waste=4:
    row 1 u -1 (ghost) X=0 waste=0: (0,1)-(1,3)
    row 1 u 0 (mod) X=1 waste=1: (1,1)-(3,2)
    row 1 u 3 (mod) X=1 waste=1: (4,1)-(2,2) (4,1)-(3,3)
    row 1 u 4 (ghost) X=0 waste=0: (5,1)-(4,3)
    row 1 u 5 (ghost) X=1 waste=0: (6,1)-(4,2)
    row 1 u 6 (ghost) X=0 waste=2:
    row 2 u -1 (ghost) X=1 waste=0: (0,2)-(2,3)
    row 2 u 0 (mod) X=0 waste=0: (1,2)-(3,3)
    row 2 u 2 (mod) X=1 waste=1: (3,2)-(4,4)
    row 2 u 5 (ghost) X=0 waste=0: (6,2)-(4,3)
    row 2 u 6 (ghost) X=0 waste=3:
    row 3 u -1 (ghost) X=0 waste=0: (0,3)-(2,4)
    row 3 u 0 (mod) X=0 waste=0: (1,3)-(3,4)
    row 3 u 1 (mod) X=0 waste=0: (2,3)-(4,4)
    row 3 u 4 (ghost) X=2 waste=2: (5,3)-(3,4) (5,3)-(4,5)
    row 3 u 5 (ghost) X=0 waste=0: (6,3)-(5,5)
    row 3 u 6 (ghost) X=1 waste=0: (7,3)-(5,4)
    row 4 u -2 (ghost) X=0 waste=0: (0,4)-(2,5)
    row 4 u -1 (ghost) X=0 waste=0: (1,4)-(3,5)
    row 4 u 0 (mod) X=1 waste=0: (2,4)-(3,6)
    row 4 u 3 (mod) X=0 waste=0: (5,4)-(4,6)
    row 4 u 4 (ghost) X=0 waste=0: (6,4)-(5,6)
    row 4 u 5 (ghost) X=1 waste=0: (7,4)-(5,5)
    row 4 u 6 (ghost) X=0 waste=6:
    row 5 u -2 (ghost) X=0 waste=0: (0,5)-(2,6)
    row 5 u 0 (mod) X=0 waste=0: (2,5)-(3,7)
    row 5 u 1 (mod) X=0 waste=0: (3,5)-(4,7)
    row 5 u 2 (mod) X=1 waste=1: (4,5)-(5,7)
    row 5 u 5 (ghost) X=0 waste=0: (7,5)-(5,6)
    row 5 u 6 (ghost) X=0 waste=3:
    row 6 u 0 (mod) X=0 waste=0: (2,6)-(3,8)
    row 6 u 1 (mod) X=0 waste=0: (3,6)-(4,8)
    row 6 u 2 (mod) X=0 waste=0: (4,6)-(5,8)
    row 6 u 4 (ghost) X=2 waste=2: (6,6)-(4,7)
    row 6 u 5 (ghost) X=0 waste=0: (7,6)-(5,7) (7,6)-(6,8)
    row 7 u -1 (ghost) X=0 waste=0: (2,7)-(3,9)
    row 7 u 0 (mod) X=1 waste=0: (3,7)-(5,8)
    row 7 u 3 (mod) X=2 waste=2: (6,7)-(4,8) (6,7)-(5,9)
    row 7 u 4 (ghost) X=0 waste=0: (7,7)-(6,9)
    row 7 u 5 (ghost) X=1 waste=0: (8,7)-(6,8)
    row 7 u 6 (ghost) X=0 waste=2:
    row 8 u -1 (ghost) X=1 waste=0: (2,8)-(4,9)
    row 8 u 0 (mod) X=0 waste=0: (3,8)-(5,9)
    row 8 u 5 (ghost) X=0 waste=0: (8,8)-(6,9)
    row 8 u 6 (ghost) X=0 waste=4:
    row 9 u -1 (ghost) X=0 waste=0: (2,9)-(4,10)
    row 9 u 0 (mod) X=0 waste=0: (3,9)-(5,10)
    row 9 u 1 (mod) X=0 waste=0: (4,9)-(6,10)
    row 9 u 4 (ghost) X=1 waste=1: (7,9)-(5,10) (7,9)-(6,11)
    row 9 u 5 (ghost) X=0 waste=0: (8,9)-(7,11)
    row 9 u 6 (ghost) X=1 waste=1: (9,9)-(7,10)
    row 10 u -2 (ghost) X=0 waste=0: (2,10)-(4,11)
    row 10 u -1 (ghost) X=0 waste=0: (3,10)-(5,11)
    row 10 u 0 (mod) X=1 waste=0: (4,10)-(5,12)
    row 10 u 2 (mod) X=0 waste=0: (6,10)-(5,12)
    row 10 u 3 (mod) X=0 waste=0: (7,10)-(6,12)
    row 10 u 5 (ghost) X=0 waste=0: (9,10)-(7,11)
    row 10 u 6 (ghost) X=0 waste=4:
    row 11 u -2 (ghost) X=0 waste=0: (2,11)-(4,12)
    row 11 u 0 (mod) X=0 waste=0: (4,11)-(5,13)
    row 11 u 1 (mod) X=1 waste=1: (5,11)-(6,13)
    row 11 u 2 (mod) X=1 waste=1: (6,11)-(7,13)
    row 11 u 4 (ghost) X=1 waste=1: (8,11)-(6,12)
    row 11 u 5 (ghost) X=0 waste=0: (9,11)-(7,12)
    row 11 u 6 (ghost) X=0 waste=1:
 try mean 9/2 per row
  cycle: 30 arcs, 3 rows, crossings 5, waste 8, weight 10 -> mean 10/3
    (cycle starts at row phase 2; board x = u + floor(1*(phase+row)/3) - floor(1*phase/3))
    row 0 u -1 (ghost) X=0 waste=0: (-1,0)-(1,1)
    row 0 u 1 (mod) X=0 waste=0: (1,0)-(2,2)
    row 0 u 4 (ghost) X=1 waste=1: (4,0)-(2,1) (4,0)-(3,2)
    row 0 u 6 (ghost) X=0 waste=2: (6,0)-(4,1)
    row 1 u -1 (ghost) X=0 waste=0: (0,1)-(2,2) (0,1)-(1,3)
    row 1 u 2 (mod) X=0 waste=0: (3,1)-(2,3)
    row 1 u 3 (mod) X=0 waste=0: (4,1)-(3,3)
    row 1 u 4 (ghost) X=0 waste=0: (5,1)-(4,3)
    row 1 u 5 (ghost) X=1 waste=0: (6,1)-(4,2)
    row 1 u 6 (ghost) X=0 waste=2:
    row 2 u -2 (ghost) X=0 waste=0: (-1,2)-(1,3)
    row 2 u 0 (mod) X=1 waste=1: (1,2)-(3,3) (1,2)-(2,4)
    row 2 u 2 (mod) X=1 waste=1: (3,2)-(4,4)
    row 2 u 3 (mod) X=1 waste=0: (4,2)-(3,4)
    row 2 u 5 (ghost) X=0 waste=0: (6,2)-(4,3)
    row 2 u 6 (ghost) X=0 waste=1:
 try mean 10/3 per row
RESULT A=1 WM=4 KM=1 any lambda=1/1: min mean weight per row = 10/3 (CERTIFIED: no cycle below); per level (E units) = 10/6 = 1.6667  (98s)
total 98s
	Command being timed: "./wifc 1/3 4 1 any 8 1 90000000"
	User time (seconds): 92.78
	System time (seconds): 4.17
	Percent of CPU this job got: 98%
	Elapsed (wall clock) time (h:mm:ss or m:ss): 1:38.27
	Average shared text size (kbytes): 0
	Average unshared data size (kbytes): 0
	Average stack size (kbytes): 0
	Average total size (kbytes): 0
	Maximum resident set size (kbytes): 412188
	Average resident set size (kbytes): 0
	Major (requiring I/O) page faults: 0
	Minor (reclaiming a frame) page faults: 560558
	Voluntary context switches: 1
	Involuntary context switches: 2806
	Swaps: 0
	File system inputs: 0
	File system outputs: 32
	Socket messages sent: 0
	Socket messages received: 0
	Signals delivered: 0
	Page size (bytes): 4096
	Exit status: 0
exit=0
