shear 1/2 WM=4 KM=1 MODE=any lambda=1/2: columns u in [-3,6], 56 slots, complete squares s in [0,2], 1 cost squares per row
warm-up done: 29952 strict seed states, largest warm layer 3310016, 41s
states by warm level: strict 149964, warm1 0, warm2 0, warm3 0
graph: states 149964 arcs 153836 (rejected: margin 22132380, psi 0) 41s
== lambda 1/1
 try mean 8/1 per row
RESULT A=1 WM=4 KM=1 any lambda=1/1: min mean weight per row = 8/1 (CERTIFIED: no cycle below); per level (E units) = 8/2 = 4.0000  (41s)
total 41s
	Command being timed: "./wifc 1/2 4 1 any 8 1 90000000"
	User time (seconds): 39.61
	System time (seconds): 1.44
	Percent of CPU this job got: 99%
	Elapsed (wall clock) time (h:mm:ss or m:ss): 0:41.06
	Average shared text size (kbytes): 0
	Average unshared data size (kbytes): 0
	Average stack size (kbytes): 0
	Average total size (kbytes): 0
	Maximum resident set size (kbytes): 231760
	Average resident set size (kbytes): 0
	Major (requiring I/O) page faults: 0
	Minor (reclaiming a frame) page faults: 214522
	Voluntary context switches: 1
	Involuntary context switches: 134
	Swaps: 0
	File system inputs: 0
	File system outputs: 16
	Socket messages sent: 0
	Socket messages received: 0
	Signals delivered: 0
	Page size (bytes): 4096
	Exit status: 0
exit=0
