shear 1/6 WM=4 KM=1 MODE=any lambda=1/2: columns u in [-3,6], 59 slots, complete squares s in [-1,2], 2 cost squares per row
warm-up done: 66640 strict seed states, largest warm layer 10493992, 106s
states by warm level: strict 1307453, warm1 0, warm2 0, warm3 0
graph: states 1307453 arcs 1531250 (rejected: margin 41722288, psi 0) 108s
== lambda 1/1
 try mean 8/1 per row
  cycle: 120 arcs, 12 rows, crossings 19, waste 30, weight 38 -> mean 38/12
    (cycle starts at row phase 2; board x = u + floor(1*(phase+row)/6) - floor(1*phase/6))
    row 0 u -1 (ghost) X=0 waste=0: (-1,0)-(0,2)
    row 0 u 0 (mod) X=1 waste=0: (0,0)-(2,1) (0,0)-(1,2)
    row 0 u 2 (mod) X=1 waste=1: (2,0)-(3,2) (2,0)-(1,2)
    row 0 u 3 (mod) X=0 waste=0: (3,0)-(4,2)
    row 0 u 6 (ghost) X=0 waste=1:
    row 1 u -1 (ghost) X=0 waste=0: (-1,1)-(0,3)
    row 1 u 0 (mod) X=2 waste=1: (0,1)-(2,2)
    row 1 u 1 (mod) X=2 waste=1: (1,1)-(2,3)
    row 1 u 2 (mod) X=0 waste=0: (2,1)-(3,3)
    row 1 u 3 (mod) X=0 waste=0: (3,1)-(4,3)
    row 1 u 6 (ghost) X=0 waste=4:
    row 2 u -1 (ghost) X=1 waste=0: (-1,2)-(1,3)
    row 2 u 0 (mod) X=0 waste=0: (0,2)-(2,3)
    row 2 u 2 (mod) X=0 waste=0: (2,2)-(3,4)
    row 2 u 3 (mod) X=0 waste=0: (3,2)-(4,4)
    row 3 u -1 (ghost) X=0 waste=0: (-1,3)-(1,4)
    row 3 u 0 (mod) X=0 waste=0: (0,3)-(2,4)
    row 3 u 1 (mod) X=1 waste=0: (1,3)-(2,5)
    row 3 u 3 (mod) X=0 waste=0: (3,3)-(4,5)
    row 3 u 6 (ghost) X=0 waste=4:
    row 4 u -2 (ghost) X=0 waste=0: (-1,4)-(1,5)
    row 4 u -1 (ghost) X=0 waste=0: (0,4)-(2,5)
    row 4 u 0 (mod) X=1 waste=0: (1,4)-(2,6)
    row 4 u 1 (mod) X=0 waste=0: (2,4)-(3,6)
    row 4 u 2 (mod) X=0 waste=0: (3,4)-(4,6)
    row 4 u 3 (mod) X=0 waste=0: (4,4)-(5,6)
    row 4 u 6 (ghost) X=0 waste=2:
    row 5 u -1 (ghost) X=0 waste=0: (0,5)-(2,6) (0,5)-(1,7)
    row 5 u 0 (mod) X=1 waste=0: (1,5)-(2,7)
    row 5 u 2 (mod) X=1 waste=1: (3,5)-(4,7) (3,5)-(2,7)
    row 5 u 3 (mod) X=0 waste=0: (4,5)-(5,7)
    row 5 u 6 (ghost) X=0 waste=1:
    row 6 u -1 (ghost) X=0 waste=0: (0,6)-(1,8)
    row 6 u 0 (mod) X=2 waste=1: (1,6)-(3,7) (1,6)-(2,8)
    row 6 u 2 (mod) X=0 waste=0: (3,6)-(4,8)
    row 6 u 3 (mod) X=0 waste=0: (4,6)-(5,8)
    row 6 u 6 (ghost) X=0 waste=1:
    row 7 u -1 (ghost) X=0 waste=0: (0,7)-(1,9)
    row 7 u 0 (mod) X=1 waste=0: (1,7)-(3,8)
    row 7 u 2 (mod) X=0 waste=0: (3,7)-(4,9)
    row 7 u 3 (mod) X=0 waste=0: (4,7)-(5,9)
    row 7 u 6 (ghost) X=0 waste=4:
    row 8 u -1 (ghost) X=1 waste=0: (0,8)-(2,9)
    row 8 u 0 (mod) X=0 waste=0: (1,8)-(3,9)
    row 8 u 1 (mod) X=1 waste=0: (2,8)-(3,10)
    row 8 u 2 (mod) X=0 waste=0: (3,8)-(4,10)
    row 8 u 3 (mod) X=0 waste=0: (4,8)-(5,10)
    row 8 u 6 (ghost) X=0 waste=2:
    row 9 u -1 (ghost) X=0 waste=0: (0,9)-(2,10)
    row 9 u 0 (mod) X=0 waste=0: (1,9)-(3,10)
    row 9 u 1 (mod) X=1 waste=0: (2,9)-(3,11)
    row 9 u 2 (mod) X=0 waste=0: (3,9)-(4,11)
    row 9 u 3 (mod) X=0 waste=0: (4,9)-(5,11)
    row 10 u -2 (ghost) X=0 waste=0: (0,10)-(2,11)
    row 10 u -1 (ghost) X=0 waste=0: (1,10)-(3,11)
    row 10 u 0 (mod) X=1 waste=0: (2,10)-(3,12)
    row 10 u 2 (mod) X=0 waste=0: (4,10)-(5,12)
    row 10 u 3 (mod) X=0 waste=0: (5,10)-(6,12)
    row 10 u 6 (ghost) X=0 waste=2:
    row 11 u -1 (ghost) X=0 waste=0: (1,11)-(3,12) (1,11)-(2,13)
    row 11 u 0 (mod) X=1 waste=0: (2,11)-(3,13)
    row 11 u 2 (mod) X=0 waste=0: (4,11)-(5,13)
    row 11 u 3 (mod) X=0 waste=0: (5,11)-(6,13)
    row 11 u 6 (ghost) X=0 waste=4:
 try mean 19/6 per row
  cycle: 120 arcs, 12 rows, crossings 17, waste 26, weight 34 -> mean 34/12
    (cycle starts at row phase 2; board x = u + floor(1*(phase+row)/6) - floor(1*phase/6))
    row 0 u -1 (ghost) X=0 waste=0: (-1,0)-(0,2)
    row 0 u 0 (mod) X=2 waste=1: (0,0)-(2,1) (0,0)-(1,2)
    row 0 u 2 (mod) X=1 waste=1: (2,0)-(3,2) (2,0)-(1,2)
    row 0 u 3 (mod) X=0 waste=0: (3,0)-(4,2)
    row 1 u -1 (ghost) X=0 waste=0: (-1,1)-(0,3)
    row 1 u 0 (mod) X=2 waste=1: (0,1)-(2,2)
    row 1 u 2 (mod) X=0 waste=0: (2,1)-(3,3)
    row 1 u 3 (mod) X=0 waste=0: (3,1)-(4,3)
    row 1 u 6 (ghost) X=0 waste=3:
    row 2 u -1 (ghost) X=1 waste=0: (-1,2)-(1,3)
    row 2 u 0 (mod) X=0 waste=0: (0,2)-(2,3)
    row 2 u 2 (mod) X=0 waste=0: (2,2)-(3,4)
    row 2 u 3 (mod) X=0 waste=0: (3,2)-(4,4)
    row 2 u 6 (ghost) X=0 waste=2:
    row 3 u -1 (ghost) X=0 waste=0: (-1,3)-(1,4)
    row 3 u 0 (mod) X=0 waste=0: (0,3)-(2,4)
    row 3 u 1 (mod) X=1 waste=0: (1,3)-(2,5)
    row 3 u 2 (mod) X=0 waste=0: (2,3)-(3,5)
    row 3 u 3 (mod) X=0 waste=0: (3,3)-(4,5)
    row 3 u 6 (ghost) X=0 waste=2:
    row 4 u -2 (ghost) X=0 waste=0: (-1,4)-(1,5)
    row 4 u -1 (ghost) X=0 waste=0: (0,4)-(2,5)
    row 4 u 0 (mod) X=1 waste=0: (1,4)-(2,6)
    row 4 u 1 (mod) X=0 waste=0: (2,4)-(3,6)
    row 4 u 2 (mod) X=0 waste=0: (3,4)-(4,6)
    row 4 u 3 (mod) X=0 waste=0: (4,4)-(5,6)
    row 5 u -1 (ghost) X=0 waste=0: (0,5)-(2,6) (0,5)-(1,7)
    row 5 u 0 (mod) X=1 waste=0: (1,5)-(2,7)
    row 5 u 2 (mod) X=0 waste=0: (3,5)-(4,7)
    row 5 u 3 (mod) X=0 waste=0: (4,5)-(5,7)
    row 5 u 6 (ghost) X=0 waste=2:
    row 6 u -1 (ghost) X=0 waste=0: (0,6)-(1,8)
    row 6 u 0 (mod) X=1 waste=0: (1,6)-(3,7) (1,6)-(2,8)
    row 6 u 2 (mod) X=0 waste=0: (3,6)-(4,8)
    row 6 u 3 (mod) X=0 waste=0: (4,6)-(5,8)
    row 6 u 6 (ghost) X=0 waste=2:
    row 7 u -1 (ghost) X=0 waste=0: (0,7)-(1,9)
    row 7 u 0 (mod) X=1 waste=0: (1,7)-(3,8)
    row 7 u 1 (mod) X=1 waste=0: (2,7)-(3,9)
    row 7 u 2 (mod) X=0 waste=0: (3,7)-(4,9)
    row 7 u 3 (mod) X=0 waste=0: (4,7)-(5,9)
    row 7 u 6 (ghost) X=0 waste=4:
    row 8 u -1 (ghost) X=1 waste=0: (0,8)-(2,9)
    row 8 u 0 (mod) X=0 waste=0: (1,8)-(3,9)
    row 8 u 1 (mod) X=1 waste=0: (2,8)-(3,10)
    row 8 u 2 (mod) X=0 waste=0: (3,8)-(4,10)
    row 8 u 3 (mod) X=0 waste=0: (4,8)-(5,10)
    row 9 u -1 (ghost) X=0 waste=0: (0,9)-(2,10)
    row 9 u 0 (mod) X=0 waste=0: (1,9)-(3,10)
    row 9 u 1 (mod) X=1 waste=0: (2,9)-(3,11)
    row 9 u 3 (mod) X=0 waste=0: (4,9)-(5,11)
    row 9 u 6 (ghost) X=0 waste=2:
    row 10 u -2 (ghost) X=0 waste=0: (0,10)-(2,11)
    row 10 u -1 (ghost) X=0 waste=0: (1,10)-(3,11)
    row 10 u 0 (mod) X=1 waste=0: (2,10)-(3,12)
    row 10 u 2 (mod) X=0 waste=0: (4,10)-(5,12)
    row 10 u 3 (mod) X=0 waste=0: (5,10)-(6,12)
    row 10 u 6 (ghost) X=0 waste=4:
    row 11 u -1 (ghost) X=0 waste=0: (1,11)-(3,12) (1,11)-(2,13)
    row 11 u 0 (mod) X=1 waste=0: (2,11)-(3,13)
    row 11 u 2 (mod) X=0 waste=0: (4,11)-(5,13) (4,11)-(3,13)
    row 11 u 3 (mod) X=0 waste=0: (5,11)-(6,13)
    row 11 u 6 (ghost) X=0 waste=2:
 try mean 17/6 per row
RESULT A=1 WM=4 KM=1 any lambda=1/1: min mean weight per row = 17/6 (CERTIFIED: no cycle below); per level (E units) = 17/12 = 1.4167  (108s)
total 108s
	Command being timed: "./wifc 1/6 4 1 any 8 1 90000000"
	User time (seconds): 102.77
	System time (seconds): 5.38
	Percent of CPU this job got: 99%
	Elapsed (wall clock) time (h:mm:ss or m:ss): 1:48.31
	Average shared text size (kbytes): 0
	Average unshared data size (kbytes): 0
	Average stack size (kbytes): 0
	Average total size (kbytes): 0
	Maximum resident set size (kbytes): 712796
	Average resident set size (kbytes): 0
	Major (requiring I/O) page faults: 0
	Minor (reclaiming a frame) page faults: 747892
	Voluntary context switches: 1
	Involuntary context switches: 909
	Swaps: 0
	File system inputs: 0
	File system outputs: 32
	Socket messages sent: 0
	Socket messages received: 0
	Signals delivered: 0
	Page size (bytes): 4096
	Exit status: 0
exit=0
