shear 3/5 WM=4 KM=1 MODE=any lambda=1/2: columns u in [-3,6], 62 slots, complete squares s in [0,2], 1 cost squares per row
warm-up done: 44640 strict seed states, largest warm layer 3310016, 43s
states by warm level: strict 234926, warm1 0, warm2 0, warm3 0
graph: states 234926 arcs 244898 (rejected: margin 22188083, psi 0) 44s
== lambda 1/1
 try mean 8/1 per row
RESULT A=3 WM=4 KM=1 any lambda=1/1: min mean weight per row = 8/1 (CERTIFIED: no cycle below); per level (E units) = 8/2 = 4.0000  (44s)
total 44s
	Command being timed: "./wifc 3/5 4 1 any 8 1 90000000"
	User time (seconds): 41.27
	System time (seconds): 1.81
	Percent of CPU this job got: 98%
	Elapsed (wall clock) time (h:mm:ss or m:ss): 0:43.92
	Average shared text size (kbytes): 0
	Average unshared data size (kbytes): 0
	Average stack size (kbytes): 0
	Average total size (kbytes): 0
	Maximum resident set size (kbytes): 231612
	Average resident set size (kbytes): 0
	Major (requiring I/O) page faults: 0
	Minor (reclaiming a frame) page faults: 215761
	Voluntary context switches: 1
	Involuntary context switches: 1475
	Swaps: 0
	File system inputs: 0
	File system outputs: 16
	Socket messages sent: 0
	Socket messages received: 0
	Signals delivered: 0
	Page size (bytes): 4096
	Exit status: 0
exit=0
