shear 0/1 WM=4 KM=1 MODE=any lambda=1/2: columns u in [-2,5], 54 slots, complete squares s in [-1,3], 3 cost squares per row
warm-up done: 36080 strict seed states, largest warm layer 10493992, 99s
states by warm level: strict 469522, warm1 0, warm2 0, warm3 0
graph: states 469522 arcs 516576 (rejected: margin 46128438, psi 0) 99s
== lambda 1/1
 try mean 8/1 per row
  cycle: 48 arcs, 6 rows, crossings 12, waste 24, weight 24 -> mean 24/6
    (cycle starts at row phase 0; board x = u + floor(0*(phase+row)/1) - floor(0*phase/1))
    row 0 u -1 (ghost) X=0 waste=0: (-1,0)-(0,2)
    row 0 u 0 (mod) X=1 waste=0: (0,0)-(2,1)
    row 0 u 3 (mod) X=1 waste=1: (3,0)-(1,1)
    row 0 u 4 (ghost) X=0 waste=0: (4,0)-(2,1)
    row 0 u 5 (ghost) X=0 waste=3: (5,0)-(3,1)
    row 1 u -1 (ghost) X=0 waste=0: (-1,1)-(0,3)
    row 1 u 0 (mod) X=0 waste=0: (0,1)-(2,2)
    row 1 u 3 (mod) X=1 waste=1: (3,1)-(1,2)
    row 1 u 4 (ghost) X=0 waste=0: (4,1)-(2,2)
    row 1 u 5 (ghost) X=0 waste=3: (5,1)-(3,2)
    row 2 u -2 (ghost) X=0 waste=0: (-2,2)-(0,3)
    row 2 u 0 (mod) X=0 waste=0: (0,2)-(2,3)
    row 2 u 1 (mod) X=1 waste=0: (1,2)-(2,4)
    row 2 u 3 (mod) X=2 waste=2: (3,2)-(1,3)
    row 2 u 4 (ghost) X=0 waste=0: (4,2)-(2,3)
    row 2 u 5 (ghost) X=0 waste=4: (5,2)-(3,3)
    row 3 u -2 (ghost) X=0 waste=0: (-2,3)-(0,4)
    row 3 u -1 (ghost) X=0 waste=0: (-1,3)-(1,4)
    row 3 u 1 (mod) X=0 waste=0: (1,3)-(2,5)
    row 3 u 3 (mod) X=2 waste=2: (3,3)-(1,4)
    row 3 u 4 (ghost) X=0 waste=0: (4,3)-(2,4)
    row 3 u 5 (ghost) X=0 waste=2: (5,3)-(3,4)
    row 4 u -1 (ghost) X=0 waste=0: (-1,4)-(1,5) (-1,4)-(0,6)
    row 4 u 0 (mod) X=1 waste=0: (0,4)-(1,6)
    row 4 u 3 (mod) X=1 waste=1: (3,4)-(1,5)
    row 4 u 4 (ghost) X=0 waste=0: (4,4)-(2,5)
    row 4 u 5 (ghost) X=0 waste=3: (5,4)-(3,5)
    row 5 u -1 (ghost) X=0 waste=0: (-1,5)-(0,7)
    row 5 u 0 (mod) X=1 waste=0: (0,5)-(2,6) (0,5)-(1,7)
    row 5 u 3 (mod) X=1 waste=1: (3,5)-(1,6)
    row 5 u 4 (ghost) X=0 waste=0: (4,5)-(2,6)
    row 5 u 5 (ghost) X=0 waste=1: (5,5)-(3,6)
 try mean 4/1 per row
RESULT A=0 WM=4 KM=1 any lambda=1/1: min mean weight per row = 4/1 (CERTIFIED: no cycle below); per level (E units) = 4/2 = 2.0000  (99s)
total 99s
	Command being timed: "./wifc 0 4 1 any 8 1 90000000"
	User time (seconds): 94.08
	System time (seconds): 4.40
	Percent of CPU this job got: 99%
	Elapsed (wall clock) time (h:mm:ss or m:ss): 1:39.35
	Average shared text size (kbytes): 0
	Average unshared data size (kbytes): 0
	Average stack size (kbytes): 0
	Average total size (kbytes): 0
	Maximum resident set size (kbytes): 712824
	Average resident set size (kbytes): 0
	Major (requiring I/O) page faults: 0
	Minor (reclaiming a frame) page faults: 626890
	Voluntary context switches: 1
	Involuntary context switches: 2553
	Swaps: 0
	File system inputs: 0
	File system outputs: 16
	Socket messages sent: 0
	Socket messages received: 0
	Signals delivered: 0
	Page size (bytes): 4096
	Exit status: 0
exit=0
