shear 1/4 WM=4 KM=1 MODE=any lambda=1/2: columns u in [-3,6], 59 slots, complete squares s in [-1,2], 2 cost squares per row
warm-up done: 33110 strict seed states, largest warm layer 8553073, 109s
states by warm level: strict 424939, warm1 0, warm2 0, warm3 0
graph: states 424939 arcs 450155 (rejected: margin 35232040, psi 0) 109s
== lambda 1/1
 try mean 8/1 per row
RESULT A=1 WM=4 KM=1 any lambda=1/1: min mean weight per row = 8/1 (CERTIFIED: no cycle below); per level (E units) = 8/2 = 4.0000  (109s)
total 109s
	Command being timed: "./wifc 1/4 4 1 any 8 1 90000000"
	User time (seconds): 91.39
	System time (seconds): 5.07
	Percent of CPU this job got: 88%
	Elapsed (wall clock) time (h:mm:ss or m:ss): 1:49.49
	Average shared text size (kbytes): 0
	Average unshared data size (kbytes): 0
	Average stack size (kbytes): 0
	Average total size (kbytes): 0
	Maximum resident set size (kbytes): 582576
	Average resident set size (kbytes): 0
	Major (requiring I/O) page faults: 1
	Minor (reclaiming a frame) page faults: 551114
	Voluntary context switches: 3
	Involuntary context switches: 10777
	Swaps: 0
	File system inputs: 120
	File system outputs: 16
	Socket messages sent: 0
	Socket messages received: 0
	Signals delivered: 0
	Page size (bytes): 4096
	Exit status: 0
exit=0
