shear 1/1 WM=4 KM=1 MODE=any lambda=1/2: columns u in [-3,6], 60 slots, complete squares s in [0,3], 2 cost squares per row
warm-up done: 1517568 strict seed states, largest warm layer 18805632, 193s
states by warm level: strict 3195112, warm1 0, warm2 0, warm3 0
graph: states 3195112 arcs 3244648 (rejected: margin 121435516, psi 0) 198s
== lambda 1/1
 try mean 8/1 per row
  cycle: 20 arcs, 2 rows, crossings 6, waste 10, weight 12 -> mean 12/2
    (cycle starts at row phase 0; board x = u + floor(1*(phase+row)/1) - floor(1*phase/1))
    row 0 u 0 (mod) X=0 waste=0: (0,0)-(1,2)
    row 0 u 5 (ghost) X=1 waste=0: (5,0)-(3,1)
    row 0 u 6 (ghost) X=0 waste=8: (6,0)-(4,1) (6,0)-(5,2)
    row 1 u -1 (ghost) X=1 waste=0: (0,1)-(2,2)
    row 1 u 0 (mod) X=0 waste=0: (1,1)-(3,2)
    row 1 u 1 (mod) X=1 waste=0: (2,1)-(4,2) (2,1)-(3,3)
    row 1 u 4 (ghost) X=1 waste=1: (5,1)-(3,2)
    row 1 u 5 (ghost) X=1 waste=0: (6,1)-(4,2) (6,1)-(5,3)
    row 1 u 6 (ghost) X=1 waste=1: (7,1)-(5,2) (7,1)-(6,3)
 try mean 6/1 per row
  cycle: 20 arcs, 2 rows, crossings 4, waste 8, weight 8 -> mean 8/2
    (cycle starts at row phase 0; board x = u + floor(1*(phase+row)/1) - floor(1*phase/1))
    row 0 u -1 (ghost) X=0 waste=0: (-1,0)-(1,1)
    row 0 u 1 (mod) X=0 waste=0: (1,0)-(3,1) (1,0)-(2,2)
    row 0 u 4 (ghost) X=1 waste=1: (4,0)-(2,1)
    row 0 u 5 (ghost) X=1 waste=0: (5,0)-(3,1) (5,0)-(4,2)
    row 0 u 6 (ghost) X=1 waste=1: (6,0)-(4,1) (6,0)-(5,2)
    row 1 u -1 (ghost) X=0 waste=0: (0,1)-(2,2)
    row 1 u 1 (mod) X=0 waste=0: (2,1)-(3,3)
    row 1 u 5 (ghost) X=1 waste=0: (6,1)-(4,2)
    row 1 u 6 (ghost) X=0 waste=6: (7,1)-(5,2) (7,1)-(6,3)
 try mean 4/1 per row
  cycle: 40 arcs, 4 rows, crossings 7, waste 14, weight 14 -> mean 14/4
    (cycle starts at row phase 0; board x = u + floor(1*(phase+row)/1) - floor(1*phase/1))
    row 0 u -1 (ghost) X=0 waste=0: (-1,0)-(1,1)
    row 0 u 1 (mod) X=1 waste=1: (1,0)-(3,1) (1,0)-(2,2)
    row 0 u 4 (ghost) X=0 waste=0: (4,0)-(3,2)
    row 0 u 5 (ghost) X=0 waste=0: (5,0)-(4,2)
    row 0 u 6 (ghost) X=1 waste=1: (6,0)-(4,1) (6,0)-(5,2)
    row 1 u -1 (ghost) X=0 waste=0: (0,1)-(2,2)
    row 1 u 1 (mod) X=0 waste=0: (2,1)-(3,3)
    row 1 u 5 (ghost) X=1 waste=0: (6,1)-(4,2) (6,1)-(5,3)
    row 1 u 6 (ghost) X=1 waste=4: (7,1)-(5,2) (7,1)-(6,3)
    row 2 u -1 (ghost) X=0 waste=0: (1,2)-(3,3)
    row 2 u 1 (mod) X=0 waste=0: (3,2)-(4,4)
    row 2 u 5 (ghost) X=1 waste=0: (7,2)-(5,3) (7,2)-(6,4)
    row 2 u 6 (ghost) X=1 waste=6: (8,2)-(6,3) (8,2)-(7,4)
    row 3 u -1 (ghost) X=0 waste=0: (2,3)-(4,4)
    row 3 u 1 (mod) X=0 waste=0: (4,3)-(6,4) (4,3)-(5,5)
    row 3 u 4 (ghost) X=0 waste=0: (7,3)-(6,5)
    row 3 u 5 (ghost) X=0 waste=0: (8,3)-(7,5)
    row 3 u 6 (ghost) X=1 waste=2: (9,3)-(7,4) (9,3)-(8,5)
 try mean 7/2 per row
RESULT A=1 WM=4 KM=1 any lambda=1/1: min mean weight per row = 7/2 (CERTIFIED: no cycle below); per level (E units) = 7/4 = 1.7500  (199s)
total 199s
	Command being timed: "./wifc 1 4 1 any 8 1 90000000"
	User time (seconds): 190.40
	System time (seconds): 8.13
	Percent of CPU this job got: 99%
	Elapsed (wall clock) time (h:mm:ss or m:ss): 3:19.13
	Average shared text size (kbytes): 0
	Average unshared data size (kbytes): 0
	Average stack size (kbytes): 0
	Average total size (kbytes): 0
	Maximum resident set size (kbytes): 1175956
	Average resident set size (kbytes): 0
	Major (requiring I/O) page faults: 0
	Minor (reclaiming a frame) page faults: 1020728
	Voluntary context switches: 1
	Involuntary context switches: 845
	Swaps: 0
	File system inputs: 0
	File system outputs: 24
	Socket messages sent: 0
	Socket messages received: 0
	Signals delivered: 0
	Page size (bytes): 4096
	Exit status: 0
exit=0
