shear 1/1 WM=4 KM=1 MODE=any lambda=1/2: columns u in [-3,6], 60 slots, complete squares s in [0,3], 2 cost squares per row
warm-up done: 820224 strict seed states, largest warm layer 18805632, 188s
states by warm level: strict 1608384, warm1 0, warm2 0, warm3 0
graph: states 1608384 arcs 1627584 (rejected: margin 121013916, psi 0) 190s
== lambda 1/1
 try mean 8/1 per row
  cycle: 10 arcs, 1 rows, crossings 1, waste 0, weight 2 -> mean 2/1
    (cycle starts at row phase 0; board x = u + floor(1*(phase+row)/1) - floor(1*phase/1))
    row 0 u 0 (mod) X=0 waste=0: (0,0)-(-1,2)
    row 0 u 1 (mod) X=1 waste=0: (1,0)-(-1,1)
    row 0 u 2 (mod) X=0 waste=0: (2,0)-(0,1)
    row 0 u 3 (mod) X=0 waste=0: (3,0)-(1,1)
    row 0 u 4 (ghost) X=0 waste=0: (4,0)-(2,1)
    row 0 u 5 (ghost) X=0 waste=0: (5,0)-(3,1)
    row 0 u 6 (ghost) X=0 waste=0: (6,0)-(4,1)
 try mean 2/1 per row
RESULT A=1 WM=4 KM=1 any lambda=1/1: min mean weight per row = 2/1 (CERTIFIED: no cycle below); per level (E units) = 2/2 = 1.0000  (190s)
total 190s
	Command being timed: "./wifc 1 4 1 any 8 1 90000000"
	User time (seconds): 182.64
	System time (seconds): 7.83
	Percent of CPU this job got: 99%
	Elapsed (wall clock) time (h:mm:ss or m:ss): 3:10.50
	Average shared text size (kbytes): 0
	Average unshared data size (kbytes): 0
	Average stack size (kbytes): 0
	Average total size (kbytes): 0
	Maximum resident set size (kbytes): 1176248
	Average resident set size (kbytes): 0
	Major (requiring I/O) page faults: 0
	Minor (reclaiming a frame) page faults: 991296
	Voluntary context switches: 1
	Involuntary context switches: 381
	Swaps: 0
	File system inputs: 0
	File system outputs: 24
	Socket messages sent: 0
	Socket messages received: 0
	Signals delivered: 0
	Page size (bytes): 4096
	Exit status: 0
exit=0
