shear 2/3 WM=4 KM=1 MODE=any lambda=1/2: columns u in [-3,6], 62 slots, complete squares s in [0,2], 1 cost squares per row
warm-up done: 239616 strict seed states, largest warm layer 5241184, 64s
states by warm level: strict 868012, warm1 0, warm2 0, warm3 0
graph: states 868012 arcs 877564 (rejected: margin 41256924, psi 0) 65s
== lambda 1/1
 try mean 8/1 per row
  cycle: 30 arcs, 3 rows, crossings 3, waste 0, weight 6 -> mean 6/3
    (cycle starts at row phase 2; board x = u + floor(2*(phase+row)/3) - floor(2*phase/3))
    row 0 u 0 (mod) X=0 waste=0: (0,0)-(-1,2)
    row 0 u 1 (mod) X=1 waste=0: (1,0)-(-1,1)
    row 0 u 2 (mod) X=0 waste=0: (2,0)-(0,1)
    row 0 u 3 (mod) X=0 waste=0: (3,0)-(1,1)
    row 0 u 4 (ghost) X=0 waste=0: (4,0)-(2,1)
    row 0 u 5 (ghost) X=0 waste=0: (5,0)-(3,1)
    row 0 u 6 (ghost) X=0 waste=0: (6,0)-(4,1)
    row 1 u 0 (mod) X=0 waste=0: (1,1)-(0,3)
    row 1 u 1 (mod) X=1 waste=0: (2,1)-(0,2)
    row 1 u 2 (mod) X=0 waste=0: (3,1)-(1,2)
    row 1 u 3 (mod) X=0 waste=0: (4,1)-(2,2)
    row 1 u 4 (ghost) X=0 waste=0: (5,1)-(3,2)
    row 1 u 5 (ghost) X=0 waste=0: (6,1)-(4,2)
    row 2 u 0 (mod) X=0 waste=0: (1,2)-(0,4)
    row 2 u 1 (mod) X=1 waste=0: (2,2)-(0,3)
    row 2 u 2 (mod) X=0 waste=0: (3,2)-(1,3)
    row 2 u 3 (mod) X=0 waste=0: (4,2)-(2,3)
    row 2 u 4 (ghost) X=0 waste=0: (5,2)-(3,3)
    row 2 u 5 (ghost) X=0 waste=0: (6,2)-(4,3)
    row 2 u 6 (ghost) X=0 waste=0: (7,2)-(5,3)
 try mean 2/1 per row
RESULT A=2 WM=4 KM=1 any lambda=1/1: min mean weight per row = 2/1 (CERTIFIED: no cycle below); per level (E units) = 2/2 = 1.0000  (65s)
total 65s
	Command being timed: "./wifc 2/3 4 1 any 8 1 90000000"
	User time (seconds): 63.10
	System time (seconds): 2.31
	Percent of CPU this job got: 99%
	Elapsed (wall clock) time (h:mm:ss or m:ss): 1:05.44
	Average shared text size (kbytes): 0
	Average unshared data size (kbytes): 0
	Average stack size (kbytes): 0
	Average total size (kbytes): 0
	Maximum resident set size (kbytes): 360388
	Average resident set size (kbytes): 0
	Major (requiring I/O) page faults: 0
	Minor (reclaiming a frame) page faults: 330757
	Voluntary context switches: 1
	Involuntary context switches: 333
	Swaps: 0
	File system inputs: 0
	File system outputs: 24
	Socket messages sent: 0
	Socket messages received: 0
	Signals delivered: 0
	Page size (bytes): 4096
	Exit status: 0
exit=0
