shear 0/1 WM=4 KM=1 MODE=any lambda=1/2: columns u in [-2,5], 54 slots, complete squares s in [-1,3], 3 cost squares per row
warm-up done: 168100 strict seed states, largest warm layer 10493992, 95s
states by warm level: strict 1392844, warm1 0, warm2 0, warm3 0
graph: states 1392844 arcs 1638512 (rejected: margin 46732586, psi 0) 98s
== lambda 1/1
 try mean 8/1 per row
  cycle: 8 arcs, 1 rows, crossings 2, waste 4, weight 4 -> mean 4/1
    (cycle starts at row phase 0; board x = u + floor(0*(phase+row)/1) - floor(0*phase/1))
    row 0 u 0 (mod) X=0 waste=0: (0,0)-(-2,1)
    row 0 u 1 (mod) X=1 waste=0: (1,0)-(-1,1) (1,0)-(0,2)
    row 0 u 2 (mod) X=1 waste=0: (2,0)-(4,1) (2,0)-(3,2)
    row 0 u 3 (mod) X=0 waste=0: (3,0)-(5,1)
    row 0 u 5 (ghost) X=0 waste=4:
 try mean 4/1 per row
  cycle: 16 arcs, 2 rows, crossings 2, waste 4, weight 4 -> mean 4/2
    (cycle starts at row phase 0; board x = u + floor(0*(phase+row)/1) - floor(0*phase/1))
    row 0 u 1 (mod) X=0 waste=0: (1,0)-(-1,1) (1,0)-(0,2)
    row 0 u 2 (mod) X=0 waste=0: (2,0)-(4,1) (2,0)-(3,2)
    row 0 u 5 (ghost) X=0 waste=2:
    row 1 u 0 (mod) X=0 waste=0: (0,1)-(-2,2) (0,1)-(-1,3)
    row 1 u 1 (mod) X=0 waste=0: (1,1)-(3,2)
    row 1 u 2 (mod) X=2 waste=2: (2,1)-(0,2) (2,1)-(1,3)
    row 1 u 3 (mod) X=0 waste=0: (3,1)-(5,2) (3,1)-(4,3)
 try mean 2/1 per row
RESULT A=0 WM=4 KM=1 any lambda=1/1: min mean weight per row = 2/1 (CERTIFIED: no cycle below); per level (E units) = 2/2 = 1.0000  (98s)
total 98s
	Command being timed: "./wifc 0 4 1 any 8 1 90000000"
	User time (seconds): 92.88
	System time (seconds): 4.97
	Percent of CPU this job got: 99%
	Elapsed (wall clock) time (h:mm:ss or m:ss): 1:37.91
	Average shared text size (kbytes): 0
	Average unshared data size (kbytes): 0
	Average stack size (kbytes): 0
	Average total size (kbytes): 0
	Maximum resident set size (kbytes): 712872
	Average resident set size (kbytes): 0
	Major (requiring I/O) page faults: 0
	Minor (reclaiming a frame) page faults: 644873
	Voluntary context switches: 1
	Involuntary context switches: 257
	Swaps: 0
	File system inputs: 0
	File system outputs: 24
	Socket messages sent: 0
	Socket messages received: 0
	Signals delivered: 0
	Page size (bytes): 4096
	Exit status: 0
exit=0
