shear 1/1 WM=4 KM=1 MODE=any lambda=1/2: columns u in [-3,6], 60 slots, complete squares s in [0,3], 2 cost squares per row
warm-up done: 746496 strict seed states, largest warm layer 18805632, 194s
states by warm level: strict 1438416, warm1 0, warm2 0, warm3 0
graph: states 1438416 arcs 1508700 (rejected: margin 120905580, psi 0) 197s
== lambda 1/1
 try mean 8/1 per row
  cycle: 40 arcs, 4 rows, crossings 7, waste 14, weight 14 -> mean 14/4
    (cycle starts at row phase 0; board x = u + floor(1*(phase+row)/1) - floor(1*phase/1))
    row 0 u 0 (mod) X=0 waste=0: (0,0)-(-2,1) (0,0)-(-1,2)
    row 0 u 1 (mod) X=1 waste=0: (1,0)-(-1,1) (1,0)-(0,2)
    row 0 u 2 (mod) X=0 waste=0: (2,0)-(3,2)
    row 0 u 3 (mod) X=0 waste=0: (3,0)-(4,2)
    row 0 u 4 (ghost) X=0 waste=0: (4,0)-(5,2)
    row 0 u 6 (ghost) X=0 waste=4:
    row 1 u 0 (mod) X=1 waste=0: (1,1)-(-1,2) (1,1)-(0,3)
    row 1 u 1 (mod) X=1 waste=0: (2,1)-(0,2) (2,1)-(1,3)
    row 1 u 2 (mod) X=0 waste=0: (3,1)-(4,3)
    row 1 u 3 (mod) X=0 waste=0: (4,1)-(5,3)
    row 1 u 4 (ghost) X=0 waste=0: (5,1)-(6,3)
    row 1 u 6 (ghost) X=0 waste=2:
    row 2 u 0 (mod) X=1 waste=0: (2,2)-(0,3) (2,2)-(1,4)
    row 2 u 1 (mod) X=1 waste=0: (3,2)-(1,3)
    row 2 u 2 (mod) X=1 waste=1: (4,2)-(2,3)
    row 2 u 3 (mod) X=0 waste=0: (5,2)-(6,4)
    row 2 u 4 (ghost) X=0 waste=0: (6,2)-(7,4)
    row 2 u 6 (ghost) X=0 waste=3:
    row 3 u 0 (mod) X=0 waste=0: (3,3)-(1,4) (3,3)-(2,5)
    row 3 u 1 (mod) X=1 waste=0: (4,3)-(2,4)
    row 3 u 2 (mod) X=0 waste=0: (5,3)-(3,4)
    row 3 u 3 (mod) X=0 waste=0: (6,3)-(7,5)
    row 3 u 4 (ghost) X=0 waste=0: (7,3)-(8,5)
    row 3 u 6 (ghost) X=0 waste=4:
 try mean 7/2 per row
RESULT A=1 WM=4 KM=1 any lambda=1/1: min mean weight per row = 7/2 (CERTIFIED: no cycle below); per level (E units) = 7/4 = 1.7500  (197s)
total 197s
	Command being timed: "./wifc 1 4 1 any 8 1 90000000"
	User time (seconds): 188.17
	System time (seconds): 8.60
	Percent of CPU this job got: 99%
	Elapsed (wall clock) time (h:mm:ss or m:ss): 3:16.83
	Average shared text size (kbytes): 0
	Average unshared data size (kbytes): 0
	Average stack size (kbytes): 0
	Average total size (kbytes): 0
	Maximum resident set size (kbytes): 1176044
	Average resident set size (kbytes): 0
	Major (requiring I/O) page faults: 1
	Minor (reclaiming a frame) page faults: 988376
	Voluntary context switches: 2
	Involuntary context switches: 681
	Swaps: 0
	File system inputs: 24
	File system outputs: 16
	Socket messages sent: 0
	Socket messages received: 0
	Signals delivered: 0
	Page size (bytes): 4096
	Exit status: 0
exit=0
