shear 1/3 WM=4 KM=1 MODE=any lambda=1/2: columns u in [-3,6], 59 slots, complete squares s in [-1,2], 2 cost squares per row
warm-up done: 69888 strict seed states, largest warm layer 7515904, 91s
states by warm level: strict 416480, warm1 0, warm2 0, warm3 0
graph: states 416480 arcs 440292 (rejected: margin 40930730, psi 0) 92s
== lambda 1/1
 try mean 8/1 per row
  cycle: 90 arcs, 9 rows, crossings 18, waste 32, weight 36 -> mean 36/9
    (cycle starts at row phase 2; board x = u + floor(1*(phase+row)/3) - floor(1*phase/3))
    row 0 u 1 (mod) X=0 waste=0: (1,0)-(-1,1) (1,0)-(2,2)
    row 0 u 2 (mod) X=2 waste=2: (2,0)-(0,1) (2,0)-(3,2)
    row 0 u 3 (mod) X=0 waste=0: (3,0)-(4,2)
    row 1 u 0 (mod) X=0 waste=0: (1,1)-(-1,2) (1,1)-(0,3)
    row 1 u 1 (mod) X=0 waste=0: (2,1)-(3,3)
    row 1 u 2 (mod) X=0 waste=0: (3,1)-(4,3)
    row 1 u 3 (mod) X=0 waste=0: (4,1)-(5,3)
    row 1 u 6 (ghost) X=0 waste=2:
    row 2 u 0 (mod) X=1 waste=0: (1,2)-(-1,3) (1,2)-(0,4)
    row 2 u 1 (mod) X=1 waste=0: (2,2)-(0,3)
    row 2 u 2 (mod) X=1 waste=1: (3,2)-(1,3)
    row 2 u 3 (mod) X=0 waste=0: (4,2)-(5,4)
    row 2 u 6 (ghost) X=0 waste=3:
    row 3 u 0 (mod) X=0 waste=0: (1,3)-(0,5)
    row 3 u 1 (mod) X=1 waste=0: (2,3)-(0,4) (2,3)-(3,5)
    row 3 u 2 (mod) X=1 waste=1: (3,3)-(1,4)
    row 3 u 3 (mod) X=0 waste=0: (4,3)-(5,5)
    row 3 u 6 (ghost) X=0 waste=5:
    row 4 u 0 (mod) X=0 waste=0: (2,4)-(0,5) (2,4)-(1,6)
    row 4 u 1 (mod) X=1 waste=1: (3,4)-(4,6) (3,4)-(2,6)
    row 4 u 2 (mod) X=1 waste=0: (4,4)-(5,6) (4,4)-(3,6)
    row 4 u 3 (mod) X=0 waste=0: (5,4)-(6,6)
    row 4 u 6 (ghost) X=0 waste=2:
    row 5 u 0 (mod) X=1 waste=0: (2,5)-(0,6) (2,5)-(1,7)
    row 5 u 1 (mod) X=0 waste=0: (3,5)-(2,7)
    row 5 u 2 (mod) X=1 waste=1: (4,5)-(5,7) (4,5)-(3,7)
    row 5 u 3 (mod) X=0 waste=0: (5,5)-(6,7)
    row 6 u 0 (mod) X=1 waste=0: (2,6)-(0,7)
    row 6 u 1 (mod) X=1 waste=1: (3,6)-(4,8)
    row 6 u 2 (mod) X=2 waste=1: (4,6)-(2,7)
    row 6 u 3 (mod) X=0 waste=0: (5,6)-(6,8)
    row 6 u 6 (ghost) X=0 waste=4:
    row 7 u 0 (mod) X=0 waste=0: (3,7)-(1,8)
    row 7 u 1 (mod) X=2 waste=2: (4,7)-(2,8) (4,7)-(3,9)
    row 7 u 2 (mod) X=0 waste=0: (5,7)-(6,9)
    row 7 u 3 (mod) X=0 waste=0: (6,7)-(7,9)
    row 7 u 6 (ghost) X=0 waste=4:
    row 8 u 0 (mod) X=0 waste=0: (3,8)-(1,9) (3,8)-(2,10)
    row 8 u 1 (mod) X=0 waste=0: (4,8)-(5,10)
    row 8 u 2 (mod) X=1 waste=1: (5,8)-(3,9) (5,8)-(6,10)
    row 8 u 3 (mod) X=0 waste=0: (6,8)-(7,10)
    row 8 u 6 (ghost) X=0 waste=1:
 try mean 4/1 per row
  cycle: 120 arcs, 12 rows, crossings 22, waste 40, weight 44 -> mean 44/12
    (cycle starts at row phase 2; board x = u + floor(1*(phase+row)/3) - floor(1*phase/3))
    row 0 u 0 (mod) X=1 waste=0: (0,0)-(-2,1)
    row 0 u 1 (mod) X=1 waste=1: (1,0)-(2,2)
    row 0 u 2 (mod) X=2 waste=1: (2,0)-(0,1) (2,0)-(3,2)
    row 0 u 3 (mod) X=0 waste=0: (3,0)-(4,2)
    row 0 u 6 (ghost) X=0 waste=2:
    row 1 u 0 (mod) X=0 waste=0: (1,1)-(-1,2)
    row 1 u 1 (mod) X=2 waste=2: (2,1)-(0,2) (2,1)-(1,3)
    row 1 u 2 (mod) X=0 waste=0: (3,1)-(4,3)
    row 1 u 3 (mod) X=0 waste=0: (4,1)-(5,3)
    row 1 u 6 (ghost) X=0 waste=2:
    row 2 u 0 (mod) X=0 waste=0: (1,2)-(-1,3) (1,2)-(0,4)
    row 2 u 1 (mod) X=0 waste=0: (2,2)-(3,4)
    row 2 u 2 (mod) X=1 waste=1: (3,2)-(1,3)
    row 2 u 3 (mod) X=0 waste=0: (4,2)-(5,4)
    row 2 u 6 (ghost) X=0 waste=3:
    row 3 u 1 (mod) X=0 waste=0: (2,3)-(0,4) (2,3)-(3,5)
    row 3 u 2 (mod) X=2 waste=2: (3,3)-(1,4) (3,3)-(4,5)
    row 3 u 3 (mod) X=0 waste=0: (4,3)-(5,5)
    row 3 u 6 (ghost) X=0 waste=2:
    row 4 u 0 (mod) X=0 waste=0: (2,4)-(0,5) (2,4)-(1,6)
    row 4 u 1 (mod) X=1 waste=1: (3,4)-(2,6)
    row 4 u 2 (mod) X=1 waste=1: (4,4)-(5,6) (4,4)-(3,6)
    row 4 u 3 (mod) X=0 waste=0: (5,4)-(6,6)
    row 4 u 6 (ghost) X=0 waste=2:
    row 5 u 0 (mod) X=1 waste=0: (2,5)-(0,6) (2,5)-(1,7)
    row 5 u 1 (mod) X=0 waste=0: (3,5)-(2,7)
    row 5 u 2 (mod) X=0 waste=0: (4,5)-(5,7)
    row 5 u 3 (mod) X=0 waste=0: (5,5)-(6,7)
    row 5 u 6 (ghost) X=0 waste=2:
    row 6 u 0 (mod) X=1 waste=0: (2,6)-(0,7)
    row 6 u 1 (mod) X=0 waste=0: (3,6)-(4,8)
    row 6 u 2 (mod) X=1 waste=1: (4,6)-(2,7) (4,6)-(5,8)
    row 6 u 3 (mod) X=0 waste=0: (5,6)-(6,8)
    row 6 u 6 (ghost) X=0 waste=1:
    row 7 u 0 (mod) X=0 waste=0: (3,7)-(1,8) (3,7)-(2,9)
    row 7 u 1 (mod) X=1 waste=1: (4,7)-(5,9) (4,7)-(3,9)
    row 7 u 2 (mod) X=0 waste=0: (5,7)-(6,9)
    row 7 u 3 (mod) X=0 waste=0: (6,7)-(7,9)
    row 7 u 6 (ghost) X=0 waste=1:
    row 8 u 0 (mod) X=1 waste=0: (3,8)-(1,9) (3,8)-(2,10)
    row 8 u 1 (mod) X=0 waste=0: (4,8)-(5,10)
    row 8 u 2 (mod) X=2 waste=2: (5,8)-(3,9)
    row 8 u 3 (mod) X=0 waste=0: (6,8)-(7,10)
    row 8 u 6 (ghost) X=0 waste=2:
    row 9 u 1 (mod) X=0 waste=0: (4,9)-(2,10) (4,9)-(5,11)
    row 9 u 2 (mod) X=2 waste=2: (5,9)-(3,10)
    row 9 u 3 (mod) X=0 waste=0: (6,9)-(7,11)
    row 9 u 6 (ghost) X=0 waste=4:
    row 10 u 0 (mod) X=0 waste=0: (4,10)-(2,11) (4,10)-(3,12)
    row 10 u 1 (mod) X=1 waste=1: (5,10)-(4,12)
    row 10 u 2 (mod) X=0 waste=0: (6,10)-(7,12) (6,10)-(5,12)
    row 10 u 3 (mod) X=0 waste=0: (7,10)-(8,12)
    row 10 u 6 (ghost) X=0 waste=3:
    row 11 u 0 (mod) X=1 waste=0: (4,11)-(2,12) (4,11)-(3,13)
    row 11 u 1 (mod) X=0 waste=0: (5,11)-(4,13)
    row 11 u 2 (mod) X=0 waste=0: (6,11)-(7,13) (6,11)-(5,13)
    row 11 u 3 (mod) X=0 waste=0: (7,11)-(8,13)
 try mean 11/3 per row
RESULT A=1 WM=4 KM=1 any lambda=1/1: min mean weight per row = 11/3 (CERTIFIED: no cycle below); per level (E units) = 11/6 = 1.8333  (92s)
total 92s
	Command being timed: "./wifc 1/3 4 1 any 8 1 90000000"
	User time (seconds): 88.34
	System time (seconds): 3.65
	Percent of CPU this job got: 99%
	Elapsed (wall clock) time (h:mm:ss or m:ss): 1:32.07
	Average shared text size (kbytes): 0
	Average unshared data size (kbytes): 0
	Average stack size (kbytes): 0
	Average total size (kbytes): 0
	Maximum resident set size (kbytes): 412264
	Average resident set size (kbytes): 0
	Major (requiring I/O) page faults: 0
	Minor (reclaiming a frame) page faults: 542625
	Voluntary context switches: 1
	Involuntary context switches: 254
	Swaps: 0
	File system inputs: 0
	File system outputs: 24
	Socket messages sent: 0
	Socket messages received: 0
	Signals delivered: 0
	Page size (bytes): 4096
	Exit status: 0
exit=0
