shear 1/3 WM=4 KM=1 MODE=any lambda=1/2: columns u in [-3,6], 59 slots, complete squares s in [-1,2], 2 cost squares per row
warm-up done: 59520 strict seed states, largest warm layer 7515904, 92s
states by warm level: strict 414904, warm1 0, warm2 0, warm3 0
graph: states 414904 arcs 420880 (rejected: margin 41015336, psi 0) 92s
== lambda 1/1
 try mean 8/1 per row
  cycle: 60 arcs, 6 rows, crossings 11, waste 18, weight 22 -> mean 22/6
    (cycle starts at row phase 2; board x = u + floor(1*(phase+row)/3) - floor(1*phase/3))
    row 0 u 0 (mod) X=0 waste=0: (0,0)-(-2,1)
    row 0 u 1 (mod) X=0 waste=0: (1,0)-(0,2)
    row 0 u 2 (mod) X=0 waste=0: (2,0)-(3,2)
    row 0 u 3 (mod) X=2 waste=2: (3,0)-(1,1)
    row 0 u 4 (ghost) X=2 waste=2: (4,0)-(2,1)
    row 0 u 5 (ghost) X=0 waste=0: (5,0)-(3,1)
    row 0 u 6 (ghost) X=0 waste=2: (6,0)-(4,1)
    row 1 u 0 (mod) X=0 waste=0: (1,1)-(0,3)
    row 1 u 1 (mod) X=0 waste=0: (2,1)-(1,3)
    row 1 u 3 (mod) X=1 waste=1: (4,1)-(2,2)
    row 1 u 4 (ghost) X=0 waste=0: (5,1)-(3,2)
    row 1 u 5 (ghost) X=0 waste=0: (6,1)-(4,2)
    row 1 u 6 (ghost) X=0 waste=3:
    row 2 u 0 (mod) X=1 waste=0: (1,2)-(-1,3) (1,2)-(0,4)
    row 2 u 1 (mod) X=0 waste=0: (2,2)-(1,4)
    row 2 u 3 (mod) X=0 waste=0: (4,2)-(2,3)
    row 2 u 4 (ghost) X=0 waste=0: (5,2)-(3,3)
    row 2 u 5 (ghost) X=0 waste=0: (6,2)-(4,3)
    row 2 u 6 (ghost) X=0 waste=2:
    row 3 u 0 (mod) X=1 waste=0: (1,3)-(-1,4)
    row 3 u 1 (mod) X=0 waste=0: (2,3)-(1,5)
    row 3 u 2 (mod) X=0 waste=0: (3,3)-(2,5)
    row 3 u 3 (mod) X=1 waste=0: (4,3)-(2,4)
    row 3 u 4 (ghost) X=0 waste=0: (5,3)-(3,4)
    row 3 u 5 (ghost) X=0 waste=0: (6,3)-(4,4)
    row 3 u 6 (ghost) X=0 waste=2: (7,3)-(5,4)
    row 4 u 0 (mod) X=0 waste=0: (2,4)-(1,6)
    row 4 u 1 (mod) X=0 waste=0: (3,4)-(2,6)
    row 4 u 2 (mod) X=1 waste=0: (4,4)-(2,5)
    row 4 u 3 (mod) X=0 waste=0: (5,4)-(3,5)
    row 4 u 4 (ghost) X=0 waste=0: (6,4)-(4,5)
    row 4 u 5 (ghost) X=0 waste=0: (7,4)-(5,5)
    row 5 u 1 (mod) X=0 waste=0: (3,5)-(2,7)
    row 5 u 2 (mod) X=0 waste=0: (4,5)-(5,7)
    row 5 u 3 (mod) X=1 waste=1: (5,5)-(3,6)
    row 5 u 4 (ghost) X=1 waste=1: (6,5)-(4,6)
    row 5 u 5 (ghost) X=0 waste=0: (7,5)-(5,6)
    row 5 u 6 (ghost) X=0 waste=2:
 try mean 11/3 per row
RESULT A=1 WM=4 KM=1 any lambda=1/1: min mean weight per row = 11/3 (CERTIFIED: no cycle below); per level (E units) = 11/6 = 1.8333  (92s)
total 92s
	Command being timed: "./wifc 1/3 4 1 any 8 1 90000000"
	User time (seconds): 88.47
	System time (seconds): 3.78
	Percent of CPU this job got: 99%
	Elapsed (wall clock) time (h:mm:ss or m:ss): 1:32.31
	Average shared text size (kbytes): 0
	Average unshared data size (kbytes): 0
	Average stack size (kbytes): 0
	Average total size (kbytes): 0
	Maximum resident set size (kbytes): 412328
	Average resident set size (kbytes): 0
	Major (requiring I/O) page faults: 0
	Minor (reclaiming a frame) page faults: 542829
	Voluntary context switches: 1
	Involuntary context switches: 151
	Swaps: 0
	File system inputs: 0
	File system outputs: 16
	Socket messages sent: 0
	Socket messages received: 0
	Signals delivered: 0
	Page size (bytes): 4096
	Exit status: 0
exit=0
