shear 2/3 WM=4 KM=1 MODE=any lambda=1/2: columns u in [-3,6], 62 slots, complete squares s in [0,2], 1 cost squares per row
warm-up done: 499200 strict seed states, largest warm layer 5241184, 74s
states by warm level: strict 2232272, warm1 0, warm2 0, warm3 0
graph: states 2232272 arcs 2366534 (rejected: margin 42128160, psi 0) 79s
== lambda 1/1
 try mean 8/1 per row
  cycle: 60 arcs, 6 rows, crossings 14, waste 22, weight 28 -> mean 28/6
    (cycle starts at row phase 2; board x = u + floor(2*(phase+row)/3) - floor(2*phase/3))
    row 0 u 0 (mod) X=1 waste=0: (0,0)-(-2,1) (0,0)-(-1,2)
    row 0 u 1 (mod) X=1 waste=0: (1,0)-(-1,1) (1,0)-(0,2)
    row 0 u 2 (mod) X=1 waste=1: (2,0)-(1,2)
    row 0 u 3 (mod) X=0 waste=0: (3,0)-(4,2)
    row 0 u 6 (ghost) X=0 waste=5:
    row 1 u 0 (mod) X=1 waste=0: (1,1)-(-1,2) (1,1)-(0,3)
    row 1 u 1 (mod) X=0 waste=0: (2,1)-(3,3)
    row 1 u 2 (mod) X=1 waste=1: (3,1)-(1,2) (3,1)-(4,3)
    row 1 u 3 (mod) X=0 waste=0: (4,1)-(6,2)
    row 1 u 6 (ghost) X=0 waste=1:
    row 2 u 1 (mod) X=0 waste=0: (2,2)-(0,3) (2,2)-(1,4)
    row 2 u 2 (mod) X=1 waste=0: (3,2)-(5,3) (3,2)-(4,4)
    row 2 u 3 (mod) X=0 waste=0: (4,2)-(6,3)
    row 2 u 4 (ghost) X=1 waste=0: (5,2)-(6,4)
    row 2 u 6 (ghost) X=0 waste=2:
    row 3 u 0 (mod) X=1 waste=0: (2,3)-(0,4) (2,3)-(1,5)
    row 3 u 1 (mod) X=1 waste=0: (3,3)-(1,4)
    row 3 u 2 (mod) X=1 waste=1: (4,3)-(2,4)
    row 3 u 3 (mod) X=0 waste=0: (5,3)-(6,5)
    row 3 u 6 (ghost) X=0 waste=5:
    row 4 u 0 (mod) X=0 waste=0: (3,4)-(1,5) (3,4)-(2,6)
    row 4 u 1 (mod) X=1 waste=0: (4,4)-(2,5)
    row 4 u 2 (mod) X=0 waste=0: (5,4)-(3,5) (5,4)-(6,6)
    row 4 u 3 (mod) X=0 waste=0: (6,4)-(8,5)
    row 4 u 6 (ghost) X=0 waste=2:
    row 5 u 0 (mod) X=0 waste=0: (3,5)-(2,7)
    row 5 u 1 (mod) X=1 waste=0: (4,5)-(2,6) (4,5)-(3,7)
    row 5 u 2 (mod) X=1 waste=0: (5,5)-(7,6) (5,5)-(6,7)
    row 5 u 3 (mod) X=0 waste=0: (6,5)-(8,6)
    row 5 u 4 (ghost) X=1 waste=0: (7,5)-(8,7)
    row 5 u 6 (ghost) X=0 waste=4:
 try mean 14/3 per row
RESULT A=2 WM=4 KM=1 any lambda=1/1: min mean weight per row = 14/3 (CERTIFIED: no cycle below); per level (E units) = 14/6 = 2.3333  (79s)
total 79s
	Command being timed: "./wifc 2/3 4 1 any 8 1 90000000"
	User time (seconds): 74.86
	System time (seconds): 2.79
	Percent of CPU this job got: 98%
	Elapsed (wall clock) time (h:mm:ss or m:ss): 1:18.90
	Average shared text size (kbytes): 0
	Average unshared data size (kbytes): 0
	Average stack size (kbytes): 0
	Average total size (kbytes): 0
	Maximum resident set size (kbytes): 360340
	Average resident set size (kbytes): 0
	Major (requiring I/O) page faults: 0
	Minor (reclaiming a frame) page faults: 360826
	Voluntary context switches: 1
	Involuntary context switches: 2352
	Swaps: 0
	File system inputs: 0
	File system outputs: 16
	Socket messages sent: 0
	Socket messages received: 0
	Signals delivered: 0
	Page size (bytes): 4096
	Exit status: 0
exit=0
