iter 0: obj -18 bound -18 OPTIMAL cycles 40 cuts 0 t=3s
iter 1: obj -16 bound -16 OPTIMAL cycles 32 cuts 40 t=7s
iter 2: obj -16 bound -16 OPTIMAL cycles 31 cuts 72 t=11s
iter 3: obj -15 bound -15 OPTIMAL cycles 27 cuts 103 t=23s
iter 4: obj -15 bound -15 OPTIMAL cycles 30 cuts 130 t=65s
iter 5: obj -14 bound -14 OPTIMAL cycles 6 cuts 160 t=80s
STOP: tour lower bound -14 >= -14 for this family
FAIL {'status': 'OPTIMAL', 'turns': -14, 'bound': -14, 'secs': 13.8, 'LB': -14}
	Command being timed: "../../../.venv/bin/python -u pring.py --n 68 --Z 8 --P 8 --Q 4 --iters 300 --time 120 --workers 1 --stop -14 --out grid_n68_Z8.json"
	User time (seconds): 76.72
	System time (seconds): 0.74
	Percent of CPU this job got: 95%
	Elapsed (wall clock) time (h:mm:ss or m:ss): 1:21.32
	Average shared text size (kbytes): 0
	Average unshared data size (kbytes): 0
	Average stack size (kbytes): 0
	Average total size (kbytes): 0
	Maximum resident set size (kbytes): 168640
	Average resident set size (kbytes): 0
	Major (requiring I/O) page faults: 0
	Minor (reclaiming a frame) page faults: 37010
	Voluntary context switches: 12
	Involuntary context switches: 7715
	Swaps: 0
	File system inputs: 256
	File system outputs: 32
	Socket messages sent: 0
	Socket messages received: 0
	Signals delivered: 0
	Page size (bytes): 4096
	Exit status: 0
exit=0
