iter 0: obj -18 bound -18 OPTIMAL cycles 15 cuts 0 t=4s
iter 1: obj -17 bound -17 OPTIMAL cycles 26 cuts 15 t=9s
iter 2: obj -17 bound -17 OPTIMAL cycles 23 cuts 41 t=16s
iter 3: obj -16 bound -16 OPTIMAL cycles 24 cuts 64 t=26s
iter 4: obj -16 bound -16 OPTIMAL cycles 22 cuts 88 t=38s
iter 5: obj -15 bound -15 OPTIMAL cycles 16 cuts 110 t=155s
iter 6: obj -14 bound -14 OPTIMAL cycles 13 cuts 126 t=237s
STOP: tour lower bound -14 >= -14 for this family
FAIL {'status': 'OPTIMAL', 'turns': -14, 'bound': -14, 'secs': 80.9, 'LB': -14}
	Command being timed: "../../../.venv/bin/python -u pring.py --n 56 --Z 8 --P 8 --Q 4 --defect 8 --defectW 6 --defsides B --stop -14 --iters 300 --time 120 --workers 1 --budget 900 --final 900 --out grid_n56_defB.json"
	User time (seconds): 236.28
	System time (seconds): 0.72
	Percent of CPU this job got: 99%
	Elapsed (wall clock) time (h:mm:ss or m:ss): 3:58.15
	Average shared text size (kbytes): 0
	Average unshared data size (kbytes): 0
	Average stack size (kbytes): 0
	Average total size (kbytes): 0
	Maximum resident set size (kbytes): 175512
	Average resident set size (kbytes): 0
	Major (requiring I/O) page faults: 0
	Minor (reclaiming a frame) page faults: 36707
	Voluntary context switches: 10
	Involuntary context switches: 3837
	Swaps: 0
	File system inputs: 0
	File system outputs: 56
	Socket messages sent: 0
	Socket messages received: 0
	Signals delivered: 0
	Page size (bytes): 4096
	Exit status: 0
exit=0
