iter 0: obj -18 bound -18 OPTIMAL cycles 15 cuts 0 t=4s
iter 1: obj -17 bound -17 OPTIMAL cycles 9 cuts 15 t=8s
STOP: tour lower bound -17 >= -17 for this family
FAIL {'status': 'OPTIMAL', 'turns': -17, 'bound': -17, 'secs': 2.9, 'LB': -17}
	Command being timed: "../../../.venv/bin/python -u pring.py --n 58 --Z 8 --P 16 --Q 8 --iters 300 --time 120 --workers 1 --budget 1500 --stop -17 --out grid_n58_P16Q8.json"
	User time (seconds): 9.67
	System time (seconds): 0.47
	Percent of CPU this job got: 106%
	Elapsed (wall clock) time (h:mm:ss or m:ss): 0:09.57
	Average shared text size (kbytes): 0
	Average unshared data size (kbytes): 0
	Average stack size (kbytes): 0
	Average total size (kbytes): 0
	Maximum resident set size (kbytes): 152400
	Average resident set size (kbytes): 0
	Major (requiring I/O) page faults: 0
	Minor (reclaiming a frame) page faults: 30362
	Voluntary context switches: 13
	Involuntary context switches: 73
	Swaps: 0
	File system inputs: 0
	File system outputs: 8
	Socket messages sent: 0
	Socket messages received: 0
	Signals delivered: 0
	Page size (bytes): 4096
	Exit status: 0
exit=0
