iter 0: obj -18 bound -18 OPTIMAL cycles 17 cuts 0 t=7s
iter 1: obj -17 bound -17 OPTIMAL cycles 25 cuts 17 t=12s
iter 2: obj -17 bound -17 OPTIMAL cycles 26 cuts 42 t=21s
iter 3: obj -16 bound -16 OPTIMAL cycles 24 cuts 68 t=31s
iter 4: obj -16 bound -16 OPTIMAL cycles 21 cuts 92 t=39s
iter 5: obj -15 bound -15 OPTIMAL cycles 19 cuts 113 t=95s
iter 6: obj -14 bound -14 OPTIMAL cycles 6 cuts 132 t=139s
STOP: tour lower bound -14 >= -14 for this family
FAIL {'status': 'OPTIMAL', 'turns': -14, 'bound': -14, 'secs': 43.4, 'LB': -14}
	Command being timed: "../../../.venv/bin/python -u pring.py --n 56 --Z 8 --P 8 --Q 4 --defect 8 --defectW 6 --defsides T --stop -14 --iters 300 --time 120 --workers 1 --budget 900 --final 900 --out grid_n56_defT.json"
	User time (seconds): 139.87
	System time (seconds): 0.63
	Percent of CPU this job got: 100%
	Elapsed (wall clock) time (h:mm:ss or m:ss): 2:20.39
	Average shared text size (kbytes): 0
	Average unshared data size (kbytes): 0
	Average stack size (kbytes): 0
	Average total size (kbytes): 0
	Maximum resident set size (kbytes): 173752
	Average resident set size (kbytes): 0
	Major (requiring I/O) page faults: 0
	Minor (reclaiming a frame) page faults: 37208
	Voluntary context switches: 9
	Involuntary context switches: 1402
	Swaps: 0
	File system inputs: 0
	File system outputs: 24
	Socket messages sent: 0
	Socket messages received: 0
	Signals delivered: 0
	Page size (bytes): 4096
	Exit status: 0
exit=0
