iter 0: obj -18 bound -18 OPTIMAL cycles 20 cuts 0 t=6s
iter 1: obj -17 bound -17 OPTIMAL cycles 24 cuts 20 t=10s
iter 2: obj -17 bound -17 OPTIMAL cycles 22 cuts 44 t=15s
iter 3: obj -16 bound -16 OPTIMAL cycles 21 cuts 66 t=23s
iter 4: obj -16 bound -16 OPTIMAL cycles 24 cuts 87 t=27s
iter 5: obj -16 bound -16 OPTIMAL cycles 22 cuts 111 t=35s
iter 6: obj -16 bound -16 OPTIMAL cycles 24 cuts 133 t=50s
iter 7: obj -16 bound -16 OPTIMAL cycles 21 cuts 157 t=60s
iter 8: obj -16 bound -16 OPTIMAL cycles 22 cuts 178 t=86s
iter 9: obj -15 bound -15 OPTIMAL cycles 12 cuts 200 t=206s
iter 10: obj -14 bound -14 OPTIMAL cycles 3 cuts 212 t=313s
STOP: tour lower bound -14 >= -14 for this family
FAIL {'status': 'OPTIMAL', 'turns': -14, 'bound': -14, 'secs': 106.5, 'LB': -14}
	Command being timed: "../../../.venv/bin/python -u pring.py --n 56 --Z 8 --P 16 --Q 8 --iters 300 --time 120 --workers 1 --stop -14 --out grid_n56_P16Q8.json"
	User time (seconds): 310.34
	System time (seconds): 0.92
	Percent of CPU this job got: 98%
	Elapsed (wall clock) time (h:mm:ss or m:ss): 5:14.50
	Average shared text size (kbytes): 0
	Average unshared data size (kbytes): 0
	Average stack size (kbytes): 0
	Average total size (kbytes): 0
	Maximum resident set size (kbytes): 178972
	Average resident set size (kbytes): 0
	Major (requiring I/O) page faults: 0
	Minor (reclaiming a frame) page faults: 38742
	Voluntary context switches: 14
	Involuntary context switches: 12085
	Swaps: 0
	File system inputs: 72
	File system outputs: 72
	Socket messages sent: 0
	Socket messages received: 0
	Signals delivered: 0
	Page size (bytes): 4096
	Exit status: 0
exit=0
