iter 0: obj -18 bound -18 OPTIMAL cycles 18 cuts 0 t=5s
iter 1: obj -17 bound -17 OPTIMAL cycles 7 cuts 18 t=21s
STOP: tour lower bound -17 >= -17 for this family
FAIL {'status': 'OPTIMAL', 'turns': -17, 'bound': -17, 'secs': 14.8, 'LB': -17}
	Command being timed: "../../../.venv/bin/python -u pring.py --n 58 --Z 10 --P 8 --Q 4 --iters 300 --time 120 --workers 1 --budget 1500 --stop -17 --out grid_n58_Z10.json"
	User time (seconds): 21.95
	System time (seconds): 0.50
	Percent of CPU this job got: 102%
	Elapsed (wall clock) time (h:mm:ss or m:ss): 0:21.97
	Average shared text size (kbytes): 0
	Average unshared data size (kbytes): 0
	Average stack size (kbytes): 0
	Average total size (kbytes): 0
	Maximum resident set size (kbytes): 174588
	Average resident set size (kbytes): 0
	Major (requiring I/O) page faults: 0
	Minor (reclaiming a frame) page faults: 35356
	Voluntary context switches: 10
	Involuntary context switches: 197
	Swaps: 0
	File system inputs: 0
	File system outputs: 16
	Socket messages sent: 0
	Socket messages received: 0
	Signals delivered: 0
	Page size (bytes): 4096
	Exit status: 0
exit=0
