iter 0: obj -18 bound -18 OPTIMAL cycles 26 cuts 0 t=3s
iter 1: obj -17 bound -17 OPTIMAL cycles 8 cuts 26 t=7s
iter 2: obj -17 bound -17 OPTIMAL cycles 13 cuts 34 t=10s
iter 3: obj -17 bound -17 OPTIMAL cycles 2 cuts 47 t=13s
iter 4: obj -17 bound -17 OPTIMAL cycles 7 cuts 49 t=16s
iter 5: obj -17 bound -17 OPTIMAL cycles 7 cuts 56 t=21s
iter 6: obj -17 bound -17 OPTIMAL cycles 7 cuts 63 t=24s
iter 7: obj -17 bound -17 OPTIMAL cycles 4 cuts 70 t=28s
iter 8: obj -17 bound -17 OPTIMAL cycles 11 cuts 74 t=32s
iter 9: obj -17 bound -17 OPTIMAL cycles 9 cuts 85 t=36s
iter 10: obj -17 bound -17 OPTIMAL cycles 2 cuts 94 t=40s
iter 11: obj -17 bound -17 OPTIMAL cycles 6 cuts 96 t=43s
iter 12: obj -17 bound -17 OPTIMAL cycles 3 cuts 102 t=48s
iter 13: obj -17 bound -17 OPTIMAL cycles 8 cuts 105 t=53s
iter 14: obj -17 bound -17 OPTIMAL cycles 2 cuts 113 t=58s
iter 15: obj -17 bound -17 OPTIMAL cycles 2 cuts 115 t=62s
iter 16: obj -17 bound -17 OPTIMAL cycles 3 cuts 117 t=67s
iter 17: obj -17 bound -17 OPTIMAL cycles 2 cuts 120 t=73s
iter 18: obj -17 bound -17 OPTIMAL cycles 7 cuts 122 t=77s
iter 19: obj -17 bound -17 OPTIMAL cycles 9 cuts 129 t=81s
iter 20: obj -17 bound -17 OPTIMAL cycles 2 cuts 138 t=86s
iter 21: obj -17 bound -17 OPTIMAL cycles 2 cuts 140 t=92s
iter 22: obj -17 bound -17 OPTIMAL cycles 6 cuts 142 t=98s
iter 23: obj -17 bound -17 OPTIMAL cycles 1 cuts 148 t=106s
n=58 Z=8 Db=4 Dl=4 P=8 Q=4 m=0 sides=BTLR mode=2f T=447 T-8n=-17 charge=464 cycles=1 tour=True info={'status': 'OPTIMAL', 'turns': -17, 'bound': -17, 'secs': 6.6, 'LB': -17}
bottom period (rows top-first): ['26 26 26 26 26 26 26 26', '46 36 26 26 46 26 46 26', '25 26 25 25 26 26 25 26', '16 16 67 06 16 06 16 06']
left period (rows top-first): ['02 27 26 26', '02 24 26 26', '23 24 26 26', '02 24 26 26']
	Command being timed: "../../../.venv/bin/python -u pring.py --n 58 --Z 8 --P 8 --Q 4 --iters 300 --time 120 --workers 1 --stop -14 --out grid_n58_Z8.json"
	User time (seconds): 105.31
	System time (seconds): 0.57
	Percent of CPU this job got: 98%
	Elapsed (wall clock) time (h:mm:ss or m:ss): 1:47.27
	Average shared text size (kbytes): 0
	Average unshared data size (kbytes): 0
	Average stack size (kbytes): 0
	Average total size (kbytes): 0
	Maximum resident set size (kbytes): 165624
	Average resident set size (kbytes): 0
	Major (requiring I/O) page faults: 0
	Minor (reclaiming a frame) page faults: 41257
	Voluntary context switches: 26
	Involuntary context switches: 4277
	Swaps: 0
	File system inputs: 3368
	File system outputs: 160
	Socket messages sent: 0
	Socket messages received: 0
	Signals delivered: 0
	Page size (bytes): 4096
	Exit status: 0
exit=0
