iter 0: obj -18 bound -18 OPTIMAL cycles 20 cuts 0 t=5s
iter 1: obj -17 bound -17 OPTIMAL cycles 24 cuts 20 t=11s
iter 2: obj -17 bound -17 OPTIMAL cycles 25 cuts 44 t=20s
iter 3: obj -16 bound -16 OPTIMAL cycles 24 cuts 69 t=28s
iter 4: obj -16 bound -16 OPTIMAL cycles 23 cuts 93 t=51s
iter 5: obj -14 bound -16 FEASIBLE cycles 5 cuts 116 t=172s
iter 6: obj -15 bound -16 FEASIBLE cycles 15 cuts 121 t=293s
iter 7: obj -14 bound -14 OPTIMAL cycles 7 cuts 136 t=380s
STOP: tour lower bound -14 >= -14 for this family
FAIL {'status': 'OPTIMAL', 'turns': -14, 'bound': -14, 'secs': 86.2, 'LB': -14}
	Command being timed: "../../../.venv/bin/python -u pring.py --n 56 --Z 8 --P 8 --Q 4 --defect 8 --defectW 6 --defsides L --stop -14 --iters 300 --time 120 --workers 1 --budget 900 --final 900 --out grid_n56_defL.json"
	User time (seconds): 374.17
	System time (seconds): 1.21
	Percent of CPU this job got: 98%
	Elapsed (wall clock) time (h:mm:ss or m:ss): 6:21.42
	Average shared text size (kbytes): 0
	Average unshared data size (kbytes): 0
	Average stack size (kbytes): 0
	Average total size (kbytes): 0
	Maximum resident set size (kbytes): 184732
	Average resident set size (kbytes): 0
	Major (requiring I/O) page faults: 0
	Minor (reclaiming a frame) page faults: 39883
	Voluntary context switches: 355
	Involuntary context switches: 12041
	Swaps: 0
	File system inputs: 12072
	File system outputs: 56
	Socket messages sent: 0
	Socket messages received: 0
	Signals delivered: 0
	Page size (bytes): 4096
	Exit status: 0
exit=0
