iter 0: obj -18 bound -18 OPTIMAL cycles 32 cuts 0 t=9s
iter 1: obj -16 bound -15 OPTIMAL cycles 26 cuts 32 t=27s
iter 2: obj -16 bound -16 OPTIMAL cycles 27 cuts 58 t=50s
iter 3: obj -15 bound -15 OPTIMAL cycles 25 cuts 85 t=121s
iter 4: obj -15 bound -15 OPTIMAL cycles 26 cuts 110 t=183s
iter 5: obj -14 bound -14 OPTIMAL cycles 7 cuts 136 t=295s
STOP: tour lower bound -14 >= -14 for this family
FAIL {'status': 'OPTIMAL', 'turns': -14, 'bound': -14, 'secs': 111.0, 'LB': -14}
	Command being timed: "../../../.venv/bin/python -u pring.py --n 60 --Z 8 --P 8 --Q 4 --defect 8 --defectW 6 --stop -14 --mip SCIP --iters 500 --time 1200 --budget 3600 --out grid_n60_defAll_scip.json"
	User time (seconds): 291.07
	System time (seconds): 1.65
	Percent of CPU this job got: 98%
	Elapsed (wall clock) time (h:mm:ss or m:ss): 4:56.17
	Average shared text size (kbytes): 0
	Average unshared data size (kbytes): 0
	Average stack size (kbytes): 0
	Average total size (kbytes): 0
	Maximum resident set size (kbytes): 462316
	Average resident set size (kbytes): 0
	Major (requiring I/O) page faults: 0
	Minor (reclaiming a frame) page faults: 128348
	Voluntary context switches: 10
	Involuntary context switches: 11297
	Swaps: 0
	File system inputs: 0
	File system outputs: 48
	Socket messages sent: 0
	Socket messages received: 0
	Signals delivered: 0
	Page size (bytes): 4096
	Exit status: 0
exit=0
