iter 0: obj -18 bound -18 OPTIMAL cycles 15 cuts 0 t=3s
iter 1: obj -16 bound -16 OPTIMAL cycles 4 cuts 15 t=7s
iter 2: obj -16 bound -16 OPTIMAL cycles 3 cuts 19 t=10s
iter 3: obj -16 bound -16 OPTIMAL cycles 7 cuts 22 t=14s
iter 4: obj -16 bound -16 OPTIMAL cycles 10 cuts 29 t=18s
iter 5: obj -16 bound -16 OPTIMAL cycles 23 cuts 39 t=23s
iter 6: obj -16 bound -16 OPTIMAL cycles 6 cuts 62 t=28s
iter 7: obj -16 bound -16 OPTIMAL cycles 15 cuts 68 t=33s
iter 8: obj -16 bound -16 OPTIMAL cycles 5 cuts 83 t=39s
iter 9: obj -16 bound -16 OPTIMAL cycles 22 cuts 88 t=48s
iter 10: obj -16 bound -16 OPTIMAL cycles 20 cuts 110 t=53s
iter 11: obj -16 bound -16 OPTIMAL cycles 9 cuts 130 t=61s
iter 12: obj -16 bound -16 OPTIMAL cycles 7 cuts 139 t=65s
iter 13: obj -16 bound -16 OPTIMAL cycles 11 cuts 146 t=69s
iter 14: obj -16 bound -16 OPTIMAL cycles 23 cuts 157 t=75s
iter 15: obj -16 bound -16 OPTIMAL cycles 7 cuts 180 t=85s
iter 16: obj -16 bound -16 OPTIMAL cycles 6 cuts 187 t=96s
iter 17: obj -16 bound -16 OPTIMAL cycles 7 cuts 193 t=101s
iter 18: obj -16 bound -16 OPTIMAL cycles 23 cuts 200 t=112s
iter 19: obj -16 bound -16 OPTIMAL cycles 3 cuts 223 t=120s
iter 20: obj -16 bound -16 OPTIMAL cycles 8 cuts 226 t=129s
iter 21: obj -16 bound -16 OPTIMAL cycles 7 cuts 234 t=134s
iter 22: obj -16 bound -16 OPTIMAL cycles 2 cuts 241 t=143s
iter 23: obj -16 bound -16 OPTIMAL cycles 10 cuts 243 t=153s
iter 24: obj -16 bound -16 OPTIMAL cycles 6 cuts 253 t=163s
iter 25: obj -16 bound -16 OPTIMAL cycles 8 cuts 259 t=171s
iter 26: obj -16 bound -16 OPTIMAL cycles 4 cuts 267 t=178s
iter 27: obj -16 bound -16 OPTIMAL cycles 1 cuts 271 t=187s
n=54 Z=8 Db=4 Dl=4 P=8 Q=4 m=0 sides=BTLR mode=2f T=416 T-8n=-16 charge=432 cycles=1 tour=True info={'status': 'OPTIMAL', 'turns': -16, 'bound': -16, 'secs': 8.4, 'LB': -16}
bottom period (rows top-first): ['26 26 26 26 26 26 26 26', '26 26 46 26 46 36 26 36', '26 25 26 26 25 26 25 25', '67 06 16 06 16 16 67 16']
left period (rows top-first): ['02 27 26 26', '02 24 26 26', '23 24 26 26', '02 24 26 26']
	Command being timed: "../../../.venv/bin/python -u pring.py --n 54 --Z 8 --P 8 --Q 4 --iters 300 --time 120 --workers 1 --stop -14 --out grid_n54_Z8.json"
	User time (seconds): 185.17
	System time (seconds): 0.88
	Percent of CPU this job got: 98%
	Elapsed (wall clock) time (h:mm:ss or m:ss): 3:08.31
	Average shared text size (kbytes): 0
	Average unshared data size (kbytes): 0
	Average stack size (kbytes): 0
	Average total size (kbytes): 0
	Maximum resident set size (kbytes): 168756
	Average resident set size (kbytes): 0
	Major (requiring I/O) page faults: 0
	Minor (reclaiming a frame) page faults: 40867
	Voluntary context switches: 11
	Involuntary context switches: 7800
	Swaps: 0
	File system inputs: 0
	File system outputs: 176
	Socket messages sent: 0
	Socket messages received: 0
	Signals delivered: 0
	Page size (bytes): 4096
	Exit status: 0
exit=0
