iter 0: obj -18 bound -18 OPTIMAL cycles 35 cuts 0 t=3s
iter 1: obj -16 bound -16 OPTIMAL cycles 27 cuts 35 t=8s
iter 2: obj -16 bound -16 OPTIMAL cycles 26 cuts 62 t=13s
iter 3: obj -15 bound -15 OPTIMAL cycles 27 cuts 88 t=19s
iter 4: obj -15 bound -15 OPTIMAL cycles 26 cuts 115 t=57s
iter 5: obj -14 bound -14 OPTIMAL cycles 4 cuts 141 t=97s
STOP: tour lower bound -14 >= -14 for this family
FAIL {'status': 'OPTIMAL', 'turns': -14, 'bound': -14, 'secs': 38.5, 'LB': -14}
	Command being timed: "../../../.venv/bin/python -u pring.py --n 60 --Z 8 --P 8 --Q 4 --iters 300 --time 120 --workers 1 --stop -14 --out grid_n60_Z8.json"
	User time (seconds): 95.06
	System time (seconds): 0.75
	Percent of CPU this job got: 97%
	Elapsed (wall clock) time (h:mm:ss or m:ss): 1:38.12
	Average shared text size (kbytes): 0
	Average unshared data size (kbytes): 0
	Average stack size (kbytes): 0
	Average total size (kbytes): 0
	Maximum resident set size (kbytes): 170868
	Average resident set size (kbytes): 0
	Major (requiring I/O) page faults: 0
	Minor (reclaiming a frame) page faults: 43299
	Voluntary context switches: 12
	Involuntary context switches: 5635
	Swaps: 0
	File system inputs: 0
	File system outputs: 40
	Socket messages sent: 0
	Socket messages received: 0
	Signals delivered: 0
	Page size (bytes): 4096
	Exit status: 0
exit=0
