iter 0: obj -18 bound -18 OPTIMAL cycles 21 cuts 0 t=3s
iter 1: obj -16 bound -16 OPTIMAL cycles 27 cuts 21 t=7s
STOP: tour lower bound -16 >= -16 for this family
FAIL {'status': 'OPTIMAL', 'turns': -16, 'bound': -16, 'secs': 3.0, 'LB': -16}
	Command being timed: "../../../.venv/bin/python -u pring.py --n 62 --Z 8 --P 8 --Q 8 --iters 300 --time 120 --workers 1 --budget 1500 --stop -16 --out grid_n62_P8Q8.json"
	User time (seconds): 8.01
	System time (seconds): 0.65
	Percent of CPU this job got: 105%
	Elapsed (wall clock) time (h:mm:ss or m:ss): 0:08.19
	Average shared text size (kbytes): 0
	Average unshared data size (kbytes): 0
	Average stack size (kbytes): 0
	Average total size (kbytes): 0
	Maximum resident set size (kbytes): 152068
	Average resident set size (kbytes): 0
	Major (requiring I/O) page faults: 0
	Minor (reclaiming a frame) page faults: 29925
	Voluntary context switches: 11
	Involuntary context switches: 152
	Swaps: 0
	File system inputs: 0
	File system outputs: 8
	Socket messages sent: 0
	Socket messages received: 0
	Signals delivered: 0
	Page size (bytes): 4096
	Exit status: 0
exit=0
