iter 0: obj -18 bound -18 OPTIMAL cycles 15 cuts 0 t=4s
iter 1: obj -17 bound -17 OPTIMAL cycles 25 cuts 15 t=14s
iter 2: obj -17 bound -17 OPTIMAL cycles 27 cuts 40 t=25s
iter 3: obj -16 bound -16 OPTIMAL cycles 23 cuts 67 t=45s
iter 4: obj -16 bound -16 OPTIMAL cycles 24 cuts 90 t=117s
iter 5: obj -15 bound -15 OPTIMAL cycles 17 cuts 114 t=200s
iter 6: obj -14 bound -14 OPTIMAL cycles 4 cuts 131 t=312s
STOP: tour lower bound -14 >= -14 for this family
FAIL {'status': 'OPTIMAL', 'turns': -14, 'bound': -14, 'secs': 111.5, 'LB': -14}
	Command being timed: "../../../.venv/bin/python -u pring.py --n 56 --Z 8 --P 8 --Q 4 --defect 8 --defectW 6 --defsides R --stop -14 --mip SCIP --iters 500 --time 1200 --budget 3600 --out grid_n56_defR_scip.json"
	User time (seconds): 311.76
	System time (seconds): 1.01
	Percent of CPU this job got: 99%
	Elapsed (wall clock) time (h:mm:ss or m:ss): 5:13.46
	Average shared text size (kbytes): 0
	Average unshared data size (kbytes): 0
	Average stack size (kbytes): 0
	Average total size (kbytes): 0
	Maximum resident set size (kbytes): 272608
	Average resident set size (kbytes): 0
	Major (requiring I/O) page faults: 0
	Minor (reclaiming a frame) page faults: 77772
	Voluntary context switches: 10
	Involuntary context switches: 4303
	Swaps: 0
	File system inputs: 0
	File system outputs: 40
	Socket messages sent: 0
	Socket messages received: 0
	Signals delivered: 0
	Page size (bytes): 4096
	Exit status: 0
exit=0
