iter 0: obj -18 bound -18 OPTIMAL cycles 17 cuts 0 t=4s
iter 1: obj -16 bound -16 OPTIMAL cycles 26 cuts 17 t=14s
STOP: tour lower bound -16 >= -16 for this family
FAIL {'status': 'OPTIMAL', 'turns': -16, 'bound': -16, 'secs': 9.7, 'LB': -16}
	Command being timed: "../../../.venv/bin/python -u pring.py --n 62 --Z 8 --Db 4 --Dl 4 --noties --stop -16 --mip SCIP --iters 500 --time 1800 --budget 6000 --out grid_n62_ring4_scip.json"
	User time (seconds): 15.07
	System time (seconds): 0.67
	Percent of CPU this job got: 103%
	Elapsed (wall clock) time (h:mm:ss or m:ss): 0:15.18
	Average shared text size (kbytes): 0
	Average unshared data size (kbytes): 0
	Average stack size (kbytes): 0
	Average total size (kbytes): 0
	Maximum resident set size (kbytes): 244244
	Average resident set size (kbytes): 0
	Major (requiring I/O) page faults: 4
	Minor (reclaiming a frame) page faults: 65959
	Voluntary context switches: 10
	Involuntary context switches: 161
	Swaps: 0
	File system inputs: 0
	File system outputs: 16
	Socket messages sent: 0
	Socket messages received: 0
	Signals delivered: 0
	Page size (bytes): 4096
	Exit status: 0
exit=0
