iter 0: obj -18 bound -18 OPTIMAL cycles 13 cuts 0 t=11s
iter 1: obj -17 bound -17 OPTIMAL cycles 24 cuts 13 t=21s
iter 2: obj -17 bound -17 OPTIMAL cycles 25 cuts 37 t=31s
iter 3: obj -16 bound -16 OPTIMAL cycles 21 cuts 62 t=40s
iter 4: obj -16 bound -16 OPTIMAL cycles 21 cuts 83 t=61s
iter 5: obj -15 bound -15 OPTIMAL cycles 18 cuts 104 t=89s
iter 6: obj -14 bound -14 OPTIMAL cycles 4 cuts 122 t=198s
STOP: tour lower bound -14 >= -14 for this family
FAIL {'status': 'OPTIMAL', 'turns': -14, 'bound': -14, 'secs': 108.1, 'LB': -14}
	Command being timed: "../../../.venv/bin/python -u pring.py --n 56 --Z 10 --P 8 --Q 4 --iters 300 --time 120 --workers 1 --stop -14 --out grid_n56_Z10.json"
	User time (seconds): 183.51
	System time (seconds): 1.13
	Percent of CPU this job got: 92%
	Elapsed (wall clock) time (h:mm:ss or m:ss): 3:19.17
	Average shared text size (kbytes): 0
	Average unshared data size (kbytes): 0
	Average stack size (kbytes): 0
	Average total size (kbytes): 0
	Maximum resident set size (kbytes): 181800
	Average resident set size (kbytes): 0
	Major (requiring I/O) page faults: 0
	Minor (reclaiming a frame) page faults: 42009
	Voluntary context switches: 11
	Involuntary context switches: 22771
	Swaps: 0
	File system inputs: 0
	File system outputs: 40
	Socket messages sent: 0
	Socket messages received: 0
	Signals delivered: 0
	Page size (bytes): 4096
	Exit status: 0
exit=0
