iter 0: obj -18 bound -18 OPTIMAL cycles 18 cuts 0 t=4s
iter 1: obj -17 bound -17 OPTIMAL cycles 5 cuts 18 t=8s
iter 2: obj -17 bound -17 OPTIMAL cycles 1 cuts 23 t=16s
n=66 Z=8 Db=4 Dl=4 P=8 Q=4 m=0 sides=BTLR mode=2f T=511 T-8n=-17 charge=528 cycles=1 tour=True info={'status': 'OPTIMAL', 'turns': -17, 'bound': -17, 'secs': 7.2, 'LB': -17}
bottom period (rows top-first): ['26 26 26 26 26 26 26 26', '46 36 26 26 46 26 46 26', '25 26 25 25 26 26 25 26', '16 16 67 06 16 06 16 06']
left period (rows top-first): ['23 27 26 26', '02 27 26 26', '23 27 26 26', '23 24 26 26']
	Command being timed: "../../../.venv/bin/python -u pring.py --n 66 --Z 8 --P 8 --Q 4 --iters 300 --time 120 --workers 1 --stop -14 --out grid_n66_Z8.json"
	User time (seconds): 15.75
	System time (seconds): 0.73
	Percent of CPU this job got: 92%
	Elapsed (wall clock) time (h:mm:ss or m:ss): 0:17.75
	Average shared text size (kbytes): 0
	Average unshared data size (kbytes): 0
	Average stack size (kbytes): 0
	Average total size (kbytes): 0
	Maximum resident set size (kbytes): 161956
	Average resident set size (kbytes): 0
	Major (requiring I/O) page faults: 0
	Minor (reclaiming a frame) page faults: 33566
	Voluntary context switches: 10
	Involuntary context switches: 4273
	Swaps: 0
	File system inputs: 0
	File system outputs: 64
	Socket messages sent: 0
	Socket messages received: 0
	Signals delivered: 0
	Page size (bytes): 4096
	Exit status: 0
exit=0
