iter 0: obj -18 bound -18 OPTIMAL cycles 16 cuts 0 t=9s
iter 1: obj -17 bound -17 OPTIMAL cycles 25 cuts 16 t=18s
iter 2: obj -17 bound -17 OPTIMAL cycles 24 cuts 41 t=27s
iter 3: obj -16 bound -16 OPTIMAL cycles 24 cuts 65 t=39s
iter 4: obj -16 bound -16 OPTIMAL cycles 22 cuts 89 t=49s
iter 5: obj -15 bound -15 OPTIMAL cycles 18 cuts 111 t=89s
iter 6: UNKNOWN (ub -15) t=390s
FAIL UNKNOWN
	Command being timed: "../../../.venv/bin/python -u pring.py --n 56 --Z 8 --P 8 --Q 4 --defect 8 --defectW 6 --defsides R --stop 0 --ub -15 --iters 400 --time 300 --workers 1 --budget 3000 --out grid_n56_defR_ub.json"
	User time (seconds): 390.82
	System time (seconds): 0.74
	Percent of CPU this job got: 100%
	Elapsed (wall clock) time (h:mm:ss or m:ss): 6:31.13
	Average shared text size (kbytes): 0
	Average unshared data size (kbytes): 0
	Average stack size (kbytes): 0
	Average total size (kbytes): 0
	Maximum resident set size (kbytes): 187888
	Average resident set size (kbytes): 0
	Major (requiring I/O) page faults: 32
	Minor (reclaiming a frame) page faults: 43254
	Voluntary context switches: 44
	Involuntary context switches: 1853
	Swaps: 0
	File system inputs: 5216
	File system outputs: 72
	Socket messages sent: 0
	Socket messages received: 0
	Signals delivered: 0
	Page size (bytes): 4096
	Exit status: 0
exit=0
