iter 0: obj -14 bound -14 OPTIMAL cycles 51 cuts 0 t=5s
STOP: tour lower bound -14 >= -17 for this family
FAIL {'status': 'OPTIMAL', 'turns': -14, 'bound': -14, 'secs': 4.2, 'LB': -14}
	Command being timed: "../../../.venv/bin/python -u pring.py --n 58 --Z 8 --P 12 --Q 6 --iters 300 --time 120 --workers 1 --budget 1500 --stop -17 --out grid_n58_P12Q6.json"
	User time (seconds): 6.05
	System time (seconds): 0.42
	Percent of CPU this job got: 106%
	Elapsed (wall clock) time (h:mm:ss or m:ss): 0:06.06
	Average shared text size (kbytes): 0
	Average unshared data size (kbytes): 0
	Average stack size (kbytes): 0
	Average total size (kbytes): 0
	Maximum resident set size (kbytes): 151696
	Average resident set size (kbytes): 0
	Major (requiring I/O) page faults: 0
	Minor (reclaiming a frame) page faults: 29817
	Voluntary context switches: 9
	Involuntary context switches: 80
	Swaps: 0
	File system inputs: 0
	File system outputs: 8
	Socket messages sent: 0
	Socket messages received: 0
	Signals delivered: 0
	Page size (bytes): 4096
	Exit status: 0
exit=0
