iter 0: obj -18 bound -18 OPTIMAL cycles 17 cuts 0 t=4s
iter 1: obj -17 bound -17 OPTIMAL cycles 6 cuts 17 t=21s
STOP: tour lower bound -17 >= -17 for this family
FAIL {'status': 'OPTIMAL', 'turns': -17, 'bound': -17, 'secs': 15.5, 'LB': -17}
	Command being timed: "../../../.venv/bin/python -u pring.py --n 58 --Z 8 --Db 4 --Dl 4 --noties --stop -17 --mip SCIP --iters 500 --time 1800 --budget 6000 --out grid_n58_ring4_scip.json"
	User time (seconds): 21.08
	System time (seconds): 1.49
	Percent of CPU this job got: 99%
	Elapsed (wall clock) time (h:mm:ss or m:ss): 0:22.69
	Average shared text size (kbytes): 0
	Average unshared data size (kbytes): 0
	Average stack size (kbytes): 0
	Average total size (kbytes): 0
	Maximum resident set size (kbytes): 365372
	Average resident set size (kbytes): 0
	Major (requiring I/O) page faults: 450
	Minor (reclaiming a frame) page faults: 98122
	Voluntary context switches: 1199
	Involuntary context switches: 87
	Swaps: 0
	File system inputs: 145776
	File system outputs: 16
	Socket messages sent: 0
	Socket messages received: 0
	Signals delivered: 0
	Page size (bytes): 4096
	Exit status: 0
exit=0
