iter 0: obj -18 bound -18 OPTIMAL cycles 15 cuts 0 t=3s
iter 1: obj -17 bound -17 OPTIMAL cycles 28 cuts 15 t=7s
iter 2: obj -17 bound -17 OPTIMAL cycles 30 cuts 43 t=12s
iter 3: obj -16 bound -16 OPTIMAL cycles 25 cuts 73 t=17s
iter 4: obj -16 bound -16 OPTIMAL cycles 28 cuts 98 t=29s
iter 5: obj -15 bound -15 OPTIMAL cycles 23 cuts 126 t=93s
iter 6: obj -14 bound -14 OPTIMAL cycles 4 cuts 149 t=143s
STOP: tour lower bound -14 >= -14 for this family
FAIL {'status': 'OPTIMAL', 'turns': -14, 'bound': -14, 'secs': 48.6, 'LB': -14}
	Command being timed: "../../../.venv/bin/python -u pring.py --n 64 --Z 8 --P 8 --Q 4 --iters 300 --time 120 --workers 1 --stop -14 --out grid_n64_Z8.json"
	User time (seconds): 134.33
	System time (seconds): 1.22
	Percent of CPU this job got: 93%
	Elapsed (wall clock) time (h:mm:ss or m:ss): 2:24.26
	Average shared text size (kbytes): 0
	Average unshared data size (kbytes): 0
	Average stack size (kbytes): 0
	Average total size (kbytes): 0
	Maximum resident set size (kbytes): 167296
	Average resident set size (kbytes): 0
	Major (requiring I/O) page faults: 0
	Minor (reclaiming a frame) page faults: 39107
	Voluntary context switches: 11
	Involuntary context switches: 20310
	Swaps: 0
	File system inputs: 0
	File system outputs: 32
	Socket messages sent: 0
	Socket messages received: 0
	Signals delivered: 0
	Page size (bytes): 4096
	Exit status: 0
exit=0
