iter 0: obj -18 bound -18 OPTIMAL cycles 16 cuts 0 t=8s
iter 1: obj -17 bound -17 OPTIMAL cycles 25 cuts 16 t=19s
iter 2: obj -17 bound -17 OPTIMAL cycles 22 cuts 41 t=32s
iter 3: obj -16 bound -16 OPTIMAL cycles 23 cuts 63 t=56s
iter 4: obj -16 bound -16 OPTIMAL cycles 21 cuts 86 t=90s
iter 5: obj -15 bound -14 OPTIMAL cycles 14 cuts 107 t=143s
STOP: tour lower bound -14 >= -14 for this family
FAIL {'status': 'OPTIMAL', 'turns': -15, 'bound': -14, 'secs': 52.3, 'LB': -14}
	Command being timed: "../../../.venv/bin/python -u pring.py --n 56 --Z 8 --P 8 --Q 4 --defect 8 --defectW 6 --stop -14 --mip SCIP --iters 500 --time 1200 --budget 3600 --out grid_n56_defAll_scip.json"
	User time (seconds): 139.32
	System time (seconds): 1.01
	Percent of CPU this job got: 97%
	Elapsed (wall clock) time (h:mm:ss or m:ss): 2:24.20
	Average shared text size (kbytes): 0
	Average unshared data size (kbytes): 0
	Average stack size (kbytes): 0
	Average total size (kbytes): 0
	Maximum resident set size (kbytes): 295420
	Average resident set size (kbytes): 0
	Major (requiring I/O) page faults: 0
	Minor (reclaiming a frame) page faults: 83715
	Voluntary context switches: 12
	Involuntary context switches: 9367
	Swaps: 0
	File system inputs: 0
	File system outputs: 48
	Socket messages sent: 0
	Socket messages received: 0
	Signals delivered: 0
	Page size (bytes): 4096
	Exit status: 0
exit=0
