iter 0: obj -18 bound -18 OPTIMAL cycles 17 cuts 0 t=6s
iter 1: obj -17 bound -17 OPTIMAL cycles 26 cuts 17 t=20s
iter 2: obj -17 bound -17 OPTIMAL cycles 23 cuts 43 t=33s
iter 3: obj -16 bound -16 OPTIMAL cycles 25 cuts 66 t=87s
iter 4: obj -16 bound -16 OPTIMAL cycles 20 cuts 91 t=122s
iter 5: obj -15 bound -15 OPTIMAL cycles 20 cuts 111 t=271s
iter 6: obj -14 bound -14 OPTIMAL cycles 8 cuts 131 t=367s
STOP: tour lower bound -14 >= -14 for this family
FAIL {'status': 'OPTIMAL', 'turns': -14, 'bound': -14, 'secs': 94.3, 'LB': -14}
	Command being timed: "../../../.venv/bin/python -u pring.py --n 56 --Z 8 --P 8 --Q 4 --defect 8 --defectW 6 --defsides LR --stop -14 --mip SCIP --iters 500 --time 1200 --budget 3600 --out grid_n56_defLR_scip.json"
	User time (seconds): 360.63
	System time (seconds): 1.56
	Percent of CPU this job got: 98%
	Elapsed (wall clock) time (h:mm:ss or m:ss): 6:08.61
	Average shared text size (kbytes): 0
	Average unshared data size (kbytes): 0
	Average stack size (kbytes): 0
	Average total size (kbytes): 0
	Maximum resident set size (kbytes): 341600
	Average resident set size (kbytes): 0
	Major (requiring I/O) page faults: 0
	Minor (reclaiming a frame) page faults: 91014
	Voluntary context switches: 9
	Involuntary context switches: 12930
	Swaps: 0
	File system inputs: 0
	File system outputs: 40
	Socket messages sent: 0
	Socket messages received: 0
	Signals delivered: 0
	Page size (bytes): 4096
	Exit status: 0
exit=0
