iter 0: obj -18 bound -18 OPTIMAL cycles 18 cuts 0 t=5s
iter 1: obj -16 bound -16 OPTIMAL cycles 27 cuts 18 t=10s
STOP: tour lower bound -16 >= -16 for this family
FAIL {'status': 'OPTIMAL', 'turns': -16, 'bound': -16, 'secs': 4.7, 'LB': -16}
	Command being timed: "../../../.venv/bin/python -u pring.py --n 62 --Z 8 --P 16 --Q 8 --iters 300 --time 120 --workers 1 --budget 1500 --stop -16 --out grid_n62_P16Q8.json"
	User time (seconds): 11.05
	System time (seconds): 0.44
	Percent of CPU this job got: 104%
	Elapsed (wall clock) time (h:mm:ss or m:ss): 0:11.03
	Average shared text size (kbytes): 0
	Average unshared data size (kbytes): 0
	Average stack size (kbytes): 0
	Average total size (kbytes): 0
	Maximum resident set size (kbytes): 155792
	Average resident set size (kbytes): 0
	Major (requiring I/O) page faults: 0
	Minor (reclaiming a frame) page faults: 32242
	Voluntary context switches: 10
	Involuntary context switches: 832
	Swaps: 0
	File system inputs: 0
	File system outputs: 8
	Socket messages sent: 0
	Socket messages received: 0
	Signals delivered: 0
	Page size (bytes): 4096
	Exit status: 0
exit=0
