iter 0: obj -14 bound -14 OPTIMAL cycles 27 cuts 0 t=13s
STOP: tour lower bound -14 >= -14 for this family
FAIL {'status': 'OPTIMAL', 'turns': -14, 'bound': -14, 'secs': 11.9, 'LB': -14}
	Command being timed: "../../../.venv/bin/python -u pring.py --n 60 --Z 8 --P 12 --Q 6 --iters 300 --time 120 --workers 1 --stop -14 --budget 1800 --out grid_n60_P12Q6.json"
	User time (seconds): 13.68
	System time (seconds): 0.36
	Percent of CPU this job got: 102%
	Elapsed (wall clock) time (h:mm:ss or m:ss): 0:13.71
	Average shared text size (kbytes): 0
	Average unshared data size (kbytes): 0
	Average stack size (kbytes): 0
	Average total size (kbytes): 0
	Maximum resident set size (kbytes): 159232
	Average resident set size (kbytes): 0
	Major (requiring I/O) page faults: 0
	Minor (reclaiming a frame) page faults: 31617
	Voluntary context switches: 10
	Involuntary context switches: 877
	Swaps: 0
	File system inputs: 0
	File system outputs: 8
	Socket messages sent: 0
	Socket messages received: 0
	Signals delivered: 0
	Page size (bytes): 4096
	Exit status: 0
exit=0
