iter 0: obj -18 bound -18 OPTIMAL cycles 21 cuts 0 t=3s
iter 1: obj -16 bound -16 OPTIMAL cycles 26 cuts 21 t=9s
iter 2: obj -16 bound -16 OPTIMAL cycles 27 cuts 47 t=13s
iter 3: obj -16 bound -16 OPTIMAL cycles 6 cuts 74 t=17s
iter 4: obj -16 bound -16 OPTIMAL cycles 2 cuts 80 t=24s
iter 5: obj -16 bound -16 OPTIMAL cycles 5 cuts 82 t=30s
iter 6: obj -16 bound -16 OPTIMAL cycles 9 cuts 87 t=34s
iter 7: obj -16 bound -16 OPTIMAL cycles 6 cuts 96 t=39s
iter 8: obj -16 bound -16 OPTIMAL cycles 11 cuts 102 t=43s
iter 9: obj -16 bound -16 OPTIMAL cycles 40 cuts 113 t=53s
iter 10: obj -16 bound -16 OPTIMAL cycles 14 cuts 153 t=59s
iter 11: obj -16 bound -16 OPTIMAL cycles 2 cuts 167 t=66s
iter 12: obj -16 bound -16 OPTIMAL cycles 8 cuts 169 t=73s
iter 13: obj -16 bound -16 OPTIMAL cycles 2 cuts 177 t=78s
iter 14: obj -16 bound -16 OPTIMAL cycles 25 cuts 179 t=86s
iter 15: obj -16 bound -16 OPTIMAL cycles 7 cuts 204 t=93s
iter 16: obj -16 bound -16 OPTIMAL cycles 8 cuts 211 t=101s
iter 17: obj -16 bound -16 OPTIMAL cycles 4 cuts 219 t=111s
iter 18: obj -16 bound -16 OPTIMAL cycles 2 cuts 223 t=122s
iter 19: obj -16 bound -16 OPTIMAL cycles 2 cuts 225 t=128s
iter 20: obj -16 bound -16 OPTIMAL cycles 3 cuts 227 t=136s
iter 21: obj -16 bound -16 OPTIMAL cycles 14 cuts 230 t=145s
iter 22: obj -16 bound -16 OPTIMAL cycles 2 cuts 244 t=155s
iter 23: obj -16 bound -16 OPTIMAL cycles 8 cuts 246 t=164s
iter 24: obj -16 bound -16 OPTIMAL cycles 9 cuts 254 t=173s
iter 25: obj -16 bound -16 OPTIMAL cycles 1 cuts 263 t=179s
n=62 Z=8 Db=4 Dl=4 P=8 Q=4 m=0 sides=BTLR mode=2f T=480 T-8n=-16 charge=496 cycles=1 tour=True info={'status': 'OPTIMAL', 'turns': -16, 'bound': -16, 'secs': 4.9, 'LB': -16}
bottom period (rows top-first): ['26 26 26 26 26 26 26 26', '26 36 26 36 26 36 26 36', '26 25 26 25 26 25 26 25', '67 16 67 16 67 16 67 16']
left period (rows top-first): ['23 27 26 26', '23 24 26 26', '23 27 26 26', '02 27 26 26']
	Command being timed: "../../../.venv/bin/python -u pring.py --n 62 --Z 8 --P 8 --Q 4 --iters 300 --time 120 --workers 1 --stop -14 --out grid_n62_Z8.json"
	User time (seconds): 176.30
	System time (seconds): 1.01
	Percent of CPU this job got: 98%
	Elapsed (wall clock) time (h:mm:ss or m:ss): 3:00.69
	Average shared text size (kbytes): 0
	Average unshared data size (kbytes): 0
	Average stack size (kbytes): 0
	Average total size (kbytes): 0
	Maximum resident set size (kbytes): 171072
	Average resident set size (kbytes): 0
	Major (requiring I/O) page faults: 0
	Minor (reclaiming a frame) page faults: 48640
	Voluntary context switches: 11
	Involuntary context switches: 9893
	Swaps: 0
	File system inputs: 0
	File system outputs: 200
	Socket messages sent: 0
	Socket messages received: 0
	Signals delivered: 0
	Page size (bytes): 4096
	Exit status: 0
exit=0
