iter 0: obj -18 bound -18 OPTIMAL cycles 15 cuts 0 t=3s
iter 1: obj -17 bound -17 OPTIMAL cycles 26 cuts 15 t=8s
iter 2: obj -17 bound -17 OPTIMAL cycles 23 cuts 41 t=13s
iter 3: obj -16 bound -16 OPTIMAL cycles 24 cuts 64 t=19s
iter 4: obj -16 bound -16 OPTIMAL cycles 23 cuts 88 t=27s
iter 5: obj -16 bound -16 OPTIMAL cycles 23 cuts 111 t=31s
iter 6: obj -16 bound -16 OPTIMAL cycles 25 cuts 134 t=43s
iter 7: obj -15 bound -15 OPTIMAL cycles 15 cuts 159 t=90s
iter 8: obj -14 bound -14 OPTIMAL cycles 3 cuts 174 t=142s
STOP: tour lower bound -14 >= -14 for this family
FAIL {'status': 'OPTIMAL', 'turns': -14, 'bound': -14, 'secs': 51.1, 'LB': -14}
	Command being timed: "../../../.venv/bin/python -u pring.py --n 56 --Z 8 --P 12 --Q 4 --iters 300 --time 120 --workers 1 --stop -14 --budget 1800 --out grid_n56_P12Q4.json"
	User time (seconds): 137.56
	System time (seconds): 0.80
	Percent of CPU this job got: 96%
	Elapsed (wall clock) time (h:mm:ss or m:ss): 2:23.28
	Average shared text size (kbytes): 0
	Average unshared data size (kbytes): 0
	Average stack size (kbytes): 0
	Average total size (kbytes): 0
	Maximum resident set size (kbytes): 166784
	Average resident set size (kbytes): 0
	Major (requiring I/O) page faults: 0
	Minor (reclaiming a frame) page faults: 35695
	Voluntary context switches: 11
	Involuntary context switches: 11019
	Swaps: 0
	File system inputs: 0
	File system outputs: 40
	Socket messages sent: 0
	Socket messages received: 0
	Signals delivered: 0
	Page size (bytes): 4096
	Exit status: 0
exit=0
