iter 0: obj -18 bound -18 OPTIMAL cycles 15 cuts 0 t=11s
iter 1: obj -17 bound -17 OPTIMAL cycles 24 cuts 15 t=35s
iter 2: obj -17 bound -17 OPTIMAL cycles 26 cuts 39 t=66s
iter 3: obj -16 bound -16 OPTIMAL cycles 26 cuts 65 t=95s
iter 4: obj -16 bound -16 OPTIMAL cycles 22 cuts 91 t=176s
iter 5: obj -16 bound -16 OPTIMAL cycles 20 cuts 113 t=323s
iter 6: obj -15 bound -15 OPTIMAL cycles 20 cuts 133 t=378s
iter 7: obj -14 bound -14 OPTIMAL cycles 7 cuts 153 t=573s
STOP: tour lower bound -14 >= -14 for this family
FAIL {'status': 'OPTIMAL', 'turns': -14, 'bound': -14, 'secs': 193.9, 'LB': -14}
	Command being timed: "../../../.venv/bin/python -u pring.py --n 56 --Z 8 --P 8 --Q 4 --defect 12 --defectW 8 --stop -14 --mip SCIP --iters 500 --time 1200 --budget 3600 --out grid_n56_def12All_scip.json"
	User time (seconds): 569.91
	System time (seconds): 1.66
	Percent of CPU this job got: 99%
	Elapsed (wall clock) time (h:mm:ss or m:ss): 9:34.82
	Average shared text size (kbytes): 0
	Average unshared data size (kbytes): 0
	Average stack size (kbytes): 0
	Average total size (kbytes): 0
	Maximum resident set size (kbytes): 385268
	Average resident set size (kbytes): 0
	Major (requiring I/O) page faults: 0
	Minor (reclaiming a frame) page faults: 132400
	Voluntary context switches: 10
	Involuntary context switches: 8691
	Swaps: 0
	File system inputs: 0
	File system outputs: 56
	Socket messages sent: 0
	Socket messages received: 0
	Signals delivered: 0
	Page size (bytes): 4096
	Exit status: 0
exit=0
