n=56 side=ring W=6 Z=8 mode=2f T-8n=-17 charge=448 cycles=23 tour=False info={'status': 'FEASIBLE', 'turns': -17, 'bound': -50, 'secs': 1800.2}
	Command being timed: "../../../.venv/bin/python band.py --n 56 --ring --W 6 --Z 8 --time 1800 --out ring_n56_W6_2f.json"
	User time (seconds): 3565.00
	System time (seconds): 9.59
	Percent of CPU this job got: 198%
	Elapsed (wall clock) time (h:mm:ss or m:ss): 30:02.59
	Average shared text size (kbytes): 0
	Average unshared data size (kbytes): 0
	Average stack size (kbytes): 0
	Average total size (kbytes): 0
	Maximum resident set size (kbytes): 379112
	Average resident set size (kbytes): 0
	Major (requiring I/O) page faults: 0
	Minor (reclaiming a frame) page faults: 101383
	Voluntary context switches: 28210
	Involuntary context switches: 69351
	Swaps: 0
	File system inputs: 0
	File system outputs: 48
	Socket messages sent: 0
	Socket messages received: 0
	Signals delivered: 0
	Page size (bytes): 4096
	Exit status: 0
exit=0
