{'corner': 'BL', 'n': 60, 'Z': 8, 'side': 'A23_27', 'xp': 0, 'yp': 0, 'res': -4, 'bound': -4, 'status': 'OPTIMAL'}
{'corner': 'BL', 'n': 60, 'Z': 8, 'side': 'A23_27', 'xp': 1, 'yp': 0, 'res': None, 'bound': None, 'status': 'no 2-factor (b-matching flow)'}
{'corner': 'BL', 'n': 60, 'Z': 8, 'side': 'A23_27', 'xp': 2, 'yp': 0, 'res': -4, 'bound': -4, 'status': 'OPTIMAL'}
{'corner': 'BL', 'n': 60, 'Z': 8, 'side': 'A23_27', 'xp': 3, 'yp': 0, 'res': None, 'bound': None, 'status': 'no 2-factor (b-matching flow)'}
{'corner': 'BL', 'n': 60, 'Z': 8, 'side': 'A23_27', 'xp': 4, 'yp': 0, 'res': -4, 'bound': -4, 'status': 'OPTIMAL'}
{'corner': 'BL', 'n': 60, 'Z': 8, 'side': 'A23_27', 'xp': 5, 'yp': 0, 'res': None, 'bound': None, 'status': 'no 2-factor (b-matching flow)'}
{'corner': 'BL', 'n': 60, 'Z': 8, 'side': 'A23_27', 'xp': 6, 'yp': 0, 'res': -4, 'bound': -4, 'status': 'OPTIMAL'}
{'corner': 'BL', 'n': 60, 'Z': 8, 'side': 'A23_27', 'xp': 7, 'yp': 0, 'res': None, 'bound': None, 'status': 'no 2-factor (b-matching flow)'}
{'corner': 'BL', 'n': 60, 'Z': 8, 'side': 'B02_24', 'xp': 0, 'yp': 0, 'res': -1, 'bound': -1, 'status': 'OPTIMAL'}
{'corner': 'BL', 'n': 60, 'Z': 8, 'side': 'B02_24', 'xp': 1, 'yp': 0, 'res': None, 'bound': None, 'status': 'no 2-factor (b-matching flow)'}
{'corner': 'BL', 'n': 60, 'Z': 8, 'side': 'B02_24', 'xp': 2, 'yp': 0, 'res': -1, 'bound': -1, 'status': 'OPTIMAL'}
{'corner': 'BL', 'n': 60, 'Z': 8, 'side': 'B02_24', 'xp': 3, 'yp': 0, 'res': None, 'bound': None, 'status': 'no 2-factor (b-matching flow)'}
{'corner': 'BL', 'n': 60, 'Z': 8, 'side': 'B02_24', 'xp': 4, 'yp': 0, 'res': -1, 'bound': -1, 'status': 'OPTIMAL'}
{'corner': 'BL', 'n': 60, 'Z': 8, 'side': 'B02_24', 'xp': 5, 'yp': 0, 'res': None, 'bound': None, 'status': 'no 2-factor (b-matching flow)'}
{'corner': 'BL', 'n': 60, 'Z': 8, 'side': 'B02_24', 'xp': 6, 'yp': 0, 'res': -1, 'bound': -1, 'status': 'OPTIMAL'}
{'corner': 'BL', 'n': 60, 'Z': 8, 'side': 'B02_24', 'xp': 7, 'yp': 0, 'res': None, 'bound': None, 'status': 'no 2-factor (b-matching flow)'}
{'corner': 'BL', 'n': 60, 'Z': 8, 'side': 'C_lanes4o0', 'xp': 0, 'yp': 0, 'res': -3, 'bound': -3, 'status': 'OPTIMAL'}
{'corner': 'BL', 'n': 60, 'Z': 8, 'side': 'C_lanes4o0', 'xp': 0, 'yp': 1, 'res': -3, 'bound': -3, 'status': 'OPTIMAL'}
{'corner': 'BL', 'n': 60, 'Z': 8, 'side': 'C_lanes4o0', 'xp': 0, 'yp': 2, 'res': -2, 'bound': -2, 'status': 'OPTIMAL'}
{'corner': 'BL', 'n': 60, 'Z': 8, 'side': 'C_lanes4o0', 'xp': 0, 'yp': 3, 'res': -2, 'bound': -2, 'status': 'OPTIMAL'}
{'corner': 'BL', 'n': 60, 'Z': 8, 'side': 'C_lanes4o0', 'xp': 1, 'yp': 0, 'res': None, 'bound': None, 'status': 'no 2-factor (b-matching flow)'}
{'corner': 'BL', 'n': 60, 'Z': 8, 'side': 'C_lanes4o0', 'xp': 1, 'yp': 1, 'res': None, 'bound': None, 'status': 'no 2-factor (b-matching flow)'}
{'corner': 'BL', 'n': 60, 'Z': 8, 'side': 'C_lanes4o0', 'xp': 1, 'yp': 2, 'res': None, 'bound': None, 'status': 'no 2-factor (b-matching flow)'}
{'corner': 'BL', 'n': 60, 'Z': 8, 'side': 'C_lanes4o0', 'xp': 1, 'yp': 3, 'res': None, 'bound': None, 'status': 'no 2-factor (b-matching flow)'}
{'corner': 'BL', 'n': 60, 'Z': 8, 'side': 'C_lanes4o0', 'xp': 2, 'yp': 0, 'res': -3, 'bound': -3, 'status': 'OPTIMAL'}
{'corner': 'BL', 'n': 60, 'Z': 8, 'side': 'C_lanes4o0', 'xp': 2, 'yp': 1, 'res': -2, 'bound': -2, 'status': 'OPTIMAL'}
{'corner': 'BL', 'n': 60, 'Z': 8, 'side': 'C_lanes4o0', 'xp': 2, 'yp': 2, 'res': -2, 'bound': -2, 'status': 'OPTIMAL'}
{'corner': 'BL', 'n': 60, 'Z': 8, 'side': 'C_lanes4o0', 'xp': 2, 'yp': 3, 'res': -2, 'bound': -2, 'status': 'OPTIMAL'}
{'corner': 'BL', 'n': 60, 'Z': 8, 'side': 'C_lanes4o0', 'xp': 3, 'yp': 0, 'res': None, 'bound': None, 'status': 'no 2-factor (b-matching flow)'}
{'corner': 'BL', 'n': 60, 'Z': 8, 'side': 'C_lanes4o0', 'xp': 3, 'yp': 1, 'res': None, 'bound': None, 'status': 'no 2-factor (b-matching flow)'}
{'corner': 'BL', 'n': 60, 'Z': 8, 'side': 'C_lanes4o0', 'xp': 3, 'yp': 2, 'res': None, 'bound': None, 'status': 'no 2-factor (b-matching flow)'}
{'corner': 'BL', 'n': 60, 'Z': 8, 'side': 'C_lanes4o0', 'xp': 3, 'yp': 3, 'res': None, 'bound': None, 'status': 'no 2-factor (b-matching flow)'}
{'corner': 'BL', 'n': 60, 'Z': 8, 'side': 'C_lanes4o0', 'xp': 4, 'yp': 0, 'res': -3, 'bound': -3, 'status': 'OPTIMAL'}
{'corner': 'BL', 'n': 60, 'Z': 8, 'side': 'C_lanes4o0', 'xp': 4, 'yp': 1, 'res': -2, 'bound': -2, 'status': 'OPTIMAL'}
{'corner': 'BL', 'n': 60, 'Z': 8, 'side': 'C_lanes4o0', 'xp': 4, 'yp': 2, 'res': -2, 'bound': -2, 'status': 'OPTIMAL'}
{'corner': 'BL', 'n': 60, 'Z': 8, 'side': 'C_lanes4o0', 'xp': 4, 'yp': 3, 'res': -2, 'bound': -2, 'status': 'OPTIMAL'}
{'corner': 'BL', 'n': 60, 'Z': 8, 'side': 'C_lanes4o0', 'xp': 5, 'yp': 0, 'res': None, 'bound': None, 'status': 'no 2-factor (b-matching flow)'}
{'corner': 'BL', 'n': 60, 'Z': 8, 'side': 'C_lanes4o0', 'xp': 5, 'yp': 1, 'res': None, 'bound': None, 'status': 'no 2-factor (b-matching flow)'}
{'corner': 'BL', 'n': 60, 'Z': 8, 'side': 'C_lanes4o0', 'xp': 5, 'yp': 2, 'res': None, 'bound': None, 'status': 'no 2-factor (b-matching flow)'}
{'corner': 'BL', 'n': 60, 'Z': 8, 'side': 'C_lanes4o0', 'xp': 5, 'yp': 3, 'res': None, 'bound': None, 'status': 'no 2-factor (b-matching flow)'}
{'corner': 'BL', 'n': 60, 'Z': 8, 'side': 'C_lanes4o0', 'xp': 6, 'yp': 0, 'res': -3, 'bound': -3, 'status': 'OPTIMAL'}
{'corner': 'BL', 'n': 60, 'Z': 8, 'side': 'C_lanes4o0', 'xp': 6, 'yp': 1, 'res': -3, 'bound': -3, 'status': 'OPTIMAL'}
{'corner': 'BL', 'n': 60, 'Z': 8, 'side': 'C_lanes4o0', 'xp': 6, 'yp': 2, 'res': -2, 'bound': -2, 'status': 'OPTIMAL'}
{'corner': 'BL', 'n': 60, 'Z': 8, 'side': 'C_lanes4o0', 'xp': 6, 'yp': 3, 'res': -2, 'bound': -2, 'status': 'OPTIMAL'}
{'corner': 'BL', 'n': 60, 'Z': 8, 'side': 'C_lanes4o0', 'xp': 7, 'yp': 0, 'res': None, 'bound': None, 'status': 'no 2-factor (b-matching flow)'}
{'corner': 'BL', 'n': 60, 'Z': 8, 'side': 'C_lanes4o0', 'xp': 7, 'yp': 1, 'res': None, 'bound': None, 'status': 'no 2-factor (b-matching flow)'}
{'corner': 'BL', 'n': 60, 'Z': 8, 'side': 'C_lanes4o0', 'xp': 7, 'yp': 2, 'res': None, 'bound': None, 'status': 'no 2-factor (b-matching flow)'}
{'corner': 'BL', 'n': 60, 'Z': 8, 'side': 'C_lanes4o0', 'xp': 7, 'yp': 3, 'res': None, 'bound': None, 'status': 'no 2-factor (b-matching flow)'}
{'corner': 'BR', 'n': 60, 'Z': 8, 'side': 'A23_27', 'xp': 0, 'yp': 0, 'res': -3, 'bound': -3, 'status': 'OPTIMAL'}
{'corner': 'BR', 'n': 60, 'Z': 8, 'side': 'A23_27', 'xp': 1, 'yp': 0, 'res': None, 'bound': None, 'status': 'no 2-factor (b-matching flow)'}
{'corner': 'BR', 'n': 60, 'Z': 8, 'side': 'A23_27', 'xp': 2, 'yp': 0, 'res': -3, 'bound': -3, 'status': 'OPTIMAL'}
{'corner': 'BR', 'n': 60, 'Z': 8, 'side': 'A23_27', 'xp': 3, 'yp': 0, 'res': None, 'bound': None, 'status': 'no 2-factor (b-matching flow)'}
{'corner': 'BR', 'n': 60, 'Z': 8, 'side': 'A23_27', 'xp': 4, 'yp': 0, 'res': -3, 'bound': -3, 'status': 'OPTIMAL'}
{'corner': 'BR', 'n': 60, 'Z': 8, 'side': 'A23_27', 'xp': 5, 'yp': 0, 'res': None, 'bound': None, 'status': 'no 2-factor (b-matching flow)'}
{'corner': 'BR', 'n': 60, 'Z': 8, 'side': 'A23_27', 'xp': 6, 'yp': 0, 'res': -3, 'bound': -3, 'status': 'OPTIMAL'}
{'corner': 'BR', 'n': 60, 'Z': 8, 'side': 'A23_27', 'xp': 7, 'yp': 0, 'res': None, 'bound': None, 'status': 'no 2-factor (b-matching flow)'}
{'corner': 'BR', 'n': 60, 'Z': 8, 'side': 'B02_24', 'xp': 0, 'yp': 0, 'res': -6, 'bound': -6, 'status': 'OPTIMAL'}
{'corner': 'BR', 'n': 60, 'Z': 8, 'side': 'B02_24', 'xp': 1, 'yp': 0, 'res': None, 'bound': None, 'status': 'no 2-factor (b-matching flow)'}
{'corner': 'BR', 'n': 60, 'Z': 8, 'side': 'B02_24', 'xp': 2, 'yp': 0, 'res': -6, 'bound': -6, 'status': 'OPTIMAL'}
{'corner': 'BR', 'n': 60, 'Z': 8, 'side': 'B02_24', 'xp': 3, 'yp': 0, 'res': None, 'bound': None, 'status': 'no 2-factor (b-matching flow)'}
{'corner': 'BR', 'n': 60, 'Z': 8, 'side': 'B02_24', 'xp': 4, 'yp': 0, 'res': -6, 'bound': -6, 'status': 'OPTIMAL'}
{'corner': 'BR', 'n': 60, 'Z': 8, 'side': 'B02_24', 'xp': 5, 'yp': 0, 'res': None, 'bound': None, 'status': 'no 2-factor (b-matching flow)'}
{'corner': 'BR', 'n': 60, 'Z': 8, 'side': 'B02_24', 'xp': 6, 'yp': 0, 'res': -6, 'bound': -6, 'status': 'OPTIMAL'}
{'corner': 'BR', 'n': 60, 'Z': 8, 'side': 'B02_24', 'xp': 7, 'yp': 0, 'res': None, 'bound': None, 'status': 'no 2-factor (b-matching flow)'}
{'corner': 'BR', 'n': 60, 'Z': 8, 'side': 'C_lanes4o0', 'xp': 0, 'yp': 0, 'res': -4, 'bound': -4, 'status': 'OPTIMAL'}
{'corner': 'BR', 'n': 60, 'Z': 8, 'side': 'C_lanes4o0', 'xp': 0, 'yp': 1, 'res': -5, 'bound': -5, 'status': 'OPTIMAL'}
{'corner': 'BR', 'n': 60, 'Z': 8, 'side': 'C_lanes4o0', 'xp': 0, 'yp': 2, 'res': -6, 'bound': -6, 'status': 'OPTIMAL'}
{'corner': 'BR', 'n': 60, 'Z': 8, 'side': 'C_lanes4o0', 'xp': 0, 'yp': 3, 'res': -5, 'bound': -5, 'status': 'OPTIMAL'}
{'corner': 'BR', 'n': 60, 'Z': 8, 'side': 'C_lanes4o0', 'xp': 1, 'yp': 0, 'res': None, 'bound': None, 'status': 'no 2-factor (b-matching flow)'}
{'corner': 'BR', 'n': 60, 'Z': 8, 'side': 'C_lanes4o0', 'xp': 1, 'yp': 1, 'res': None, 'bound': None, 'status': 'no 2-factor (b-matching flow)'}
{'corner': 'BR', 'n': 60, 'Z': 8, 'side': 'C_lanes4o0', 'xp': 1, 'yp': 2, 'res': None, 'bound': None, 'status': 'no 2-factor (b-matching flow)'}
{'corner': 'BR', 'n': 60, 'Z': 8, 'side': 'C_lanes4o0', 'xp': 1, 'yp': 3, 'res': None, 'bound': None, 'status': 'no 2-factor (b-matching flow)'}
{'corner': 'BR', 'n': 60, 'Z': 8, 'side': 'C_lanes4o0', 'xp': 2, 'yp': 0, 'res': -4, 'bound': -4, 'status': 'OPTIMAL'}
{'corner': 'BR', 'n': 60, 'Z': 8, 'side': 'C_lanes4o0', 'xp': 2, 'yp': 1, 'res': -5, 'bound': -5, 'status': 'OPTIMAL'}
{'corner': 'BR', 'n': 60, 'Z': 8, 'side': 'C_lanes4o0', 'xp': 2, 'yp': 2, 'res': -6, 'bound': -6, 'status': 'OPTIMAL'}
{'corner': 'BR', 'n': 60, 'Z': 8, 'side': 'C_lanes4o0', 'xp': 2, 'yp': 3, 'res': -5, 'bound': -5, 'status': 'OPTIMAL'}
{'corner': 'BR', 'n': 60, 'Z': 8, 'side': 'C_lanes4o0', 'xp': 3, 'yp': 0, 'res': None, 'bound': None, 'status': 'no 2-factor (b-matching flow)'}
{'corner': 'BR', 'n': 60, 'Z': 8, 'side': 'C_lanes4o0', 'xp': 3, 'yp': 1, 'res': None, 'bound': None, 'status': 'no 2-factor (b-matching flow)'}
{'corner': 'BR', 'n': 60, 'Z': 8, 'side': 'C_lanes4o0', 'xp': 3, 'yp': 2, 'res': None, 'bound': None, 'status': 'no 2-factor (b-matching flow)'}
{'corner': 'BR', 'n': 60, 'Z': 8, 'side': 'C_lanes4o0', 'xp': 3, 'yp': 3, 'res': None, 'bound': None, 'status': 'no 2-factor (b-matching flow)'}
{'corner': 'BR', 'n': 60, 'Z': 8, 'side': 'C_lanes4o0', 'xp': 4, 'yp': 0, 'res': -4, 'bound': -4, 'status': 'OPTIMAL'}
{'corner': 'BR', 'n': 60, 'Z': 8, 'side': 'C_lanes4o0', 'xp': 4, 'yp': 1, 'res': -5, 'bound': -5, 'status': 'OPTIMAL'}
{'corner': 'BR', 'n': 60, 'Z': 8, 'side': 'C_lanes4o0', 'xp': 4, 'yp': 2, 'res': -6, 'bound': -6, 'status': 'OPTIMAL'}
{'corner': 'BR', 'n': 60, 'Z': 8, 'side': 'C_lanes4o0', 'xp': 4, 'yp': 3, 'res': -5, 'bound': -5, 'status': 'OPTIMAL'}
{'corner': 'BR', 'n': 60, 'Z': 8, 'side': 'C_lanes4o0', 'xp': 5, 'yp': 0, 'res': None, 'bound': None, 'status': 'no 2-factor (b-matching flow)'}
{'corner': 'BR', 'n': 60, 'Z': 8, 'side': 'C_lanes4o0', 'xp': 5, 'yp': 1, 'res': None, 'bound': None, 'status': 'no 2-factor (b-matching flow)'}
{'corner': 'BR', 'n': 60, 'Z': 8, 'side': 'C_lanes4o0', 'xp': 5, 'yp': 2, 'res': None, 'bound': None, 'status': 'no 2-factor (b-matching flow)'}
{'corner': 'BR', 'n': 60, 'Z': 8, 'side': 'C_lanes4o0', 'xp': 5, 'yp': 3, 'res': None, 'bound': None, 'status': 'no 2-factor (b-matching flow)'}
{'corner': 'BR', 'n': 60, 'Z': 8, 'side': 'C_lanes4o0', 'xp': 6, 'yp': 0, 'res': -4, 'bound': -4, 'status': 'OPTIMAL'}
{'corner': 'BR', 'n': 60, 'Z': 8, 'side': 'C_lanes4o0', 'xp': 6, 'yp': 1, 'res': -5, 'bound': -5, 'status': 'OPTIMAL'}
{'corner': 'BR', 'n': 60, 'Z': 8, 'side': 'C_lanes4o0', 'xp': 6, 'yp': 2, 'res': -6, 'bound': -6, 'status': 'OPTIMAL'}
{'corner': 'BR', 'n': 60, 'Z': 8, 'side': 'C_lanes4o0', 'xp': 6, 'yp': 3, 'res': -5, 'bound': -5, 'status': 'OPTIMAL'}
{'corner': 'BR', 'n': 60, 'Z': 8, 'side': 'C_lanes4o0', 'xp': 7, 'yp': 0, 'res': None, 'bound': None, 'status': 'no 2-factor (b-matching flow)'}
{'corner': 'BR', 'n': 60, 'Z': 8, 'side': 'C_lanes4o0', 'xp': 7, 'yp': 1, 'res': None, 'bound': None, 'status': 'no 2-factor (b-matching flow)'}
{'corner': 'BR', 'n': 60, 'Z': 8, 'side': 'C_lanes4o0', 'xp': 7, 'yp': 2, 'res': None, 'bound': None, 'status': 'no 2-factor (b-matching flow)'}
{'corner': 'BR', 'n': 60, 'Z': 8, 'side': 'C_lanes4o0', 'xp': 7, 'yp': 3, 'res': None, 'bound': None, 'status': 'no 2-factor (b-matching flow)'}
{'corner': 'TL', 'n': 60, 'Z': 8, 'side': 'A23_27', 'xp': 0, 'yp': 0, 'res': None, 'bound': None, 'status': 'no 2-factor (b-matching flow)'}
{'corner': 'TL', 'n': 60, 'Z': 8, 'side': 'A23_27', 'xp': 1, 'yp': 0, 'res': -3, 'bound': -3, 'status': 'OPTIMAL'}
{'corner': 'TL', 'n': 60, 'Z': 8, 'side': 'A23_27', 'xp': 2, 'yp': 0, 'res': None, 'bound': None, 'status': 'no 2-factor (b-matching flow)'}
{'corner': 'TL', 'n': 60, 'Z': 8, 'side': 'A23_27', 'xp': 3, 'yp': 0, 'res': -3, 'bound': -3, 'status': 'OPTIMAL'}
{'corner': 'TL', 'n': 60, 'Z': 8, 'side': 'A23_27', 'xp': 4, 'yp': 0, 'res': None, 'bound': None, 'status': 'no 2-factor (b-matching flow)'}
{'corner': 'TL', 'n': 60, 'Z': 8, 'side': 'A23_27', 'xp': 5, 'yp': 0, 'res': -3, 'bound': -3, 'status': 'OPTIMAL'}
{'corner': 'TL', 'n': 60, 'Z': 8, 'side': 'A23_27', 'xp': 6, 'yp': 0, 'res': None, 'bound': None, 'status': 'no 2-factor (b-matching flow)'}
{'corner': 'TL', 'n': 60, 'Z': 8, 'side': 'A23_27', 'xp': 7, 'yp': 0, 'res': -3, 'bound': -3, 'status': 'OPTIMAL'}
{'corner': 'TL', 'n': 60, 'Z': 8, 'side': 'B02_24', 'xp': 0, 'yp': 0, 'res': None, 'bound': None, 'status': 'no 2-factor (b-matching flow)'}
{'corner': 'TL', 'n': 60, 'Z': 8, 'side': 'B02_24', 'xp': 1, 'yp': 0, 'res': -6, 'bound': -6, 'status': 'OPTIMAL'}
{'corner': 'TL', 'n': 60, 'Z': 8, 'side': 'B02_24', 'xp': 2, 'yp': 0, 'res': None, 'bound': None, 'status': 'no 2-factor (b-matching flow)'}
{'corner': 'TL', 'n': 60, 'Z': 8, 'side': 'B02_24', 'xp': 3, 'yp': 0, 'res': -6, 'bound': -6, 'status': 'OPTIMAL'}
{'corner': 'TL', 'n': 60, 'Z': 8, 'side': 'B02_24', 'xp': 4, 'yp': 0, 'res': None, 'bound': None, 'status': 'no 2-factor (b-matching flow)'}
{'corner': 'TL', 'n': 60, 'Z': 8, 'side': 'B02_24', 'xp': 5, 'yp': 0, 'res': -6, 'bound': -6, 'status': 'OPTIMAL'}
{'corner': 'TL', 'n': 60, 'Z': 8, 'side': 'B02_24', 'xp': 6, 'yp': 0, 'res': None, 'bound': None, 'status': 'no 2-factor (b-matching flow)'}
{'corner': 'TL', 'n': 60, 'Z': 8, 'side': 'B02_24', 'xp': 7, 'yp': 0, 'res': -6, 'bound': -6, 'status': 'OPTIMAL'}
{'corner': 'TL', 'n': 60, 'Z': 8, 'side': 'C_lanes4o0', 'xp': 0, 'yp': 0, 'res': None, 'bound': None, 'status': 'no 2-factor (b-matching flow)'}
{'corner': 'TL', 'n': 60, 'Z': 8, 'side': 'C_lanes4o0', 'xp': 0, 'yp': 1, 'res': None, 'bound': None, 'status': 'no 2-factor (b-matching flow)'}
{'corner': 'TL', 'n': 60, 'Z': 8, 'side': 'C_lanes4o0', 'xp': 0, 'yp': 2, 'res': None, 'bound': None, 'status': 'no 2-factor (b-matching flow)'}
{'corner': 'TL', 'n': 60, 'Z': 8, 'side': 'C_lanes4o0', 'xp': 0, 'yp': 3, 'res': None, 'bound': None, 'status': 'no 2-factor (b-matching flow)'}
{'corner': 'TL', 'n': 60, 'Z': 8, 'side': 'C_lanes4o0', 'xp': 1, 'yp': 0, 'res': -5, 'bound': -5, 'status': 'OPTIMAL'}
{'corner': 'TL', 'n': 60, 'Z': 8, 'side': 'C_lanes4o0', 'xp': 1, 'yp': 1, 'res': -6, 'bound': -6, 'status': 'OPTIMAL'}
{'corner': 'TL', 'n': 60, 'Z': 8, 'side': 'C_lanes4o0', 'xp': 1, 'yp': 2, 'res': -5, 'bound': -5, 'status': 'OPTIMAL'}
{'corner': 'TL', 'n': 60, 'Z': 8, 'side': 'C_lanes4o0', 'xp': 1, 'yp': 3, 'res': -4, 'bound': -4, 'status': 'OPTIMAL'}
{'corner': 'TL', 'n': 60, 'Z': 8, 'side': 'C_lanes4o0', 'xp': 2, 'yp': 0, 'res': None, 'bound': None, 'status': 'no 2-factor (b-matching flow)'}
{'corner': 'TL', 'n': 60, 'Z': 8, 'side': 'C_lanes4o0', 'xp': 2, 'yp': 1, 'res': None, 'bound': None, 'status': 'no 2-factor (b-matching flow)'}
{'corner': 'TL', 'n': 60, 'Z': 8, 'side': 'C_lanes4o0', 'xp': 2, 'yp': 2, 'res': None, 'bound': None, 'status': 'no 2-factor (b-matching flow)'}
{'corner': 'TL', 'n': 60, 'Z': 8, 'side': 'C_lanes4o0', 'xp': 2, 'yp': 3, 'res': None, 'bound': None, 'status': 'no 2-factor (b-matching flow)'}
{'corner': 'TL', 'n': 60, 'Z': 8, 'side': 'C_lanes4o0', 'xp': 3, 'yp': 0, 'res': -5, 'bound': -5, 'status': 'OPTIMAL'}
{'corner': 'TL', 'n': 60, 'Z': 8, 'side': 'C_lanes4o0', 'xp': 3, 'yp': 1, 'res': -6, 'bound': -6, 'status': 'OPTIMAL'}
{'corner': 'TL', 'n': 60, 'Z': 8, 'side': 'C_lanes4o0', 'xp': 3, 'yp': 2, 'res': -5, 'bound': -5, 'status': 'OPTIMAL'}
{'corner': 'TL', 'n': 60, 'Z': 8, 'side': 'C_lanes4o0', 'xp': 3, 'yp': 3, 'res': -4, 'bound': -4, 'status': 'OPTIMAL'}
{'corner': 'TL', 'n': 60, 'Z': 8, 'side': 'C_lanes4o0', 'xp': 4, 'yp': 0, 'res': None, 'bound': None, 'status': 'no 2-factor (b-matching flow)'}
{'corner': 'TL', 'n': 60, 'Z': 8, 'side': 'C_lanes4o0', 'xp': 4, 'yp': 1, 'res': None, 'bound': None, 'status': 'no 2-factor (b-matching flow)'}
{'corner': 'TL', 'n': 60, 'Z': 8, 'side': 'C_lanes4o0', 'xp': 4, 'yp': 2, 'res': None, 'bound': None, 'status': 'no 2-factor (b-matching flow)'}
{'corner': 'TL', 'n': 60, 'Z': 8, 'side': 'C_lanes4o0', 'xp': 4, 'yp': 3, 'res': None, 'bound': None, 'status': 'no 2-factor (b-matching flow)'}
{'corner': 'TL', 'n': 60, 'Z': 8, 'side': 'C_lanes4o0', 'xp': 5, 'yp': 0, 'res': -5, 'bound': -5, 'status': 'OPTIMAL'}
{'corner': 'TL', 'n': 60, 'Z': 8, 'side': 'C_lanes4o0', 'xp': 5, 'yp': 1, 'res': -6, 'bound': -6, 'status': 'OPTIMAL'}
{'corner': 'TL', 'n': 60, 'Z': 8, 'side': 'C_lanes4o0', 'xp': 5, 'yp': 2, 'res': -5, 'bound': -5, 'status': 'OPTIMAL'}
{'corner': 'TL', 'n': 60, 'Z': 8, 'side': 'C_lanes4o0', 'xp': 5, 'yp': 3, 'res': -4, 'bound': -4, 'status': 'OPTIMAL'}
{'corner': 'TL', 'n': 60, 'Z': 8, 'side': 'C_lanes4o0', 'xp': 6, 'yp': 0, 'res': None, 'bound': None, 'status': 'no 2-factor (b-matching flow)'}
{'corner': 'TL', 'n': 60, 'Z': 8, 'side': 'C_lanes4o0', 'xp': 6, 'yp': 1, 'res': None, 'bound': None, 'status': 'no 2-factor (b-matching flow)'}
{'corner': 'TL', 'n': 60, 'Z': 8, 'side': 'C_lanes4o0', 'xp': 6, 'yp': 2, 'res': None, 'bound': None, 'status': 'no 2-factor (b-matching flow)'}
{'corner': 'TL', 'n': 60, 'Z': 8, 'side': 'C_lanes4o0', 'xp': 6, 'yp': 3, 'res': None, 'bound': None, 'status': 'no 2-factor (b-matching flow)'}
{'corner': 'TL', 'n': 60, 'Z': 8, 'side': 'C_lanes4o0', 'xp': 7, 'yp': 0, 'res': -5, 'bound': -5, 'status': 'OPTIMAL'}
{'corner': 'TL', 'n': 60, 'Z': 8, 'side': 'C_lanes4o0', 'xp': 7, 'yp': 1, 'res': -6, 'bound': -6, 'status': 'OPTIMAL'}
{'corner': 'TL', 'n': 60, 'Z': 8, 'side': 'C_lanes4o0', 'xp': 7, 'yp': 2, 'res': -5, 'bound': -5, 'status': 'OPTIMAL'}
{'corner': 'TL', 'n': 60, 'Z': 8, 'side': 'C_lanes4o0', 'xp': 7, 'yp': 3, 'res': -4, 'bound': -4, 'status': 'OPTIMAL'}
{'corner': 'TR', 'n': 60, 'Z': 8, 'side': 'A23_27', 'xp': 0, 'yp': 0, 'res': None, 'bound': None, 'status': 'no 2-factor (b-matching flow)'}
{'corner': 'TR', 'n': 60, 'Z': 8, 'side': 'A23_27', 'xp': 1, 'yp': 0, 'res': -4, 'bound': -4, 'status': 'OPTIMAL'}
{'corner': 'TR', 'n': 60, 'Z': 8, 'side': 'A23_27', 'xp': 2, 'yp': 0, 'res': None, 'bound': None, 'status': 'no 2-factor (b-matching flow)'}
{'corner': 'TR', 'n': 60, 'Z': 8, 'side': 'A23_27', 'xp': 3, 'yp': 0, 'res': -4, 'bound': -4, 'status': 'OPTIMAL'}
{'corner': 'TR', 'n': 60, 'Z': 8, 'side': 'A23_27', 'xp': 4, 'yp': 0, 'res': None, 'bound': None, 'status': 'no 2-factor (b-matching flow)'}
{'corner': 'TR', 'n': 60, 'Z': 8, 'side': 'A23_27', 'xp': 5, 'yp': 0, 'res': -4, 'bound': -4, 'status': 'OPTIMAL'}
{'corner': 'TR', 'n': 60, 'Z': 8, 'side': 'A23_27', 'xp': 6, 'yp': 0, 'res': None, 'bound': None, 'status': 'no 2-factor (b-matching flow)'}
{'corner': 'TR', 'n': 60, 'Z': 8, 'side': 'A23_27', 'xp': 7, 'yp': 0, 'res': -4, 'bound': -4, 'status': 'OPTIMAL'}
{'corner': 'TR', 'n': 60, 'Z': 8, 'side': 'B02_24', 'xp': 0, 'yp': 0, 'res': None, 'bound': None, 'status': 'no 2-factor (b-matching flow)'}
{'corner': 'TR', 'n': 60, 'Z': 8, 'side': 'B02_24', 'xp': 1, 'yp': 0, 'res': -1, 'bound': -1, 'status': 'OPTIMAL'}
{'corner': 'TR', 'n': 60, 'Z': 8, 'side': 'B02_24', 'xp': 2, 'yp': 0, 'res': None, 'bound': None, 'status': 'no 2-factor (b-matching flow)'}
{'corner': 'TR', 'n': 60, 'Z': 8, 'side': 'B02_24', 'xp': 3, 'yp': 0, 'res': -1, 'bound': -1, 'status': 'OPTIMAL'}
{'corner': 'TR', 'n': 60, 'Z': 8, 'side': 'B02_24', 'xp': 4, 'yp': 0, 'res': None, 'bound': None, 'status': 'no 2-factor (b-matching flow)'}
{'corner': 'TR', 'n': 60, 'Z': 8, 'side': 'B02_24', 'xp': 5, 'yp': 0, 'res': -1, 'bound': -1, 'status': 'OPTIMAL'}
{'corner': 'TR', 'n': 60, 'Z': 8, 'side': 'B02_24', 'xp': 6, 'yp': 0, 'res': None, 'bound': None, 'status': 'no 2-factor (b-matching flow)'}
{'corner': 'TR', 'n': 60, 'Z': 8, 'side': 'B02_24', 'xp': 7, 'yp': 0, 'res': -1, 'bound': -1, 'status': 'OPTIMAL'}
{'corner': 'TR', 'n': 60, 'Z': 8, 'side': 'C_lanes4o0', 'xp': 0, 'yp': 0, 'res': None, 'bound': None, 'status': 'no 2-factor (b-matching flow)'}
{'corner': 'TR', 'n': 60, 'Z': 8, 'side': 'C_lanes4o0', 'xp': 0, 'yp': 1, 'res': None, 'bound': None, 'status': 'no 2-factor (b-matching flow)'}
{'corner': 'TR', 'n': 60, 'Z': 8, 'side': 'C_lanes4o0', 'xp': 0, 'yp': 2, 'res': None, 'bound': None, 'status': 'no 2-factor (b-matching flow)'}
{'corner': 'TR', 'n': 60, 'Z': 8, 'side': 'C_lanes4o0', 'xp': 0, 'yp': 3, 'res': None, 'bound': None, 'status': 'no 2-factor (b-matching flow)'}
{'corner': 'TR', 'n': 60, 'Z': 8, 'side': 'C_lanes4o0', 'xp': 1, 'yp': 0, 'res': -2, 'bound': -2, 'status': 'OPTIMAL'}
{'corner': 'TR', 'n': 60, 'Z': 8, 'side': 'C_lanes4o0', 'xp': 1, 'yp': 1, 'res': -2, 'bound': -2, 'status': 'OPTIMAL'}
{'corner': 'TR', 'n': 60, 'Z': 8, 'side': 'C_lanes4o0', 'xp': 1, 'yp': 2, 'res': -2, 'bound': -2, 'status': 'OPTIMAL'}
{'corner': 'TR', 'n': 60, 'Z': 8, 'side': 'C_lanes4o0', 'xp': 1, 'yp': 3, 'res': -3, 'bound': -3, 'status': 'OPTIMAL'}
{'corner': 'TR', 'n': 60, 'Z': 8, 'side': 'C_lanes4o0', 'xp': 2, 'yp': 0, 'res': None, 'bound': None, 'status': 'no 2-factor (b-matching flow)'}
{'corner': 'TR', 'n': 60, 'Z': 8, 'side': 'C_lanes4o0', 'xp': 2, 'yp': 1, 'res': None, 'bound': None, 'status': 'no 2-factor (b-matching flow)'}
{'corner': 'TR', 'n': 60, 'Z': 8, 'side': 'C_lanes4o0', 'xp': 2, 'yp': 2, 'res': None, 'bound': None, 'status': 'no 2-factor (b-matching flow)'}
{'corner': 'TR', 'n': 60, 'Z': 8, 'side': 'C_lanes4o0', 'xp': 2, 'yp': 3, 'res': None, 'bound': None, 'status': 'no 2-factor (b-matching flow)'}
{'corner': 'TR', 'n': 60, 'Z': 8, 'side': 'C_lanes4o0', 'xp': 3, 'yp': 0, 'res': -2, 'bound': -2, 'status': 'OPTIMAL'}
{'corner': 'TR', 'n': 60, 'Z': 8, 'side': 'C_lanes4o0', 'xp': 3, 'yp': 1, 'res': -2, 'bound': -2, 'status': 'OPTIMAL'}
{'corner': 'TR', 'n': 60, 'Z': 8, 'side': 'C_lanes4o0', 'xp': 3, 'yp': 2, 'res': -3, 'bound': -3, 'status': 'OPTIMAL'}
{'corner': 'TR', 'n': 60, 'Z': 8, 'side': 'C_lanes4o0', 'xp': 3, 'yp': 3, 'res': -3, 'bound': -3, 'status': 'OPTIMAL'}
{'corner': 'TR', 'n': 60, 'Z': 8, 'side': 'C_lanes4o0', 'xp': 4, 'yp': 0, 'res': None, 'bound': None, 'status': 'no 2-factor (b-matching flow)'}
{'corner': 'TR', 'n': 60, 'Z': 8, 'side': 'C_lanes4o0', 'xp': 4, 'yp': 1, 'res': None, 'bound': None, 'status': 'no 2-factor (b-matching flow)'}
{'corner': 'TR', 'n': 60, 'Z': 8, 'side': 'C_lanes4o0', 'xp': 4, 'yp': 2, 'res': None, 'bound': None, 'status': 'no 2-factor (b-matching flow)'}
{'corner': 'TR', 'n': 60, 'Z': 8, 'side': 'C_lanes4o0', 'xp': 4, 'yp': 3, 'res': None, 'bound': None, 'status': 'no 2-factor (b-matching flow)'}
{'corner': 'TR', 'n': 60, 'Z': 8, 'side': 'C_lanes4o0', 'xp': 5, 'yp': 0, 'res': -2, 'bound': -2, 'status': 'OPTIMAL'}
{'corner': 'TR', 'n': 60, 'Z': 8, 'side': 'C_lanes4o0', 'xp': 5, 'yp': 1, 'res': -2, 'bound': -2, 'status': 'OPTIMAL'}
{'corner': 'TR', 'n': 60, 'Z': 8, 'side': 'C_lanes4o0', 'xp': 5, 'yp': 2, 'res': -3, 'bound': -3, 'status': 'OPTIMAL'}
{'corner': 'TR', 'n': 60, 'Z': 8, 'side': 'C_lanes4o0', 'xp': 5, 'yp': 3, 'res': -3, 'bound': -3, 'status': 'OPTIMAL'}
{'corner': 'TR', 'n': 60, 'Z': 8, 'side': 'C_lanes4o0', 'xp': 6, 'yp': 0, 'res': None, 'bound': None, 'status': 'no 2-factor (b-matching flow)'}
{'corner': 'TR', 'n': 60, 'Z': 8, 'side': 'C_lanes4o0', 'xp': 6, 'yp': 1, 'res': None, 'bound': None, 'status': 'no 2-factor (b-matching flow)'}
{'corner': 'TR', 'n': 60, 'Z': 8, 'side': 'C_lanes4o0', 'xp': 6, 'yp': 2, 'res': None, 'bound': None, 'status': 'no 2-factor (b-matching flow)'}
{'corner': 'TR', 'n': 60, 'Z': 8, 'side': 'C_lanes4o0', 'xp': 6, 'yp': 3, 'res': None, 'bound': None, 'status': 'no 2-factor (b-matching flow)'}
{'corner': 'TR', 'n': 60, 'Z': 8, 'side': 'C_lanes4o0', 'xp': 7, 'yp': 0, 'res': -2, 'bound': -2, 'status': 'OPTIMAL'}
{'corner': 'TR', 'n': 60, 'Z': 8, 'side': 'C_lanes4o0', 'xp': 7, 'yp': 1, 'res': -2, 'bound': -2, 'status': 'OPTIMAL'}
{'corner': 'TR', 'n': 60, 'Z': 8, 'side': 'C_lanes4o0', 'xp': 7, 'yp': 2, 'res': -2, 'bound': -2, 'status': 'OPTIMAL'}
{'corner': 'TR', 'n': 60, 'Z': 8, 'side': 'C_lanes4o0', 'xp': 7, 'yp': 3, 'res': -3, 'bound': -3, 'status': 'OPTIMAL'}
	Command being timed: "../../../.venv/bin/python sweep.py --n 60 --Z 8 --time 20 --out sweep_Z8_n60.jsonl"
	User time (seconds): 236.21
	System time (seconds): 2.42
	Percent of CPU this job got: 157%
	Elapsed (wall clock) time (h:mm:ss or m:ss): 2:31.93
	Average shared text size (kbytes): 0
	Average unshared data size (kbytes): 0
	Average stack size (kbytes): 0
	Average total size (kbytes): 0
	Maximum resident set size (kbytes): 137440
	Average resident set size (kbytes): 0
	Major (requiring I/O) page faults: 0
	Minor (reclaiming a frame) page faults: 27619
	Voluntary context switches: 6511
	Involuntary context switches: 81557
	Swaps: 0
	File system inputs: 0
	File system outputs: 544
	Socket messages sent: 0
	Socket messages received: 0
	Signals delivered: 0
	Page size (bytes): 4096
	Exit status: 0
exit=0
